<?xml version="1.0" encoding="UTF-8" ?>
<testsuites name="vitest tests" tests="16" failures="0" errors="0" time="0.051396625">
    <testsuite name="src/lib/shareFile.test.ts" timestamp="2025-10-07T21:07:36.550Z" hostname="MacBook-Air-katsiaryna.local" tests="7" failures="0" errors="0" skipped="0" time="0.006480625">
        <testcase classname="src/lib/shareFile.test.ts" name="shareFile &gt; falls back to browser download when not on a native platform" time="0.001392584">
        </testcase>
        <testcase classname="src/lib/shareFile.test.ts" name="shareFile &gt; uses default title when sharing natively without an explicit title" time="0.001149833">
        </testcase>
        <testcase classname="src/lib/shareFile.test.ts" name="shareFile &gt; fetches, stores, and shares the file on native platforms" time="0.000482125">
        </testcase>
        <testcase classname="src/lib/shareFile.test.ts" name="shareFile &gt; throws an error when the fetch request is unsuccessful" time="0.000569917">
        </testcase>
        <testcase classname="src/lib/shareFile.test.ts" name="shareFile &gt; propagates file system write errors" time="0.000419834">
        </testcase>
        <testcase classname="src/lib/shareFile.test.ts" name="shareFile &gt; propagates share API errors" time="0.000343792">
        </testcase>
        <testcase classname="src/lib/shareFile.test.ts" name="shareFile &gt; encodes buffers of varying lengths to valid base64 strings" time="0.000772791">
        </testcase>
    </testsuite>
    <testsuite name="src/api/__tests__/client.test.ts" timestamp="2025-10-07T21:07:36.551Z" hostname="MacBook-Air-katsiaryna.local" tests="9" failures="0" errors="0" skipped="0" time="0.044916">
        <testcase classname="src/api/__tests__/client.test.ts" name="API Client Auth &gt; validateApiKey &gt; returns false on network error" time="0.033655417">
        </testcase>
        <testcase classname="src/api/__tests__/client.test.ts" name="API Client Auth &gt; validateApiKey &gt; should return false for 401 on health check (mockResolvedValueOnce)" time="0.00174825">
        </testcase>
        <testcase classname="src/api/__tests__/client.test.ts" name="API Client Auth &gt; validateApiKey &gt; throws error when API base is not set" time="0.000877459">
            <system-err>
[analytics] error VITE_API_BASE is not set. Create frontend/.env from .env.example

            </system-err>
        </testcase>
        <testcase classname="src/api/__tests__/client.test.ts" name="API Client Auth &gt; api() function &gt; throws error when API base is not set" time="0.000273084">
            <system-err>
[analytics] error VITE_API_BASE is not set. Create frontend/.env from .env.example

            </system-err>
        </testcase>
        <testcase classname="src/api/__tests__/client.test.ts" name="API Client Auth &gt; api() function &gt; includes X-API-Key header when API key is set in storage" time="0.002034834">
        </testcase>
        <testcase classname="src/api/__tests__/client.test.ts" name="API Client Auth &gt; api() function &gt; clears storage and uses window.location.replace when no onAuthError callback on 401" time="0.001334958">
            <system-err>
[analytics] error API key invalid or expired.

            </system-err>
        </testcase>
        <testcase classname="src/api/__tests__/client.test.ts" name="API Client Auth &gt; api() function &gt; throws UnauthorizedError on 401 response" time="0.000883084">
            <system-err>
[analytics] error API key invalid or expired.

            </system-err>
        </testcase>
        <testcase classname="src/api/__tests__/client.test.ts" name="API Client Auth &gt; api() function &gt; uses mock fallback on network failure" time="0.0014565">
            <system-out>
[API] MOCK fallback ON → /mock/bmr.json

            </system-out>
        </testcase>
        <testcase classname="src/api/__tests__/client.test.ts" name="API Client Auth &gt; api() function &gt; resolves successfully on authenticated request" time="0.00116925">
        </testcase>
    </testsuite>
</testsuites>
