<?xml version="1.0" encoding="utf-8"?><testsuites name="pytest tests"><testsuite name="pytest" errors="0" failures="0" skipped="0" tests="1" time="2.077" timestamp="2025-10-30T18:43:26.306184+03:00" hostname="MacBook-Air-katsiaryna.local"><testcase classname="tests.test_food_apis_comprehensive_coverage.TestDatabaseUpdateManagerComprehensive" name="test_load_backup" time="1.601" /></testsuite></testsuites>
