<?xml version="1.0" encoding="utf-8"?><testsuites name="pytest tests"><testsuite name="pytest" errors="0" failures="0" skipped="92" tests="4530" time="103.851" timestamp="2025-10-04T21:04:38.612477+03:00" hostname="MacBook-Air-katsiaryna.local"><properties><property name="hypothesis-statistics-tests/test_nutrition_core.py::TestBMRMifflin::test_mifflin_property_based" value="dGVzdHMvdGVzdF9udXRyaXRpb25fY29yZS5weTo6VGVzdEJNUk1pZmZsaW46OnRlc3RfbWlmZmxpbl9wcm9wZXJ0eV9iYXNlZDoKCiAgLSBkdXJpbmcgZ2VuZXJhdGUgcGhhc2UgKDAuMjggc2Vjb25kcyk6CiAgICAtIFR5cGljYWwgcnVudGltZXM6IDwgMW1zLCBvZiB3aGljaCA8IDFtcyBpbiBkYXRhIGdlbmVyYXRpb24KICAgIC0gMTAwIHBhc3NpbmcgZXhhbXBsZXMsIDAgZmFpbGluZyBleGFtcGxlcywgMCBpbnZhbGlkIGV4YW1wbGVzCgogIC0gU3RvcHBlZCBiZWNhdXNlIHNldHRpbmdzLm1heF9leGFtcGxlcz0xMDA=" /><property name="hypothesis-statistics-tests/test_nutrition_core.py::TestBMRHarris::test_harris_property_based" value="dGVzdHMvdGVzdF9udXRyaXRpb25fY29yZS5weTo6VGVzdEJNUkhhcnJpczo6dGVzdF9oYXJyaXNfcHJvcGVydHlfYmFzZWQ6CgogIC0gZHVyaW5nIGdlbmVyYXRlIHBoYXNlICgwLjA3IHNlY29uZHMpOgogICAgLSBUeXBpY2FsIHJ1bnRpbWVzOiA8IDFtcywgb2Ygd2hpY2ggPCAxbXMgaW4gZGF0YSBnZW5lcmF0aW9uCiAgICAtIDEwMCBwYXNzaW5nIGV4YW1wbGVzLCAwIGZhaWxpbmcgZXhhbXBsZXMsIDAgaW52YWxpZCBleGFtcGxlcwoKICAtIFN0b3BwZWQgYmVjYXVzZSBzZXR0aW5ncy5tYXhfZXhhbXBsZXM9MTAw" /><property name="hypothesis-statistics-tests/test_nutrition_core.py::TestBMRKatch::test_katch_property_based" value="dGVzdHMvdGVzdF9udXRyaXRpb25fY29yZS5weTo6VGVzdEJNUkthdGNoOjp0ZXN0X2thdGNoX3Byb3BlcnR5X2Jhc2VkOgoKICAtIGR1cmluZyBnZW5lcmF0ZSBwaGFzZSAoMC4wNiBzZWNvbmRzKToKICAgIC0gVHlwaWNhbCBydW50aW1lczogPCAxbXMsIG9mIHdoaWNoIDwgMW1zIGluIGRhdGEgZ2VuZXJhdGlvbgogICAgLSAxMDAgcGFzc2luZyBleGFtcGxlcywgMCBmYWlsaW5nIGV4YW1wbGVzLCAwIGludmFsaWQgZXhhbXBsZXMKCiAgLSBTdG9wcGVkIGJlY2F1c2Ugc2V0dGluZ3MubWF4X2V4YW1wbGVzPTEwMA==" /><property name="hypothesis-statistics-tests/test_nutrition_core.py::TestTDEE::test_tdee_property_based" value="dGVzdHMvdGVzdF9udXRyaXRpb25fY29yZS5weTo6VGVzdFRERUU6OnRlc3RfdGRlZV9wcm9wZXJ0eV9iYXNlZDoKCiAgLSBkdXJpbmcgZ2VuZXJhdGUgcGhhc2UgKDAuMDQgc2Vjb25kcyk6CiAgICAtIFR5cGljYWwgcnVudGltZXM6IDwgMW1zLCBvZiB3aGljaCA8IDFtcyBpbiBkYXRhIGdlbmVyYXRpb24KICAgIC0gMTAwIHBhc3NpbmcgZXhhbXBsZXMsIDAgZmFpbGluZyBleGFtcGxlcywgMCBpbnZhbGlkIGV4YW1wbGVzCgogIC0gU3RvcHBlZCBiZWNhdXNlIHNldHRpbmdzLm1heF9leGFtcGxlcz0xMDA=" /><property name="hypothesis-statistics-tests/test_nutrition_core.py::TestCalculateAllBMR::test_calculate_all_bmr_property_based" value="dGVzdHMvdGVzdF9udXRyaXRpb25fY29yZS5weTo6VGVzdENhbGN1bGF0ZUFsbEJNUjo6dGVzdF9jYWxjdWxhdGVfYWxsX2Jtcl9wcm9wZXJ0eV9iYXNlZDoKCiAgLSBkdXJpbmcgZ2VuZXJhdGUgcGhhc2UgKDAuMDkgc2Vjb25kcyk6CiAgICAtIFR5cGljYWwgcnVudGltZXM6IDwgMW1zLCBvZiB3aGljaCA8IDFtcyBpbiBkYXRhIGdlbmVyYXRpb24KICAgIC0gMTAwIHBhc3NpbmcgZXhhbXBsZXMsIDAgZmFpbGluZyBleGFtcGxlcywgMCBpbnZhbGlkIGV4YW1wbGVzCgogIC0gU3RvcHBlZCBiZWNhdXNlIHNldHRpbmdzLm1heF9leGFtcGxlcz0xMDA=" /><property name="hypothesis-statistics-tests/test_plate_targets_micros_hypothesis.py::TestPlateTargetsMicrosHypothesis::test_plate_targets_micros_integration_hypothesis" value="dGVzdHMvdGVzdF9wbGF0ZV90YXJnZXRzX21pY3Jvc19oeXBvdGhlc2lzLnB5OjpUZXN0UGxhdGVUYXJnZXRzTWljcm9zSHlwb3RoZXNpczo6dGVzdF9wbGF0ZV90YXJnZXRzX21pY3Jvc19pbnRlZ3JhdGlvbl9oeXBvdGhlc2lzOgoKICAtIGR1cmluZyBnZW5lcmF0ZSBwaGFzZSAoMC41NyBzZWNvbmRzKToKICAgIC0gVHlwaWNhbCBydW50aW1lczogfiA0LTUgbXMsIG9mIHdoaWNoIDwgMW1zIGluIGRhdGEgZ2VuZXJhdGlvbgogICAgLSAxMDAgcGFzc2luZyBleGFtcGxlcywgMCBmYWlsaW5nIGV4YW1wbGVzLCAwIGludmFsaWQgZXhhbXBsZXMKCiAgLSBTdG9wcGVkIGJlY2F1c2Ugc2V0dGluZ3MubWF4X2V4YW1wbGVzPTEwMA==" /><property name="hypothesis-statistics-tests/test_plate_targets_micros_hypothesis.py::TestPlateTargetsMicrosHypothesis::test_fe_ca_mg_k_coverage_hypothesis" value="dGVzdHMvdGVzdF9wbGF0ZV90YXJnZXRzX21pY3Jvc19oeXBvdGhlc2lzLnB5OjpUZXN0UGxhdGVUYXJnZXRzTWljcm9zSHlwb3RoZXNpczo6dGVzdF9mZV9jYV9tZ19rX2NvdmVyYWdlX2h5cG90aGVzaXM6CgogIC0gZHVyaW5nIGdlbmVyYXRlIHBoYXNlICgwLjYwIHNlY29uZHMpOgogICAgLSBUeXBpY2FsIHJ1bnRpbWVzOiB+IDUtNiBtcywgb2Ygd2hpY2ggPCAxbXMgaW4gZGF0YSBnZW5lcmF0aW9uCiAgICAtIDEwMCBwYXNzaW5nIGV4YW1wbGVzLCAwIGZhaWxpbmcgZXhhbXBsZXMsIDAgaW52YWxpZCBleGFtcGxlcwoKICAtIFN0b3BwZWQgYmVjYXVzZSBzZXR0aW5ncy5tYXhfZXhhbXBsZXM9MTAw" /><property name="hypothesis-statistics-tests/test_plate_targets_micros_hypothesis.py::TestPlateTargetsMicrosHypothesis::test_day_micros_structure_hypothesis" value="dGVzdHMvdGVzdF9wbGF0ZV90YXJnZXRzX21pY3Jvc19oeXBvdGhlc2lzLnB5OjpUZXN0UGxhdGVUYXJnZXRzTWljcm9zSHlwb3RoZXNpczo6dGVzdF9kYXlfbWljcm9zX3N0cnVjdHVyZV9oeXBvdGhlc2lzOgoKICAtIGR1cmluZyBnZW5lcmF0ZSBwaGFzZSAoMC4zOCBzZWNvbmRzKToKICAgIC0gVHlwaWNhbCBydW50aW1lczogfiAzLTQgbXMsIG9mIHdoaWNoIDwgMW1zIGluIGRhdGEgZ2VuZXJhdGlvbgogICAgLSAxMDAgcGFzc2luZyBleGFtcGxlcywgMCBmYWlsaW5nIGV4YW1wbGVzLCAwIGludmFsaWQgZXhhbXBsZXMKCiAgLSBTdG9wcGVkIGJlY2F1c2Ugc2V0dGluZ3MubWF4X2V4YW1wbGVzPTEwMA==" /><property name="hypothesis-statistics-tests/test_plate_targets_micros_hypothesis.py::TestPlateTargetsMicrosHypothesis::test_plate_targets_calorie_alignment_hypothesis" value="dGVzdHMvdGVzdF9wbGF0ZV90YXJnZXRzX21pY3Jvc19oeXBvdGhlc2lzLnB5OjpUZXN0UGxhdGVUYXJnZXRzTWljcm9zSHlwb3RoZXNpczo6dGVzdF9wbGF0ZV90YXJnZXRzX2NhbG9yaWVfYWxpZ25tZW50X2h5cG90aGVzaXM6CgogIC0gZHVyaW5nIGdlbmVyYXRlIHBoYXNlICgwLjY1IHNlY29uZHMpOgogICAgLSBUeXBpY2FsIHJ1bnRpbWVzOiB+IDUtNiBtcywgb2Ygd2hpY2ggPCAxbXMgaW4gZGF0YSBnZW5lcmF0aW9uCiAgICAtIDEwMCBwYXNzaW5nIGV4YW1wbGVzLCAwIGZhaWxpbmcgZXhhbXBsZXMsIDAgaW52YWxpZCBleGFtcGxlcwoKICAtIFN0b3BwZWQgYmVjYXVzZSBzZXR0aW5ncy5tYXhfZXhhbXBsZXM9MTAw" /><property name="hypothesis-statistics-tests/test_plate_targets_micros_hypothesis.py::TestPlateTargetsMicrosHypothesis::test_plate_targets_macro_alignment_hypothesis" value="dGVzdHMvdGVzdF9wbGF0ZV90YXJnZXRzX21pY3Jvc19oeXBvdGhlc2lzLnB5OjpUZXN0UGxhdGVUYXJnZXRzTWljcm9zSHlwb3RoZXNpczo6dGVzdF9wbGF0ZV90YXJnZXRzX21hY3JvX2FsaWdubWVudF9oeXBvdGhlc2lzOgoKICAtIGR1cmluZyBnZW5lcmF0ZSBwaGFzZSAoMC43NCBzZWNvbmRzKToKICAgIC0gVHlwaWNhbCBydW50aW1lczogfiA2LTcgbXMsIG9mIHdoaWNoIDwgMW1zIGluIGRhdGEgZ2VuZXJhdGlvbgogICAgLSAxMDAgcGFzc2luZyBleGFtcGxlcywgMCBmYWlsaW5nIGV4YW1wbGVzLCAwIGludmFsaWQgZXhhbXBsZXMKCiAgLSBTdG9wcGVkIGJlY2F1c2Ugc2V0dGluZ3MubWF4X2V4YW1wbGVzPTEwMA==" /><property name="hypothesis-statistics-tests/test_premium_week_hypothesis_simple.py::TestPremiumWeekHypothesisSimple::test_generate_week_plan_simple_hypothesis" value="dGVzdHMvdGVzdF9wcmVtaXVtX3dlZWtfaHlwb3RoZXNpc19zaW1wbGUucHk6OlRlc3RQcmVtaXVtV2Vla0h5cG90aGVzaXNTaW1wbGU6OnRlc3RfZ2VuZXJhdGVfd2Vla19wbGFuX3NpbXBsZV9oeXBvdGhlc2lzOgoKICAtIGR1cmluZyBnZW5lcmF0ZSBwaGFzZSAoMC42MCBzZWNvbmRzKToKICAgIC0gVHlwaWNhbCBydW50aW1lczogfiA1LTYgbXMsIG9mIHdoaWNoIDwgMW1zIGluIGRhdGEgZ2VuZXJhdGlvbgogICAgLSAxMDAgcGFzc2luZyBleGFtcGxlcywgMCBmYWlsaW5nIGV4YW1wbGVzLCA1IGludmFsaWQgZXhhbXBsZXMKCiAgLSBTdG9wcGVkIGJlY2F1c2Ugc2V0dGluZ3MubWF4X2V4YW1wbGVzPTEwMA==" /><property name="hypothesis-statistics-tests/test_premium_week_hypothesis_simple.py::TestPremiumWeekHypothesisSimple::test_generate_week_plan_with_targets_simple_hypothesis" value="dGVzdHMvdGVzdF9wcmVtaXVtX3dlZWtfaHlwb3RoZXNpc19zaW1wbGUucHk6OlRlc3RQcmVtaXVtV2Vla0h5cG90aGVzaXNTaW1wbGU6OnRlc3RfZ2VuZXJhdGVfd2Vla19wbGFuX3dpdGhfdGFyZ2V0c19zaW1wbGVfaHlwb3RoZXNpczoKCiAgLSBkdXJpbmcgZ2VuZXJhdGUgcGhhc2UgKDAuOTMgc2Vjb25kcyk6CiAgICAtIFR5cGljYWwgcnVudGltZXM6IH4gMS0xMSBtcywgb2Ygd2hpY2ggfiAwLTEgbXMgaW4gZGF0YSBnZW5lcmF0aW9uCiAgICAtIDEwMCBwYXNzaW5nIGV4YW1wbGVzLCAwIGZhaWxpbmcgZXhhbXBsZXMsIDYgaW52YWxpZCBleGFtcGxlcwoKICAtIFN0b3BwZWQgYmVjYXVzZSBzZXR0aW5ncy5tYXhfZXhhbXBsZXM9MTAw" /><property name="hypothesis-statistics-tests/test_premium_week_hypothesis_simple.py::TestPremiumWeekHypothesisSimple::test_generate_week_plan_missing_profile_data_simple_hypothesis" value="dGVzdHMvdGVzdF9wcmVtaXVtX3dlZWtfaHlwb3RoZXNpc19zaW1wbGUucHk6OlRlc3RQcmVtaXVtV2Vla0h5cG90aGVzaXNTaW1wbGU6OnRlc3RfZ2VuZXJhdGVfd2Vla19wbGFuX21pc3NpbmdfcHJvZmlsZV9kYXRhX3NpbXBsZV9oeXBvdGhlc2lzOgoKICAtIGR1cmluZyBnZW5lcmF0ZSBwaGFzZSAoMC42OSBzZWNvbmRzKToKICAgIC0gVHlwaWNhbCBydW50aW1lczogfiAwLTEyIG1zLCBvZiB3aGljaCA8IDFtcyBpbiBkYXRhIGdlbmVyYXRpb24KICAgIC0gMTAwIHBhc3NpbmcgZXhhbXBsZXMsIDAgZmFpbGluZyBleGFtcGxlcywgNyBpbnZhbGlkIGV4YW1wbGVzCgogIC0gU3RvcHBlZCBiZWNhdXNlIHNldHRpbmdzLm1heF9leGFtcGxlcz0xMDA=" /><property name="hypothesis-statistics-tests/test_premium_week_hypothesis_simple.py::TestPremiumWeekHypothesisSimple::test_generate_week_plan_unable_to_derive_targets_simple_hypothesis" value="dGVzdHMvdGVzdF9wcmVtaXVtX3dlZWtfaHlwb3RoZXNpc19zaW1wbGUucHk6OlRlc3RQcmVtaXVtV2Vla0h5cG90aGVzaXNTaW1wbGU6OnRlc3RfZ2VuZXJhdGVfd2Vla19wbGFuX3VuYWJsZV90b19kZXJpdmVfdGFyZ2V0c19zaW1wbGVfaHlwb3RoZXNpczoKCiAgLSBkdXJpbmcgZ2VuZXJhdGUgcGhhc2UgKDEuNTAgc2Vjb25kcyk6CiAgICAtIFR5cGljYWwgcnVudGltZXM6IH4gMC03IG1zLCBvZiB3aGljaCA8IDFtcyBpbiBkYXRhIGdlbmVyYXRpb24KICAgIC0gMTAwIHBhc3NpbmcgZXhhbXBsZXMsIDAgZmFpbGluZyBleGFtcGxlcywgMTAgaW52YWxpZCBleGFtcGxlcwoKICAtIFN0b3BwZWQgYmVjYXVzZSBzZXR0aW5ncy5tYXhfZXhhbXBsZXM9MTAw" /><property name="hypothesis-statistics-tests/test_property_based.py::test_bmi_value_property" value="dGVzdHMvdGVzdF9wcm9wZXJ0eV9iYXNlZC5weTo6dGVzdF9ibWlfdmFsdWVfcHJvcGVydHk6CgogIC0gZHVyaW5nIGdlbmVyYXRlIHBoYXNlICgwLjA5IHNlY29uZHMpOgogICAgLSBUeXBpY2FsIHJ1bnRpbWVzOiA8IDFtcywgb2Ygd2hpY2ggPCAxbXMgaW4gZGF0YSBnZW5lcmF0aW9uCiAgICAtIDEwMCBwYXNzaW5nIGV4YW1wbGVzLCAwIGZhaWxpbmcgZXhhbXBsZXMsIDAgaW52YWxpZCBleGFtcGxlcwoKICAtIFN0b3BwZWQgYmVjYXVzZSBzZXR0aW5ncy5tYXhfZXhhbXBsZXM9MTAw" /><property name="hypothesis-statistics-tests/test_property_based.py::test_bmi_category_property" value="dGVzdHMvdGVzdF9wcm9wZXJ0eV9iYXNlZC5weTo6dGVzdF9ibWlfY2F0ZWdvcnlfcHJvcGVydHk6CgogIC0gZHVyaW5nIGdlbmVyYXRlIHBoYXNlICgwLjA1IHNlY29uZHMpOgogICAgLSBUeXBpY2FsIHJ1bnRpbWVzOiA8IDFtcywgb2Ygd2hpY2ggPCAxbXMgaW4gZGF0YSBnZW5lcmF0aW9uCiAgICAtIDEwMCBwYXNzaW5nIGV4YW1wbGVzLCAwIGZhaWxpbmcgZXhhbXBsZXMsIDAgaW52YWxpZCBleGFtcGxlcwoKICAtIFN0b3BwZWQgYmVjYXVzZSBzZXR0aW5ncy5tYXhfZXhhbXBsZXM9MTAw" /></properties><testcase classname="tests.edges.test_app_branches" name="test_api_key_strict_production_requires_config" time="0.018" /><testcase classname="tests.edges.test_app_branches" name="test_insight_feature_disabled_and_import_error" time="0.006" /><testcase classname="tests.edges.test_app_branches" name="test_admin_status_scheduler_error_paths" time="0.006" /><testcase classname="tests.edges.test_app_branches" name="test_export_pdf_generic_error_branches" time="0.006" /><testcase classname="tests.edges.test_app_edges" name="test_get_api_key_strict_and_dev_modes" time="0.001" /><testcase classname="tests.edges.test_app_edges" name="test_admin_status_scheduler_branches" time="0.004" /><testcase classname="tests.edges.test_app_edges" name="test_add_visualization_if_requested_fallback" time="0.193" /><testcase classname="tests.edges.test_app_edges" name="test_export_pdf_generic_missing_function" time="0.002" /><testcase classname="tests.edges.test_app_edges" name="test_targets_get_minimum_maximum_unknown_raises" time="0.001" /><testcase classname="tests.edges.test_app_init_shim_edges" name="test_app_package_spec_proxy_and_getattr_passthrough" time="0.001" /><testcase classname="tests.edges.test_app_init_shim_edges" name="test_app_package_spec_proxy_attrs_exist" time="0.001" /><testcase classname="tests.edges.test_app_init_shim_edges" name="test_app_package_all_and_sysmodules_binding" time="0.001" /><testcase classname="tests.edges.test_app_init_shim_edges" name="test_app_getattr_missing_raises_attributeerror" time="0.001" /><testcase classname="tests.edges.test_app_init_spec" name="test_app_package_spec_proxy_name" time="0.001" /><testcase classname="tests.edges.test_app_init_spec" name="test_app_package_spec_proxy_rebinds_sys_modules" time="0.001" /><testcase classname="tests.edges.test_app_init_spec" name="test_app_getattr_passes_through_and_raises_attribute_error" time="0.001" /><testcase classname="tests.edges.test_auto_repair_partial" name="test_auto_repair_partial_status_when_no_progress" time="0.001" /><testcase classname="tests.edges.test_bmi_visualization_exception_path" name="test_bmi_visualization_exception_path_returns_error" time="0.002" /><testcase classname="tests.edges.test_bmi_visualization_fallback" name="test_bmi_visualization_no_matplotlib_returns_fallback" time="0.001" /><testcase classname="tests.edges.test_bodyfat_edges" name="test_bodyfat_bmi_is_derived_when_missing" time="0.004" /><testcase classname="tests.edges.test_bodyfat_edges" name="test_bodyfat_handles_invalid_inputs_gracefully" time="0.004" /><testcase classname="tests.edges.test_core_edge_branches" name="test_plate_macros_negative_remaining_kcal_triggers_reduction" time="0.001" /><testcase classname="tests.edges.test_core_edge_branches" name="test_rag_empty_index_returns_empty" time="0.003" /><testcase classname="tests.edges.test_core_edge_branches" name="test_rag_skips_large_files_and_handles_read_error" time="0.001" /><testcase classname="tests.edges.test_core_edge_branches" name="test_recipe_db_new_get_by_id_and_search_and_scale" time="0.002" /><testcase classname="tests.edges.test_core_edge_branches" name="test_recommendations_micronutrient_targets_pregnant_and_lactating" time="0.001" /><testcase classname="tests.edges.test_core_edge_branches" name="test_recipe_db_parser_and_scaler_with_malformed_entries" time="0.001" /><testcase classname="tests.edges.test_core_edge_branches" name="test_exports_pdf_fallback_day_week" time="0.001" /><testcase classname="tests.edges.test_core_edge_branches" name="test_unified_db_cache_load_error_and_save_throttle" time="0.046" /><testcase classname="tests.edges.test_core_edge_branches" name="test_unified_db_off_exception_and_invalid_ids" time="0.010" /><testcase classname="tests.edges.test_core_edge_branches" name="test_product_finder_error_paths_and_csv" time="0.002" /><testcase classname="tests.edges.test_core_edge_branches" name="test_menu_engine_default_strategy_and_boosters_branch" time="0.001" /><testcase classname="tests.edges.test_core_edge_branches" name="test_menu_engine_new_booster_none_path" time="0.001" /><testcase classname="tests.edges.test_core_edge_branches" name="test_menu_engine_new_kcal_100_zero_path" time="0.001" /><testcase classname="tests.edges.test_db_init_edges" name="test_init_db_wraps_create_all_when_missing_assert" time="0.001" /><testcase classname="tests.edges.test_disclaimers_edges" name="test_get_disclaimer_text_medical_and_privacy_en" time="0.001" /><testcase classname="tests.edges.test_disclaimers_edges" name="test_get_disclaimer_text_invalid_type_raises_keyerror" time="0.001" /><testcase classname="tests.edges.test_disclaimers_edges" name="test_get_comprehensive_disclaimer_with_special_populations_ru" time="0.001" /><testcase classname="tests.edges.test_food_merge_sugar_branch" name="test_classify_food_group_high_sugar_branch" time="0.001" /><testcase classname="tests.edges.test_menu_engine_new_total_cost" name="test_total_cost_handles_string_values" time="0.001" /><testcase classname="tests.edges.test_more_edges" name="test_bmi_extras_pro_functions_and_errors" time="0.001" /><testcase classname="tests.edges.test_more_edges" name="test_bmi_extras_pro_low_risk_and_moderate_stage" time="0.001" /><testcase classname="tests.edges.test_more_edges" name="test_product_finder_mkdir_exception_and_loop_exception" time="0.002" /><testcase classname="tests.edges.test_more_edges" name="test_exports_importerror_branch_and_pdf_functions" time="0.002" /><testcase classname="tests.edges.test_pico_edges" name="test_pico_response_branch" time="0.001" /><testcase classname="tests.edges.test_pico_edges" name="test_pico_else_fallback_branch" time="0.001" /><testcase classname="tests.edges.test_premium_week_edges" name="test_premium_week_missing_profile_fields_returns_400" time="0.004" /><testcase classname="tests.edges.test_premium_week_edges" name="test_premium_week_activity_goal_required_branch_returns_400" time="0.004" /><testcase classname="tests.edges.test_premium_week_edges" name="test_premium_week_with_explicit_targets_happy_path_200" time="0.006" /><testcase classname="tests.edges.test_product_varieties_edges" name="test_product_varieties_load_error_branch" time="0.002" /><testcase classname="tests.edges.test_product_varieties_edges" name="test_product_varieties_recommendation_fallback_first_item" time="0.001" /><testcase classname="tests.edges.test_rag_docs_and_chunk" name="test_rag_uses_docs_folder_rglob" time="0.003" /><testcase classname="tests.edges.test_rag_docs_and_chunk" name="test_chunk_splits_and_emits_on_overflow" time="0.001" /><testcase classname="tests.edges.test_rag_zero_and_section" name="test_rag_topk_zero_and_unknown_section" time="0.001" /><testcase classname="tests.edges.test_region_and_disclaimers" name="test_region_catalog_unknown_region_and_category" time="0.001" /><testcase classname="tests.edges.test_region_and_disclaimers" name="test_disclaimers_fallback_language" time="0.001" /><testcase classname="tests.edges.test_region_catalog_edges" name="test_region_catalog_helpers_and_conversion" time="0.003" /><testcase classname="tests.edges.test_scheduler_edges" name="test_scheduler_update_loop_error_branch" time="0.018" /><testcase classname="tests.edges.test_scheduler_edges" name="test_scheduler_signal_handler_invocation" time="0.017" /><testcase classname="tests.edges.test_unified_db_off_flags" name="test_unified_db_off_unavailable_import_path" time="0.006" /><testcase classname="tests.edges.test_unified_db_off_flags" name="test_unified_db_save_throttle_and_last_save_none" time="0.009" /><testcase classname="tests.edges.test_unified_db_off_flags" name="test_unified_db_save_throttle_updates_timestamp" time="0.009" /><testcase classname="tests.edges.test_unified_db_small_edges" name="test_resolve_off_client_import_error_path" time="0.003" /><testcase classname="tests.edges.test_unified_db_small_edges" name="test_unified_db_last_save_ts_import_time_failure" time="0.002" /><testcase classname="tests.edges.test_unified_db_small_edges" name="test_unified_db_save_cache_throttle_early_return" time="0.009" /><testcase classname="tests.edges.test_update_manager_edges" name="test_update_manager_check_for_updates_off_unavailable" time="0.014" /><testcase classname="tests.edges.test_update_manager_edges" name="test_update_manager_unknown_source" time="0.018" /><testcase classname="tests.edges.test_update_manager_edges" name="test_cleanup_old_backups_deletes_excess" time="0.018" /><testcase classname="tests.edges.test_update_manager_edges" name="test_load_versions_error_path" time="0.018" /><testcase classname="tests.edges.test_update_manager_edges" name="test_save_versions_error_path" time="0.017" /><testcase classname="tests.edges.test_update_manager_small_edges" name="test_update_manager_close_paths" time="0.020" /><testcase classname="tests.edges.test_vip_adapters_edges" name="test_adapter_make_weekly_menu_from_single_dict_profile" time="0.001" /><testcase classname="tests.edges.test_vip_adapters_edges" name="test_adapter_make_weekly_menu_from_kwargs_profile_dict" time="0.001" /><testcase classname="tests.edges.test_vip_adapters_edges" name="test_adapter_make_weekly_menu_direct_args_passthrough" time="0.001" /><testcase classname="tests.edges.test_vip_adapters_edges" name="test_adapter_synthesize_recipes_for_week_passthrough" time="0.001" /><testcase classname="tests.edges.test_vip_auth_edges" name="test_require_api_key_allow_anonymous_nonprod" time="0.001" /><testcase classname="tests.edges.test_vip_auth_edges" name="test_require_api_key_dev_fallback_returns_test_key" time="0.001" /><testcase classname="tests.edges.test_vip_auth_edges" name="test_require_api_key_strict_missing_key_raises" time="0.001" /><testcase classname="tests.edges.test_vip_auth_edges" name="test_require_api_key_dev_legacy_nonprod_and_prod_allow" time="0.001" /><testcase classname="tests.edges.test_vip_auth_edges" name="test_adapter_make_weekly_menu_no_profile_path" time="0.001" /><testcase classname="tests.quick.test_quick_check" name="test_llm_provider_none" time="0.001" /><testcase classname="tests.quick.test_quick_check" name="test_llm_provider_stub" time="0.001" /><testcase classname="tests.quick.test_quick_check" name="test_llm_provider_grok_fallback" time="0.001" /><testcase classname="tests.test_additional_core_coverage" name="test_aliases_round_trip" time="0.002" /><testcase classname="tests.test_additional_core_coverage" name="test_i18n_translation_and_normalization" time="0.001" /><testcase classname="tests.test_additional_core_coverage" name="test_time_utils_timezone_functions" time="0.002" /><testcase classname="tests.test_additional_core_coverage" name="test_units_conversions[iu_vitd_from_ug-10-400.0]" time="0.001" /><testcase classname="tests.test_additional_core_coverage" name="test_units_conversions[mg_from_ug-2500-2.5]" time="0.001" /><testcase classname="tests.test_additional_core_coverage" name="test_units_conversions[mg_from_g-1.2-1200.0]" time="0.001" /><testcase classname="tests.test_additional_core_coverage" name="test_get_activity_factor_and_defaults" time="0.001" /><testcase classname="tests.test_additional_core_coverage" name="test_resolve_attr_prefers_candidates" time="0.001" /><testcase classname="tests.test_additional_core_coverage" name="test_plate_module_import_smoke" time="0.001" /><testcase classname="tests.test_admin_endpoints_97.TestAdminEndpoints" name="test_force_update_endpoint" time="5.433" /><testcase classname="tests.test_admin_endpoints_97.TestAdminEndpoints" name="test_check_updates_endpoint" time="0.006" /><testcase classname="tests.test_admin_endpoints_97.TestAdminEndpoints" name="test_rollback_endpoint" time="0.005" /><testcase classname="tests.test_admin_endpoints_97.TestAdminEndpoints" name="test_admin_endpoints_with_mock" time="0.013" /><testcase classname="tests.test_admin_endpoints_97.TestRemainingBlocks" name="test_insight_endpoints" time="0.006" /><testcase classname="tests.test_admin_endpoints_97.TestRemainingBlocks" name="test_api_v1_bmi" time="0.004" /><testcase classname="tests.test_admin_endpoints_97.TestRemainingBlocks" name="test_edge_cases_comprehensive" time="0.011" /><testcase classname="tests.test_admin_endpoints_97.TestRemainingBlocks" name="test_missing_optional_parameters" time="0.013" /><testcase classname="tests.test_admin_endpoints_97.TestRemainingBlocks" name="test_invalid_parameters" time="0.018" /><testcase classname="tests.test_admin_endpoints_97.TestRemainingBlocks" name="test_admin_without_api_key" time="0.008" /><testcase classname="tests.test_admin_endpoints_97.TestRemainingBlocks" name="test_comprehensive_language_support" time="0.043" /><testcase classname="tests.test_aliases" name="test_map_to_canonical_basic" time="0.001" /><testcase classname="tests.test_aliases" name="test_map_to_canonical_fallback" time="0.001" /><testcase classname="tests.test_aliases" name="test_map_to_canonical_with_custom_aliases" time="0.002" /><testcase classname="tests.test_aliases" name="test_map_to_canonical_edge_cases" time="0.001" /><testcase classname="tests.test_aliases" name="test_load_aliases_file_not_found" time="0.001" /><testcase classname="tests.test_aliases" name="test_add_alias_new_file" time="0.001" /><testcase classname="tests.test_aliases" name="test_add_alias_existing_file" time="0.001" /><testcase classname="tests.test_aliases" name="test_add_alias_default_path" time="0.001" /><testcase classname="tests.test_aliases_coverage_96.TestAliasesCoverage96" name="test_load_aliases_file_not_found" time="0.001" /><testcase classname="tests.test_aliases_coverage_96.TestAliasesCoverage96" name="test_load_aliases_file_exists" time="0.002" /><testcase classname="tests.test_aliases_coverage_96.TestAliasesCoverage96" name="test_load_aliases_with_whitespace" time="0.002" /><testcase classname="tests.test_aliases_coverage_96.TestAliasesCoverage96" name="test_load_aliases_empty_file" time="0.002" /><testcase classname="tests.test_aliases_coverage_96.TestAliasesCoverage96" name="test_map_to_canonical_english" time="0.001" /><testcase classname="tests.test_aliases_coverage_96.TestAliasesCoverage96" name="test_map_to_canonical_russian" time="0.001" /><testcase classname="tests.test_aliases_coverage_96.TestAliasesCoverage96" name="test_map_to_canonical_spanish" time="0.001" /><testcase classname="tests.test_aliases_coverage_96.TestAliasesCoverage96" name="test_map_to_canonical_not_found" time="0.001" /><testcase classname="tests.test_aliases_coverage_96.TestAliasesCoverage96" name="test_map_to_canonical_empty_table" time="0.002" /><testcase classname="tests.test_aliases_coverage_96.TestAliasesCoverage96" name="test_map_to_canonical_case_sensitivity" time="0.001" /><testcase classname="tests.test_aliases_coverage_96.TestAliasesCoverage96" name="test_map_to_canonical_special_characters" time="0.001" /><testcase classname="tests.test_aliases_coverage_96.TestAliasesCoverage96" name="test_map_to_canonical_numbers" time="0.001" /><testcase classname="tests.test_aliases_coverage_96.TestAliasesCoverage96" name="test_map_to_canonical_mixed_content" time="0.001" /><testcase classname="tests.test_aliases_coverage_96.TestAliasesCoverage96" name="test_map_to_canonical_default_locale" time="0.001" /><testcase classname="tests.test_aliases_coverage_96.TestAliasesCoverage96" name="test_map_to_canonical_unicode" time="0.001" /><testcase classname="tests.test_aliases_coverage_96.TestAliasesCoverage96" name="test_map_to_canonical_long_strings" time="0.001" /><testcase classname="tests.test_aliases_coverage_96.TestAliasesCoverage96" name="test_map_to_canonical_whitespace_handling" time="0.001" /><testcase classname="tests.test_aliases_coverage_96.TestAliasesCoverage96" name="test_add_alias_new_file" time="0.002" /><testcase classname="tests.test_aliases_coverage_96.TestAliasesCoverage96" name="test_add_alias_existing_file" time="0.002" /><testcase classname="tests.test_aliases_coverage_96.TestAliasesCoverage96" name="test_add_alias_with_whitespace" time="0.002" /><testcase classname="tests.test_aliases_coverage_96.TestAliasesCoverage96" name="test_add_alias_custom_path" time="0.003" /><testcase classname="tests.test_aliases_coverage_96.TestAliasesCoverage96" name="test_add_alias_multiple_calls" time="0.002" /><testcase classname="tests.test_api" name="test_v1_health" time="0.003" /><testcase classname="tests.test_api" name="test_v1_bmi_happy" time="0.003" /><testcase classname="tests.test_api" name="test_v1_bmi_invalid_height" time="0.003" /><testcase classname="tests.test_api" name="test_v1_bmi_invalid_weight" time="0.003" /><testcase classname="tests.test_api" name="test_v1_bmi_unrealistic_weight" time="0.003" /><testcase classname="tests.test_api" name="test_v1_bmi_invalid_group" time="0.004" /><testcase classname="tests.test_api" name="test_v1_bmi_underweight" time="0.003" /><testcase classname="tests.test_api" name="test_v1_bmi_overweight" time="0.003" /><testcase classname="tests.test_api" name="test_v1_bmi_obese" time="0.003" /><testcase classname="tests.test_api" name="test_v1_bodyfat" time="0.004" /><testcase classname="tests.test_api" name="test_v1_bodyfat_missing_hip" time="0.004" /><testcase classname="tests.test_api" name="test_bodyfat_import_failure" time="0.069" /><testcase classname="tests.test_api" name="test_insight_import_failure" time="0.053"><skipped type="pytest.skip" message="App import failed unexpectedly">/Users/katsiaryna_kavaleuskaya/Developer/BMI-App_2025_clean/tests/test_api.py:34: App import failed unexpectedly</skipped></testcase><testcase classname="tests.test_api" name="test_api_insight_provider_generate_failure" time="0.004" /><testcase classname="tests.test_api" name="test_api_insight_provider_none" time="0.004" /><testcase classname="tests.test_api" name="test_metrics" time="0.003" /><testcase classname="tests.test_api" name="test_category_by_bmi_ru" time="0.001" /><testcase classname="tests.test_api" name="test_compute_wht_ratio_round_exception" time="0.001" /><testcase classname="tests.test_api" name="test_v1_insight_invalid_api_key" time="0.003" /><testcase classname="tests.test_api" name="test_slowapi_import_failure" time="0.064"><skipped type="pytest.skip" message="App import failed unexpectedly">/Users/katsiaryna_kavaleuskaya/Developer/BMI-App_2025_clean/tests/test_api.py:34: App import failed unexpectedly</skipped></testcase><testcase classname="tests.test_api" name="test_prometheus_import_failure" time="0.068"><skipped type="pytest.skip" message="App import failed unexpectedly">/Users/katsiaryna_kavaleuskaya/Developer/BMI-App_2025_clean/tests/test_api.py:34: App import failed unexpectedly</skipped></testcase><testcase classname="tests.test_api_end_to_end_spanish.TestAPIEndToEndSpanish" name="test_bmi_endpoint_spanish" time="0.004" /><testcase classname="tests.test_api_end_to_end_spanish.TestAPIEndToEndSpanish" name="test_bodyfat_endpoint_spanish" time="0.004" /><testcase classname="tests.test_api_end_to_end_spanish.TestAPIEndToEndSpanish" name="test_plan_endpoint_spanish" time="0.004" /><testcase classname="tests.test_api_end_to_end_spanish.TestAPIEndToEndSpanish" name="test_bmi_pro_endpoint_spanish" time="0.004" /><testcase classname="tests.test_api_end_to_end_spanish.TestAPIEndToEndSpanish" name="test_all_endpoints_consistency_spanish" time="0.006" /><testcase classname="tests.test_api_endpoint" name="test_api_endpoint_multilingual" time="0.013" /><testcase classname="tests.test_api_endpoint" name="test_api_endpoint_with_targets" time="0.005" /><testcase classname="tests.test_api_extras" name="test_bmi_422_missing_fields" time="0.005" /><testcase classname="tests.test_api_extras" name="test_bmi_categories_via_api[50-170-Underweight]" time="0.004" /><testcase classname="tests.test_api_extras" name="test_bmi_categories_via_api[70-170-Normal]" time="0.004" /><testcase classname="tests.test_api_extras" name="test_bmi_categories_via_api[80-170-Overweight]" time="0.004" /><testcase classname="tests.test_api_extras" name="test_bmi_categories_via_api[95-170-Obese]" time="0.004" /><testcase classname="tests.test_api_extras" name="test_openapi_and_docs_exist" time="0.173" /><testcase classname="tests.test_api_smoke" name="test_health_ok" time="0.003" /><testcase classname="tests.test_api_smoke" name="test_bmi_smoke_ok" time="0.003" /><testcase classname="tests.test_api_smoke" name="test_v1_bmi_smoke" time="0.003" /><testcase classname="tests.test_api_smoke" name="test_v1_insight_smoke" time="0.004" /><testcase classname="tests.test_api_smoke" name="test_metrics_smoke" time="0.003" /><testcase classname="tests.test_api_spanish.TestAPISpanish" name="test_bmi_endpoint_spanish" time="0.003" /><testcase classname="tests.test_api_spanish.TestAPISpanish" name="test_bmi_pro_endpoint_spanish" time="0.003" /><testcase classname="tests.test_api_spanish.TestAPISpanish" name="test_plan_endpoint_spanish" time="0.004" /><testcase classname="tests.test_app_97_coverage_simple.TestImportErrorPaths" name="test_import_error_coverage_paths" time="0.001" /><testcase classname="tests.test_app_97_coverage_simple.TestPremiumEndpointErrorPaths" name="test_enhanced_plate_missing_functions" time="0.003" /><testcase classname="tests.test_app_97_coverage_simple.TestPremiumEndpointErrorPaths" name="test_nutrition_insight_missing_functions" time="0.003" /><testcase classname="tests.test_app_97_coverage_simple.TestPremiumEndpointErrorPaths" name="test_macro_recommendation_missing_functions" time="0.002" /><testcase classname="tests.test_app_97_coverage_simple.TestErrorHandlingAndEdgeCases" name="test_rate_limiting_paths" time="0.012" /><testcase classname="tests.test_app_97_coverage_simple.TestErrorHandlingAndEdgeCases" name="test_api_key_validation_paths" time="0.007" /><testcase classname="tests.test_app_97_coverage_simple.TestErrorHandlingAndEdgeCases" name="test_validation_error_paths" time="0.012" /><testcase classname="tests.test_app_97_coverage_simple.TestVIPAndPremiumFeaturePaths" name="test_vip_module_environment_handling" time="0.001" /><testcase classname="tests.test_app_97_coverage_simple.TestVIPAndPremiumFeaturePaths" name="test_premium_endpoint_authentication_paths" time="0.008" /><testcase classname="tests.test_app_97_coverage_simple.TestAsyncAndBackgroundTasks" name="test_scheduler_and_background_tasks" time="0.005" /><testcase classname="tests.test_app_97_coverage_simple.TestAsyncAndBackgroundTasks" name="test_prometheus_metrics_paths" time="0.007" /><testcase classname="tests.test_app_97_coverage_simple.TestComplexDataCombinations" name="test_bmi_endpoint_complex_combinations" time="0.005" /><testcase classname="tests.test_app_97_coverage_simple.TestComplexDataCombinations" name="test_plan_endpoint_complex_combinations" time="0.003" /><testcase classname="tests.test_app_97_coverage_simple.TestLanguageAndLocalization" name="test_language_handling_paths" time="0.012" /><testcase classname="tests.test_app_97_coverage_simple.TestLanguageAndLocalization" name="test_spanish_localization_paths" time="0.007" /><testcase classname="tests.test_app_bmi_bodyfat_coverage.TestAppBMIBodyfatCoverage" name="test_endpoint_valid_request[/api/v1/bmi-valid_payload0-invalid_payload0]" time="0.004" /><testcase classname="tests.test_app_bmi_bodyfat_coverage.TestAppBMIBodyfatCoverage" name="test_endpoint_valid_request[/api/v1/bodyfat-valid_payload1-invalid_payload1]" time="0.004" /><testcase classname="tests.test_app_bmi_bodyfat_coverage.TestAppBMIBodyfatCoverage" name="test_endpoint_invalid_data[/api/v1/bmi-invalid_payload0-422]" time="0.003" /><testcase classname="tests.test_app_bmi_bodyfat_coverage.TestAppBMIBodyfatCoverage" name="test_endpoint_invalid_data[/api/v1/bodyfat-invalid_payload1-422]" time="0.003" /><testcase classname="tests.test_app_bmi_bodyfat_coverage.TestAppBMIBodyfatCoverage" name="test_endpoint_invalid_data[/api/v1/bmi-invalid_payload2-422]" time="0.003" /><testcase classname="tests.test_app_bmi_bodyfat_coverage.TestAppBMIBodyfatCoverage" name="test_endpoint_invalid_data[/api/v1/bodyfat-invalid_payload3-200]" time="0.004" /><testcase classname="tests.test_app_bmi_bodyfat_coverage.TestAppBMIBodyfatCoverage" name="test_endpoint_public_access[/api/v1/bmi-valid_payload0-200]" time="0.003" /><testcase classname="tests.test_app_bmi_bodyfat_coverage.TestAppBMIBodyfatCoverage" name="test_endpoint_public_access[/api/v1/bodyfat-valid_payload1-200]" time="0.003" /><testcase classname="tests.test_app_bmi_bodyfat_coverage.TestAppBMIBodyfatCoverage" name="test_bmi_logging_coverage" time="0.003" /><testcase classname="tests.test_app_bmi_bodyfat_coverage.TestAppBMIBodyfatCoverage" name="test_bmi_metrics_coverage" time="0.004" /><testcase classname="tests.test_app_bmi_v1.TestBMIv1API" name="test_bmi_v1_happy_path_general" time="0.003" /><testcase classname="tests.test_app_bmi_v1.TestBMIv1API" name="test_bmi_v1_happy_path_athlete" time="0.003" /><testcase classname="tests.test_app_bmi_v1.TestBMIv1API" name="test_bmi_v1_pregnant_category" time="0.003" /><testcase classname="tests.test_app_bmi_v1.TestBMIv1API" name="test_bmi_v1_with_waist_risk" time="0.003" /><testcase classname="tests.test_app_bmi_v1.TestBMIv1API" name="test_bmi_v1_422_missing_required_fields" time="0.007" /><testcase classname="tests.test_app_bmi_v1.TestBMIv1API" name="test_bmi_v1_422_invalid_values" time="0.008" /><testcase classname="tests.test_app_bmi_v1.TestBMIv1API" name="test_bmi_v1_realistic_validation" time="0.003" /><testcase classname="tests.test_app_bmi_v1.TestBMIv1API" name="test_bmi_v1_public_access_no_key" time="0.002" /><testcase classname="tests.test_app_bmi_v1.TestBMIv1API" name="test_bmi_v1_localization_russian" time="0.002" /><testcase classname="tests.test_app_bmi_v1.TestBMIv1API" name="test_bmi_v1_localization_spanish" time="0.003" /><testcase classname="tests.test_app_bodyfat_v1.TestBodyfatv1API" name="test_bodyfat_v1_happy_female" time="0.003" /><testcase classname="tests.test_app_bodyfat_v1.TestBodyfatv1API" name="test_bodyfat_v1_happy_male" time="0.004" /><testcase classname="tests.test_app_bodyfat_v1.TestBodyfatv1API" name="test_bodyfat_v1_validation_missing_gender" time="0.004" /><testcase classname="tests.test_app_bodyfat_v1.TestBodyfatv1API" name="test_bodyfat_v1_422_invalid_ranges" time="0.007" /><testcase classname="tests.test_app_bodyfat_v1.TestBodyfatv1API" name="test_bodyfat_v1_invalid_gender_fallback" time="0.004" /><testcase classname="tests.test_app_bodyfat_v1.TestBodyfatv1API" name="test_bodyfat_v1_edge_case_measurements" time="0.003" /><testcase classname="tests.test_app_bodyfat_v1.TestBodyfatv1API" name="test_bodyfat_v1_older_adult" time="0.003" /><testcase classname="tests.test_app_branching_and_errors" name="test_export_csv_no_pandas_no_key" time="0.003" /><testcase classname="tests.test_app_branching_and_errors" name="test_export_pdf_no_reportlab_no_key" time="0.060" /><testcase classname="tests.test_app_branching_and_errors" name="test_rag_context_fallback" time="0.003" /><testcase classname="tests.test_app_branching_and_errors" name="test_premium_nutrient_gaps_fallback" time="0.054" /><testcase classname="tests.test_app_branching_and_errors" name="test_bmi_endpoint_invalid_payload" time="0.004" /><testcase classname="tests.test_app_branching_and_errors" name="test_bmi_endpoint_value_error" time="0.004" /><testcase classname="tests.test_app_branching_and_errors" name="test_premium_bmr_403_if_feature_flag" time="0.004" /><testcase classname="tests.test_app_branching_and_errors" name="test_export_pdf_error" time="0.003" /><testcase classname="tests.test_app_branching_and_errors" name="test_weekly_menu_generation_error" time="0.004" /><testcase classname="tests.test_app_branching_and_errors" name="test_no_calculate_all_bmr" time="0.049"><skipped type="pytest.xfail" message="calculate_all_bmr is not None after reload; patching not supported in this environment" /></testcase><testcase classname="tests.test_app_branching_and_errors" name="test_no_bmi_pro_router" time="0.001" /><testcase classname="tests.test_app_branching_and_errors" name="test_no_premium_week_router" time="0.001" /><testcase classname="tests.test_app_branching_and_errors" name="test_root_endpoint" time="0.003" /><testcase classname="tests.test_app_branching_and_errors" name="test_invalid_route" time="0.002" /><testcase classname="tests.test_app_branching_and_errors" name="test_health_endpoint" time="0.002" /><testcase classname="tests.test_app_branching_and_errors" name="test_vip_module_disabled" time="0.049" /><testcase classname="tests.test_app_branching_and_errors" name="test_vip_module_enabled" time="0.047" /><testcase classname="tests.test_app_branching_and_errors" name="test_invalid_method" time="0.003" /><testcase classname="tests.test_app_branching_and_errors" name="test_internal_error" time="0.001"><skipped type="pytest.xfail" message="app.routers.foods has no attribute 'get_foods'" /></testcase><testcase classname="tests.test_app_comprehensive_97_final.TestAppComprehensive97" name="test_bmi_endpoint_with_visualization" time="0.003" /><testcase classname="tests.test_app_comprehensive_97_final.TestAppComprehensive97" name="test_bmi_endpoint_athlete_with_visualization" time="0.003" /><testcase classname="tests.test_app_comprehensive_97_final.TestAppComprehensive97" name="test_bmi_endpoint_visualization_not_available" time="0.132" /><testcase classname="tests.test_app_comprehensive_97_final.TestAppComprehensive97" name="test_plan_endpoint_russian_language" time="0.003" /><testcase classname="tests.test_app_comprehensive_97_final.TestAppComprehensive97" name="test_plan_endpoint_russian_with_premium" time="0.003" /><testcase classname="tests.test_app_comprehensive_97_final.TestAppComprehensive97" name="test_plan_endpoint_english_language" time="0.004" /><testcase classname="tests.test_app_comprehensive_97_final.TestAppComprehensive97" name="test_plan_endpoint_english_with_premium" time="0.003" /><testcase classname="tests.test_app_comprehensive_97_final.TestAppComprehensive97" name="test_plan_endpoint_pregnant_case" time="0.003" /><testcase classname="tests.test_app_comprehensive_97_final.TestAppComprehensive97" name="test_premium_bmr_endpoint_success" time="0.003" /><testcase classname="tests.test_app_comprehensive_97_final.TestAppComprehensive97" name="test_premium_bmr_endpoint_module_not_available" time="0.004" /><testcase classname="tests.test_app_comprehensive_97_final.TestAppComprehensive97" name="test_premium_bmr_endpoint_value_error" time="0.004" /><testcase classname="tests.test_app_comprehensive_97_final.TestAppComprehensive97" name="test_premium_bmr_endpoint_general_error" time="0.003" /><testcase classname="tests.test_app_comprehensive_97_final.TestAppComprehensive97" name="test_premium_targets_endpoint_success" time="0.003" /><testcase classname="tests.test_app_comprehensive_97_final.TestAppComprehensive97" name="test_premium_targets_endpoint_not_available" time="0.003" /><testcase classname="tests.test_app_comprehensive_97_final.TestAppComprehensive97" name="test_premium_targets_with_safety_warnings" time="0.003" /><testcase classname="tests.test_app_comprehensive_97_final.TestAppComprehensive97" name="test_bmi_endpoint_waist_risk_calculation" time="0.002" /><testcase classname="tests.test_app_comprehensive_97_final.TestAppComprehensive97" name="test_plan_endpoint_athlete_case" time="0.003" /><testcase classname="tests.test_app_comprehensive_97_final.TestAppComprehensive97" name="test_activity_level_descriptions" time="0.002" /><testcase classname="tests.test_app_comprehensive_97_final.TestAppComprehensive97" name="test_katch_bmr_note" time="0.003" /><testcase classname="tests.test_app_comprehensive_97_final.TestAppComprehensive97" name="test_premium_targets_import_error_handling" time="0.004" /><testcase classname="tests.test_app_cover" name="test_bmi_groups_exercise_branches[athlete]" time="0.004" /><testcase classname="tests.test_app_cover" name="test_bmi_groups_exercise_branches[pregnant]" time="0.003" /><testcase classname="tests.test_app_cover" name="test_bmi_groups_exercise_branches[elderly]" time="0.003" /><testcase classname="tests.test_app_cover" name="test_bmi_groups_exercise_branches[teen]" time="0.003" /><testcase classname="tests.test_app_cover" name="test_insight_route_or_skip" time="0.003" /><testcase classname="tests.test_app_cover" name="test_debug_env_keys_or_skip" time="0.002" /><testcase classname="tests.test_app_cover" name="test_bmi_endpoint_lang_en_athlete" time="0.003" /><testcase classname="tests.test_app_coverage_missing_lines.TestAppMissingLinesCoverage" name="test_is_truthy_function" time="0.001" /><testcase classname="tests.test_app_coverage_missing_lines.TestAppMissingLinesCoverage" name="test_get_api_key_with_valid_key" time="0.001" /><testcase classname="tests.test_app_coverage_missing_lines.TestAppMissingLinesCoverage" name="test_get_api_key_with_invalid_key" time="0.001" /><testcase classname="tests.test_app_coverage_missing_lines.TestAppMissingLinesCoverage" name="test_get_api_key_required_mode" time="0.001" /><testcase classname="tests.test_app_coverage_missing_lines.TestAppMissingLinesCoverage" name="test_get_api_key_dev_mode" time="0.001" /><testcase classname="tests.test_app_coverage_missing_lines.TestAppMissingLinesCoverage" name="test_get_api_key_invalid_tokens" time="0.001" /><testcase classname="tests.test_app_coverage_missing_lines.TestAppMissingLinesCoverage" name="test_admin_status_endpoint_success" time="0.003" /><testcase classname="tests.test_app_coverage_missing_lines.TestAppMissingLinesCoverage" name="test_admin_status_endpoint_error" time="0.003" /><testcase classname="tests.test_app_coverage_missing_lines.TestAppMissingLinesCoverage" name="test_log_requests_middleware" time="0.003" /><testcase classname="tests.test_app_coverage_missing_lines.TestAppMissingLinesCoverage" name="test_database_health_success" time="0.004" /><testcase classname="tests.test_app_coverage_missing_lines.TestAppMissingLinesCoverage" name="test_database_health_error" time="0.004" /><testcase classname="tests.test_app_coverage_missing_lines.TestAppMissingLinesCoverage" name="test_legacy_category_label" time="0.001" /><testcase classname="tests.test_app_coverage_missing_lines.TestAppMissingLinesCoverage" name="test_favicon_endpoint" time="0.003" /><testcase classname="tests.test_app_coverage_missing_lines.TestAppMissingLinesCoverage" name="test_metrics_endpoint" time="0.002" /><testcase classname="tests.test_app_coverage_missing_lines.TestAppMissingLinesCoverage" name="test_privacy_endpoint" time="0.003" /><testcase classname="tests.test_app_coverage_missing_lines.TestAppMissingLinesCoverage" name="test_vip_router_inclusion_when_enabled" time="0.001" /><testcase classname="tests.test_app_coverage_missing_lines.TestAppMissingLinesCoverage" name="test_bodyfat_router_inclusion_when_available" time="0.001" /><testcase classname="tests.test_app_coverage_missing_lines.TestAppMissingLinesCoverage" name="test_bmi_pro_router_inclusion" time="0.001" /><testcase classname="tests.test_app_coverage_missing_lines.TestAppMissingLinesCoverage" name="test_premium_week_router_inclusion" time="0.001" /><testcase classname="tests.test_app_coverage_missing_lines.TestAppMissingLinesCoverage" name="test_root_endpoint" time="0.003" /><testcase classname="tests.test_app_coverage_missing_lines.TestAppMissingLinesCoverage" name="test_health_endpoints" time="0.003" /><testcase classname="tests.test_app_coverage_missing_lines.TestAppMissingLinesCoverage" name="test_debug_env_endpoint" time="0.002" /><testcase classname="tests.test_app_coverage_missing_lines.TestAppMissingLinesCoverage" name="test_database_status_endpoint" time="0.003" /><testcase classname="tests.test_app_coverage_missing_lines.TestAppMissingLinesCoverage" name="test_force_database_update_endpoint" time="1.676" /><testcase classname="tests.test_app_coverage_missing_lines.TestAppMissingLinesCoverage" name="test_check_for_updates_endpoint" time="0.011" /><testcase classname="tests.test_app_coverage_missing_lines.TestAppMissingLinesCoverage" name="test_rollback_database_endpoint" time="0.007" /><testcase classname="tests.test_app_coverage_missing_lines.TestAppMissingLinesCoverage" name="test_export_pdf_generic_endpoint" time="0.006" /><testcase classname="tests.test_app_coverage_missing_lines.TestAppMissingLinesCoverage" name="test_export_pdf_generic_empty_payload" time="0.005" /><testcase classname="tests.test_app_coverage_optimized.TestAppCoverageFinal" name="test_app_health_endpoints" time="0.007" /><testcase classname="tests.test_app_coverage_optimized.TestAppCoverageFinal" name="test_app_bmi_endpoint_core_cases" time="0.010" /><testcase classname="tests.test_app_coverage_optimized.TestAppCoverageFinal" name="test_app_bodyfat_endpoint_core_cases" time="0.007" /><testcase classname="tests.test_app_coverage_optimized.TestAppCoverageFinal" name="test_app_insight_endpoint" time="0.004" /><testcase classname="tests.test_app_coverage_optimized.TestAppCoverageFinal" name="test_app_premium_endpoints" time="0.011" /><testcase classname="tests.test_app_coverage_optimized.TestAppCoverageFinal" name="test_app_vip_endpoints" time="0.022" /><testcase classname="tests.test_app_coverage_optimized.TestAppCoverageFinal" name="test_app_cors_middleware" time="0.004" /><testcase classname="tests.test_app_coverage_optimized.TestAppCoverageFinal" name="test_app_exception_handlers" time="0.005" /><testcase classname="tests.test_app_coverage_optimized.TestAppCoverageFinal" name="test_app_production_mode" time="0.003" /><testcase classname="tests.test_app_coverage_optimized.TestAppCoverageFinal" name="test_app_lifespan_events" time="0.004" /><testcase classname="tests.test_app_coverage_optimized.TestAppCoverageFinal" name="test_app_router_inclusion" time="0.004" /><testcase classname="tests.test_app_coverage_optimized.TestAppCoverageFinal" name="test_app_openapi_generation" time="0.167" /><testcase classname="tests.test_app_creation_coverage.TestAppCreationCoverage" name="test_app_lifecycle_coverage" time="0.006" /><testcase classname="tests.test_app_creation_coverage.TestAppCreationCoverage" name="test_app_fastapi_instance_coverage" time="0.004" /><testcase classname="tests.test_app_creation_coverage.TestAppCreationCoverage" name="test_app_title_coverage" time="0.004" /><testcase classname="tests.test_app_creation_coverage.TestAppCreationCoverage" name="test_app_version_coverage" time="0.004" /><testcase classname="tests.test_app_creation_coverage.TestAppCreationCoverage" name="test_app_description_coverage" time="0.004" /><testcase classname="tests.test_app_creation_coverage.TestAppCreationCoverage" name="test_app_docs_url_coverage" time="0.003" /><testcase classname="tests.test_app_creation_coverage.TestAppCreationCoverage" name="test_app_redoc_url_coverage" time="0.003" /><testcase classname="tests.test_app_creation_coverage.TestAppCreationCoverage" name="test_app_openapi_url_coverage" time="0.004" /><testcase classname="tests.test_app_creation_coverage.TestAppCreationCoverage" name="test_app_middleware_setup_coverage" time="0.004" /><testcase classname="tests.test_app_creation_coverage.TestAppCreationCoverage" name="test_app_exception_handlers_setup_coverage" time="0.004" /><testcase classname="tests.test_app_creation_coverage.TestAppCreationCoverage" name="test_app_router_setup_coverage" time="0.005" /><testcase classname="tests.test_app_creation_coverage.TestAppCreationCoverage" name="test_app_lifespan_setup_coverage" time="0.004" /><testcase classname="tests.test_app_creation_coverage.TestAppCreationCoverage" name="test_app_cors_setup_coverage" time="0.004" /><testcase classname="tests.test_app_creation_coverage.TestAppCreationCoverage" name="test_app_security_setup_coverage" time="0.004" /><testcase classname="tests.test_app_creation_coverage.TestAppCreationCoverage" name="test_app_validation_setup_coverage" time="0.004" /><testcase classname="tests.test_app_creation_coverage.TestAppCreationCoverage" name="test_app_logging_setup_coverage" time="0.005" /><testcase classname="tests.test_app_creation_coverage.TestAppCreationCoverage" name="test_app_metrics_setup_coverage" time="0.003" /><testcase classname="tests.test_app_creation_coverage.TestAppCreationCoverage" name="test_app_health_check_setup_coverage" time="0.004" /><testcase classname="tests.test_app_critical_clean.TestAppCriticalLines97" name="test_invalid_json_malformed_request" time="0.003" /><testcase classname="tests.test_app_critical_clean.TestAppCriticalLines97" name="test_error_handling_edge_paths" time="0.005" /><testcase classname="tests.test_app_critical_clean.TestAppCriticalLines97" name="test_premium_endpoints_error_paths" time="0.004" /><testcase classname="tests.test_app_critical_clean.TestAppCriticalLines97" name="test_health_endpoint_coverage" time="0.002" /><testcase classname="tests.test_app_critical_clean.TestAppCriticalLines97" name="test_cors_and_middleware_paths" time="0.003" /><testcase classname="tests.test_app_critical_clean.TestAppCriticalLines97" name="test_exception_handling_paths" time="0.003" /><testcase classname="tests.test_app_critical_clean.TestAppCriticalLines97" name="test_various_endpoints_coverage" time="0.005" /><testcase classname="tests.test_app_critical_lines_97.TestAppCriticalLines97" name="test_invalid_json_malformed_request" time="0.003" /><testcase classname="tests.test_app_critical_lines_97.TestAppCriticalLines97" name="test_vip_endpoints_without_vip_module_health" time="0.003" /><testcase classname="tests.test_app_critical_lines_97.TestAppCriticalLines97" name="test_admin_endpoints_missing_scheduler_health" time="0.003" /><testcase classname="tests.test_app_critical_lines_97.TestAppCriticalLines97" name="test_error_handling_bmi_paths" time="0.005" /><testcase classname="tests.test_app_critical_lines_97.TestAppCriticalLines97" name="test_vip_endpoints_without_vip_module" time="0.054" /><testcase classname="tests.test_app_critical_lines_97.TestAppCriticalLines97" name="test_admin_endpoints_missing_scheduler" time="0.005" /><testcase classname="tests.test_app_critical_lines_97.TestAppCriticalLines97" name="test_error_handling_edge_paths" time="0.007" /><testcase classname="tests.test_app_critical_lines_97.TestAppCriticalLines97" name="test_missing_dependencies_import_paths" time="0.001" /><testcase classname="tests.test_app_critical_lines_97.TestAppCriticalLines97" name="test_premium_endpoints_error_paths" time="0.006" /><testcase classname="tests.test_app_critical_lines_97.TestAppCriticalLines97" name="test_recipes_endpoints_error_handling" time="0.003" /><testcase classname="tests.test_app_critical_lines_97.TestAppCriticalLines97" name="test_foods_endpoints_error_handling" time="0.003" /><testcase classname="tests.test_app_critical_lines_97.TestAppCriticalLines97" name="test_export_endpoints_error_handling" time="0.003" /><testcase classname="tests.test_app_critical_lines_97.TestAppCriticalLines97" name="test_middleware_error_paths" time="0.050" /><testcase classname="tests.test_app_critical_lines_97.TestAppCriticalLines97" name="test_startup_shutdown_events" time="0.049" /><testcase classname="tests.test_app_endpoints_coverage.TestAppEndpointsCoverage" name="test_app_health_endpoint_coverage" time="0.004" /><testcase classname="tests.test_app_endpoints_coverage.TestAppEndpointsCoverage" name="test_app_root_endpoint_coverage" time="0.003" /><testcase classname="tests.test_app_endpoints_coverage.TestAppEndpointsCoverage" name="test_app_docs_endpoint_coverage" time="0.003" /><testcase classname="tests.test_app_endpoints_coverage.TestAppEndpointsCoverage" name="test_app_openapi_endpoint_coverage" time="0.167" /><testcase classname="tests.test_app_endpoints_coverage.TestAppEndpointsCoverage" name="test_app_metrics_endpoint_coverage" time="0.003" /><testcase classname="tests.test_app_endpoints_coverage.TestAppEndpointsCoverage" name="test_app_admin_status_endpoint_coverage" time="0.003" /><testcase classname="tests.test_app_endpoints_coverage.TestAppEndpointsCoverage" name="test_app_bmi_endpoint_coverage" time="0.004" /><testcase classname="tests.test_app_endpoints_coverage.TestAppEndpointsCoverage" name="test_app_bodyfat_endpoint_coverage" time="0.004" /><testcase classname="tests.test_app_endpoints_coverage.TestAppEndpointsCoverage" name="test_app_insight_endpoint_coverage" time="0.004" /><testcase classname="tests.test_app_endpoints_coverage.TestAppEndpointsCoverage" name="test_app_vip_endpoints_coverage" time="0.007" /><testcase classname="tests.test_app_endpoints_coverage.TestAppEndpointsCoverage" name="test_app_api_key_endpoint_coverage" time="0.003" /><testcase classname="tests.test_app_endpoints_coverage.TestAppEndpointsCoverage" name="test_app_foods_endpoint_coverage" time="0.004" /><testcase classname="tests.test_app_endpoints_coverage.TestAppEndpointsCoverage" name="test_app_recipes_endpoint_coverage" time="0.004" /><testcase classname="tests.test_app_endpoints_coverage.TestAppEndpointsCoverage" name="test_app_users_endpoint_coverage" time="0.008" /><testcase classname="tests.test_app_endpoints_coverage.TestAppEndpointsCoverage" name="test_app_premium_week_endpoint_coverage" time="0.003" /><testcase classname="tests.test_app_endpoints_coverage.TestAppEndpointsCoverage" name="test_app_bmi_pro_endpoint_coverage" time="0.005" /><testcase classname="tests.test_app_endpoints_coverage.TestAppEndpointsCoverage" name="test_app_admin_endpoints_coverage" time="0.004" /><testcase classname="tests.test_app_endpoints_coverage.TestAppEndpointsCoverage" name="test_app_http_methods_coverage" time="0.009" /><testcase classname="tests.test_app_endpoints_coverage.TestAppEndpointsCoverage" name="test_app_endpoint_validation_coverage" time="0.007" /><testcase classname="tests.test_app_endpoints_coverage.TestAppEndpointsCoverage" name="test_app_endpoint_error_handling_coverage" time="0.005" /><testcase classname="tests.test_app_endpoints_coverage.TestAppEndpointsCoverage" name="test_app_endpoint_security_coverage" time="0.007" /><testcase classname="tests.test_app_exact_coverage_96.TestAppExactCoverage96" name="test_bmi_validation_unrealistically_high_bmi_exact" time="0.003" /><testcase classname="tests.test_app_exact_coverage_96.TestAppExactCoverage96" name="test_bmi_validation_unrealistically_low_bmi_exact" time="0.003" /><testcase classname="tests.test_app_exact_coverage_96.TestAppExactCoverage96" name="test_visualization_not_available_matplotlib" time="0.003" /><testcase classname="tests.test_app_exact_coverage_96.TestAppExactCoverage96" name="test_pregnant_female_bmi_note" time="0.005" /><testcase classname="tests.test_app_exact_coverage_96.TestAppExactCoverage96" name="test_pregnant_female_bmi_note_russian" time="0.003" /><testcase classname="tests.test_app_exact_coverage_96.TestAppExactCoverage96" name="test_pregnant_female_bmi_note_spanish" time="0.003" /><testcase classname="tests.test_app_exact_coverage_96.TestAppExactCoverage96" name="test_waist_risk_high_male_english" time="0.003" /><testcase classname="tests.test_app_exact_coverage_96.TestAppExactCoverage96" name="test_waist_risk_high_female_english" time="0.005" /><testcase classname="tests.test_app_exact_coverage_96.TestAppExactCoverage96" name="test_waist_risk_high_male_russian" time="0.003" /><testcase classname="tests.test_app_exact_coverage_96.TestAppExactCoverage96" name="test_waist_risk_high_female_russian" time="0.003" /><testcase classname="tests.test_app_exact_coverage_96.TestAppExactCoverage96" name="test_waist_risk_increased_male_english" time="0.003" /><testcase classname="tests.test_app_exact_coverage_96.TestAppExactCoverage96" name="test_waist_risk_increased_female_english" time="0.004" /><testcase classname="tests.test_app_exact_coverage_96.TestAppExactCoverage96" name="test_waist_risk_increased_male_russian" time="0.004" /><testcase classname="tests.test_app_exact_coverage_96.TestAppExactCoverage96" name="test_waist_risk_increased_female_russian" time="0.003" /><testcase classname="tests.test_app_exact_coverage_96.TestAppExactCoverage96" name="test_waist_risk_low_male_english" time="0.004" /><testcase classname="tests.test_app_exact_coverage_96.TestAppExactCoverage96" name="test_waist_risk_low_female_english" time="0.003" /><testcase classname="tests.test_app_exact_coverage_96.TestAppExactCoverage96" name="test_waist_risk_none_waist" time="0.004" /><testcase classname="tests.test_app_exact_coverage_96.TestAppExactCoverage96" name="test_athlete_group_assignment" time="0.003" /><testcase classname="tests.test_app_exact_coverage_96.TestAppExactCoverage96" name="test_general_group_assignment" time="0.004" /><testcase classname="tests.test_app_exact_coverage_96.TestAppExactCoverage96" name="test_athlete_flag_assignment" time="0.003" /><testcase classname="tests.test_app_exact_coverage_96.TestAppExactCoverage96" name="test_non_athlete_flag_assignment" time="0.003" /><testcase classname="tests.test_app_exact_coverage_96.TestAppExactCoverage96" name="test_bmi_calculation_assignment" time="0.003" /><testcase classname="tests.test_app_exact_coverage_96.TestAppExactCoverage96" name="test_category_assignment" time="0.003" /><testcase classname="tests.test_app_exact_coverage_96.TestAppExactCoverage96" name="test_note_assignment" time="0.003" /><testcase classname="tests.test_app_exception_handlers_coverage.TestAppExceptionHandlersCoverage" name="test_validation_error_handlers[/api/v1/bmi-payload0-422]" time="0.004" /><testcase classname="tests.test_app_exception_handlers_coverage.TestAppExceptionHandlersCoverage" name="test_validation_error_handlers[/api/v1/bodyfat-payload1-422]" time="0.003" /><testcase classname="tests.test_app_exception_handlers_coverage.TestAppExceptionHandlersCoverage" name="test_validation_error_handlers[/api/v1/bmi-payload2-422]" time="0.004" /><testcase classname="tests.test_app_exception_handlers_coverage.TestAppExceptionHandlersCoverage" name="test_validation_error_handlers[/api/v1/bodyfat-payload3-422]" time="0.004" /><testcase classname="tests.test_app_exception_handlers_coverage.TestAppExceptionHandlersCoverage" name="test_validation_error_handlers[/api/v1/bmi-payload4-422]" time="0.004" /><testcase classname="tests.test_app_exception_handlers_coverage.TestAppExceptionHandlersCoverage" name="test_validation_error_handlers[/api/v1/bodyfat-payload5-422]" time="0.004" /><testcase classname="tests.test_app_exception_handlers_coverage.TestAppExceptionHandlersCoverage" name="test_validation_error_handlers[/api/v1/bmi-payload6-422]" time="0.004" /><testcase classname="tests.test_app_exception_handlers_coverage.TestAppExceptionHandlersCoverage" name="test_validation_error_handlers[/api/v1/bodyfat-payload7-422]" time="0.004" /><testcase classname="tests.test_app_exception_handlers_coverage.TestAppExceptionHandlersCoverage" name="test_validation_error_handlers[/api/v1/bmi-payload8-422]" time="0.005" /><testcase classname="tests.test_app_exception_handlers_coverage.TestAppExceptionHandlersCoverage" name="test_validation_error_handlers[/api/v1/bodyfat-payload9-422]" time="0.004" /><testcase classname="tests.test_app_exception_handlers_coverage.TestAppExceptionHandlersCoverage" name="test_validation_error_handlers[/api/v1/bmi-payload10-422]" time="0.004" /><testcase classname="tests.test_app_exception_handlers_coverage.TestAppExceptionHandlersCoverage" name="test_validation_error_handlers[/api/v1/bodyfat-payload11-422]" time="0.003" /><testcase classname="tests.test_app_exception_handlers_coverage.TestAppExceptionHandlersCoverage" name="test_http_exception_handlers" time="0.004" /><testcase classname="tests.test_app_exception_handlers_coverage.TestAppExceptionHandlersCoverage" name="test_runtime_error_handler" time="0.004" /><testcase classname="tests.test_app_exception_handlers_coverage.TestAppExceptionHandlersCoverage" name="test_connection_error_handler" time="0.002" /><testcase classname="tests.test_app_exception_handlers_coverage.TestAppExceptionHandlersCoverage" name="test_timeout_error_handler" time="0.003" /><testcase classname="tests.test_app_extended_coverage.TestLifespanEvents" name="test_lifespan_startup_success" time="0.002" /><testcase classname="tests.test_app_extended_coverage.TestLifespanEvents" name="test_lifespan_startup_failure" time="0.002" /><testcase classname="tests.test_app_extended_coverage.TestLifespanEvents" name="test_lifespan_shutdown_success" time="0.003" /><testcase classname="tests.test_app_extended_coverage.TestLifespanEvents" name="test_lifespan_shutdown_failure" time="0.003" /><testcase classname="tests.test_app_extended_coverage.TestAPIEndpoints" name="test_root_endpoint_html_content" time="0.003" /><testcase classname="tests.test_app_extended_coverage.TestAPIEndpoints" name="test_favicon_endpoint" time="0.003" /><testcase classname="tests.test_app_extended_coverage.TestAPIEndpoints" name="test_health_endpoint" time="0.003" /><testcase classname="tests.test_app_extended_coverage.TestAPIEndpoints" name="test_metrics_endpoint" time="0.003" /><testcase classname="tests.test_app_extended_coverage.TestAPIEndpoints" name="test_privacy_endpoint" time="0.003" /><testcase classname="tests.test_app_extended_coverage.TestAPIEndpoints" name="test_api_v1_health" time="0.002" /><testcase classname="tests.test_app_extended_coverage.TestBMIEndpoints" name="test_bmi_endpoint_pregnancy" time="0.003" /><testcase classname="tests.test_app_extended_coverage.TestBMIEndpoints" name="test_bmi_endpoint_athlete" time="0.003" /><testcase classname="tests.test_app_extended_coverage.TestBMIEndpoints" name="test_bmi_endpoint_with_waist" time="0.003" /><testcase classname="tests.test_app_extended_coverage.TestBMIEndpoints" name="test_bmi_endpoint_with_visualization" time="0.136" /><testcase classname="tests.test_app_extended_coverage.TestBMIEndpoints" name="test_plan_endpoint_premium" time="0.004" /><testcase classname="tests.test_app_extended_coverage.TestBMIEndpoints" name="test_plan_endpoint_russian" time="0.003" /><testcase classname="tests.test_app_extended_coverage.TestInsightEndpoints" name="test_insight_endpoint_disabled_explicitly" time="0.003" /><testcase classname="tests.test_app_extended_coverage.TestInsightEndpoints" name="test_insight_endpoint_no_provider" time="0.004" /><testcase classname="tests.test_app_extended_coverage.TestInsightEndpoints" name="test_insight_endpoint_provider_unavailable" time="0.004" /><testcase classname="tests.test_app_extended_coverage.TestInsightEndpoints" name="test_insight_endpoint_success" time="0.004" /><testcase classname="tests.test_app_extended_coverage.TestInsightEndpoints" name="test_api_v1_insight_success" time="0.003" /><testcase classname="tests.test_app_extended_coverage.TestInsightEndpoints" name="test_api_v1_insight_no_llm_module" time="0.004" /><testcase classname="tests.test_app_extended_coverage.TestPremiumEndpoints" name="test_api_v1_bmi_success" time="0.003" /><testcase classname="tests.test_app_extended_coverage.TestPremiumEndpoints" name="test_api_v1_bmi_invalid_height" time="0.003" /><testcase classname="tests.test_app_extended_coverage.TestPremiumEndpoints" name="test_premium_bmr_unavailable" time="0.003" /><testcase classname="tests.test_app_extended_coverage.TestPremiumEndpoints" name="test_premium_plate_unavailable" time="0.004" /><testcase classname="tests.test_app_extended_coverage.TestPremiumEndpoints" name="test_who_targets_unavailable" time="0.003" /><testcase classname="tests.test_app_extended_coverage.TestPremiumEndpoints" name="test_weekly_menu_unavailable" time="0.004" /><testcase classname="tests.test_app_extended_coverage.TestPremiumEndpoints" name="test_nutrient_gaps_unavailable" time="0.003" /><testcase classname="tests.test_app_extended_coverage.TestDatabaseAdminEndpoints" name="test_database_status_error" time="0.003" /><testcase classname="tests.test_app_extended_coverage.TestDatabaseAdminEndpoints" name="test_force_update_error" time="3.150" /><testcase classname="tests.test_app_extended_coverage.TestDatabaseAdminEndpoints" name="test_check_updates_error" time="0.006" /><testcase classname="tests.test_app_extended_coverage.TestDatabaseAdminEndpoints" name="test_rollback_error" time="0.006" /><testcase classname="tests.test_app_extended_coverage.TestDebugEndpoint" name="test_debug_env_endpoint" time="0.004" /><testcase classname="tests.test_app_extended_coverage.TestVisualizationEndpoint" name="test_bmi_visualize_unavailable_module" time="0.005" /><testcase classname="tests.test_app_extended_coverage.TestVisualizationEndpoint" name="test_bmi_visualize_matplotlib_unavailable" time="0.004" /><testcase classname="tests.test_app_extra_coverage.TestAppHelperFunctions" name="test_legacy_category_label_mappings" time="0.002" /><testcase classname="tests.test_app_extra_coverage.TestAppHelperFunctions" name="test_rate_limiting_available_flag" time="0.002" /><testcase classname="tests.test_app_extra_coverage.TestAppHelperFunctions" name="test_bmr_wrapper_and_tdee_wrapper" time="0.001" /><testcase classname="tests.test_app_extra_coverage.TestAppHelperFunctions" name="test_resolve_attr_utility" time="0.001" /><testcase classname="tests.test_app_extra_coverage.TestAppHelperFunctions" name="test_bmi_endpoint_visualization_flag_safe" time="0.140" /><testcase classname="tests.test_app_extra_coverage.TestEndpointsAndValidation" name="test_bmi_request_validation_edge_cases" time="0.005" /><testcase classname="tests.test_app_extra_coverage.TestEndpointsAndValidation" name="test_bmi_v1_success" time="0.004" /><testcase classname="tests.test_app_extra_coverage.TestEndpointsAndValidation" name="test_invalid_json_and_missing_fields" time="0.006" /><testcase classname="tests.test_app_extra_coverage.TestEndpointsAndValidation" name="test_invalid_types_and_enums" time="0.006" /><testcase classname="tests.test_app_extra_coverage.TestEndpointsAndValidation" name="test_admin_and_debug_endpoints" time="2.639" /><testcase classname="tests.test_app_faker_realistic.TestAppRealisticData" name="test_bmi_calculation_realistic_demographics" time="0.006" /><testcase classname="tests.test_app_faker_realistic.TestAppRealisticData" name="test_bmi_extreme_edge_cases" time="0.008" /><testcase classname="tests.test_app_faker_realistic.TestAppRealisticData" name="test_pregnancy_scenarios_realistic" time="0.005" /><testcase classname="tests.test_app_faker_realistic.TestAppRealisticData" name="test_plan_endpoint_realistic_data" time="0.004" /><testcase classname="tests.test_app_faker_realistic.TestAppRealisticData" name="test_insight_endpoint_realistic_data" time="0.007" /><testcase classname="tests.test_app_faker_realistic.TestAppRealisticData" name="test_health_endpoints" time="0.009" /><testcase classname="tests.test_app_faker_realistic.TestAppRealisticData" name="test_public_endpoints" time="0.010" /><testcase classname="tests.test_app_faker_realistic.TestAppRealisticData" name="test_error_handling_edge_cases" time="0.017" /><testcase classname="tests.test_app_faker_realistic.TestAppRealisticData" name="test_localization_with_faker" time="0.020" /><testcase classname="tests.test_app_faker_realistic.TestAppDatabaseScenarios" name="test_database_health_check" time="0.007" /><testcase classname="tests.test_app_faker_realistic.TestAppErrorScenarios" name="test_large_request_handling" time="0.003" /><testcase classname="tests.test_app_faker_realistic.TestAppValidationEdgeCases" name="test_boundary_weight_values" time="0.005" /><testcase classname="tests.test_app_faker_realistic.TestAppValidationEdgeCases" name="test_boundary_height_values" time="0.009" /><testcase classname="tests.test_app_faker_realistic.TestAppValidationEdgeCases" name="test_boundary_age_values" time="0.011" /><testcase classname="tests.test_app_faker_realistic.TestAppAdditionalEndpoints" name="test_favicon_endpoint" time="0.003" /><testcase classname="tests.test_app_faker_realistic.TestAppAdditionalEndpoints" name="test_premium_bmr_endpoint" time="0.004" /><testcase classname="tests.test_app_faker_realistic.TestAppAdditionalEndpoints" name="test_premium_targets_endpoint" time="0.005" /><testcase classname="tests.test_app_faker_realistic.TestAppAdditionalEndpoints" name="test_additional_public_endpoints" time="0.006" /><testcase classname="tests.test_app_faker_realistic.TestAppErrorPathsCoverage" name="test_malformed_json_requests" time="0.004" /><testcase classname="tests.test_app_faker_realistic.TestAppErrorPathsCoverage" name="test_missing_content_type" time="0.003" /><testcase classname="tests.test_app_faker_realistic.TestAppErrorPathsCoverage" name="test_empty_request_body" time="0.005" /><testcase classname="tests.test_app_faker_realistic.TestAppErrorPathsCoverage" name="test_null_values_in_request" time="0.004" /><testcase classname="tests.test_app_faker_realistic.TestAppErrorPathsCoverage" name="test_unsupported_language_codes" time="0.010" /><testcase classname="tests.test_app_faker_realistic.TestAppSpecialCases" name="test_concurrent_requests" time="0.006" /><testcase classname="tests.test_app_faker_realistic.TestAppSpecialCases" name="test_unicode_handling" time="0.003" /><testcase classname="tests.test_app_faker_realistic.TestAppSpecialCases" name="test_very_large_numbers" time="0.004" /><testcase classname="tests.test_app_faker_realistic.TestAppSpecialCases" name="test_negative_values" time="0.004" /><testcase classname="tests.test_app_health_and_root.TestHealthAndMonitoringEndpoints" name="test_health_ok" time="0.002" /><testcase classname="tests.test_app_health_and_root.TestHealthAndMonitoringEndpoints" name="test_v1_health_ok" time="0.002" /><testcase classname="tests.test_app_health_and_root.TestHealthAndMonitoringEndpoints" name="test_metrics_endpoint" time="0.002" /><testcase classname="tests.test_app_health_and_root.TestHealthAndMonitoringEndpoints" name="test_root_page_renders" time="0.002" /><testcase classname="tests.test_app_health_and_root.TestHealthAndMonitoringEndpoints" name="test_favicon_endpoint" time="0.003" /><testcase classname="tests.test_app_health_and_root.TestHealthAndMonitoringEndpoints" name="test_privacy_endpoint" time="0.003" /><testcase classname="tests.test_app_health_and_root.TestDebugEndpoint" name="test_debug_env_endpoint" time="0.003" /><testcase classname="tests.test_app_import" name="test_app_import" time="0.001" /><testcase classname="tests.test_app_import" name="test_app_endpoints" time="0.001" /><testcase classname="tests.test_app_init_rebinding_spec.TestRebindingModuleSpec" name="test_rebinding_spec_initialization" time="0.001" /><testcase classname="tests.test_app_init_rebinding_spec.TestRebindingModuleSpec" name="test_rebinding_spec_name_attribute_access" time="0.001" /><testcase classname="tests.test_app_init_rebinding_spec.TestRebindingModuleSpec" name="test_rebinding_spec_submodule_search_locations" time="0.001" /><testcase classname="tests.test_app_init_rebinding_spec.TestRebindingModuleSpec" name="test_rebinding_spec_with_monkeypatch" time="0.001" /><testcase classname="tests.test_app_init_rebinding_spec.TestRebindingModuleSpec" name="test_rebinding_spec_other_attributes" time="0.001" /><testcase classname="tests.test_app_init_rebinding_spec.TestRebindingModuleSpec" name="test_rebinding_spec_owner_module" time="0.001" /><testcase classname="tests.test_app_init_rebinding_spec.TestRebindingModuleSpec" name="test_app_module_exports_after_rebinding" time="0.001" /><testcase classname="tests.test_app_init_rebinding_spec.TestRebindingModuleSpec" name="test_app_module_fallback_exports" time="0.001" /><testcase classname="tests.test_app_init_rebinding_spec.TestRebindingModuleSpec" name="test_app_module_spec_from_loader_coverage" time="0.001" /><testcase classname="tests.test_app_key_coverage_clean.TestAPIKeyModes" name="test_api_key_strict_mode_valid_key" time="0.055" /><testcase classname="tests.test_app_key_coverage_clean.TestAPIKeyModes" name="test_api_key_strict_mode_invalid_key" time="0.259" /><testcase classname="tests.test_app_key_coverage_clean.TestAPIKeyModes" name="test_api_key_strict_mode_missing_key" time="0.049" /><testcase classname="tests.test_app_key_coverage_clean.TestAPIKeyModes" name="test_api_key_required_mode_without_key" time="0.093" /><testcase classname="tests.test_app_key_coverage_clean.TestAPIKeyModes" name="test_api_key_lenient_mode_missing_token" time="0.046" /><testcase classname="tests.test_app_key_coverage_clean.TestAPIKeyModes" name="test_api_key_lenient_mode_short_token" time="0.050" /><testcase classname="tests.test_app_key_coverage_clean.TestAPIKeyModes" name="test_api_key_lenient_mode_forbidden_tokens" time="0.049" /><testcase classname="tests.test_app_key_coverage_clean.TestAPIKeyModes" name="test_api_key_lenient_mode_valid_token" time="0.099" /><testcase classname="tests.test_app_key_coverage_clean.TestMetricsFallbacks" name="test_metrics_without_prometheus" time="0.003" /><testcase classname="tests.test_app_key_coverage_clean.TestMetricsFallbacks" name="test_metrics_with_prometheus" time="0.051" /><testcase classname="tests.test_app_key_coverage_clean.TestVisualizationFallbacks" name="test_bmi_without_matplotlib" time="0.051" /><testcase classname="tests.test_app_key_coverage_clean.TestVisualizationFallbacks" name="test_bmi_without_visualization_function" time="0.052" /><testcase classname="tests.test_app_key_coverage_clean.TestVisualizationFallbacks" name="test_bmi_visualization_unavailable_result" time="0.052" /><testcase classname="tests.test_app_key_coverage_clean.TestImportFallbacks" name="test_nutrition_core_missing_fallback" time="0.050" /><testcase classname="tests.test_app_key_coverage_clean.TestImportFallbacks" name="test_bmi_pro_router_fallback" time="0.050" /><testcase classname="tests.test_app_key_coverage_clean.TestImportFallbacks" name="test_vip_router_fallback" time="0.050" /><testcase classname="tests.test_app_key_coverage_clean.TestLifespanFallbacks" name="test_lifespan_start_success" time="0.051" /><testcase classname="tests.test_app_key_coverage_clean.TestLifespanFallbacks" name="test_lifespan_start_error" time="0.047" /><testcase classname="tests.test_app_key_coverage_clean.TestLifespanFallbacks" name="test_lifespan_stop_error" time="0.046" /><testcase classname="tests.test_app_key_coverage_clean.TestEdgeCases" name="test_root_endpoint" time="0.049" /><testcase classname="tests.test_app_key_coverage_clean.TestEdgeCases" name="test_health_endpoint" time="0.048" /><testcase classname="tests.test_app_key_coverage_clean.TestEdgeCases" name="test_legacy_category_label_function" time="0.046" /><testcase classname="tests.test_app_key_coverage_clean.TestEdgeCases" name="test_get_update_scheduler_wrapper" time="0.045" /><testcase classname="tests.test_app_lifespan_coverage.TestAppLifespanCoverage" name="test_app_lifespan_startup_events_coverage" time="0.005" /><testcase classname="tests.test_app_lifespan_coverage.TestAppLifespanCoverage" name="test_app_lifespan_shutdown_events_coverage" time="0.165" /><testcase classname="tests.test_app_lifespan_coverage.TestAppLifespanCoverage" name="test_app_lifespan_context_manager_coverage" time="0.005" /><testcase classname="tests.test_app_lifespan_coverage.TestAppLifespanCoverage" name="test_app_lifespan_startup_with_mocks_coverage" time="0.003" /><testcase classname="tests.test_app_lifespan_coverage.TestAppLifespanCoverage" name="test_app_lifespan_shutdown_with_mocks_coverage" time="0.003" /><testcase classname="tests.test_app_lifespan_coverage.TestAppLifespanCoverage" name="test_app_lifespan_error_handling_coverage" time="0.004" /><testcase classname="tests.test_app_lifespan_coverage.TestAppLifespanCoverage" name="test_app_lifespan_async_context_coverage" time="0.004" /><testcase classname="tests.test_app_lifespan_coverage.TestAppLifespanCoverage" name="test_app_lifespan_resource_cleanup_coverage" time="0.004" /><testcase classname="tests.test_app_lifespan_coverage.TestAppLifespanCoverage" name="test_app_lifespan_database_connection_coverage" time="0.004" /><testcase classname="tests.test_app_lifespan_coverage.TestAppLifespanCoverage" name="test_app_lifespan_logging_coverage" time="0.005" /><testcase classname="tests.test_app_lifespan_coverage.TestAppLifespanCoverage" name="test_app_lifespan_configuration_coverage" time="0.004" /><testcase classname="tests.test_app_lifespan_coverage.TestAppLifespanCoverage" name="test_app_lifespan_middleware_setup_coverage" time="0.004" /><testcase classname="tests.test_app_lifespan_coverage.TestAppLifespanCoverage" name="test_app_lifespan_router_setup_coverage" time="0.004" /><testcase classname="tests.test_app_lifespan_coverage.TestAppLifespanCoverage" name="test_app_lifespan_graceful_shutdown_coverage" time="0.003" /><testcase classname="tests.test_app_lifespan_coverage.TestAppLifespanCoverage" name="test_app_lifespan_health_check_coverage" time="0.004" /><testcase classname="tests.test_app_lifespan_coverage.TestAppLifespanCoverage" name="test_app_lifespan_metrics_collection_coverage" time="0.004" /><testcase classname="tests.test_app_lifespan_coverage.TestAppLifespanCoverage" name="test_app_lifespan_error_recovery_coverage" time="0.004" /><testcase classname="tests.test_app_lifespan_coverage.TestAppLifespanCoverage" name="test_app_lifespan_performance_monitoring_coverage" time="0.003" /><testcase classname="tests.test_app_lifespan_coverage.TestAppLifespanCoverage" name="test_app_lifespan_security_setup_coverage" time="0.004" /><testcase classname="tests.test_app_lifespan_coverage.TestAppLifespanCoverage" name="test_app_lifespan_caching_setup_coverage" time="0.004" /><testcase classname="tests.test_app_middleware_coverage.TestAppMiddlewareCoverage" name="test_app_middleware_execution_coverage" time="0.005" /><testcase classname="tests.test_app_middleware_coverage.TestAppMiddlewareCoverage" name="test_app_cors_middleware_coverage" time="0.005" /><testcase classname="tests.test_app_middleware_coverage.TestAppMiddlewareCoverage" name="test_app_cors_middleware_headers_coverage" time="0.008" /><testcase classname="tests.test_app_middleware_coverage.TestAppMiddlewareCoverage" name="test_app_middleware_setup_coverage" time="0.008" /><testcase classname="tests.test_app_middleware_coverage.TestAppMiddlewareCoverage" name="test_app_middleware_order_coverage" time="0.006" /><testcase classname="tests.test_app_middleware_coverage.TestAppMiddlewareCoverage" name="test_app_middleware_error_handling_coverage" time="0.004" /><testcase classname="tests.test_app_middleware_coverage.TestAppMiddlewareCoverage" name="test_app_middleware_headers_processing_coverage" time="0.004" /><testcase classname="tests.test_app_middleware_coverage.TestAppMiddlewareCoverage" name="test_app_middleware_request_processing_coverage" time="0.005" /><testcase classname="tests.test_app_middleware_coverage.TestAppMiddlewareCoverage" name="test_app_middleware_response_processing_coverage" time="0.004" /><testcase classname="tests.test_app_middleware_coverage.TestAppMiddlewareCoverage" name="test_app_middleware_cors_preflight_coverage" time="0.005" /><testcase classname="tests.test_app_middleware_coverage.TestAppMiddlewareCoverage" name="test_app_middleware_cors_origin_coverage" time="0.007" /><testcase classname="tests.test_app_middleware_coverage.TestAppMiddlewareCoverage" name="test_app_middleware_cors_methods_coverage" time="0.007" /><testcase classname="tests.test_app_middleware_coverage.TestAppMiddlewareCoverage" name="test_app_middleware_cors_headers_coverage" time="0.008" /><testcase classname="tests.test_app_middleware_coverage.TestAppMiddlewareCoverage" name="test_app_middleware_cors_credentials_coverage" time="0.005" /><testcase classname="tests.test_app_middleware_coverage.TestAppMiddlewareCoverage" name="test_app_middleware_cors_max_age_coverage" time="0.005" /><testcase classname="tests.test_app_middleware_coverage.TestAppMiddlewareCoverage" name="test_app_middleware_cors_expose_headers_coverage" time="0.004" /><testcase classname="tests.test_app_middleware_coverage.TestAppMiddlewareCoverage" name="test_app_middleware_cors_allow_origin_coverage" time="0.005" /><testcase classname="tests.test_app_middleware_coverage.TestAppMiddlewareCoverage" name="test_app_middleware_cors_allow_methods_coverage" time="0.003" /><testcase classname="tests.test_app_middleware_coverage.TestAppMiddlewareCoverage" name="test_app_middleware_cors_allow_headers_coverage" time="0.004" /><testcase classname="tests.test_app_middleware_coverage.TestAppMiddlewareCoverage" name="test_app_middleware_cors_allow_credentials_coverage" time="0.006" /><testcase classname="tests.test_app_missing_coverage_96.TestAppMissingCoverage96" name="test_bmi_validation_unrealistically_low_bmi" time="0.004" /><testcase classname="tests.test_app_missing_coverage_96.TestAppMissingCoverage96" name="test_bmi_validation_unrealistically_high_bmi" time="0.003" /><testcase classname="tests.test_app_missing_coverage_96.TestAppMissingCoverage96" name="test_waist_risk_high_risk_male" time="0.003" /><testcase classname="tests.test_app_missing_coverage_96.TestAppMissingCoverage96" name="test_waist_risk_high_risk_female" time="0.003" /><testcase classname="tests.test_app_missing_coverage_96.TestAppMissingCoverage96" name="test_waist_risk_increased_risk_male" time="0.003" /><testcase classname="tests.test_app_missing_coverage_96.TestAppMissingCoverage96" name="test_waist_risk_increased_risk_female" time="0.004" /><testcase classname="tests.test_app_missing_coverage_96.TestAppMissingCoverage96" name="test_waist_risk_russian_language" time="0.003" /><testcase classname="tests.test_app_missing_coverage_96.TestAppMissingCoverage96" name="test_normalize_flags_gender_variations" time="0.009" /><testcase classname="tests.test_app_missing_coverage_96.TestAppMissingCoverage96" name="test_normalize_flags_pregnant_variations" time="0.014" /><testcase classname="tests.test_app_missing_coverage_96.TestAppMissingCoverage96" name="test_normalize_flags_athlete_variations" time="0.012" /><testcase classname="tests.test_app_missing_coverage_96.TestAppMissingCoverage96" name="test_waist_risk_none_waist" time="0.003" /><testcase classname="tests.test_app_missing_coverage_96.TestAppMissingCoverage96" name="test_waist_risk_low_risk" time="0.003" /><testcase classname="tests.test_app_missing_coverage_96.TestAppMissingCoverage96" name="test_waist_risk_low_risk_female" time="0.003" /><testcase classname="tests.test_app_missing_coverage_96.TestAppMissingCoverage96" name="test_pregnant_male_combination" time="0.004" /><testcase classname="tests.test_app_missing_coverage_96.TestAppMissingCoverage96" name="test_pregnant_female_yes_no_conflict" time="0.004" /><testcase classname="tests.test_app_missing_coverage_96.TestAppMissingCoverage96" name="test_metrics_endpoint_with_prometheus" time="0.003" /><testcase classname="tests.test_app_missing_coverage_96.TestAppMissingCoverage96" name="test_health_endpoint" time="0.003" /><testcase classname="tests.test_app_missing_coverage_96.TestAppMissingCoverage96" name="test_api_v1_health_endpoint" time="0.002" /><testcase classname="tests.test_app_missing_coverage_96.TestAppMissingCoverage96" name="test_privacy_endpoint" time="0.003" /><testcase classname="tests.test_app_missing_coverage_96.TestAppMissingCoverage96" name="test_root_endpoint" time="0.003" /><testcase classname="tests.test_app_missing_coverage_96.TestAppMissingCoverage96" name="test_export_endpoints_coverage" time="0.003" /><testcase classname="tests.test_app_missing_coverage_96.TestAppMissingCoverage96" name="test_error_handling_paths" time="0.005" /><testcase classname="tests.test_app_missing_coverage_96.TestAppMissingCoverage96" name="test_language_parameter_handling" time="0.004" /><testcase classname="tests.test_app_missing_coverage_96.TestAppMissingCoverage96" name="test_edge_case_ages" time="0.006" /><testcase classname="tests.test_app_missing_coverage_96.TestAppMissingCoverage96" name="test_athlete_specific_logic" time="0.003" /><testcase classname="tests.test_app_missing_coverage_96.TestAppMissingCoverage96" name="test_pregnant_female_logic" time="0.003" /><testcase classname="tests.test_app_missing_lines_extra.TestAppMissingLinesExtra" name="test_get_update_scheduler_late_import_path" time="0.002" /><testcase classname="tests.test_app_missing_lines_extra.TestAppMissingLinesExtra" name="test_lifespan_error_branches" time="0.004" /><testcase classname="tests.test_app_missing_lines_extra.TestAppMissingLinesExtra" name="test_bmi_pregnancy_visualization_branch" time="0.004" /><testcase classname="tests.test_app_missing_lines_extra.TestAppMissingLinesExtra" name="test_insight_implicit_disabled_flag_branch" time="0.003" /><testcase classname="tests.test_app_missing_lines_extra.TestAppMissingLinesExtra" name="test_premium_bmr_value_and_http_errors" time="0.006" /><testcase classname="tests.test_app_missing_lines_extra.TestAppMissingLinesExtra" name="test_premium_plate_missing_bmr_tdee_check" time="0.003" /><testcase classname="tests.test_app_missing_lines_extra.TestAppMissingLinesExtra" name="test_nutrient_gaps_value_error" time="0.004" /><testcase classname="tests.test_app_missing_lines_extra.TestAppMissingLinesExtra" name="test_bmi_pro_error_handlers" time="0.001"><skipped type="pytest.skip" message="stage_obesity no longer imported in main.py">/Users/katsiaryna_kavaleuskaya/Developer/BMI-App_2025_clean/tests/test_app_missing_lines_extra.py:179: stage_obesity no longer imported in main.py</skipped></testcase><testcase classname="tests.test_app_missing_lines_extra.TestAppMissingLinesExtra" name="test_export_pdf_generic_errors" time="0.005" /><testcase classname="tests.test_app_missing_lines_realistic.TestAppMissingLinesTargeted" name="test_api_v1_bmi_calculate_endpoint" time="0.003" /><testcase classname="tests.test_app_missing_lines_realistic.TestAppMissingLinesTargeted" name="test_insight_endpoint_with_feature_disabled" time="0.003" /><testcase classname="tests.test_app_missing_lines_realistic.TestAppMissingLinesTargeted" name="test_import_error_fallbacks" time="0.004" /><testcase classname="tests.test_app_missing_lines_realistic.TestAppMissingLinesTargeted" name="test_malformed_requests_edge_cases" time="0.004" /><testcase classname="tests.test_app_missing_lines_realistic.TestAppMissingLinesTargeted" name="test_missing_required_fields_combinations" time="0.006" /><testcase classname="tests.test_app_missing_lines_realistic.TestAppMissingLinesTargeted" name="test_unicode_and_special_characters" time="0.003" /><testcase classname="tests.test_app_missing_lines_realistic.TestAppMissingLinesTargeted" name="test_extreme_numeric_values_edge_cases" time="0.007" /><testcase classname="tests.test_app_missing_lines_realistic.TestAppMissingLinesTargeted" name="test_concurrent_mixed_requests" time="0.014" /><testcase classname="tests.test_app_missing_lines_realistic.TestAppLargePayloadsAndLimits" name="test_large_text_fields" time="0.003" /><testcase classname="tests.test_app_missing_lines_realistic.TestAppLargePayloadsAndLimits" name="test_insight_with_very_long_text" time="0.004" /><testcase classname="tests.test_app_missing_lines_realistic.TestAppLargePayloadsAndLimits" name="test_plan_endpoint_with_complex_data" time="0.003" /><testcase classname="tests.test_app_missing_lines_realistic.TestAppErrorHandlingPaths" name="test_database_connection_errors" time="0.004" /><testcase classname="tests.test_app_missing_lines_realistic.TestAppErrorHandlingPaths" name="test_feature_flag_combinations" time="0.004" /><testcase classname="tests.test_app_missing_lines_realistic.TestAppErrorHandlingPaths" name="test_authentication_error_paths" time="0.003" /><testcase classname="tests.test_app_missing_lines_realistic.TestAppErrorHandlingPaths" name="test_various_content_types" time="0.009" /><testcase classname="tests.test_app_missing_lines_realistic.TestAppSpecificMissingBlocks" name="test_export_endpoints_if_available" time="0.003" /><testcase classname="tests.test_app_missing_lines_realistic.TestAppSpecificMissingBlocks" name="test_premium_endpoints_without_auth" time="0.007" /><testcase classname="tests.test_app_missing_lines_realistic.TestAppSpecificMissingBlocks" name="test_admin_endpoints_without_auth" time="0.003" /><testcase classname="tests.test_app_missing_lines_realistic.TestAppSpecificMissingBlocks" name="test_complex_bmi_scenarios" time="0.004" /><testcase classname="tests.test_app_missing_lines_realistic.TestAppSpecificMissingBlocks" name="test_edge_case_language_handling" time="0.035" /><testcase classname="tests.test_app_openapi_coverage.TestAppOpenAPICoverage" name="test_app_openapi_generation_coverage" time="0.004" /><testcase classname="tests.test_app_openapi_coverage.TestAppOpenAPICoverage" name="test_app_openapi_info_coverage" time="0.004" /><testcase classname="tests.test_app_openapi_coverage.TestAppOpenAPICoverage" name="test_app_openapi_paths_coverage" time="0.004" /><testcase classname="tests.test_app_openapi_coverage.TestAppOpenAPICoverage" name="test_app_openapi_components_coverage" time="0.003" /><testcase classname="tests.test_app_openapi_coverage.TestAppOpenAPICoverage" name="test_app_openapi_schemas_coverage" time="0.003" /><testcase classname="tests.test_app_openapi_coverage.TestAppOpenAPICoverage" name="test_app_openapi_security_schemes_coverage" time="0.003" /><testcase classname="tests.test_app_openapi_coverage.TestAppOpenAPICoverage" name="test_app_openapi_operations_coverage" time="0.004" /><testcase classname="tests.test_app_openapi_coverage.TestAppOpenAPICoverage" name="test_app_openapi_parameters_coverage" time="0.004" /><testcase classname="tests.test_app_openapi_coverage.TestAppOpenAPICoverage" name="test_app_openapi_responses_coverage" time="0.004" /><testcase classname="tests.test_app_openapi_coverage.TestAppOpenAPICoverage" name="test_app_openapi_tags_coverage" time="0.004" /><testcase classname="tests.test_app_openapi_coverage.TestAppOpenAPICoverage" name="test_app_openapi_summary_coverage" time="0.005" /><testcase classname="tests.test_app_openapi_coverage.TestAppOpenAPICoverage" name="test_app_openapi_description_coverage" time="0.004" /><testcase classname="tests.test_app_openapi_coverage.TestAppOpenAPICoverage" name="test_app_openapi_operation_id_coverage" time="0.004" /><testcase classname="tests.test_app_openapi_coverage.TestAppOpenAPICoverage" name="test_app_openapi_servers_coverage" time="0.003" /><testcase classname="tests.test_app_openapi_coverage.TestAppOpenAPICoverage" name="test_app_openapi_external_docs_coverage" time="0.004" /><testcase classname="tests.test_app_openapi_coverage.TestAppOpenAPICoverage" name="test_app_openapi_contact_coverage" time="0.004" /><testcase classname="tests.test_app_openapi_coverage.TestAppOpenAPICoverage" name="test_app_openapi_license_coverage" time="0.004" /><testcase classname="tests.test_app_openapi_coverage.TestAppOpenAPICoverage" name="test_app_openapi_terms_of_service_coverage" time="0.004" /><testcase classname="tests.test_app_openapi_coverage.TestAppOpenAPICoverage" name="test_app_openapi_version_coverage" time="0.004" /><testcase classname="tests.test_app_openapi_coverage.TestAppOpenAPICoverage" name="test_app_openapi_validation_coverage" time="0.005" /><testcase classname="tests.test_app_premium_week_bmi_flow.TestPremiumWeekPlanEndToEnd" name="test_requires_valid_api_key" time="0.005" /><testcase classname="tests.test_app_premium_week_bmi_flow.TestPremiumWeekPlanEndToEnd" name="test_missing_profile_fields" time="0.005" /><testcase classname="tests.test_app_premium_week_bmi_flow.TestPremiumWeekPlanEndToEnd" name="test_success_profile_flow" time="0.004" /><testcase classname="tests.test_app_premium_week_bmi_flow.TestPremiumWeekPlanEndToEnd" name="test_success_explicit_targets" time="0.004" /><testcase classname="tests.test_app_premium_week_bmi_flow.TestPremiumWeekPlanEndToEnd" name="test_invalid_macro_values" time="0.004" /><testcase classname="tests.test_app_production_coverage.TestAppProductionCoverage" name="test_app_production_mode_coverage" time="0.005" /><testcase classname="tests.test_app_production_coverage.TestAppProductionCoverage" name="test_app_production_api_key_validation_coverage" time="0.006" /><testcase classname="tests.test_app_production_coverage.TestAppProductionCoverage" name="test_app_production_environment_variables_coverage" time="0.004" /><testcase classname="tests.test_app_production_coverage.TestAppProductionCoverage" name="test_app_production_security_coverage" time="0.004" /><testcase classname="tests.test_app_production_coverage.TestAppProductionCoverage" name="test_app_production_logging_coverage" time="0.005" /><testcase classname="tests.test_app_production_coverage.TestAppProductionCoverage" name="test_app_production_error_handling_coverage" time="0.005" /><testcase classname="tests.test_app_production_coverage.TestAppProductionCoverage" name="test_app_production_middleware_coverage" time="0.005" /><testcase classname="tests.test_app_production_coverage.TestAppProductionCoverage" name="test_app_production_cors_coverage" time="0.004" /><testcase classname="tests.test_app_production_coverage.TestAppProductionCoverage" name="test_app_production_validation_coverage" time="0.003" /><testcase classname="tests.test_app_production_coverage.TestAppProductionCoverage" name="test_app_production_metrics_coverage" time="0.003" /><testcase classname="tests.test_app_production_coverage.TestAppProductionCoverage" name="test_app_production_health_check_coverage" time="0.003" /><testcase classname="tests.test_app_production_coverage.TestAppProductionCoverage" name="test_app_production_openapi_coverage" time="0.004" /><testcase classname="tests.test_app_production_coverage.TestAppProductionCoverage" name="test_app_production_docs_coverage" time="0.003" /><testcase classname="tests.test_app_production_coverage.TestAppProductionCoverage" name="test_app_production_redoc_coverage" time="0.003" /><testcase classname="tests.test_app_production_coverage.TestAppProductionCoverage" name="test_app_production_router_coverage" time="0.003" /><testcase classname="tests.test_app_production_coverage.TestAppProductionCoverage" name="test_app_production_lifespan_coverage" time="0.005" /><testcase classname="tests.test_app_production_coverage.TestAppProductionCoverage" name="test_app_production_exception_handlers_coverage" time="0.004" /><testcase classname="tests.test_app_production_coverage.TestAppProductionCoverage" name="test_app_production_vip_endpoints_coverage" time="0.007" /><testcase classname="tests.test_app_production_coverage.TestAppProductionCoverage" name="test_app_production_admin_endpoints_coverage" time="0.004" /><testcase classname="tests.test_app_production_coverage.TestAppProductionCoverage" name="test_app_production_root_endpoint_coverage" time="0.003" /><testcase classname="tests.test_app_real_coverage_97.TestAppReal97Coverage" name="test_bmi_endpoint_pregnant_with_chart_visualization" time="0.003" /><testcase classname="tests.test_app_real_coverage_97.TestAppReal97Coverage" name="test_bmi_endpoint_athlete_with_chart_and_waist_risk" time="0.003" /><testcase classname="tests.test_app_real_coverage_97.TestAppReal97Coverage" name="test_bmi_endpoint_regular_user_high_waist_risk" time="0.123" /><testcase classname="tests.test_app_real_coverage_97.TestAppReal97Coverage" name="test_plan_endpoint_russian_language_basic" time="0.003" /><testcase classname="tests.test_app_real_coverage_97.TestAppReal97Coverage" name="test_plan_endpoint_russian_language_premium" time="0.003" /><testcase classname="tests.test_app_real_coverage_97.TestAppReal97Coverage" name="test_plan_endpoint_english_language_basic" time="0.003" /><testcase classname="tests.test_app_real_coverage_97.TestAppReal97Coverage" name="test_plan_endpoint_english_language_premium" time="0.004" /><testcase classname="tests.test_app_real_coverage_97.TestAppReal97Coverage" name="test_plan_endpoint_pregnant_user_category_none" time="0.004" /><testcase classname="tests.test_app_real_coverage_97.TestAppReal97Coverage" name="test_plan_endpoint_athlete_user_category" time="0.004" /><testcase classname="tests.test_app_real_coverage_97.TestAppReal97Coverage" name="test_multiple_bmi_scenarios_for_coverage" time="0.009" /><testcase classname="tests.test_app_real_coverage_97.TestAppReal97Coverage" name="test_bmi_different_languages_and_ages" time="0.006" /><testcase classname="tests.test_app_real_coverage_97.TestAppReal97Coverage" name="test_plan_different_bmi_categories" time="0.006" /><testcase classname="tests.test_app_real_coverage_97.TestAppReal97Coverage" name="test_bmi_edge_cases_and_boundary_conditions" time="0.140" /><testcase classname="tests.test_app_real_coverage_97.TestAppReal97Coverage" name="test_combined_scenarios_for_maximum_coverage" time="0.005" /><testcase classname="tests.test_app_remaining_coverage.TestAppRemainingCoverage" name="test_calc_bmi_function" time="0.001" /><testcase classname="tests.test_app_remaining_coverage.TestAppRemainingCoverage" name="test_normalize_flags_function" time="0.001" /><testcase classname="tests.test_app_remaining_coverage.TestAppRemainingCoverage" name="test_waist_risk_function" time="0.001" /><testcase classname="tests.test_app_remaining_coverage.TestAppRemainingCoverage" name="test_add_visualization_if_requested_function" time="0.001" /><testcase classname="tests.test_app_remaining_coverage.TestAppRemainingCoverage" name="test_bmi_endpoint_with_visualization" time="0.357" /><testcase classname="tests.test_app_remaining_coverage.TestAppRemainingCoverage" name="test_bmi_endpoint_pregnant_female" time="0.003" /><testcase classname="tests.test_app_remaining_coverage.TestAppRemainingCoverage" name="test_bmi_endpoint_athlete" time="0.004" /><testcase classname="tests.test_app_remaining_coverage.TestAppRemainingCoverage" name="test_plan_endpoint" time="0.003" /><testcase classname="tests.test_app_remaining_coverage.TestAppRemainingCoverage" name="test_plan_endpoint_premium" time="0.004" /><testcase classname="tests.test_app_remaining_coverage.TestAppRemainingCoverage" name="test_insight_endpoint_disabled" time="0.003" /><testcase classname="tests.test_app_remaining_coverage.TestAppRemainingCoverage" name="test_debug_env_endpoint" time="0.003" /><testcase classname="tests.test_app_remaining_coverage.TestAppRemainingCoverage" name="test_health_endpoints" time="0.004" /><testcase classname="tests.test_app_remaining_coverage.TestAppRemainingCoverage" name="test_favicon_endpoint" time="0.003" /><testcase classname="tests.test_app_remaining_coverage.TestAppRemainingCoverage" name="test_privacy_endpoint" time="0.003" /><testcase classname="tests.test_app_remaining_coverage.TestAppRemainingCoverage" name="test_metrics_endpoint" time="0.002" /><testcase classname="tests.test_app_router_inclusion_coverage.TestAppRouterInclusionCoverage" name="test_app_router_inclusion_bmi_coverage" time="0.005" /><testcase classname="tests.test_app_router_inclusion_coverage.TestAppRouterInclusionCoverage" name="test_app_router_inclusion_bodyfat_coverage" time="0.004" /><testcase classname="tests.test_app_router_inclusion_coverage.TestAppRouterInclusionCoverage" name="test_app_router_inclusion_insight_coverage" time="0.005" /><testcase classname="tests.test_app_router_inclusion_coverage.TestAppRouterInclusionCoverage" name="test_app_router_inclusion_vip_coverage" time="0.009" /><testcase classname="tests.test_app_router_inclusion_coverage.TestAppRouterInclusionCoverage" name="test_app_router_inclusion_api_key_coverage" time="0.005" /><testcase classname="tests.test_app_router_inclusion_coverage.TestAppRouterInclusionCoverage" name="test_app_router_inclusion_foods_coverage" time="0.006" /><testcase classname="tests.test_app_router_inclusion_coverage.TestAppRouterInclusionCoverage" name="test_app_router_inclusion_recipes_coverage" time="0.005" /><testcase classname="tests.test_app_router_inclusion_coverage.TestAppRouterInclusionCoverage" name="test_app_router_inclusion_users_coverage" time="0.009" /><testcase classname="tests.test_app_router_inclusion_coverage.TestAppRouterInclusionCoverage" name="test_app_router_inclusion_premium_week_coverage" time="0.004" /><testcase classname="tests.test_app_router_inclusion_coverage.TestAppRouterInclusionCoverage" name="test_app_router_inclusion_bmi_pro_coverage" time="0.005" /><testcase classname="tests.test_app_router_inclusion_coverage.TestAppRouterInclusionCoverage" name="test_app_router_inclusion_router_order_coverage" time="0.006" /><testcase classname="tests.test_app_router_inclusion_coverage.TestAppRouterInclusionCoverage" name="test_app_router_inclusion_router_prefix_coverage" time="0.005" /><testcase classname="tests.test_app_router_inclusion_coverage.TestAppRouterInclusionCoverage" name="test_app_router_inclusion_router_tags_coverage" time="0.005" /><testcase classname="tests.test_app_router_inclusion_coverage.TestAppRouterInclusionCoverage" name="test_app_router_inclusion_router_dependencies_coverage" time="0.006" /><testcase classname="tests.test_app_router_inclusion_coverage.TestAppRouterInclusionCoverage" name="test_app_router_inclusion_router_responses_coverage" time="0.005" /><testcase classname="tests.test_app_router_inclusion_coverage.TestAppRouterInclusionCoverage" name="test_app_router_inclusion_router_middleware_coverage" time="0.004" /><testcase classname="tests.test_app_router_inclusion_coverage.TestAppRouterInclusionCoverage" name="test_app_router_inclusion_router_exception_handlers_coverage" time="0.004" /><testcase classname="tests.test_app_router_inclusion_coverage.TestAppRouterInclusionCoverage" name="test_app_router_inclusion_router_lifespan_coverage" time="0.005" /><testcase classname="tests.test_app_router_inclusion_coverage.TestAppRouterInclusionCoverage" name="test_app_router_inclusion_router_openapi_coverage" time="0.005" /><testcase classname="tests.test_app_router_inclusion_coverage.TestAppRouterInclusionCoverage" name="test_app_router_inclusion_router_validation_coverage" time="0.006" /><testcase classname="tests.test_app_simple_coverage_clean.TestAPIKeyModes" name="test_api_key_strict_mode_valid_key" time="0.001" /><testcase classname="tests.test_app_simple_coverage_clean.TestAPIKeyModes" name="test_api_key_strict_mode_invalid_key" time="0.001" /><testcase classname="tests.test_app_simple_coverage_clean.TestAPIKeyModes" name="test_api_key_strict_mode_missing_key" time="0.001" /><testcase classname="tests.test_app_simple_coverage_clean.TestAPIKeyModes" name="test_api_key_lenient_mode_missing_token" time="0.001" /><testcase classname="tests.test_app_simple_coverage_clean.TestAPIKeyModes" name="test_api_key_lenient_mode_short_token" time="0.001" /><testcase classname="tests.test_app_simple_coverage_clean.TestAPIKeyModes" name="test_api_key_lenient_mode_forbidden_tokens" time="0.001" /><testcase classname="tests.test_app_simple_coverage_clean.TestAPIKeyModes" name="test_api_key_lenient_mode_valid_token" time="0.001" /><testcase classname="tests.test_app_simple_coverage_clean.TestMetricsFallbacks" name="test_metrics_endpoint_basic" time="0.003" /><testcase classname="tests.test_app_simple_coverage_clean.TestMetricsFallbacks" name="test_metrics_with_prometheus" time="0.003" /><testcase classname="tests.test_app_simple_coverage_clean.TestVisualizationFallbacks" name="test_bmi_without_matplotlib" time="0.003" /><testcase classname="tests.test_app_simple_coverage_clean.TestVisualizationFallbacks" name="test_bmi_without_visualization_function" time="0.003" /><testcase classname="tests.test_app_simple_coverage_clean.TestBasicEndpoints" name="test_root_endpoint" time="0.002" /><testcase classname="tests.test_app_simple_coverage_clean.TestBasicEndpoints" name="test_health_endpoint" time="0.002" /><testcase classname="tests.test_app_simple_coverage_clean.TestBasicEndpoints" name="test_health_v1_endpoint" time="0.002" /><testcase classname="tests.test_app_simple_coverage_clean.TestHelperFunctions" name="test_legacy_category_label_function" time="0.001" /><testcase classname="tests.test_app_simple_coverage_clean.TestHelperFunctions" name="test_legacy_category_label_edge_cases" time="0.001" /><testcase classname="tests.test_app_simple_coverage_clean.TestImportCoverage" name="test_app_import_structure" time="0.001" /><testcase classname="tests.test_app_simple_coverage_clean.TestLifespanCoverage" name="test_lifespan_context_manager" time="0.002" /><testcase classname="tests.test_app_simple_coverage_clean.TestBMIEndpoints" name="test_bmi_endpoint_basic" time="0.003" /><testcase classname="tests.test_app_simple_coverage_clean.TestBMIEndpoints" name="test_bmi_endpoint_pregnant" time="0.003" /><testcase classname="tests.test_app_simple_coverage_clean.TestBMIEndpoints" name="test_bmi_endpoint_with_chart" time="0.138" /><testcase classname="tests.test_app_simple_coverage_clean.TestPrivacyEndpoint" name="test_privacy_endpoint" time="0.003" /><testcase classname="tests.test_app_specific_coverage_96.TestAppSpecificCoverage96" name="test_get_update_scheduler_late_import" time="0.002" /><testcase classname="tests.test_app_specific_coverage_96.TestAppSpecificCoverage96" name="test_metrics_endpoint_no_prometheus" time="0.003" /><testcase classname="tests.test_app_specific_coverage_96.TestAppSpecificCoverage96" name="test_metrics_endpoint_with_prometheus" time="0.003" /><testcase classname="tests.test_app_specific_coverage_96.TestAppSpecificCoverage96" name="test_privacy_endpoint_content" time="0.003" /><testcase classname="tests.test_app_specific_coverage_96.TestAppSpecificCoverage96" name="test_health_endpoint_detailed" time="0.003" /><testcase classname="tests.test_app_specific_coverage_96.TestAppSpecificCoverage96" name="test_api_v1_health_endpoint_detailed" time="0.003" /><testcase classname="tests.test_app_specific_coverage_96.TestAppSpecificCoverage96" name="test_bmi_endpoint_comprehensive" time="0.004" /><testcase classname="tests.test_app_specific_coverage_96.TestAppSpecificCoverage96" name="test_bmi_endpoint_russian" time="0.004" /><testcase classname="tests.test_app_specific_coverage_96.TestAppSpecificCoverage96" name="test_bmi_endpoint_spanish" time="0.004" /><testcase classname="tests.test_app_specific_coverage_96.TestAppSpecificCoverage96" name="test_bmi_endpoint_female_pregnant" time="0.004" /><testcase classname="tests.test_app_specific_coverage_96.TestAppSpecificCoverage96" name="test_bmi_endpoint_athlete" time="0.004" /><testcase classname="tests.test_app_specific_coverage_96.TestAppSpecificCoverage96" name="test_bmi_endpoint_edge_ages" time="0.005" /><testcase classname="tests.test_app_specific_coverage_96.TestAppSpecificCoverage96" name="test_bmi_endpoint_waist_risk_scenarios" time="0.009" /><testcase classname="tests.test_app_specific_coverage_96.TestAppSpecificCoverage96" name="test_bmi_endpoint_gender_variations" time="0.013" /><testcase classname="tests.test_app_specific_coverage_96.TestAppSpecificCoverage96" name="test_bmi_endpoint_pregnant_variations" time="0.018" /><testcase classname="tests.test_app_specific_coverage_96.TestAppSpecificCoverage96" name="test_bmi_endpoint_athlete_variations" time="0.018" /><testcase classname="tests.test_app_specific_coverage_96.TestAppSpecificCoverage96" name="test_bmi_endpoint_validation_errors" time="0.006" /><testcase classname="tests.test_app_specific_coverage_96.TestAppSpecificCoverage96" name="test_bmi_endpoint_malformed_json" time="0.004" /><testcase classname="tests.test_app_specific_coverage_96.TestAppSpecificCoverage96" name="test_root_endpoint_html_content" time="0.003" /><testcase classname="tests.test_app_specific_coverage_96.TestAppSpecificCoverage96" name="test_favicon_endpoint" time="0.003" /><testcase classname="tests.test_app_specific_coverage_96.TestAppSpecificCoverage96" name="test_debug_env_endpoint" time="0.002" /><testcase classname="tests.test_app_specific_coverage_96.TestAppSpecificCoverage96" name="test_plan_endpoint" time="0.003" /><testcase classname="tests.test_app_specific_coverage_96.TestAppSpecificCoverage96" name="test_insight_endpoint" time="0.003" /><testcase classname="tests.test_app_specific_coverage_96.TestAppSpecificCoverage96" name="test_api_v1_bmi_endpoint" time="0.003" /><testcase classname="tests.test_app_specific_coverage_96.TestAppSpecificCoverage96" name="test_api_v1_bmi_pro_endpoint" time="0.005" /><testcase classname="tests.test_app_specific_coverage_96.TestAppSpecificCoverage96" name="test_api_v1_bodyfat_endpoint" time="0.004" /><testcase classname="tests.test_app_specific_coverage_96.TestAppSpecificCoverage96" name="test_api_v1_insight_endpoint" time="0.004" /><testcase classname="tests.test_app_specific_coverage_96.TestAppSpecificCoverage96" name="test_api_v1_premium_bmr_endpoint" time="0.004" /><testcase classname="tests.test_app_specific_coverage_96.TestAppSpecificCoverage96" name="test_api_v1_premium_targets_endpoint" time="0.004" /><testcase classname="tests.test_app_specific_coverage_96.TestAppSpecificCoverage96" name="test_api_v1_premium_plate_endpoint" time="0.005" /><testcase classname="tests.test_app_specific_coverage_96.TestAppSpecificCoverage96" name="test_api_v1_premium_plan_week_endpoint" time="0.004" /><testcase classname="tests.test_app_specific_coverage_96.TestAppSpecificCoverage96" name="test_api_v1_premium_gaps_endpoint" time="0.004" /><testcase classname="tests.test_app_specific_coverage_96.TestAppSpecificCoverage96" name="test_api_v1_admin_endpoints" time="0.009" /><testcase classname="tests.test_app_specific_coverage_96.TestAppSpecificCoverage96" name="test_premium_export_endpoints" time="0.008" /><testcase classname="tests.test_app_specific_missing_lines.TestAppSpecificMissingLines" name="test_slowapi_import_error" time="0.052" /><testcase classname="tests.test_app_specific_missing_lines.TestAppSpecificMissingLines" name="test_vip_module_import_error" time="0.049" /><testcase classname="tests.test_app_specific_missing_lines.TestAppSpecificMissingLines" name="test_bodyfat_import_error" time="0.050" /><testcase classname="tests.test_app_specific_missing_lines.TestAppSpecificMissingLines" name="test_env_loading_logic" time="0.147" /><testcase classname="tests.test_app_specific_missing_lines.TestAppSpecificMissingLines" name="test_legacy_category_label_edge_cases" time="0.001" /><testcase classname="tests.test_app_specific_missing_lines.TestAppSpecificMissingLines" name="test_normalize_flags_edge_cases" time="0.001" /><testcase classname="tests.test_app_specific_missing_lines.TestAppSpecificMissingLines" name="test_waist_risk_edge_cases" time="0.001" /><testcase classname="tests.test_app_specific_missing_lines.TestAppSpecificMissingLines" name="test_bmi_request_validation_edge_cases" time="0.001" /><testcase classname="tests.test_app_specific_missing_lines.TestAppSpecificMissingLines" name="test_bmi_request_v1_validation_edge_cases" time="0.001" /><testcase classname="tests.test_app_unit" name="test_bmi_category_boundaries" time="0.001" /><testcase classname="tests.test_app_unit" name="test_bmi_with_group_note_variants[athlete-ru-\u043c\u044b\u0448\u0435\u0447\u043d\u0430\u044f \u043c\u0430\u0441\u0441\u0430]" time="0.001"><skipped type="pytest.skip" message="_bmi_with_group_note not found">/Users/katsiaryna_kavaleuskaya/Developer/BMI-App_2025_clean/tests/test_app_unit.py:55: _bmi_with_group_note not found</skipped></testcase><testcase classname="tests.test_app_unit" name="test_bmi_with_group_note_variants[pregnant-ru-\u0431\u0435\u0440\u0435\u043c\u0435\u043d\u043d\u043e\u0441\u0442\u0438]" time="0.001"><skipped type="pytest.skip" message="_bmi_with_group_note not found">/Users/katsiaryna_kavaleuskaya/Developer/BMI-App_2025_clean/tests/test_app_unit.py:55: _bmi_with_group_note not found</skipped></testcase><testcase classname="tests.test_app_unit" name="test_bmi_with_group_note_variants[elderly-ru-\u0432\u043e\u0437\u0440\u0430\u0441\u0442\u043d\u044b\u0435 \u0438\u0437\u043c\u0435\u043d\u0435\u043d\u0438\u044f]" time="0.001"><skipped type="pytest.skip" message="_bmi_with_group_note not found">/Users/katsiaryna_kavaleuskaya/Developer/BMI-App_2025_clean/tests/test_app_unit.py:55: _bmi_with_group_note not found</skipped></testcase><testcase classname="tests.test_app_unit" name="test_bmi_with_group_note_variants[teen-ru-\u043f\u0435\u0434\u0438\u0430\u0442\u0440\u0438\u0447\u0435\u0441\u043a\u0438\u0435]" time="0.001"><skipped type="pytest.skip" message="_bmi_with_group_note not found">/Users/katsiaryna_kavaleuskaya/Developer/BMI-App_2025_clean/tests/test_app_unit.py:55: _bmi_with_group_note not found</skipped></testcase><testcase classname="tests.test_app_unit" name="test_bmi_with_group_note_variants[athlete-en-muscle]" time="0.001"><skipped type="pytest.skip" message="_bmi_with_group_note not found">/Users/katsiaryna_kavaleuskaya/Developer/BMI-App_2025_clean/tests/test_app_unit.py:55: _bmi_with_group_note not found</skipped></testcase><testcase classname="tests.test_app_unit" name="test_normalize_flags_variants" time="0.001"><skipped type="pytest.skip" message="_normalize_flags not found">/Users/katsiaryna_kavaleuskaya/Developer/BMI-App_2025_clean/tests/test_app_unit.py:67: _normalize_flags not found</skipped></testcase><testcase classname="tests.test_app_unit" name="test_debug_env_insight_flag[1-True]" time="0.004" /><testcase classname="tests.test_app_unit" name="test_debug_env_insight_flag[true-True]" time="0.003" /><testcase classname="tests.test_app_unit" name="test_debug_env_insight_flag[no-False]" time="0.003" /><testcase classname="tests.test_app_unit" name="test_debug_env_insight_flag[-False]" time="0.003" /><testcase classname="tests.test_app_vip_comprehensive.TestVIPHealth" name="test_vip_health_ok" time="0.005" /><testcase classname="tests.test_app_vip_comprehensive.TestVIPWeeklyMenu" name="test_weekly_plan_happy_path" time="0.005" /><testcase classname="tests.test_app_vip_comprehensive.TestVIPWeeklyMenu" name="test_weekly_plan_422_validation" time="0.004" /><testcase classname="tests.test_app_vip_comprehensive.TestVIPWeeklyMenu" name="test_weekly_menu_repair" time="0.002" /><testcase classname="tests.test_app_vip_comprehensive.TestVIPShoplist" name="test_weekly_shoplist" time="0.005" /><testcase classname="tests.test_app_vip_comprehensive.TestVIPShoplist" name="test_daily_shoplist" time="0.004" /><testcase classname="tests.test_app_vip_comprehensive.TestVIPShoplist" name="test_shoplist_formats" time="0.002" /><testcase classname="tests.test_app_vip_comprehensive.TestVIPRegions" name="test_get_regions" time="0.005" /><testcase classname="tests.test_app_vip_comprehensive.TestVIPRegions" name="test_search_region_products" time="0.002" /><testcase classname="tests.test_app_vip_comprehensive.TestVIPRegions" name="test_get_region_categories" time="0.004" /><testcase classname="tests.test_app_vip_comprehensive.TestVIPRegions" name="test_get_region_stores" time="0.004" /><testcase classname="tests.test_app_vip_comprehensive.TestVIPRegions" name="test_compare_product_prices" time="0.002" /><testcase classname="tests.test_app_vip_comprehensive.TestVIPRecipes" name="test_synthesize_recipe" time="0.003" /><testcase classname="tests.test_app_vip_comprehensive.TestVIPRecipes" name="test_synthesize_weekly_recipes" time="0.008" /><testcase classname="tests.test_app_vip_comprehensive.TestVIPRecipes" name="test_get_recipe_templates" time="0.004" /><testcase classname="tests.test_app_vip_comprehensive.TestVIPAutoRepair" name="test_auto_repair_weekly_plan" time="0.003" /><testcase classname="tests.test_app_vip_comprehensive.TestVIPAutoRepair" name="test_get_manual_repair_suggestions" time="0.003" /><testcase classname="tests.test_app_vip_comprehensive.TestVIPAutoRepair" name="test_get_repair_strategies" time="0.003" /><testcase classname="tests.test_app_vip_comprehensive.TestVIPValidation" name="test_vip_without_api_key" time="0.003" /><testcase classname="tests.test_app_vip_comprehensive.TestVIPValidation" name="test_vip_with_invalid_api_key" time="0.003" /><testcase classname="tests.test_app_vip_comprehensive.TestVIPErrorHandling" name="test_weekly_plan_server_error" time="0.004" /><testcase classname="tests.test_app_vip_comprehensive.TestVIPErrorHandling" name="test_invalid_json_payload" time="0.004" /><testcase classname="tests.test_app_vip_comprehensive_97.TestAppVIPComprehensive97" name="test_vip_router_inclusion_when_enabled" time="0.050" /><testcase classname="tests.test_app_vip_comprehensive_97.TestAppVIPComprehensive97" name="test_vip_router_inclusion_when_disabled" time="0.001" /><testcase classname="tests.test_app_vip_comprehensive_97.TestAppVIPComprehensive97" name="test_vip_router_import_error_handling" time="0.001" /><testcase classname="tests.test_app_vip_comprehensive_97.TestAppVIPComprehensive97" name="test_vip_router_attribute_error_handling" time="0.001"><skipped type="pytest.skip" message="Skipping attribute error test for now">/Users/katsiaryna_kavaleuskaya/Developer/BMI-App_2025_clean/tests/test_app_vip_comprehensive_97.py:55: Skipping attribute error test for now</skipped></testcase><testcase classname="tests.test_app_vip_comprehensive_97.TestAppVIPComprehensive97" name="test_premium_plate_fallback_mode" time="0.004" /><testcase classname="tests.test_app_vip_comprehensive_97.TestAppVIPComprehensive97" name="test_premium_plate_fallback_with_build_nutrition_targets" time="0.004" /><testcase classname="tests.test_app_vip_comprehensive_97.TestAppVIPComprehensive97" name="test_premium_plate_feature_flag_disabled" time="0.004" /><testcase classname="tests.test_app_vip_comprehensive_97.TestAppVIPComprehensive97" name="test_premium_plate_with_diet_flags" time="0.003" /><testcase classname="tests.test_app_vip_comprehensive_97.TestAppVIPComprehensive97" name="test_premium_plate_macro_alignment" time="0.004" /><testcase classname="tests.test_app_vip_comprehensive_97.TestAppVIPComprehensive97" name="test_premium_plate_heuristic_fallback" time="0.004" /><testcase classname="tests.test_app_vip_comprehensive_97.TestAppVIPComprehensive97" name="test_vip_endpoints_via_app_client" time="0.004" /><testcase classname="tests.test_app_vip_comprehensive_97.TestAppVIPComprehensive97" name="test_app_includes_all_routers" time="0.049" /><testcase classname="tests.test_app_vip_comprehensive_97.TestAppVIPComprehensive97" name="test_app_includes_bodyfat_router_when_available" time="0.055" /><testcase classname="tests.test_app_vip_comprehensive_97.TestAppVIPComprehensive97" name="test_app_includes_bmi_pro_router" time="0.001" /><testcase classname="tests.test_app_vip_comprehensive_97.TestAppVIPComprehensive97" name="test_app_includes_premium_week_router_when_available" time="0.001" /><testcase classname="tests.test_app_vip_comprehensive_clean.TestVIPHealth" name="test_vip_health_ok" time="0.004" /><testcase classname="tests.test_app_vip_comprehensive_clean.TestVIPWeeklyMenu" name="test_weekly_plan_happy_path" time="0.005" /><testcase classname="tests.test_app_vip_comprehensive_clean.TestVIPWeeklyMenu" name="test_weekly_plan_422_validation" time="0.005" /><testcase classname="tests.test_app_vip_comprehensive_clean.TestVIPWeeklyMenu" name="test_weekly_menu_repair" time="0.003" /><testcase classname="tests.test_app_vip_comprehensive_clean.TestVIPShoplist" name="test_weekly_shoplist" time="0.005" /><testcase classname="tests.test_app_vip_comprehensive_clean.TestVIPShoplist" name="test_daily_shoplist" time="0.004" /><testcase classname="tests.test_app_vip_comprehensive_clean.TestVIPShoplist" name="test_shoplist_formats" time="0.002" /><testcase classname="tests.test_app_vip_comprehensive_clean.TestVIPRegions" name="test_get_regions" time="0.003" /><testcase classname="tests.test_app_vip_comprehensive_clean.TestVIPRegions" name="test_search_region_products" time="0.003" /><testcase classname="tests.test_app_vip_comprehensive_clean.TestVIPRegions" name="test_get_region_categories" time="0.004" /><testcase classname="tests.test_app_vip_comprehensive_clean.TestVIPRegions" name="test_get_region_stores" time="0.003" /><testcase classname="tests.test_app_vip_comprehensive_clean.TestVIPRegions" name="test_compare_product_prices" time="0.003" /><testcase classname="tests.test_app_vip_comprehensive_clean.TestVIPRecipes" name="test_synthesize_recipe" time="0.004" /><testcase classname="tests.test_app_vip_comprehensive_clean.TestVIPRecipes" name="test_synthesize_weekly_recipes" time="0.004" /><testcase classname="tests.test_app_vip_comprehensive_clean.TestVIPRecipes" name="test_get_recipe_templates" time="0.004" /><testcase classname="tests.test_app_vip_comprehensive_clean.TestVIPAutoRepair" name="test_auto_repair_weekly_plan" time="0.003" /><testcase classname="tests.test_app_vip_comprehensive_clean.TestVIPAutoRepair" name="test_get_manual_repair_suggestions" time="0.003" /><testcase classname="tests.test_app_vip_comprehensive_clean.TestVIPAutoRepair" name="test_get_repair_strategies" time="0.003" /><testcase classname="tests.test_app_vip_comprehensive_clean.TestVIPValidation" name="test_vip_without_api_key" time="0.003" /><testcase classname="tests.test_app_vip_comprehensive_clean.TestVIPValidation" name="test_vip_with_invalid_api_key" time="0.003" /><testcase classname="tests.test_app_vip_comprehensive_clean.TestVIPErrorHandling" name="test_weekly_plan_server_error" time="0.004" /><testcase classname="tests.test_app_vip_comprehensive_clean.TestVIPErrorHandling" name="test_invalid_json_payload" time="0.003" /><testcase classname="tests.test_app_vip_comprehensive_coverage.TestAppVipComprehensiveCoverage" name="test_vip_weekly_menu_endpoint" time="0.005" /><testcase classname="tests.test_app_vip_comprehensive_coverage.TestAppVipComprehensiveCoverage" name="test_vip_weekly_menu_with_deficit" time="0.005" /><testcase classname="tests.test_app_vip_comprehensive_coverage.TestAppVipComprehensiveCoverage" name="test_vip_weekly_menu_with_surplus" time="0.005" /><testcase classname="tests.test_app_vip_comprehensive_coverage.TestAppVipComprehensiveCoverage" name="test_vip_weekly_menu_error_handling" time="0.005" /><testcase classname="tests.test_app_vip_comprehensive_coverage.TestAppVipComprehensiveCoverage" name="test_vip_targets_endpoint" time="0.004" /><testcase classname="tests.test_app_vip_comprehensive_coverage.TestAppVipComprehensiveCoverage" name="test_vip_targets_with_life_stage" time="0.004" /><testcase classname="tests.test_app_vip_comprehensive_coverage.TestAppVipComprehensiveCoverage" name="test_vip_plate_endpoint" time="0.005" /><testcase classname="tests.test_app_vip_comprehensive_coverage.TestAppVipComprehensiveCoverage" name="test_vip_plate_with_diet_flags" time="0.004" /><testcase classname="tests.test_app_vip_comprehensive_coverage.TestAppVipComprehensiveCoverage" name="test_vip_nutrient_gaps_endpoint" time="0.004" /><testcase classname="tests.test_app_vip_comprehensive_coverage.TestAppVipComprehensiveCoverage" name="test_vip_exports_csv_endpoint" time="0.003" /><testcase classname="tests.test_app_vip_comprehensive_coverage.TestAppVipComprehensiveCoverage" name="test_vip_exports_pdf_endpoints" time="0.006" /><testcase classname="tests.test_app_vip_comprehensive_coverage.TestAppVipComprehensiveCoverage" name="test_legacy_endpoints" time="0.004" /><testcase classname="tests.test_app_vip_comprehensive_coverage.TestAppVipComprehensiveCoverage" name="test_vip_module_unavailable_paths" time="0.054" /><testcase classname="tests.test_app_vip_comprehensive_coverage.TestAppVipComprehensiveCoverage" name="test_feature_flag_disabled_paths" time="0.006" /><testcase classname="tests.test_app_vip_comprehensive_coverage.TestAppVipComprehensiveCoverage" name="test_make_weekly_menu_unavailable" time="0.005" /><testcase classname="tests.test_app_vip_comprehensive_coverage.TestAppVipComprehensiveCoverage" name="test_build_nutrition_targets_unavailable" time="0.003" /><testcase classname="tests.test_app_vip_comprehensive_coverage.TestAppVipComprehensiveCoverage" name="test_make_plate_unavailable" time="0.004" /><testcase classname="tests.test_app_vip_comprehensive_coverage.TestAppVipComprehensiveCoverage" name="test_analyze_nutrient_gaps_unavailable" time="0.004" /><testcase classname="tests.test_app_vip_comprehensive_coverage.TestAppVipComprehensiveCoverage" name="test_to_csv_week_unavailable" time="0.004" /><testcase classname="tests.test_app_vip_comprehensive_coverage.TestAppVipComprehensiveCoverage" name="test_to_pdf_functions_unavailable" time="0.006" /><testcase classname="tests.test_app_vip_comprehensive_coverage.TestAppVipComprehensiveCoverage" name="test_vip_router_inclusion" time="0.001" /><testcase classname="tests.test_app_vip_comprehensive_coverage.TestAppVipComprehensiveCoverage" name="test_api_key_handling" time="0.004" /><testcase classname="tests.test_app_vip_comprehensive_coverage.TestAppVipComprehensiveCoverage" name="test_health_endpoints" time="0.004" /><testcase classname="tests.test_app_vip_comprehensive_coverage.TestAppVipComprehensiveCoverage" name="test_debug_endpoint" time="0.002" /><testcase classname="tests.test_app_vip_comprehensive_coverage.TestAppVipComprehensiveCoverage" name="test_database_status_endpoint" time="0.003" /><testcase classname="tests.test_app_vip_comprehensive_coverage.TestAppVipComprehensiveCoverage" name="test_admin_status_endpoint" time="0.004" /><testcase classname="tests.test_app_vip_endpoints_coverage" name="test_app_vip_weekly_menu_parametrized[payload0-expected0]" time="0.006" /><testcase classname="tests.test_app_vip_endpoints_coverage" name="test_app_vip_weekly_menu_parametrized[payload1-expected1]" time="0.004" /><testcase classname="tests.test_app_vip_endpoints_coverage" name="test_app_vip_weekly_menu_parametrized[payload2-expected2]" time="0.007" /><testcase classname="tests.test_app_vip_endpoints_coverage" name="test_app_vip_weekly_menu_parametrized[payload3-expected3]" time="0.005" /><testcase classname="tests.test_app_vip_endpoints_coverage" name="test_app_vip_weekly_menu_security_missing_api_key" time="0.003" /><testcase classname="tests.test_app_vip_import_failure" name="test_app_vip_integration_success" time="0.001" /><testcase classname="tests.test_auto_product_expansion_demo.TestAutoProductExpansionDemo" name="test_auto_expansion_demo" time="0.023" /><testcase classname="tests.test_auto_product_expansion_demo.TestAutoProductExpansionDemo" name="test_missing_products_detection_accuracy" time="0.002" /><testcase classname="tests.test_auto_product_expansion_demo.TestAutoProductExpansionDemo" name="test_product_search_workflow" time="0.009" /><testcase classname="tests.test_auto_repair_comprehensive.TestAutoRepairComprehensive" name="test_auto_repair_engine_initialization" time="0.001" /><testcase classname="tests.test_auto_repair_comprehensive.TestAutoRepairComprehensive" name="test_repair_strategy_enum" time="0.001" /><testcase classname="tests.test_auto_repair_comprehensive.TestAutoRepairComprehensive" name="test_repair_status_enum" time="0.001" /><testcase classname="tests.test_auto_repair_comprehensive.TestAutoRepairComprehensive" name="test_repair_result_dataclass" time="0.001" /><testcase classname="tests.test_auto_repair_comprehensive.TestAutoRepairComprehensive" name="test_repair_iteration_dataclass" time="0.001" /><testcase classname="tests.test_auto_repair_comprehensive.TestAutoRepairComprehensive" name="test_get_auto_repair_engine" time="0.001" /><testcase classname="tests.test_auto_repair_comprehensive.TestAutoRepairComprehensive" name="test_auto_repair_week_plan_success" time="0.001" /><testcase classname="tests.test_auto_repair_comprehensive.TestAutoRepairComprehensive" name="test_auto_repair_week_plan_no_gaps" time="0.001" /><testcase classname="tests.test_auto_repair_comprehensive.TestAutoRepairComprehensive" name="test_auto_repair_week_plan_with_strategies" time="0.001" /><testcase classname="tests.test_auto_repair_comprehensive.TestAutoRepairComprehensive" name="test_auto_repair_week_plan_max_iterations" time="0.002" /><testcase classname="tests.test_auto_repair_comprehensive.TestAutoRepairComprehensive" name="test_get_next_strategy" time="0.001" /><testcase classname="tests.test_auto_repair_comprehensive.TestAutoRepairComprehensive" name="test_get_all_changes" time="0.001" /><testcase classname="tests.test_auto_repair_comprehensive.TestAutoRepairComprehensive" name="test_generate_success_suggestions" time="0.001" /><testcase classname="tests.test_auto_repair_comprehensive.TestAutoRepairComprehensive" name="test_generate_manual_suggestions" time="0.001" /><testcase classname="tests.test_auto_repair_comprehensive.TestAutoRepairComprehensive" name="test_get_repair_history" time="0.001" /><testcase classname="tests.test_auto_repair_comprehensive.TestAutoRepairComprehensive" name="test_suggest_manual_fixes" time="0.001" /><testcase classname="tests.test_auto_repair_comprehensive.TestAutoRepairComprehensive" name="test_analyze_nutrient_gaps" time="0.001" /><testcase classname="tests.test_auto_repair_comprehensive.TestAutoRepairComprehensive" name="test_attempt_repair_success" time="0.001" /><testcase classname="tests.test_auto_repair_comprehensive.TestAutoRepairComprehensive" name="test_attempt_repair_failure" time="0.001" /><testcase classname="tests.test_auto_repair_comprehensive.TestAutoRepairComprehensive" name="test_convenience_functions" time="0.002" /><testcase classname="tests.test_big_blocks_coverage_97.TestBMIVisualizationBlocks" name="test_bmi_with_visualization_enabled" time="0.202" /><testcase classname="tests.test_big_blocks_coverage_97.TestBMIVisualizationBlocks" name="test_bmi_with_visualization_disabled" time="0.053" /><testcase classname="tests.test_big_blocks_coverage_97.TestBMIVisualizationBlocks" name="test_bmi_visualization_error_handling" time="0.188" /><testcase classname="tests.test_big_blocks_coverage_97.TestBMIVisualizationBlocks" name="test_bmi_with_athlete_flags" time="0.053" /><testcase classname="tests.test_big_blocks_coverage_97.TestBMIVisualizationBlocks" name="test_bmi_with_waist_risk_calculation" time="0.057" /><testcase classname="tests.test_big_blocks_coverage_97.TestPersonalPlanBlocks" name="test_personal_plan_basic" time="0.054" /><testcase classname="tests.test_big_blocks_coverage_97.TestPersonalPlanBlocks" name="test_personal_plan_premium" time="0.053" /><testcase classname="tests.test_big_blocks_coverage_97.TestPersonalPlanBlocks" name="test_personal_plan_different_categories" time="0.059" /><testcase classname="tests.test_big_blocks_coverage_97.TestLanguageAndLocalizationBlocks" name="test_bmi_different_languages" time="0.062" /><testcase classname="tests.test_big_blocks_coverage_97.TestLanguageAndLocalizationBlocks" name="test_bmi_pregnant_women_different_languages" time="0.055" /><testcase classname="tests.test_big_blocks_coverage_97.TestEdgeCasesAndErrorPaths" name="test_bmi_extreme_values" time="0.058" /><testcase classname="tests.test_big_blocks_coverage_97.TestEdgeCasesAndErrorPaths" name="test_bmi_elderly_persons" time="0.055" /><testcase classname="tests.test_big_blocks_coverage_97.TestEdgeCasesAndErrorPaths" name="test_bmi_young_adults" time="0.054" /><testcase classname="tests.test_bmi_category_localized.TestBMICategoryLocalized" name="test_bmi_categories_across_languages[18.4]" time="0.001" /><testcase classname="tests.test_bmi_category_localized.TestBMICategoryLocalized" name="test_bmi_categories_across_languages[18.5]" time="0.001" /><testcase classname="tests.test_bmi_category_localized.TestBMICategoryLocalized" name="test_bmi_categories_across_languages[24.9]" time="0.001" /><testcase classname="tests.test_bmi_category_localized.TestBMICategoryLocalized" name="test_bmi_categories_across_languages[25.0]" time="0.001" /><testcase classname="tests.test_bmi_category_localized.TestBMICategoryLocalized" name="test_bmi_categories_across_languages[29.9]" time="0.001" /><testcase classname="tests.test_bmi_category_localized.TestBMICategoryLocalized" name="test_bmi_categories_across_languages[30.0]" time="0.001" /><testcase classname="tests.test_bmi_category_localized.TestBMICategoryLocalized" name="test_bmi_categories_across_languages[34.9]" time="0.001" /><testcase classname="tests.test_bmi_category_localized.TestBMICategoryLocalized" name="test_bmi_categories_across_languages[35.0]" time="0.001" /><testcase classname="tests.test_bmi_category_localized.TestBMICategoryLocalized" name="test_bmi_categories_across_languages[39.9]" time="0.001" /><testcase classname="tests.test_bmi_category_localized.TestBMICategoryLocalized" name="test_bmi_categories_across_languages[40.0]" time="0.001" /><testcase classname="tests.test_bmi_category_localized.TestBMICategoryLocalized" name="test_normalize_lang_function" time="0.001" /><testcase classname="tests.test_bmi_category_localized.TestBMICategoryLocalized" name="test_bmi_category_with_age_and_group" time="0.001" /><testcase classname="tests.test_bmi_core" name="test_bmi_value_rounding" time="0.001" /><testcase classname="tests.test_bmi_core" name="test_bmi_value_invalid_inputs" time="0.001" /><testcase classname="tests.test_bmi_core" name="test_bmi_category_edges_ru" time="0.001" /><testcase classname="tests.test_bmi_core" name="test_bmi_category_edges_en" time="0.001" /><testcase classname="tests.test_bmi_core" name="test_auto_group_variants" time="0.001" /><testcase classname="tests.test_bmi_core" name="test_interpret_group_notes_en" time="0.001" /><testcase classname="tests.test_bmi_core" name="test_estimate_level_rules" time="0.001" /><testcase classname="tests.test_bmi_core" name="test_compute_wht_ratio_values" time="0.001" /><testcase classname="tests.test_bmi_core" name="test_healthy_bmi_ranges_adult_elderly_sport" time="0.001" /><testcase classname="tests.test_bmi_core" name="test_build_premium_plan_maintain" time="0.001" /><testcase classname="tests.test_bmi_core" name="test_build_premium_plan_lose" time="0.001" /><testcase classname="tests.test_bmi_core" name="test_build_premium_plan_gain" time="0.001" /><testcase classname="tests.test_bmi_core" name="test_integration_normal_case" time="0.001" /><testcase classname="tests.test_bmi_core_100" name="test_group_display_fallbacks_and_edges" time="0.001"><skipped type="pytest.skip" message="interpret_group signature unsupported for this test">/Users/katsiaryna_kavaleuskaya/Developer/BMI-App_2025_clean/tests/test_bmi_core_100.py:34: interpret_group signature unsupported for this test</skipped></testcase><testcase classname="tests.test_bmi_core_dojim" name="test_interpret_group_general_en_no_extra_dot" time="0.001" /><testcase classname="tests.test_bmi_core_dojim" name="test_estimate_level_beginner_ru" time="0.001" /><testcase classname="tests.test_bmi_core_dojim" name="test_build_premium_plan_gain_ru_tips" time="0.001" /><testcase classname="tests.test_bmi_core_edges" name="test_bmi_category_lang_fallback_to_ru" time="0.001" /><testcase classname="tests.test_bmi_core_edges" name="test_interpret_group_general_ru_no_note" time="0.001" /><testcase classname="tests.test_bmi_core_edges" name="test_auto_group_regex_phrase_sportswoman" time="0.001" /><testcase classname="tests.test_bmi_core_edges" name="test_auto_group_pregnant_en" time="0.001" /><testcase classname="tests.test_bmi_core_edges" name="test_wht_ratio_too_large_waist_none" time="0.001" /><testcase classname="tests.test_bmi_core_edges" name="test_wht_ratio_bad_height_none" time="0.001" /><testcase classname="tests.test_bmi_core_edges" name="test_group_display_name_both_langs" time="0.001" /><testcase classname="tests.test_bmi_core_edges" name="test_estimate_level_beginner_en" time="0.001" /><testcase classname="tests.test_bmi_core_edges" name="test_healthy_bmi_range_athlete_premium_raise" time="0.001" /><testcase classname="tests.test_bmi_core_edges" name="test_premium_plan_maintain_has_none_weeks" time="0.001" /><testcase classname="tests.test_bmi_core_more_edges" name="test_validate_age_raises_in_build_plan" time="0.001" /><testcase classname="tests.test_bmi_core_more_edges" name="test_auto_group_returns_general_branch" time="0.001" /><testcase classname="tests.test_bmi_core_validation_edges.TestBmiCoreValidationEdgeCases" name="test_build_premium_plan_invalid_age_negative" time="0.001" /><testcase classname="tests.test_bmi_core_validation_edges.TestBmiCoreValidationEdgeCases" name="test_build_premium_plan_invalid_age_too_high" time="0.001" /><testcase classname="tests.test_bmi_core_validation_edges.TestBmiCoreValidationEdgeCases" name="test_build_premium_plan_invalid_weight_zero" time="0.002" /><testcase classname="tests.test_bmi_core_validation_edges.TestBmiCoreValidationEdgeCases" name="test_build_premium_plan_invalid_weight_negative" time="0.001" /><testcase classname="tests.test_bmi_core_validation_edges.TestBmiCoreValidationEdgeCases" name="test_build_premium_plan_invalid_height_zero" time="0.001" /><testcase classname="tests.test_bmi_core_validation_edges.TestBmiCoreValidationEdgeCases" name="test_build_premium_plan_invalid_height_negative" time="0.001" /><testcase classname="tests.test_bmi_core_validation_edges.TestBmiCoreValidationEdgeCases" name="test_build_premium_plan_valid_parameters" time="0.001" /><testcase classname="tests.test_bmi_extra" name="test_bmi_groups_smoke[general]" time="0.004" /><testcase classname="tests.test_bmi_extra" name="test_bmi_groups_smoke[athlete]" time="0.003" /><testcase classname="tests.test_bmi_extra" name="test_bmi_groups_smoke[elderly]" time="0.003" /><testcase classname="tests.test_bmi_extra" name="test_bmi_groups_smoke[teen]" time="0.004" /><testcase classname="tests.test_bmi_extra" name="test_bmi_groups_smoke[pregnant]" time="0.006" /><testcase classname="tests.test_bmi_extra" name="test_bmi_categories_boundaries[45-170-Underweight]" time="0.004" /><testcase classname="tests.test_bmi_extra" name="test_bmi_categories_boundaries[70-170-Normal weight]" time="0.003" /><testcase classname="tests.test_bmi_extra" name="test_bmi_categories_boundaries[80-170-Overweight]" time="0.004" /><testcase classname="tests.test_bmi_extra" name="test_bmi_categories_boundaries[95-170-Obese Class I]" time="0.004" /><testcase classname="tests.test_bmi_extra" name="test_bmi_invalid_inputs[70-0]" time="0.003" /><testcase classname="tests.test_bmi_extra" name="test_bmi_invalid_inputs[70--170]" time="0.003" /><testcase classname="tests.test_bmi_extra" name="test_bmi_invalid_inputs[-10-170]" time="0.003" /><testcase classname="tests.test_bmi_extra" name="test_bmi_missing_field_validation" time="0.004" /><testcase classname="tests.test_bmi_extras_comprehensive.TestBmiExtrasComprehensive" name="test_wht_ratio_valid_inputs" time="0.001" /><testcase classname="tests.test_bmi_extras_comprehensive.TestBmiExtrasComprehensive" name="test_wht_ratio_invalid_inputs" time="0.003" /><testcase classname="tests.test_bmi_extras_comprehensive.TestBmiExtrasComprehensive" name="test_whr_ratio_valid_inputs" time="0.001" /><testcase classname="tests.test_bmi_extras_comprehensive.TestBmiExtrasComprehensive" name="test_whr_ratio_invalid_inputs" time="0.002" /><testcase classname="tests.test_bmi_extras_comprehensive.TestBmiExtrasComprehensive" name="test_ffmi_valid_inputs" time="0.001" /><testcase classname="tests.test_bmi_extras_comprehensive.TestBmiExtrasComprehensive" name="test_ffmi_invalid_inputs" time="0.003" /><testcase classname="tests.test_bmi_extras_comprehensive.TestBmiExtrasComprehensive" name="test_interpret_wht_ratio" time="0.001" /><testcase classname="tests.test_bmi_extras_comprehensive.TestBmiExtrasComprehensive" name="test_interpret_whr_ratio_male" time="0.001" /><testcase classname="tests.test_bmi_extras_comprehensive.TestBmiExtrasComprehensive" name="test_interpret_whr_ratio_female" time="0.001" /><testcase classname="tests.test_bmi_extras_comprehensive.TestBmiExtrasComprehensive" name="test_interpret_whr_ratio_case_handling" time="0.001" /><testcase classname="tests.test_bmi_extras_comprehensive.TestBmiExtrasComprehensive" name="test_stage_obesity_high_risk" time="0.001" /><testcase classname="tests.test_bmi_extras_comprehensive.TestBmiExtrasComprehensive" name="test_stage_obesity_moderate_risk" time="0.001" /><testcase classname="tests.test_bmi_extras_comprehensive.TestBmiExtrasComprehensive" name="test_stage_obesity_low_risk" time="0.001" /><testcase classname="tests.test_bmi_extras_comprehensive.TestBmiExtrasComprehensive" name="test_stage_obesity_female_high_risk" time="0.001" /><testcase classname="tests.test_bmi_extras_comprehensive.TestBmiExtrasComprehensive" name="test_stage_obesity_bmi_categories" time="0.001" /><testcase classname="tests.test_bmi_extras_comprehensive.TestBmiExtrasComprehensive" name="test_stage_obesity_risk_factor_counting" time="0.001" /><testcase classname="tests.test_bmi_extras_comprehensive.TestBmiExtrasComprehensive" name="test_edge_case_values" time="0.001" /><testcase classname="tests.test_bmi_extras_comprehensive.TestBmiExtrasComprehensive" name="test_rounding_behavior" time="0.001" /><testcase classname="tests.test_bmi_extras_comprehensive.TestBmiExtrasComprehensive" name="test_different_language_support" time="0.001" /><testcase classname="tests.test_bmi_extras_pro_coverage.TestWHTRatio" name="test_wht_ratio_normal" time="0.001" /><testcase classname="tests.test_bmi_extras_pro_coverage.TestWHTRatio" name="test_wht_ratio_high_risk" time="0.002" /><testcase classname="tests.test_bmi_extras_pro_coverage.TestWHTRatio" name="test_wht_ratio_very_high_risk" time="0.001" /><testcase classname="tests.test_bmi_extras_pro_coverage.TestWHTRatio" name="test_wht_ratio_edge_cases" time="0.001" /><testcase classname="tests.test_bmi_extras_pro_coverage.TestWHRRatio" name="test_whr_male_normal" time="0.001" /><testcase classname="tests.test_bmi_extras_pro_coverage.TestWHRRatio" name="test_whr_female_normal" time="0.001" /><testcase classname="tests.test_bmi_extras_pro_coverage.TestWHRRatio" name="test_whr_male_high_risk" time="0.001" /><testcase classname="tests.test_bmi_extras_pro_coverage.TestWHRRatio" name="test_whr_female_high_risk" time="0.001" /><testcase classname="tests.test_bmi_extras_pro_coverage.TestWHRRatio" name="test_whr_edge_cases" time="0.001" /><testcase classname="tests.test_bmi_extras_pro_coverage.TestFFMI" name="test_ffmi_normal_male" time="0.001" /><testcase classname="tests.test_bmi_extras_pro_coverage.TestFFMI" name="test_ffmi_normal_female" time="0.001" /><testcase classname="tests.test_bmi_extras_pro_coverage.TestFFMI" name="test_ffmi_athlete_male" time="0.001" /><testcase classname="tests.test_bmi_extras_pro_coverage.TestFFMI" name="test_ffmi_high_bodyfat" time="0.001" /><testcase classname="tests.test_bmi_extras_pro_coverage.TestFFMI" name="test_ffmi_no_bodyfat" time="0.001" /><testcase classname="tests.test_bmi_extras_pro_coverage.TestFFMI" name="test_ffmi_edge_cases" time="0.001" /><testcase classname="tests.test_bmi_extras_pro_coverage.TestFFMI" name="test_ffmi_validation_errors" time="0.002" /><testcase classname="tests.test_bmi_extras_pro_coverage.TestInterpretWHTRatio" name="test_interpret_wht_healthy_en" time="0.001" /><testcase classname="tests.test_bmi_extras_pro_coverage.TestInterpretWHTRatio" name="test_interpret_wht_increased_risk" time="0.001" /><testcase classname="tests.test_bmi_extras_pro_coverage.TestInterpretWHTRatio" name="test_interpret_wht_high_risk" time="0.001" /><testcase classname="tests.test_bmi_extras_pro_coverage.TestInterpretWHTRatio" name="test_interpret_wht_russian" time="0.001" /><testcase classname="tests.test_bmi_extras_pro_coverage.TestInterpretWHTRatio" name="test_interpret_wht_spanish" time="0.001" /><testcase classname="tests.test_bmi_extras_pro_coverage.TestInterpretWHTRatio" name="test_interpret_wht_edge_values" time="0.001" /><testcase classname="tests.test_bmi_extras_pro_coverage.TestInterpretWHRRatio" name="test_interpret_whr_male_low_risk_en" time="0.001" /><testcase classname="tests.test_bmi_extras_pro_coverage.TestInterpretWHRRatio" name="test_interpret_whr_female_low_risk" time="0.001" /><testcase classname="tests.test_bmi_extras_pro_coverage.TestInterpretWHRRatio" name="test_interpret_whr_male_high_risk" time="0.001" /><testcase classname="tests.test_bmi_extras_pro_coverage.TestInterpretWHRRatio" name="test_interpret_whr_female_high_risk" time="0.001" /><testcase classname="tests.test_bmi_extras_pro_coverage.TestInterpretWHRRatio" name="test_interpret_whr_russian" time="0.001" /><testcase classname="tests.test_bmi_extras_pro_coverage.TestInterpretWHRRatio" name="test_interpret_whr_spanish" time="0.001" /><testcase classname="tests.test_bmi_extras_pro_coverage.TestStageObesity" name="test_stage_obesity_normal_weight" time="0.002" /><testcase classname="tests.test_bmi_extras_pro_coverage.TestStageObesity" name="test_stage_obesity_overweight" time="0.001" /><testcase classname="tests.test_bmi_extras_pro_coverage.TestStageObesity" name="test_stage_obesity_class_1" time="0.001" /><testcase classname="tests.test_bmi_extras_pro_coverage.TestStageObesity" name="test_stage_obesity_female" time="0.001" /><testcase classname="tests.test_bmi_extras_pro_coverage.TestStageObesity" name="test_stage_obesity_multilingual" time="0.001" /><testcase classname="tests.test_bmi_extras_pro_coverage.TestIntegration" name="test_comprehensive_health_profile_healthy" time="0.001" /><testcase classname="tests.test_bmi_extras_pro_coverage.TestIntegration" name="test_comprehensive_health_profile_at_risk" time="0.001" /><testcase classname="tests.test_bmi_extras_pro_coverage.TestIntegration" name="test_consistency_across_languages" time="0.001" /><testcase classname="tests.test_bmi_extras_simple" name="test_wht_ratio_valid_and_invalid" time="0.001" /><testcase classname="tests.test_bmi_extras_simple" name="test_whr_ratio_valid_and_invalid" time="0.001" /><testcase classname="tests.test_bmi_extras_simple" name="test_ffmi_basic_and_bounds" time="0.001" /><testcase classname="tests.test_bmi_extras_simple" name="test_stage_obesity_scenarios[24.0-0.45-None-male-low-expected_note_contains0]" time="0.001" /><testcase classname="tests.test_bmi_extras_simple" name="test_stage_obesity_scenarios[24.0-0.55-0.8-female-moderate-expected_note_contains1]" time="0.001" /><testcase classname="tests.test_bmi_extras_simple" name="test_stage_obesity_scenarios[24.0-0.62-0.8-male-high-expected_note_contains2]" time="0.001" /><testcase classname="tests.test_bmi_extras_simple" name="test_stage_obesity_scenarios[24.0-0.55-0.95-male-high-expected_note_contains3]" time="0.001" /><testcase classname="tests.test_bmi_extras_simple" name="test_stage_obesity_scenarios[36.0-0.45-0.8-female-high-expected_note_contains4]" time="0.001" /><testcase classname="tests.test_bmi_extras_simple" name="test_stage_obesity_scenarios[31.0-0.45-0.8-female-moderate-expected_note_contains5]" time="0.001" /><testcase classname="tests.test_bmi_extras_simple" name="test_stage_obesity_scenarios[24.0-0.55-0.86-female-high-expected_note_contains6]" time="0.001" /><testcase classname="tests.test_bmi_pro.TestBMIFunctions" name="test_wht_ratio_valid" time="0.001" /><testcase classname="tests.test_bmi_pro.TestBMIFunctions" name="test_wht_ratio_invalid" time="0.001" /><testcase classname="tests.test_bmi_pro.TestBMIFunctions" name="test_whr_ratio_valid" time="0.001" /><testcase classname="tests.test_bmi_pro.TestBMIFunctions" name="test_whr_ratio_invalid" time="0.001" /><testcase classname="tests.test_bmi_pro.TestBMIFunctions" name="test_ffmi_with_bodyfat" time="0.001" /><testcase classname="tests.test_bmi_pro.TestBMIFunctions" name="test_ffmi_without_bodyfat" time="0.001" /><testcase classname="tests.test_bmi_pro.TestBMIFunctions" name="test_ffmi_invalid" time="0.001" /><testcase classname="tests.test_bmi_pro.TestBMIFunctions" name="test_interpret_wht_ratio" time="0.001" /><testcase classname="tests.test_bmi_pro.TestBMIFunctions" name="test_interpret_whr_ratio_male" time="0.001" /><testcase classname="tests.test_bmi_pro.TestBMIFunctions" name="test_interpret_whr_ratio_female" time="0.001" /><testcase classname="tests.test_bmi_pro.TestBMIFunctions" name="test_stage_obesity" time="0.001" /><testcase classname="tests.test_bmi_pro_api.TestBMIProAPI" name="test_bmi_pro_endpoint_success" time="0.004" /><testcase classname="tests.test_bmi_pro_api.TestBMIProAPI" name="test_bmi_pro_endpoint_minimal_data" time="0.004" /><testcase classname="tests.test_bmi_pro_api.TestBMIProAPI" name="test_bmi_pro_endpoint_invalid_data" time="0.004" /><testcase classname="tests.test_bmi_pro_api.TestBMIProAPI" name="test_bmi_pro_endpoint_missing_api_key" time="0.005" /><testcase classname="tests.test_bmi_pro_router.TestBMIProRouter" name="test_bmi_pro_success_basic" time="0.004" /><testcase classname="tests.test_bmi_pro_router.TestBMIProRouter" name="test_bmi_pro_success_with_hip" time="0.004" /><testcase classname="tests.test_bmi_pro_router.TestBMIProRouter" name="test_bmi_pro_success_with_bodyfat" time="0.005" /><testcase classname="tests.test_bmi_pro_router.TestBMIProRouter" name="test_bmi_pro_success_russian" time="0.004" /><testcase classname="tests.test_bmi_pro_router.TestBMIProRouter" name="test_bmi_pro_validation_errors" time="0.008" /><testcase classname="tests.test_bmi_pro_router.TestBMIProRouter" name="test_bmi_pro_missing_required_fields" time="0.006" /><testcase classname="tests.test_bmi_pro_router.TestBMIProRouter" name="test_bmi_pro_calculation_error" time="0.004" /><testcase classname="tests.test_bmi_pro_router.TestBMIProRouter" name="test_bmi_pro_request_model" time="0.002" /><testcase classname="tests.test_bmi_pro_router.TestBMIProRouter" name="test_bmi_pro_response_model" time="0.002" /><testcase classname="tests.test_bmi_pro_simple" name="test_bmi_pro_ok" time="0.004" /><testcase classname="tests.test_bmi_pro_simple" name="test_bmi_pro_validation" time="0.003" /><testcase classname="tests.test_bmi_pro_spanish.TestBMIProSpanish" name="test_wht_ratio_spanish_interpretation" time="0.001" /><testcase classname="tests.test_bmi_pro_spanish.TestBMIProSpanish" name="test_whr_ratio_spanish_interpretation" time="0.001" /><testcase classname="tests.test_bmi_pro_spanish.TestBMIProSpanish" name="test_stage_obesity_spanish" time="0.001" /><testcase classname="tests.test_bmi_validation" name="test_bmi_height_as_string_invalid" time="0.004" /><testcase classname="tests.test_bmi_validation" name="test_bmi_weight_as_string_invalid" time="0.004" /><testcase classname="tests.test_bmi_validation" name="test_bmi_group_unknown_still_ok" time="0.003" /><testcase classname="tests.test_bmi_visualization" name="test_bmi_visualization_imports" time="0.001" /><testcase classname="tests.test_bmi_visualization" name="test_matplotlib_import_error_handling" time="0.002" /><testcase classname="tests.test_bmi_visualization" name="test_bmi_visualization_without_matplotlib" time="0.001" /><testcase classname="tests.test_bmi_visualization" name="test_bmi_visualizer_init_without_matplotlib" time="0.002" /><testcase classname="tests.test_bmi_visualization" name="test_bmi_visualizer_init_with_matplotlib" time="0.001" /><testcase classname="tests.test_bmi_visualization" name="test_bmi_visualization_with_matplotlib_success" time="0.002" /><testcase classname="tests.test_bmi_visualization" name="test_bmi_visualization_different_groups" time="0.004" /><testcase classname="tests.test_bmi_visualization" name="test_bmi_visualization_chart_creation_methods" time="0.002" /><testcase classname="tests.test_bmi_visualization" name="test_bmi_visualization_exception_handling" time="0.001" /><testcase classname="tests.test_bmi_visualization" name="test_bmi_visualization_ranges_and_colors" time="0.001" /><testcase classname="tests.test_bmi_visualization" name="test_bmi_visualization_language_support" time="0.002" /><testcase classname="tests.test_bmi_visualization" name="test_bmi_endpoint_with_visualization_request" time="0.003" /><testcase classname="tests.test_bmi_visualization" name="test_bmi_endpoint_without_visualization" time="0.003" /><testcase classname="tests.test_bmi_visualization" name="test_enhanced_teen_segmentation" time="0.003" /><testcase classname="tests.test_bmi_visualization" name="test_enhanced_athlete_segmentation" time="0.003" /><testcase classname="tests.test_bmi_visualization" name="test_bmi_visualization_endpoint_without_api_key" time="0.002" /><testcase classname="tests.test_bmi_visualization" name="test_bmi_visualization_endpoint_with_api_key" time="0.003"><skipped type="pytest.xfail" message="Test isolation issue in full suite - passes individually" /></testcase><testcase classname="tests.test_bmi_visualization" name="test_bmi_visualization_base64_encoding" time="0.003" /><testcase classname="tests.test_bmi_visualization" name="test_bmi_visualization_extreme_values" time="0.003" /><testcase classname="tests.test_bmi_visualization_guidance_branches" name="test_guidance_chart_covers_all_recommendation_branches" time="0.025" /><testcase classname="tests.test_bodyfat" name="test_deurenberg_smoke" time="0.001" /><testcase classname="tests.test_bodyfat" name="test_us_navy_male_smoke" time="0.001" /><testcase classname="tests.test_bodyfat" name="test_us_navy_female_smoke" time="0.001" /><testcase classname="tests.test_bodyfat" name="test_us_navy_female_missing_hip" time="0.002" /><testcase classname="tests.test_bodyfat" name="test_ymca_male_smoke" time="0.001" /><testcase classname="tests.test_bodyfat" name="test_ymca_female_smoke" time="0.001" /><testcase classname="tests.test_bodyfat" name="test_estimate_all_smoke" time="0.001" /><testcase classname="tests.test_bodyfat" name="test_estimate_all_female_no_hip" time="0.001" /><testcase classname="tests.test_bodyfat" name="test_estimate_all_skips_non_numeric_bmi_inputs" time="0.001" /><testcase classname="tests.test_bodyfat" name="test_estimate_all_skips_bad_dimension_inputs" time="0.001" /><testcase classname="tests.test_bodyfat" name="test_estimate_all_skips_invalid_weight_data" time="0.001" /><testcase classname="tests.test_bodyfat_labels_coverage" name="test_bodyfat_labels_ru_and_es" time="0.006" /><testcase classname="tests.test_bodyfat_smoke" name="test_deurenberg_soft" time="0.001" /><testcase classname="tests.test_bodyfat_smoke" name="test_us_navy_soft_male" time="0.001" /><testcase classname="tests.test_bodyfat_smoke" name="test_us_navy_soft_female" time="0.001" /><testcase classname="tests.test_bodyfat_smoke" name="test_ymca_soft_male" time="0.001" /><testcase classname="tests.test_bodyfat_smoke" name="test_aggregate_soft" time="0.001" /><testcase classname="tests.test_business_logic_simple.TestRAGDocumentIteration" name="test_iter_docs_with_docs_folder" time="0.002" /><testcase classname="tests.test_business_logic_simple.TestRAGDocumentIteration" name="test_iter_docs_docs_folder_exists_check" time="0.001" /><testcase classname="tests.test_business_logic_simple.TestI18nEdgeCases" name="test_i18n_translation_basic" time="0.001" /><testcase classname="tests.test_business_logic_simple.TestI18nEdgeCases" name="test_i18n_normalize_lang" time="0.001" /><testcase classname="tests.test_business_logic_simple.TestI18nEdgeCases" name="test_i18n_validation" time="0.001" /><testcase classname="tests.test_business_logic_simple.TestTargetsEdgeCases" name="test_targets_user_profile" time="0.001" /><testcase classname="tests.test_business_logic_simple.TestTargetsEdgeCases" name="test_calculate_targets_basic" time="0.001" /><testcase classname="tests.test_business_logic_simple.TestModuleCoverageEdgeCases" name="test_rag_module_private_functions" time="0.001" /><testcase classname="tests.test_comprehensive_coverage.TestComprehensiveCoverage" name="test_debug_env_endpoint" time="0.004" /><testcase classname="tests.test_comprehensive_coverage.TestComprehensiveCoverage" name="test_database_status_endpoint_success" time="0.010" /><testcase classname="tests.test_comprehensive_coverage.TestComprehensiveCoverage" name="test_database_status_endpoint_exception" time="0.006" /><testcase classname="tests.test_comprehensive_coverage.TestComprehensiveCoverage" name="test_force_update_endpoint_success" time="1.672" /><testcase classname="tests.test_comprehensive_coverage.TestComprehensiveCoverage" name="test_force_update_endpoint_with_source" time="0.005" /><testcase classname="tests.test_comprehensive_coverage.TestComprehensiveCoverage" name="test_force_update_endpoint_exception" time="1.437" /><testcase classname="tests.test_comprehensive_coverage.TestComprehensiveCoverage" name="test_check_updates_endpoint_success" time="0.005" /><testcase classname="tests.test_comprehensive_coverage.TestComprehensiveCoverage" name="test_check_updates_endpoint_exception" time="0.004" /><testcase classname="tests.test_comprehensive_coverage.TestComprehensiveCoverage" name="test_rollback_endpoint_success" time="0.006" /><testcase classname="tests.test_comprehensive_coverage.TestComprehensiveCoverage" name="test_rollback_endpoint_failure" time="0.006" /><testcase classname="tests.test_comprehensive_coverage.TestComprehensiveCoverage" name="test_rollback_endpoint_exception" time="0.005" /><testcase classname="tests.test_comprehensive_coverage.TestComprehensiveCoverage" name="test_premium_plate_endpoint_success" time="0.008" /><testcase classname="tests.test_comprehensive_coverage.TestComprehensiveCoverage" name="test_premium_plate_endpoint_value_error" time="0.005" /><testcase classname="tests.test_comprehensive_coverage.TestComprehensiveCoverage" name="test_premium_plate_endpoint_general_exception" time="0.005" /><testcase classname="tests.test_comprehensive_coverage.TestComprehensiveCoverage" name="test_who_targets_endpoint_success" time="0.006" /><testcase classname="tests.test_comprehensive_coverage.TestComprehensiveCoverage" name="test_who_targets_endpoint_value_error" time="0.005" /><testcase classname="tests.test_comprehensive_coverage.TestComprehensiveCoverage" name="test_who_targets_endpoint_general_exception" time="0.005" /><testcase classname="tests.test_comprehensive_coverage.TestComprehensiveCoverage" name="test_weekly_menu_endpoint_success" time="0.007" /><testcase classname="tests.test_comprehensive_coverage.TestComprehensiveCoverage" name="test_weekly_menu_endpoint_value_error" time="0.007" /><testcase classname="tests.test_comprehensive_coverage.TestComprehensiveCoverage" name="test_weekly_menu_endpoint_general_exception" time="0.007" /><testcase classname="tests.test_comprehensive_coverage.TestComprehensiveCoverage" name="test_nutrient_gaps_endpoint_success" time="0.006" /><testcase classname="tests.test_comprehensive_coverage.TestComprehensiveCoverage" name="test_nutrient_gaps_endpoint_value_error" time="0.005" /><testcase classname="tests.test_comprehensive_coverage.TestComprehensiveCoverage" name="test_nutrient_gaps_endpoint_general_exception" time="0.005" /><testcase classname="tests.test_conftest_97_coverage" name="test_trigger_keyerror_exception_handler" time="0.001" /><testcase classname="tests.test_conftest_97_coverage" name="test_cover_yield_statement_line58" time="0.001" /><testcase classname="tests.test_conftest_97_coverage.TestConftest97Coverage" name="test_keyerror_with_mocked_sys_modules" time="0.001" /><testcase classname="tests.test_conftest_97_coverage.TestConftest97Coverage" name="test_sys_modules_yield_with_manipulation" time="0.001" /><testcase classname="tests.test_conftest_97_coverage.TestConftest97Coverage" name="test_fixture_interaction_for_complete_coverage" time="0.002" /><testcase classname="tests.test_conftest_97_coverage" name="test_conftest_final_lines" time="0.001" /><testcase classname="tests.test_conftest_coverage_97" name="test_reset_environment_keyerror_handling" time="0.001" /><testcase classname="tests.test_conftest_coverage_97" name="test_reset_environment_keyerror_on_module_deletion" time="0.001" /><testcase classname="tests.test_conftest_coverage_97" name="test_reset_environment_keyerror_direct_execution" time="0.001" /><testcase classname="tests.test_conftest_coverage_97" name="test_reset_sys_modules_line_60_execution" time="0.001" /><testcase classname="tests.test_conftest_coverage_97" name="test_reset_sys_modules_with_original_vip" time="0.001" /><testcase classname="tests.test_conftest_coverage_97" name="test_reset_sys_modules_yield_coverage" time="0.001" /><testcase classname="tests.test_conftest_coverage_97" name="test_production_environment_fixture" time="0.001" /><testcase classname="tests.test_conftest_coverage_97" name="test_test_environment_fixture" time="0.001" /><testcase classname="tests.test_conftest_coverage_97" name="test_premium_disabled_environment_fixture" time="0.002" /><testcase classname="tests.test_conftest_coverage_97" name="test_isolated_test_client_fixture" time="0.111" /><testcase classname="tests.test_conftest_coverage_97" name="test_app_client_fixture" time="0.001" /><testcase classname="tests.test_conftest_direct_exception.TestConftestDirectException" name="test_use_reset_environment_fixture" time="0.001" /><testcase classname="tests.test_conftest_direct_exception.TestConftestDirectException" name="test_use_reset_sys_modules_fixture" time="0.001" /><testcase classname="tests.test_conftest_direct_exception.TestConftestDirectException" name="test_use_production_environment_fixture" time="0.001" /><testcase classname="tests.test_conftest_direct_exception.TestConftestDirectException" name="test_use_test_environment_fixture" time="0.001" /><testcase classname="tests.test_conftest_direct_exception.TestConftestDirectException" name="test_use_premium_disabled_environment_fixture" time="0.002" /><testcase classname="tests.test_conftest_direct_exception.TestConftestDirectException" name="test_use_all_fixtures_to_improve_coverage" time="0.002" /><testcase classname="tests.test_conftest_direct_execution" name="test_direct_execution_of_reset_environment_cleanup" time="0.001" /><testcase classname="tests.test_conftest_direct_execution" name="test_direct_execution_of_reset_sys_modules_yield" time="0.001" /><testcase classname="tests.test_conftest_direct_execution.TestDirectExecution" name="test_keyerror_exception_path_directly" time="0.001" /><testcase classname="tests.test_conftest_direct_execution.TestDirectExecution" name="test_yield_execution_via_fixture_usage" time="0.001" /><testcase classname="tests.test_conftest_direct_keyerror" name="test_direct_keyerror_trigger" time="0.001" /><testcase classname="tests.test_conftest_direct_keyerror" name="test_yield_statement_coverage" time="0.001" /><testcase classname="tests.test_conftest_environment_coverage.TestConftestEnvironmentCoverage" name="test_conftest_reset_environment_fixture_coverage" time="0.001" /><testcase classname="tests.test_conftest_environment_coverage.TestConftestEnvironmentCoverage" name="test_conftest_reset_sys_modules_fixture_coverage" time="0.001" /><testcase classname="tests.test_conftest_environment_coverage.TestConftestEnvironmentCoverage" name="test_conftest_production_environment_fixture_coverage" time="0.001" /><testcase classname="tests.test_conftest_environment_coverage.TestConftestEnvironmentCoverage" name="test_conftest_test_environment_fixture_coverage" time="0.002" /><testcase classname="tests.test_conftest_environment_coverage.TestConftestEnvironmentCoverage" name="test_conftest_premium_disabled_environment_fixture_coverage" time="0.001" /><testcase classname="tests.test_conftest_environment_coverage.TestConftestEnvironmentCoverage" name="test_conftest_test_client_fixture_coverage" time="0.003" /><testcase classname="tests.test_conftest_environment_coverage.TestConftestEnvironmentCoverage" name="test_conftest_isolated_test_client_fixture_coverage" time="0.686" /><testcase classname="tests.test_conftest_environment_coverage.TestConftestEnvironmentCoverage" name="test_conftest_environment_variables_coverage" time="0.001" /><testcase classname="tests.test_conftest_environment_coverage.TestConftestEnvironmentCoverage" name="test_conftest_environment_values_coverage" time="0.001" /><testcase classname="tests.test_conftest_environment_coverage.TestConftestEnvironmentCoverage" name="test_conftest_sys_modules_coverage" time="0.001" /><testcase classname="tests.test_conftest_environment_coverage.TestConftestEnvironmentCoverage" name="test_conftest_fixture_autouse_coverage" time="0.001" /><testcase classname="tests.test_conftest_environment_coverage.TestConftestEnvironmentCoverage" name="test_conftest_fixture_yield_coverage" time="0.002" /><testcase classname="tests.test_conftest_environment_coverage.TestConftestEnvironmentCoverage" name="test_conftest_fixture_cleanup_coverage" time="0.001" /><testcase classname="tests.test_conftest_environment_coverage.TestConftestEnvironmentCoverage" name="test_conftest_fixture_scope_coverage" time="0.002" /><testcase classname="tests.test_conftest_environment_coverage.TestConftestEnvironmentCoverage" name="test_conftest_fixture_dependencies_coverage" time="0.002" /><testcase classname="tests.test_conftest_environment_coverage.TestConftestEnvironmentCoverage" name="test_conftest_fixture_parameters_coverage" time="0.002" /><testcase classname="tests.test_conftest_environment_coverage.TestConftestEnvironmentCoverage" name="test_conftest_fixture_return_values_coverage" time="0.001" /><testcase classname="tests.test_conftest_environment_coverage.TestConftestEnvironmentCoverage" name="test_conftest_fixture_exceptions_coverage" time="0.001" /><testcase classname="tests.test_conftest_environment_coverage.TestConftestEnvironmentCoverage" name="test_conftest_fixture_teardown_coverage" time="0.002" /><testcase classname="tests.test_conftest_environment_coverage.TestConftestEnvironmentCoverage" name="test_conftest_fixture_setup_coverage" time="0.001" /><testcase classname="tests.test_conftest_exception_path.TestConftestExceptionPath" name="test_trigger_keyerror_in_fixture_cleanup" time="0.001" /><testcase classname="tests.test_conftest_exception_path.TestConftestExceptionPath" name="test_use_reset_sys_modules_fixture" time="0.001" /><testcase classname="tests.test_conftest_exception_path.TestConftestExceptionPath" name="test_multiple_fixture_usage" time="0.002" /><testcase classname="tests.test_conftest_exception_path.TestConftestExceptionPath" name="test_fixture_with_environment" time="0.002" /><testcase classname="tests.test_conftest_exception_path" name="test_function_level_fixture_usage" time="0.001" /><testcase classname="tests.test_conftest_final_coverage.TestConftestFinalCoverage" name="test_conftest_keyerror_exception_path" time="0.001" /><testcase classname="tests.test_conftest_final_coverage.TestConftestFinalCoverage" name="test_conftest_reset_sys_modules_yield_execution" time="0.001" /><testcase classname="tests.test_conftest_final_coverage.TestConftestFinalCoverage" name="test_conftest_reset_sys_modules_with_fixture" time="0.001" /><testcase classname="tests.test_conftest_final_coverage.TestConftestFinalCoverage" name="test_conftest_all_environments_fixture" time="0.002" /><testcase classname="tests.test_conftest_final_coverage.TestConftestFinalCoverage" name="test_conftest_client_fixtures" time="0.108" /><testcase classname="tests.test_conftest_final_coverage.TestConftestFinalCoverage" name="test_conftest_last_line_coverage" time="0.001" /><testcase classname="tests.test_conftest_force_keyerror" name="test_force_keyerror_exception" time="0.001" /><testcase classname="tests.test_conftest_force_keyerror" name="test_yield_statement_execution" time="0.001" /><testcase classname="tests.test_conftest_keyerror_actual" name="test_monkeypatch_delitem_raises_keyerror" time="0.001" /><testcase classname="tests.test_conftest_keyerror_actual.TestActualKeyError" name="test_keyerror_missing_module_with_monkeypatch" time="0.001" /><testcase classname="tests.test_conftest_keyerror_direct" name="test_direct_keyerror_trigger" time="0.001" /><testcase classname="tests.test_conftest_keyerror_direct" name="test_yield_statement_coverage" time="0.001" /><testcase classname="tests.test_conftest_keyerror_direct.TestDirectKeyError" name="test_keyerror_with_context" time="0.001" /><testcase classname="tests.test_conftest_keyerror_direct.TestDirectKeyError" name="test_yield_coverage_with_fixture" time="0.001" /><testcase classname="tests.test_conftest_keyerror_exact" name="test_trigger_keyerror_exception_path" time="0.001" /><testcase classname="tests.test_conftest_keyerror_exact.TestConftestKeyErrorExact" name="test_keyerror_with_environment_fixture" time="0.001" /><testcase classname="tests.test_conftest_keyerror_trigger.TestConftestKeyErrorTrigger" name="test_trigger_keyerror_in_cleanup" time="0.001" /><testcase classname="tests.test_conftest_keyerror_trigger.TestConftestKeyErrorTrigger" name="test_fixture_with_keyerror_condition" time="0.001" /><testcase classname="tests.test_conftest_last_lines" name="test_trigger_keyerror_exception_handler" time="0.001" /><testcase classname="tests.test_conftest_last_lines" name="test_cover_yield_statement" time="0.001" /><testcase classname="tests.test_conftest_last_lines.TestConftestLastLines" name="test_keyerror_during_module_cleanup" time="0.001" /><testcase classname="tests.test_conftest_last_lines.TestConftestLastLines" name="test_sys_modules_fixture_yield_coverage" time="0.001" /><testcase classname="tests.test_conftest_last_lines.TestConftestLastLines" name="test_use_multiple_fixtures_to_ensure_coverage" time="0.001" /><testcase classname="tests.test_conftest_line58" name="test_cover_yield_statement_line58" time="0.001" /><testcase classname="tests.test_conftest_line58.TestConftestLine58" name="test_reset_sys_modules_fixture_usage" time="0.001" /><testcase classname="tests.test_conftest_line58.TestConftestLine58" name="test_multiple_fixture_usage_for_coverage" time="0.001" /><testcase classname="tests.test_conftest_line58.TestConftestLine58" name="test_fixture_with_module_manipulation" time="0.001" /><testcase classname="tests.test_conftest_line58_coverage" name="test_reset_sys_modules_yield_coverage" time="0.001" /><testcase classname="tests.test_conftest_line58_coverage" name="test_reset_sys_modules_with_vip_module" time="0.001" /><testcase classname="tests.test_conftest_line58_coverage.TestResetSysModulesClass" name="test_class_based_fixture_usage" time="0.001" /><testcase classname="tests.test_conftest_missing_lines" name="test_cover_keyerror_exception_handler" time="0.001" /><testcase classname="tests.test_conftest_missing_lines" name="test_cover_yield_statement" time="0.001" /><testcase classname="tests.test_conftest_missing_lines.TestConftestMissingLines" name="test_keyerror_path_in_fixture_cleanup" time="0.001" /><testcase classname="tests.test_conftest_missing_lines.TestConftestMissingLines" name="test_yield_execution_via_fixture_usage" time="0.001" /><testcase classname="tests.test_conftest_specific_lines" name="test_cover_keyerror_exception_handler" time="0.001" /><testcase classname="tests.test_conftest_specific_lines" name="test_cover_yield_statement" time="0.001" /><testcase classname="tests.test_conftest_specific_lines.TestConftestSpecificLines" name="test_keyerror_path_during_fixture_cleanup" time="0.001" /><testcase classname="tests.test_conftest_specific_lines.TestConftestSpecificLines" name="test_sys_modules_fixture_yield" time="0.001" /><testcase classname="tests.test_conftest_specific_lines.TestConftestSpecificLines" name="test_last_line_coverage" time="0.001" /><testcase classname="tests.test_conftest_targeted_coverage" name="test_cover_reset_sys_modules_yield" time="0.001" /><testcase classname="tests.test_conftest_targeted_coverage" name="test_cover_keyerror_exception_handling" time="0.001" /><testcase classname="tests.test_conftest_targeted_coverage.TestTargetedCoverage" name="test_class_based_reset_sys_modules" time="0.001" /><testcase classname="tests.test_conftest_targeted_coverage.TestTargetedCoverage" name="test_with_multiple_fixtures" time="0.001" /><testcase classname="tests.test_core_coverage_97_final.TestCoreCoverage97Final" name="test_core_exports_simple_functions" time="0.001" /><testcase classname="tests.test_core_coverage_97_final.TestCoreCoverage97Final" name="test_core_food_apis_unified_db_classes" time="0.001" /><testcase classname="tests.test_core_coverage_97_final.TestCoreCoverage97Final" name="test_core_menu_engine_functions" time="0.001" /><testcase classname="tests.test_core_coverage_97_final.TestCoreCoverage97Final" name="test_core_plate_functions" time="0.001" /><testcase classname="tests.test_core_coverage_97_final.TestCoreCoverage97Final" name="test_core_recommendations_functions" time="0.001" /><testcase classname="tests.test_core_coverage_97_final.TestCoreCoverage97Final" name="test_core_product_finder_functions" time="0.001" /><testcase classname="tests.test_core_coverage_97_final.TestCoreCoverage97Final" name="test_core_recipe_synth_functions" time="0.001" /><testcase classname="tests.test_core_coverage_97_final.TestCoreCoverage97Final" name="test_core_targets_functions" time="0.001" /><testcase classname="tests.test_core_coverage_97_final.TestCoreCoverage97Final" name="test_core_time_utils_functions" time="0.001" /><testcase classname="tests.test_core_coverage_97_final.TestCoreCoverage97Final" name="test_core_region_catalog_functions" time="0.001" /><testcase classname="tests.test_core_coverage_97_final.TestCoreCoverage97Final" name="test_core_rag_simple_rag_classes" time="0.001" /><testcase classname="tests.test_core_coverage_97_final.TestCoreCoverage97Final" name="test_core_recipe_db_functions" time="0.001" /><testcase classname="tests.test_core_coverage_97_final.TestCoreCoverage97Final" name="test_core_recipe_db_new_functions" time="0.001" /><testcase classname="tests.test_core_coverage_97_final.TestCoreCoverage97Final" name="test_core_food_db_functions" time="0.001" /><testcase classname="tests.test_core_coverage_97_final.TestCoreCoverage97Final" name="test_core_food_merge_functions" time="0.001" /><testcase classname="tests.test_core_coverage_97_final.TestCoreCoverage97Final" name="test_core_menu_engine_new_functions" time="0.001" /><testcase classname="tests.test_core_coverage_97_final.TestCoreCoverage97Final" name="test_core_product_varieties_functions" time="0.001" /><testcase classname="tests.test_core_coverage_97_final.TestCoreCoverage97Final" name="test_core_rules_who_functions" time="0.001" /><testcase classname="tests.test_core_coverage_97_final.TestCoreCoverage97Final" name="test_core_food_apis_update_manager_functions" time="0.001" /><testcase classname="tests.test_core_coverage_97_final.TestCoreCoverage97Final" name="test_core_food_apis_scheduler_functions" time="0.001" /><testcase classname="tests.test_core_db_coverage.TestCoreDB" name="test_build_engine_url_default" time="0.001" /><testcase classname="tests.test_core_db_coverage.TestCoreDB" name="test_build_engine_url_custom" time="0.002" /><testcase classname="tests.test_core_db_coverage.TestCoreDB" name="test_sqlite_connect_args_sqlite" time="0.001" /><testcase classname="tests.test_core_db_coverage.TestCoreDB" name="test_sqlite_connect_args_non_sqlite" time="0.001" /><testcase classname="tests.test_core_db_coverage.TestCoreDB" name="test_base_class" time="0.001" /><testcase classname="tests.test_core_db_coverage.TestCoreDB" name="test_session_local_creation" time="0.001" /><testcase classname="tests.test_core_db_coverage.TestCoreDB" name="test_get_session_generator" time="0.001" /><testcase classname="tests.test_core_db_coverage.TestCoreDB" name="test_session_scope_success" time="0.001" /><testcase classname="tests.test_core_db_coverage.TestCoreDB" name="test_session_scope_exception" time="0.001" /><testcase classname="tests.test_core_db_coverage.TestCoreDB" name="test_init_db" time="0.002" /><testcase classname="tests.test_core_db_coverage.TestCoreDB" name="test_init_db_with_models_import" time="0.001" /><testcase classname="tests.test_core_db_coverage.TestCoreDB" name="test_database_url_sqlite_format" time="0.001" /><testcase classname="tests.test_core_db_coverage.TestCoreDB" name="test_engine_creation" time="0.001" /><testcase classname="tests.test_core_db_coverage.TestCoreDB" name="test_session_configuration" time="0.001" /><testcase classname="tests.test_core_db_coverage.TestCoreDB" name="test_session_scope_rollback" time="0.001" /><testcase classname="tests.test_core_db_coverage.TestCoreDB" name="test_environment_variable_handling" time="0.001" /><testcase classname="tests.test_core_db_coverage.TestCoreDB" name="test_sqlite_file_path_creation" time="0.001" /><testcase classname="tests.test_core_plate.TestCorePlateLogic" name="test_target_kcal_calculation" time="0.001" /><testcase classname="tests.test_core_plate.TestCorePlateLogic" name="test_macros_by_rules" time="0.001" /><testcase classname="tests.test_core_plate.TestCorePlateLogic" name="test_portions_from_macros" time="0.001" /><testcase classname="tests.test_core_plate.TestCorePlateLogic" name="test_visual_layout_structure" time="0.001" /><testcase classname="tests.test_core_plate.TestCorePlateLogic" name="test_make_plate_integration" time="0.001" /><testcase classname="tests.test_core_plate.TestCorePlateLogic" name="test_diet_flags_modifications" time="0.001" /><testcase classname="tests.test_core_plate.TestCorePlateLogic" name="test_plate_goal_consistency" time="0.001" /><testcase classname="tests.test_core_plate.TestCorePlateLogic" name="test_edge_cases" time="0.001" /><testcase classname="tests.test_core_plate.TestCorePlateLogic" name="test_multiple_diet_flags" time="0.001" /><testcase classname="tests.test_core_schemas_coverage.TestCoreSchemasCoverage" name="test_food_item_creation" time="0.001" /><testcase classname="tests.test_core_schemas_coverage.TestCoreSchemasCoverage" name="test_food_item_minimal" time="0.001" /><testcase classname="tests.test_core_schemas_coverage.TestCoreSchemasCoverage" name="test_recipe_ingredient_creation" time="0.001" /><testcase classname="tests.test_core_schemas_coverage.TestCoreSchemasCoverage" name="test_recipe_ingredient_validation" time="0.001" /><testcase classname="tests.test_core_schemas_coverage.TestCoreSchemasCoverage" name="test_recipe_creation" time="0.001" /><testcase classname="tests.test_core_schemas_coverage.TestCoreSchemasCoverage" name="test_recipe_minimal" time="0.001" /><testcase classname="tests.test_core_schemas_coverage.TestCoreSchemasCoverage" name="test_recipe_validation" time="0.001" /><testcase classname="tests.test_core_schemas_coverage.TestCoreSchemasCoverage" name="test_food_search_request_creation" time="0.001" /><testcase classname="tests.test_core_schemas_coverage.TestCoreSchemasCoverage" name="test_food_search_request_defaults" time="0.001" /><testcase classname="tests.test_core_schemas_coverage.TestCoreSchemasCoverage" name="test_food_search_request_validation" time="0.001" /><testcase classname="tests.test_core_schemas_coverage.TestCoreSchemasCoverage" name="test_recipe_search_request_creation" time="0.001" /><testcase classname="tests.test_core_schemas_coverage.TestCoreSchemasCoverage" name="test_recipe_search_request_defaults" time="0.001" /><testcase classname="tests.test_core_schemas_coverage.TestCoreSchemasCoverage" name="test_recipe_preview_request_creation" time="0.001" /><testcase classname="tests.test_core_schemas_coverage.TestCoreSchemasCoverage" name="test_recipe_preview_request_defaults" time="0.001" /><testcase classname="tests.test_core_schemas_coverage.TestCoreSchemasCoverage" name="test_recipe_preview_response_creation" time="0.001" /><testcase classname="tests.test_core_schemas_coverage.TestCoreSchemasCoverage" name="test_recipe_preview_response_defaults" time="0.001" /><testcase classname="tests.test_core_schemas_coverage.TestCoreSchemasCoverage" name="test_schema_serialization" time="0.001" /><testcase classname="tests.test_core_schemas_coverage.TestCoreSchemasCoverage" name="test_schema_json_serialization" time="0.001" /><testcase classname="tests.test_core_sports_nutrition_coverage.TestSportCategory" name="test_sport_category_values" time="0.001" /><testcase classname="tests.test_core_sports_nutrition_coverage.TestSportCategory" name="test_sport_category_completeness" time="0.001" /><testcase classname="tests.test_core_sports_nutrition_coverage.TestTrainingPhase" name="test_training_phase_values" time="0.001" /><testcase classname="tests.test_core_sports_nutrition_coverage.TestTrainingPhase" name="test_training_phase_completeness" time="0.001" /><testcase classname="tests.test_core_sports_nutrition_coverage.TestSportsNutritionTargets" name="test_create_basic_targets" time="0.001" /><testcase classname="tests.test_core_sports_nutrition_coverage.TestSportsNutritionTargets" name="test_targets_with_optional_none" time="0.001" /><testcase classname="tests.test_core_sports_nutrition_coverage.TestSportsNutritionTargets" name="test_targets_immutability" time="0.001" /><testcase classname="tests.test_core_sports_nutrition_coverage.TestSportsNutritionCalculator" name="test_calculator_constants_exist" time="0.001" /><testcase classname="tests.test_core_sports_nutrition_coverage.TestSportsNutritionCalculator" name="test_protein_requirements_ranges" time="0.001" /><testcase classname="tests.test_core_sports_nutrition_coverage.TestSportsNutritionCalculator" name="test_carb_requirements_ranges" time="0.001" /><testcase classname="tests.test_core_sports_nutrition_coverage.TestSportsNutritionCalculator" name="test_hydration_guidelines_reasonableness" time="0.001" /><testcase classname="tests.test_core_sports_nutrition_coverage.TestSportsNutritionCalculator" name="test_calculator_instantiation" time="0.001" /><testcase classname="tests.test_core_sports_nutrition_coverage.TestSportsNutritionCalculator" name="test_all_sports_covered_in_requirements" time="0.001" /><testcase classname="tests.test_core_sports_nutrition_coverage.TestSportsNutritionCalculator" name="test_evidence_based_values" time="0.001" /><testcase classname="tests.test_core_sports_nutrition_coverage.TestIntegrationScenarios" name="test_endurance_athlete_scenario" time="0.001" /><testcase classname="tests.test_core_sports_nutrition_coverage.TestIntegrationScenarios" name="test_strength_athlete_scenario" time="0.001" /><testcase classname="tests.test_core_sports_nutrition_coverage.TestIntegrationScenarios" name="test_team_sport_scenario" time="0.001" /><testcase classname="tests.test_core_sports_nutrition_coverage.TestIntegrationScenarios" name="test_recreational_athlete_baseline" time="0.001" /><testcase classname="tests.test_core_units_coverage.TestUnitsConversion" name="test_iu_vitd_from_ug_standard_values" time="0.001" /><testcase classname="tests.test_core_units_coverage.TestUnitsConversion" name="test_iu_vitd_from_ug_edge_cases" time="0.001" /><testcase classname="tests.test_core_units_coverage.TestUnitsConversion" name="test_iu_vitd_from_ug_negative_input" time="0.001" /><testcase classname="tests.test_core_units_coverage.TestUnitsConversion" name="test_mg_from_ug_standard_conversions" time="0.001" /><testcase classname="tests.test_core_units_coverage.TestUnitsConversion" name="test_mg_from_ug_precision" time="0.001" /><testcase classname="tests.test_core_units_coverage.TestUnitsConversion" name="test_mg_from_ug_edge_cases" time="0.001" /><testcase classname="tests.test_core_units_coverage.TestUnitsConversion" name="test_mg_from_g_standard_conversions" time="0.001" /><testcase classname="tests.test_core_units_coverage.TestUnitsConversion" name="test_mg_from_g_precision" time="0.001" /><testcase classname="tests.test_core_units_coverage.TestUnitsConversion" name="test_mg_from_g_edge_cases" time="0.001" /><testcase classname="tests.test_core_units_coverage.TestUnitsConversion" name="test_all_functions_with_float_types" time="0.001" /><testcase classname="tests.test_core_units_coverage.TestUnitsConversion" name="test_realistic_nutrition_scenarios" time="0.001" /><testcase classname="tests.test_core_units_coverage.TestUnitsConversion" name="test_chain_conversions" time="0.001" /><testcase classname="tests.test_coverage_97_extra_boost.TestTimeUtils" name="test_now_utc" time="0.001" /><testcase classname="tests.test_coverage_97_extra_boost.TestTimeUtils" name="test_ensure_utc_with_naive_datetime" time="0.001" /><testcase classname="tests.test_coverage_97_extra_boost.TestTimeUtils" name="test_ensure_utc_with_aware_datetime" time="0.001" /><testcase classname="tests.test_coverage_97_extra_boost.TestTimeUtils" name="test_isoformat_utc_with_datetime" time="0.001" /><testcase classname="tests.test_coverage_97_extra_boost.TestTimeUtils" name="test_isoformat_utc_without_datetime" time="0.001" /><testcase classname="tests.test_coverage_97_extra_boost.TestTimeUtils" name="test_parse_iso8601_with_timezone" time="0.001" /><testcase classname="tests.test_coverage_97_extra_boost.TestTimeUtils" name="test_parse_iso8601_without_timezone" time="0.001" /><testcase classname="tests.test_coverage_97_extra_boost.TestTimeUtils" name="test_to_timezone_with_zoneinfo" time="0.002" /><testcase classname="tests.test_coverage_97_extra_boost.TestTimeUtils" name="test_to_timezone_without_zoneinfo" time="0.002" /><testcase classname="tests.test_coverage_97_extra_boost.TestTimeUtils" name="test_local_now" time="0.001" /><testcase classname="tests.test_coverage_97_extra_boost.TestTimeUtils" name="test_local_date_today" time="0.001" /><testcase classname="tests.test_coverage_97_extra_boost.TestUnits" name="test_iu_vitd_from_ug" time="0.001" /><testcase classname="tests.test_coverage_97_extra_boost.TestUnits" name="test_mg_from_ug" time="0.001" /><testcase classname="tests.test_coverage_97_extra_boost.TestUnits" name="test_mg_from_g" time="0.001" /><testcase classname="tests.test_coverage_97_extra_boost.TestAliases" name="test_map_to_canonical_with_empty_string" time="0.001" /><testcase classname="tests.test_coverage_97_extra_boost.TestAliases" name="test_map_to_canonical_with_whitespace" time="0.001" /><testcase classname="tests.test_coverage_97_extra_boost.TestAliases" name="test_map_to_canonical_fallback_conversion" time="0.001" /><testcase classname="tests.test_coverage_97_extra_boost.TestAliases" name="test_map_to_canonical_with_locale" time="0.001" /><testcase classname="tests.test_coverage_97_extra_boost.TestAliases" name="test_add_alias_new_file" time="0.001" /><testcase classname="tests.test_coverage_97_extra_boost.TestAliases" name="test_add_alias_existing_file" time="0.002" /><testcase classname="tests.test_coverage_97_extra_boost.TestUtils" name="test_get_activity_factor_valid_activities" time="0.001" /><testcase classname="tests.test_coverage_97_extra_boost.TestUtils" name="test_get_activity_factor_invalid_activity" time="0.001" /><testcase classname="tests.test_coverage_97_extra_boost.TestUtils" name="test_resolve_attr_with_local_default" time="0.001" /><testcase classname="tests.test_coverage_97_extra_boost.TestUtils" name="test_resolve_attr_with_candidates" time="0.001" /><testcase classname="tests.test_coverage_97_extra_boost.TestDisclaimers" name="test_get_disclaimer_text_medical" time="0.001" /><testcase classname="tests.test_coverage_97_extra_boost.TestDisclaimers" name="test_get_disclaimer_text_legal" time="0.001" /><testcase classname="tests.test_coverage_97_extra_boost.TestDisclaimers" name="test_get_disclaimer_text_privacy" time="0.001" /><testcase classname="tests.test_coverage_97_extra_boost.TestDisclaimers" name="test_get_disclaimer_text_with_special_population" time="0.001" /><testcase classname="tests.test_coverage_97_extra_boost.TestDisclaimers" name="test_get_disclaimer_text_invalid_population" time="0.001" /><testcase classname="tests.test_coverage_97_extra_boost.TestDisclaimers" name="test_get_comprehensive_disclaimer" time="0.001" /><testcase classname="tests.test_coverage_97_extra_boost.TestDisclaimers" name="test_get_comprehensive_disclaimer_with_populations" time="0.001" /><testcase classname="tests.test_coverage_97_extra_boost.TestDisclaimers" name="test_get_professional_referral" time="0.001" /><testcase classname="tests.test_coverage_97_final.TestCoverage97Final" name="test_final_coverage_1" time="0.001" /><testcase classname="tests.test_coverage_97_final.TestCoverage97Final" name="test_final_coverage_2" time="0.002" /><testcase classname="tests.test_coverage_97_final.TestCoverage97Final" name="test_final_coverage_3" time="0.001" /><testcase classname="tests.test_coverage_97_final.TestCoverage97Final" name="test_final_coverage_4" time="0.001" /><testcase classname="tests.test_coverage_97_final.TestCoverage97Final" name="test_final_coverage_5" time="0.001" /><testcase classname="tests.test_coverage_97_final.TestCoverage97Final" name="test_final_coverage_6" time="0.001" /><testcase classname="tests.test_coverage_97_final_boost.TestCoverage97FinalBoost" name="test_core_exports_simple_imports" time="0.001" /><testcase classname="tests.test_coverage_97_final_boost.TestCoverage97FinalBoost" name="test_core_food_apis_unified_db_imports" time="0.001" /><testcase classname="tests.test_coverage_97_final_boost.TestCoverage97FinalBoost" name="test_core_menu_engine_imports" time="0.001" /><testcase classname="tests.test_coverage_97_final_boost.TestCoverage97FinalBoost" name="test_core_plate_imports" time="0.001" /><testcase classname="tests.test_coverage_97_final_boost.TestCoverage97FinalBoost" name="test_core_recommendations_imports" time="0.001" /><testcase classname="tests.test_coverage_97_final_boost.TestCoverage97FinalBoost" name="test_core_product_finder_imports" time="0.001" /><testcase classname="tests.test_coverage_97_final_boost.TestCoverage97FinalBoost" name="test_core_recipe_synth_imports" time="0.001" /><testcase classname="tests.test_coverage_97_final_boost.TestCoverage97FinalBoost" name="test_core_targets_imports" time="0.001" /><testcase classname="tests.test_coverage_97_final_boost.TestCoverage97FinalBoost" name="test_core_time_utils_imports" time="0.001" /><testcase classname="tests.test_coverage_97_final_boost.TestCoverage97FinalBoost" name="test_core_region_catalog_imports" time="0.001" /><testcase classname="tests.test_coverage_97_final_push.TestCoverage97FinalPush" name="test_bmi_public_access_works" time="0.004" /><testcase classname="tests.test_coverage_97_final_push.TestCoverage97FinalPush" name="test_health_and_docs_endpoints_available" time="0.006" /><testcase classname="tests.test_coverage_97_final_push.TestCoverage97FinalPush" name="test_cors_options_supported" time="0.006" /><testcase classname="tests.test_coverage_97_final_push.TestCoverage97FinalPush" name="test_middleware_headers_do_not_break_health" time="0.006" /><testcase classname="tests.test_coverage_97_final_push.TestCoverage97FinalPush" name="test_app_coverage_missing_lines_164_170_169" time="0.007" /><testcase classname="tests.test_coverage_97_final_push.TestCoverage97FinalPush" name="test_app_coverage_missing_lines_205_208_210" time="0.006" /><testcase classname="tests.test_coverage_97_final_push.TestCoverage97FinalPush" name="test_app_coverage_missing_lines_242_246_247" time="0.004" /><testcase classname="tests.test_coverage_97_final_push.TestCoverage97FinalPush" name="test_app_coverage_missing_lines_252_256" time="0.006" /><testcase classname="tests.test_coverage_97_final_push.TestCoverage97FinalPush" name="test_app_coverage_missing_lines_504_505" time="0.007" /><testcase classname="tests.test_coverage_97_final_push.TestCoverage97FinalPush" name="test_app_coverage_missing_lines_978_995_996" time="0.009" /><testcase classname="tests.test_coverage_97_final_push.TestCoverage97FinalPush" name="test_app_coverage_missing_lines_1008_1012" time="0.007" /><testcase classname="tests.test_coverage_97_final_push.TestCoverage97FinalPush" name="test_app_coverage_missing_lines_1045_1049" time="0.004" /><testcase classname="tests.test_coverage_97_final_push.TestCoverage97FinalPush" name="test_app_coverage_missing_lines_1093_1094" time="0.005" /><testcase classname="tests.test_coverage_97_final_push.TestCoverage97FinalPush" name="test_app_coverage_missing_lines_1101_1102" time="0.004" /><testcase classname="tests.test_coverage_97_final_push.TestCoverage97FinalPush" name="test_app_coverage_missing_lines_1109_1112" time="0.005" /><testcase classname="tests.test_coverage_97_final_push.TestCoverage97FinalPush" name="test_app_coverage_missing_lines_1115_1118" time="0.008" /><testcase classname="tests.test_coverage_97_final_push.TestCoverage97FinalPush" name="test_app_coverage_missing_lines_1121_1124" time="0.005" /><testcase classname="tests.test_coverage_97_final_push.TestCoverage97FinalPush" name="test_app_coverage_missing_lines_1197" time="0.005" /><testcase classname="tests.test_coverage_97_final_push.TestCoverage97FinalPush" name="test_app_coverage_missing_lines_1325_1326_1328_1329" time="0.011" /><testcase classname="tests.test_coverage_97_final_push.TestCoverage97FinalPush" name="test_app_coverage_missing_lines_1342_1365" time="0.008" /><testcase classname="tests.test_coverage_97_final_push.TestCoverage97FinalPush" name="test_app_coverage_missing_lines_1505_1508_exit" time="0.003" /><testcase classname="tests.test_coverage_97_final_push.TestCoverage97FinalPush" name="test_app_coverage_missing_lines_1520_1527" time="0.003" /><testcase classname="tests.test_coverage_97_final_push.TestCoverage97FinalPush" name="test_app_coverage_missing_lines_1606_1657_1660" time="0.003" /><testcase classname="tests.test_coverage_97_final_push.TestCoverage97FinalPush" name="test_app_coverage_missing_lines_1732_1735_1739" time="0.004" /><testcase classname="tests.test_coverage_97_final_push.TestCoverage97FinalPush" name="test_app_coverage_missing_lines_1869_1870_1872_1873" time="0.003" /><testcase classname="tests.test_coverage_97_final_push.TestCoverage97FinalPush" name="test_app_coverage_missing_lines_1904_1954_1966_1960_1959" time="0.003" /><testcase classname="tests.test_coverage_97_final_push.TestCoverage97FinalPush" name="test_app_coverage_missing_lines_1987_2014_2061_2064_2065" time="0.003" /><testcase classname="tests.test_coverage_97_final_push.TestCoverage97FinalPush" name="test_app_coverage_missing_lines_2095_2118_2151_2153" time="0.005" /><testcase classname="tests.test_coverage_97_final_push.TestCoverage97FinalPush" name="test_app_coverage_missing_lines_2271_2272_2372_2400_2426" time="0.173" /><testcase classname="tests.test_coverage_97_final_push.TestCoverage97FinalPush" name="test_app_coverage_missing_lines_2513_2586_2593_2600" time="0.003" /><testcase classname="tests.test_coverage_97_final_push.TestCoverage97FinalPush" name="test_app_coverage_missing_lines_2693_2699_2706_2718_2722_2722_exit" time="0.004" /><testcase classname="tests.test_coverage_97_simple.TestCoverage97Simple" name="test_conftest_fixture_coverage" time="0.001" /><testcase classname="tests.test_coverage_97_simple.TestCoverage97Simple" name="test_app_import_coverage" time="0.001" /><testcase classname="tests.test_coverage_97_simple.TestCoverage97Simple" name="test_app_health_endpoint_coverage" time="0.003" /><testcase classname="tests.test_coverage_97_simple.TestCoverage97Simple" name="test_app_root_endpoint_coverage" time="0.003" /><testcase classname="tests.test_coverage_97_simple.TestCoverage97Simple" name="test_app_docs_endpoint_coverage" time="0.003" /><testcase classname="tests.test_coverage_97_simple.TestCoverage97Simple" name="test_app_openapi_endpoint_coverage" time="0.006" /><testcase classname="tests.test_coverage_97_simple.TestCoverage97Simple" name="test_app_bmi_endpoint_coverage" time="0.004" /><testcase classname="tests.test_coverage_97_simple.TestCoverage97Simple" name="test_app_bodyfat_endpoint_coverage" time="0.004" /><testcase classname="tests.test_coverage_97_simple.TestCoverage97Simple" name="test_app_metrics_endpoint_coverage" time="0.004" /><testcase classname="tests.test_coverage_97_simple.TestCoverage97Simple" name="test_app_admin_status_endpoint_coverage" time="0.004" /><testcase classname="tests.test_coverage_97_simple.TestCoverage97Simple" name="test_vip_weekly_menu_endpoint_coverage" time="0.006" /><testcase classname="tests.test_coverage_97_simple.TestCoverage97Simple" name="test_vip_recipes_endpoint_coverage" time="0.005" /><testcase classname="tests.test_coverage_97_simple.TestCoverage97Simple" name="test_vip_auto_repair_endpoint_coverage" time="0.006" /><testcase classname="tests.test_coverage_97_simple.TestCoverage97Simple" name="test_app_error_handling_coverage" time="0.007" /><testcase classname="tests.test_coverage_97_simple.TestCoverage97Simple" name="test_app_cors_coverage" time="0.004" /><testcase classname="tests.test_coverage_97_simple.TestCoverage97Simple" name="test_app_middleware_coverage" time="0.003" /><testcase classname="tests.test_coverage_97_simple.TestCoverage97Simple" name="test_app_lifespan_coverage" time="0.004" /><testcase classname="tests.test_coverage_97_simple.TestCoverage97Simple" name="test_app_router_coverage" time="0.001" /><testcase classname="tests.test_coverage_97_simple.TestCoverage97Simple" name="test_app_exception_handlers_coverage" time="0.001" /><testcase classname="tests.test_coverage_97_simple.TestCoverage97Simple" name="test_app_user_middleware_coverage" time="0.002" /><testcase classname="tests.test_coverage_97_super_final.TestCoverage97SuperFinal" name="test_super_final_1" time="0.002" /><testcase classname="tests.test_coverage_97_super_final.TestCoverage97SuperFinal" name="test_super_final_2" time="0.001" /><testcase classname="tests.test_coverage_97_super_final.TestCoverage97SuperFinal" name="test_super_final_3" time="0.001" /><testcase classname="tests.test_coverage_97_super_final.TestCoverage97SuperFinal" name="test_super_final_4" time="0.001" /><testcase classname="tests.test_coverage_97_super_final.TestCoverage97SuperFinal" name="test_super_final_5" time="0.001" /><testcase classname="tests.test_coverage_97_super_final.TestCoverage97SuperFinal" name="test_super_final_6" time="0.001" /><testcase classname="tests.test_coverage_97_super_final.TestCoverage97SuperFinal" name="test_super_final_7" time="0.001" /><testcase classname="tests.test_coverage_97_super_final.TestCoverage97SuperFinal" name="test_super_final_8" time="0.001" /><testcase classname="tests.test_coverage_97_targeted.TestCoverage97Targeted" name="test_conftest_coverage_lines_40_43_57_58" time="0.001" /><testcase classname="tests.test_coverage_97_targeted.TestCoverage97Targeted" name="test_app_basic_endpoints[/health-GET-200-None-None]" time="0.004" /><testcase classname="tests.test_coverage_97_targeted.TestCoverage97Targeted" name="test_app_basic_endpoints[/docs-GET-200-None-None]" time="0.003" /><testcase classname="tests.test_coverage_97_targeted.TestCoverage97Targeted" name="test_app_basic_endpoints[/openapi.json-GET-200-None-None]" time="0.005" /><testcase classname="tests.test_coverage_97_targeted.TestCoverage97Targeted" name="test_app_basic_endpoints[/metrics-GET-200-None-None]" time="0.003" /><testcase classname="tests.test_coverage_97_targeted.TestCoverage97Targeted" name="test_app_basic_endpoints[/api/v1/category?bmi=22.5&amp;lang=ru-GET-404-None-None]" time="0.004" /><testcase classname="tests.test_coverage_97_targeted.TestCoverage97Targeted" name="test_app_basic_endpoints[/api/v1/wht_ratio?waist=80&amp;height=170-GET-404-None-None]" time="0.003" /><testcase classname="tests.test_coverage_97_targeted.TestCoverage97Targeted" name="test_app_basic_endpoints[/nonexistent-GET-404-None-None]" time="0.004" /><testcase classname="tests.test_coverage_97_targeted.TestCoverage97Targeted" name="test_app_calculation_endpoints[/api/v1/bmi-payload0-200-headers0]" time="0.004" /><testcase classname="tests.test_coverage_97_targeted.TestCoverage97Targeted" name="test_app_calculation_endpoints[/api/v1/bodyfat-payload1-200-headers1]" time="0.004" /><testcase classname="tests.test_coverage_97_targeted.TestCoverage97Targeted" name="test_app_calculation_endpoints[/api/v1/insight-payload2-200-headers2]" time="0.005" /><testcase classname="tests.test_coverage_97_targeted.TestCoverage97Targeted" name="test_app_calculation_endpoints[/api/v1/compute_wht_ratio-payload3-200-headers3]" time="0.004" /><testcase classname="tests.test_coverage_97_targeted.TestCoverage97Targeted" name="test_app_premium_endpoints[/api/v1/premium/targets-payload0-200-headers0]" time="0.006" /><testcase classname="tests.test_coverage_97_targeted.TestCoverage97Targeted" name="test_app_premium_endpoints[/premium_targets-payload1-200-headers1]" time="0.004" /><testcase classname="tests.test_coverage_97_targeted.TestCoverage97Targeted" name="test_app_premium_endpoints[/premium_bmr-payload2-200-headers2]" time="0.003" /><testcase classname="tests.test_coverage_97_targeted.TestCoverage97Targeted" name="test_app_vip_endpoints[/api/v1/vip/menu/weekly/plan-payload0-200-headers0]" time="0.008" /><testcase classname="tests.test_coverage_97_targeted.TestCoverage97Targeted" name="test_app_vip_endpoints[/api/v1/vip/recipes/weekly-payload1-200-headers1]" time="0.005" /><testcase classname="tests.test_coverage_97_targeted.TestCoverage97Targeted" name="test_app_cors_middleware" time="0.003" /><testcase classname="tests.test_coverage_97_targeted.TestCoverage97Targeted" name="test_app_admin_endpoints" time="0.004" /><testcase classname="tests.test_coverage_97_targeted.TestCoverage97Targeted" name="test_app_premium_disabled_environment" time="0.003" /><testcase classname="tests.test_coverage_97_targeted.TestCoverage97Targeted" name="test_app_production_environment" time="0.003" /><testcase classname="tests.test_coverage_97_targeted.TestCoverage97Targeted" name="test_app_lifespan_events" time="0.003" /><testcase classname="tests.test_coverage_97_targeted.TestCoverage97Targeted" name="test_app_exception_handlers" time="0.003" /><testcase classname="tests.test_coverage_97_targeted.TestCoverage97Targeted" name="test_app_middleware_setup" time="0.004" /><testcase classname="tests.test_coverage_97_targeted.TestCoverage97Targeted" name="test_app_router_inclusion" time="0.003" /><testcase classname="tests.test_coverage_97_targeted.TestCoverage97Targeted" name="test_app_openapi_generation" time="0.004" /><testcase classname="tests.test_coverage_97_targeted.TestCoverage97Targeted" name="test_app_creation_and_initialization" time="0.003" /><testcase classname="tests.test_coverage_97_ultimate_boost.TestCoverage97UltimateBoost" name="test_app_coverage_ultimate_boost_missing_lines_66_68" time="0.008" /><testcase classname="tests.test_coverage_97_ultimate_boost.TestCoverage97UltimateBoost" name="test_app_coverage_ultimate_boost_missing_lines_98_105_115" time="0.012" /><testcase classname="tests.test_coverage_97_ultimate_boost.TestCoverage97UltimateBoost" name="test_app_coverage_ultimate_boost_missing_lines_130_132" time="0.006" /><testcase classname="tests.test_coverage_97_ultimate_boost.TestCoverage97UltimateBoost" name="test_app_coverage_ultimate_boost_missing_lines_144_148_147" time="0.012" /><testcase classname="tests.test_coverage_97_ultimate_boost.TestCoverage97UltimateBoost" name="test_app_coverage_ultimate_boost_missing_lines_164_170_169" time="0.031" /><testcase classname="tests.test_coverage_97_ultimate_boost.TestCoverage97UltimateBoost" name="test_app_coverage_ultimate_boost_missing_lines_205_208_210" time="0.009" /><testcase classname="tests.test_coverage_97_ultimate_boost.TestCoverage97UltimateBoost" name="test_app_coverage_ultimate_boost_missing_lines_242_246_247" time="0.010" /><testcase classname="tests.test_coverage_97_ultimate_boost.TestCoverage97UltimateBoost" name="test_app_coverage_ultimate_boost_missing_lines_252_256" time="0.010" /><testcase classname="tests.test_coverage_97_ultimate_boost.TestCoverage97UltimateBoost" name="test_app_coverage_ultimate_boost_missing_lines_504_505" time="0.012" /><testcase classname="tests.test_coverage_97_ultimate_boost.TestCoverage97UltimateBoost" name="test_app_coverage_ultimate_boost_missing_lines_978_995_996" time="0.012" /><testcase classname="tests.test_coverage_97_ultimate_boost.TestCoverage97UltimateBoost" name="test_app_coverage_ultimate_boost_missing_lines_1008_1012" time="0.016" /><testcase classname="tests.test_coverage_97_ultimate_boost.TestCoverage97UltimateBoost" name="test_app_coverage_ultimate_boost_missing_lines_1045_1049" time="0.010" /><testcase classname="tests.test_coverage_97_ultimate_boost.TestCoverage97UltimateBoost" name="test_app_coverage_ultimate_boost_missing_lines_1093_1094" time="0.009" /><testcase classname="tests.test_coverage_97_ultimate_boost.TestCoverage97UltimateBoost" name="test_app_coverage_ultimate_boost_missing_lines_1101_1102" time="0.009" /><testcase classname="tests.test_coverage_97_ultimate_boost.TestCoverage97UltimateBoost" name="test_app_coverage_ultimate_boost_missing_lines_1109_1112" time="0.011" /><testcase classname="tests.test_coverage_97_ultimate_boost.TestCoverage97UltimateBoost" name="test_app_coverage_ultimate_boost_missing_lines_1115_1118" time="0.018" /><testcase classname="tests.test_coverage_97_ultimate_boost.TestCoverage97UltimateBoost" name="test_app_coverage_ultimate_boost_missing_lines_1121_1124" time="0.010" /><testcase classname="tests.test_coverage_97_ultimate_boost.TestCoverage97UltimateBoost" name="test_app_coverage_ultimate_boost_missing_lines_1197" time="0.010" /><testcase classname="tests.test_coverage_97_ultimate_boost.TestCoverage97UltimateBoost" name="test_app_coverage_ultimate_boost_missing_lines_1325_1326_1328_1329" time="0.031" /><testcase classname="tests.test_coverage_97_ultimate_boost.TestCoverage97UltimateBoost" name="test_app_coverage_ultimate_boost_missing_lines_1342_1365" time="0.017" /><testcase classname="tests.test_coverage_97_ultimate_boost.TestCoverage97UltimateBoost" name="test_app_coverage_ultimate_boost_missing_lines_1505_1508_exit" time="0.004" /><testcase classname="tests.test_coverage_97_ultimate_boost.TestCoverage97UltimateBoost" name="test_app_coverage_ultimate_boost_missing_lines_1520_1527" time="0.003" /><testcase classname="tests.test_coverage_97_ultimate_boost.TestCoverage97UltimateBoost" name="test_app_coverage_ultimate_boost_missing_lines_1606_1657_1660" time="0.004" /><testcase classname="tests.test_coverage_97_ultimate_boost.TestCoverage97UltimateBoost" name="test_app_coverage_ultimate_boost_missing_lines_1732_1735_1739" time="0.003" /><testcase classname="tests.test_coverage_97_ultimate_boost.TestCoverage97UltimateBoost" name="test_app_coverage_ultimate_boost_missing_lines_1869_1870_1872_1873" time="0.003" /><testcase classname="tests.test_coverage_97_ultimate_boost.TestCoverage97UltimateBoost" name="test_app_coverage_ultimate_boost_missing_lines_1904_1954_1966_1960_1959" time="0.003" /><testcase classname="tests.test_coverage_97_ultimate_boost.TestCoverage97UltimateBoost" name="test_app_coverage_ultimate_boost_missing_lines_1987_2014_2061_2064_2065" time="0.004" /><testcase classname="tests.test_coverage_97_ultimate_boost.TestCoverage97UltimateBoost" name="test_app_coverage_ultimate_boost_missing_lines_2095_2118_2151_2153" time="0.004" /><testcase classname="tests.test_coverage_97_ultimate_boost.TestCoverage97UltimateBoost" name="test_app_coverage_ultimate_boost_missing_lines_2271_2272_2372_2400_2426" time="0.004" /><testcase classname="tests.test_coverage_97_ultimate_boost.TestCoverage97UltimateBoost" name="test_app_coverage_ultimate_boost_missing_lines_2513_2586_2593_2600" time="0.005" /><testcase classname="tests.test_coverage_97_ultimate_boost.TestCoverage97UltimateBoost" name="test_app_coverage_ultimate_boost_missing_lines_2693_2699_2706_2718_2722_2722_exit" time="0.004" /><testcase classname="tests.test_coverage_97_ultimate_final.TestCoverage97UltimateFinal" name="test_app_openapi_schema" time="0.182" /><testcase classname="tests.test_coverage_97_ultimate_final.TestCoverage97UltimateFinal" name="test_app_docs_endpoint" time="0.003" /><testcase classname="tests.test_coverage_97_ultimate_final.TestCoverage97UltimateFinal" name="test_app_redoc_endpoint" time="0.003" /><testcase classname="tests.test_coverage_97_ultimate_final.TestCoverage97UltimateFinal" name="test_app_bmi_with_all_params" time="0.003" /><testcase classname="tests.test_coverage_97_ultimate_final.TestCoverage97UltimateFinal" name="test_app_bodyfat_with_all_params" time="0.004" /><testcase classname="tests.test_coverage_97_ultimate_final.TestCoverage97UltimateFinal" name="test_app_insight_with_lang" time="0.003" /><testcase classname="tests.test_coverage_97_ultimate_final.TestCoverage97UltimateFinal" name="test_app_premium_bmr_with_lang" time="0.004" /><testcase classname="tests.test_coverage_97_ultimate_final.TestCoverage97UltimateFinal" name="test_app_premium_tdee_with_lang" time="0.003" /><testcase classname="tests.test_coverage_97_ultimate_final.TestCoverage97UltimateFinal" name="test_app_premium_plate_with_lang" time="0.005" /><testcase classname="tests.test_coverage_97_ultimate_final.TestCoverage97UltimateFinal" name="test_app_premium_gaps_with_lang" time="0.005" /><testcase classname="tests.test_coverage_97_ultimate_final.TestCoverage97UltimateFinal" name="test_app_vip_echo_with_lang" time="0.003" /><testcase classname="tests.test_coverage_97_ultimate_final.TestCoverage97UltimateFinal" name="test_app_vip_weekly_menu_with_lang" time="0.003" /><testcase classname="tests.test_coverage_97_ultimate_final.TestCoverage97UltimateFinal" name="test_app_vip_recipes_with_lang" time="0.003" /><testcase classname="tests.test_coverage_97_ultimate_final.TestCoverage97UltimateFinal" name="test_app_vip_shoplist_with_lang" time="0.003" /><testcase classname="tests.test_coverage_97_ultimate_final.TestCoverage97UltimateFinal" name="test_app_vip_auto_repair_with_lang" time="0.003" /><testcase classname="tests.test_coverage_97_ultimate_final.TestCoverage97UltimateFinal" name="test_app_vip_region_catalog_with_lang" time="0.003" /><testcase classname="tests.test_coverage_97_ultimate_final.TestCoverage97UltimateFinal" name="test_app_vip_product_search_with_lang" time="0.003" /><testcase classname="tests.test_coverage_97_ultimate_final.TestCoverage97UltimateFinal" name="test_app_vip_nutrition_analysis_with_lang" time="0.005" /><testcase classname="tests.test_coverage_97_ultimate_final.TestCoverage97UltimateFinal" name="test_app_vip_user_profile_with_lang" time="0.004" /><testcase classname="tests.test_coverage_97_ultimate_final.TestCoverage97UltimateFinal" name="test_app_vip_micronutrient_targets_with_lang" time="0.003" /><testcase classname="tests.test_coverage_boost.TestMenuEngineCoverage" name="test_make_daily_menu_basic" time="0.002" /><testcase classname="tests.test_coverage_boost.TestMenuEngineCoverage" name="test_make_weekly_menu_basic" time="0.002" /><testcase classname="tests.test_coverage_boost.TestMenuEngineCoverage" name="test_analyze_nutrient_gaps_basic" time="0.001" /><testcase classname="tests.test_coverage_boost.TestRecommendationsCoverage" name="test_build_nutrition_targets_variations" time="0.001" /><testcase classname="tests.test_coverage_boost.TestRecommendationsCoverage" name="test_calculate_coverage_score_basic" time="0.001" /><testcase classname="tests.test_coverage_boost.TestWHORulesBasics" name="test_who_requirements_structure" time="0.001" /><testcase classname="tests.test_coverage_boost.TestWHORulesBasics" name="test_age_groups_exist" time="0.001" /><testcase classname="tests.test_coverage_boost.TestTargetsBasics" name="test_user_profile_creation" time="0.001" /><testcase classname="tests.test_coverage_boost.TestTargetsBasics" name="test_profile_edge_cases" time="0.001" /><testcase classname="tests.test_coverage_boost.TestErrorHandling" name="test_invalid_inputs_handling" time="0.001" /><testcase classname="tests.test_coverage_boost.TestErrorHandling" name="test_mock_food_database_access" time="0.001" /><testcase classname="tests.test_coverage_boost.TestLifeStageIntegrationQuick" name="test_lifestage_edge_cases" time="0.001" /><testcase classname="tests.test_coverage_boost.TestLifeStageIntegrationQuick" name="test_invalid_age_lifestage" time="0.001" /><testcase classname="tests.test_coverage_boost_96.TestCoverageBoost96" name="test_get_update_scheduler_late_import" time="0.003" /><testcase classname="tests.test_coverage_boost_96.TestCoverageBoost96" name="test_legacy_category_label_exception_handling" time="0.001" /><testcase classname="tests.test_coverage_boost_96.TestCoverageBoost96" name="test_legacy_category_label_ru_overweight" time="0.001" /><testcase classname="tests.test_coverage_boost_96.TestCoverageBoost96" name="test_legacy_category_label_en_healthy" time="0.001" /><testcase classname="tests.test_coverage_boost_96.TestCoverageBoost96" name="test_legacy_category_label_other_languages" time="0.001" /><testcase classname="tests.test_coverage_boost_96.TestCoverageBoost96" name="test_app_initialization_edge_cases" time="0.001" /><testcase classname="tests.test_coverage_boost_96.TestCoverageBoost96" name="test_rate_limiting_availability_check" time="0.001" /><testcase classname="tests.test_coverage_boost_96.TestCoverageBoost96" name="test_app_routes_coverage" time="0.005" /><testcase classname="tests.test_coverage_boost_96.TestCoverageBoost96" name="test_bmi_endpoint_edge_cases" time="0.004" /><testcase classname="tests.test_coverage_boost_96.TestCoverageBoost96" name="test_plan_endpoint_edge_cases" time="0.004" /><testcase classname="tests.test_coverage_boost_96.TestCoverageBoost96" name="test_premium_bmr_endpoint_coverage" time="0.004" /><testcase classname="tests.test_coverage_boost_96.TestCoverageBoost96" name="test_premium_plate_endpoint_coverage" time="0.005" /><testcase classname="tests.test_coverage_boost_96.TestCoverageBoost96" name="test_export_endpoints_coverage" time="0.005" /><testcase classname="tests.test_coverage_boost_96.TestCoverageBoost96" name="test_admin_endpoints_coverage" time="0.003" /><testcase classname="tests.test_coverage_boost_96.TestCoverageBoost96" name="test_metrics_endpoint_coverage" time="0.003" /><testcase classname="tests.test_coverage_boost_96.TestCoverageBoost96" name="test_error_handling_coverage" time="0.004" /><testcase classname="tests.test_coverage_boost_96.TestCoverageBoost96" name="test_language_handling_coverage" time="0.007" /><testcase classname="tests.test_coverage_boost_96.TestCoverageBoost96" name="test_age_edge_cases_coverage" time="0.010" /><testcase classname="tests.test_coverage_boost_96.TestCoverageBoost96" name="test_activity_levels_coverage" time="0.017" /><testcase classname="tests.test_coverage_boost_simple_97.TestCoverageBoostSimple" name="test_app_import_fallbacks" time="0.003" /><testcase classname="tests.test_coverage_boost_simple_97.TestCoverageBoostSimple" name="test_app_utils_fallbacks" time="0.002" /><testcase classname="tests.test_coverage_boost_simple_97.TestCoverageBoostSimple" name="test_health_endpoint" time="0.003" /><testcase classname="tests.test_coverage_boost_simple_97.TestCoverageBoostSimple" name="test_root_endpoint" time="0.002" /><testcase classname="tests.test_coverage_boost_simple_97.TestCoverageBoostSimple" name="test_favicon_endpoint" time="0.003" /><testcase classname="tests.test_coverage_boost_simple_97.TestCoverageBoostSimple" name="test_bmi_endpoint_validation" time="0.003" /><testcase classname="tests.test_coverage_boost_simple_97.TestCoverageBoostSimple" name="test_bmi_endpoint_invalid_data" time="0.004" /><testcase classname="tests.test_coverage_boost_simple_97.TestCoverageBoostSimple" name="test_bmi_endpoint_missing_fields" time="0.004" /><testcase classname="tests.test_coverage_boost_simple_97.TestCoverageBoostSimple" name="test_bmi_endpoint_extreme_values" time="0.004" /><testcase classname="tests.test_coverage_boost_simple_97.TestCoverageBoostSimple" name="test_bmi_endpoint_unicode" time="0.003" /><testcase classname="tests.test_coverage_boost_simple_97.TestCoverageBoostSimple" name="test_large_request" time="0.005" /><testcase classname="tests.test_coverage_boost_simple_97.TestCoverageBoostSimple" name="test_malformed_json" time="0.004" /><testcase classname="tests.test_coverage_boost_simple_97.TestCoverageBoostSimple" name="test_concurrent_requests" time="0.006" /><testcase classname="tests.test_coverage_boost_simple_97.TestCoverageBoostSimple" name="test_missing_imports" time="0.002" /><testcase classname="tests.test_coverage_boost_simple_97.TestCoverageBoostSimple" name="test_scheduler_import" time="0.003" /><testcase classname="tests.test_coverage_boost_simple_97.TestCoverageBoostSimple" name="test_import_error_handling" time="0.003" /><testcase classname="tests.test_coverage_boost_simple_97.TestCoverageBoostSimple" name="test_timeout_handling" time="0.004" /><testcase classname="tests.test_coverage_boost_simple_97.TestCoverageBoostSimple" name="test_memory_error_handling" time="0.003" /><testcase classname="tests.test_coverage_boost_simple_97.TestCoverageBoostSimple" name="test_permission_error_handling" time="0.003" /><testcase classname="tests.test_coverage_boost_simple_97.TestCoverageBoostSimple" name="test_connection_error_handling" time="0.003" /><testcase classname="tests.test_coverage_boost_simple_97.TestCoverageBoostSimple" name="test_unicode_in_url" time="0.003" /><testcase classname="tests.test_coverage_boost_simple_97.TestCoverageBoostSimple" name="test_special_characters_in_url" time="0.004" /><testcase classname="tests.test_coverage_boost_simple_97.TestCoverageBoostSimple" name="test_very_long_url" time="0.003" /><testcase classname="tests.test_coverage_boost_simple_97.TestCoverageBoostSimple" name="test_empty_request_body" time="0.005" /><testcase classname="tests.test_coverage_boost_simple_97.TestCoverageBoostSimple" name="test_none_request_body" time="0.003" /><testcase classname="tests.test_coverage_boost_simple_97.TestCoverageBoostSimple" name="test_invalid_content_type" time="0.004" /><testcase classname="tests.test_coverage_boost_simple_97.TestCoverageBoostSimple" name="test_missing_content_type" time="0.004" /><testcase classname="tests.test_coverage_boost_simple_97.TestCoverageBoostSimple" name="test_http_methods" time="0.009" /><testcase classname="tests.test_coverage_boost_simple_97.TestCoverageBoostSimple" name="test_error_responses" time="0.004" /><testcase classname="tests.test_coverage_boost_simple_97.TestCoverageBoostSimple" name="test_edge_case_headers" time="0.003" /><testcase classname="tests.test_coverage_boost_simple_97.TestCoverageBoostSimple" name="test_large_headers" time="0.002" /><testcase classname="tests.test_coverage_boost_simple_97.TestCoverageBoostSimple" name="test_multiple_headers" time="0.003" /><testcase classname="tests.test_coverage_boost_simple_97.TestCoverageBoostSimple" name="test_unicode_headers" time="0.003" /><testcase classname="tests.test_coverage_boost_simple_97.TestCoverageBoostSimple" name="test_special_header_values" time="0.003" /><testcase classname="tests.test_coverage_boost_simple_97.TestCoverageBoostSimple" name="test_empty_headers" time="0.003" /><testcase classname="tests.test_coverage_boost_simple_97.TestCoverageBoostSimple" name="test_none_headers" time="0.003" /><testcase classname="tests.test_coverage_final_boost.TestCoverageFinalBoost" name="test_fix_failing_tests_coverage" time="0.002" /><testcase classname="tests.test_coverage_final_boost.TestCoverageFinalBoost" name="test_mcp_pulseplate_server_coverage" time="0.002" /><testcase classname="tests.test_coverage_final_boost.TestCoverageFinalBoost" name="test_setup_custom_mcp_coverage" time="0.001"><skipped type="pytest.skip" message="main function not available">/Users/katsiaryna_kavaleuskaya/Developer/BMI-App_2025_clean/tests/test_coverage_final_boost.py:42: main function not available</skipped></testcase><testcase classname="tests.test_coverage_final_boost.TestCoverageFinalBoost" name="test_test_pro_access_coverage" time="0.002" /><testcase classname="tests.test_coverage_final_boost.TestCoverageFinalBoost" name="test_optional_modules_coverage[mcp_pulseplate_server]" time="0.001" /><testcase classname="tests.test_coverage_final_boost.TestCoverageFinalBoost" name="test_optional_modules_coverage[setup_custom_mcp]" time="0.001" /><testcase classname="tests.test_coverage_final_boost.TestCoverageFinalBoost" name="test_optional_modules_coverage[test_pro_access]" time="0.001" /><testcase classname="tests.test_coverage_final_boost.TestCoverageFinalBoost" name="test_optional_modules_coverage[update_api_key]" time="0.001" /><testcase classname="tests.test_coverage_final_boost.TestCoverageFinalBoost" name="test_app_missing_lines_coverage" time="0.001" /><testcase classname="tests.test_coverage_final_boost.TestCoverageFinalBoost" name="test_app_import_coverage" time="0.001" /><testcase classname="tests.test_coverage_final_boost.TestCoverageFinalBoost" name="test_providers_init_coverage" time="0.001" /><testcase classname="tests.test_coverage_final_boost.TestCoverageFinalBoost" name="test_app_init_coverage" time="0.001" /><testcase classname="tests.test_coverage_final_boost.TestCoverageFinalBoost" name="test_router_init_coverage" time="0.001" /><testcase classname="tests.test_coverage_final_boost.TestCoverageFinalBoost" name="test_food_apis_init_coverage" time="0.001" /><testcase classname="tests.test_coverage_final_boost.TestCoverageFinalBoost" name="test_simple_coverage_boost" time="0.001" /><testcase classname="tests.test_coverage_final_boost.TestCoverageFinalBoost" name="test_another_simple_coverage_boost" time="0.001" /><testcase classname="tests.test_coverage_final_boost.TestCoverageFinalBoost" name="test_yet_another_simple_coverage_boost" time="0.001" /><testcase classname="tests.test_coverage_final_push.TestFinalCoveragePush" name="test_app_import_fallbacks" time="0.054" /><testcase classname="tests.test_coverage_final_push.TestFinalCoveragePush" name="test_vip_import_fallbacks" time="0.109" /><testcase classname="tests.test_coverage_final_push.TestFinalCoveragePush" name="test_premium_bmr_calculator_endpoint" time="0.122" /><testcase classname="tests.test_coverage_final_push.TestFinalCoveragePush" name="test_premium_targets_error_handling" time="0.110" /><testcase classname="tests.test_coverage_final_push.TestFinalCoveragePush" name="test_food_search_edge_cases" time="0.108" /><testcase classname="tests.test_coverage_final_push.TestFinalCoveragePush" name="test_bmi_pro_edge_cases" time="0.067" /><testcase classname="tests.test_coverage_final_push.TestFinalCoveragePush" name="test_weekly_plan_endpoint_errors" time="0.060" /><testcase classname="tests.test_coverage_final_push.TestFinalCoveragePush" name="test_health_endpoint_comprehensive" time="0.061" /><testcase classname="tests.test_coverage_final_push.TestFinalCoveragePush" name="test_export_functionality" time="0.060" /><testcase classname="tests.test_coverage_final_push.TestFinalCoveragePush" name="test_spanish_localization_paths" time="0.060" /><testcase classname="tests.test_coverage_final_push.TestFinalCoveragePush" name="test_vip_comprehensive_coverage" time="0.000"><skipped type="pytest.skip" message="VIP module not enabled">/Users/katsiaryna_kavaleuskaya/Developer/BMI-App_2025_clean/tests/test_coverage_final_push.py:196: VIP module not enabled</skipped></testcase><testcase classname="tests.test_coverage_final_push.TestFinalCoveragePush" name="test_error_middleware_paths" time="0.067" /><testcase classname="tests.test_coverage_final_push.TestFinalCoveragePush" name="test_cors_middleware" time="0.067" /><testcase classname="tests.test_coverage_final_push.TestFinalCoveragePush" name="test_malformed_json_handling" time="0.065" /><testcase classname="tests.test_coverage_final_push.TestFinalCoveragePush" name="test_large_payload_handling" time="0.064" /><testcase classname="tests.test_coverage_improvement.TestCoverageImprovement" name="test_app_py_uncovered_lines" time="0.006" /><testcase classname="tests.test_coverage_improvement.TestCoverageImprovement" name="test_bmi_visualize_endpoint_uncovered_paths" time="0.006" /><testcase classname="tests.test_coverage_improvement.TestCoverageImprovement" name="test_insight_endpoints_uncovered_paths" time="0.008" /><testcase classname="tests.test_coverage_improvement.TestCoverageImprovement" name="test_scheduler_uncovered_lines" time="0.030" /><testcase classname="tests.test_coverage_improvement.TestCoverageImprovement" name="test_unified_db_uncovered_lines" time="0.019" /><testcase classname="tests.test_coverage_improvement.TestCoverageImprovement" name="test_update_manager_uncovered_lines" time="0.006" /><testcase classname="tests.test_coverage_improvement.TestCoverageImprovement" name="test_menu_engine_uncovered_lines" time="0.002" /><testcase classname="tests.test_critical_blocks_targets_gaps.TestWHOTargetsEndpoint" name="test_who_targets_unavailable_path" time="0.005" /><testcase classname="tests.test_critical_blocks_targets_gaps.TestWHOTargetsEndpoint" name="test_who_targets_with_various_profiles" time="0.015" /><testcase classname="tests.test_critical_blocks_targets_gaps.TestWHOTargetsEndpoint" name="test_who_targets_error_handling" time="0.016" /><testcase classname="tests.test_critical_blocks_targets_gaps.TestNutrientGapsEndpoint" name="test_nutrient_gaps_unavailable_path" time="0.005" /><testcase classname="tests.test_critical_blocks_targets_gaps.TestNutrientGapsEndpoint" name="test_nutrient_gaps_build_targets_unavailable" time="0.004" /><testcase classname="tests.test_critical_blocks_targets_gaps.TestNutrientGapsEndpoint" name="test_nutrient_gaps_various_profiles" time="0.007" /><testcase classname="tests.test_critical_blocks_targets_gaps.TestNutrientGapsEndpoint" name="test_nutrient_gaps_error_handling" time="0.006" /><testcase classname="tests.test_critical_blocks_targets_gaps.TestAdditionalCriticalCoverage" name="test_api_key_validation_scenarios" time="0.007" /><testcase classname="tests.test_critical_blocks_targets_gaps.TestAdditionalCriticalCoverage" name="test_import_error_simulation" time="0.012" /><testcase classname="tests.test_daily_plate.TestCreateDailyPlate" name="test_create_daily_plate_basic" time="0.002" /><testcase classname="tests.test_daily_plate.TestCreateDailyPlate" name="test_create_daily_plate_with_provided_databases" time="0.002" /><testcase classname="tests.test_daily_plate.TestCreateDailyPlate" name="test_create_daily_plate_meal_splits" time="0.003" /><testcase classname="tests.test_daily_plate.TestCreateMeal" name="test_create_meal_with_recipe" time="0.003" /><testcase classname="tests.test_daily_plate.TestCreateMeal" name="test_create_meal_fallback" time="0.002" /><testcase classname="tests.test_daily_plate.TestFindRecipeForMeal" name="test_find_recipe_for_breakfast" time="0.001" /><testcase classname="tests.test_daily_plate.TestFindRecipeForMeal" name="test_find_recipe_for_lunch" time="0.001" /><testcase classname="tests.test_daily_plate.TestFindRecipeForMeal" name="test_find_recipe_no_specific_match" time="0.001" /><testcase classname="tests.test_daily_plate.TestFindRecipeForMeal" name="test_find_recipe_no_compatible_recipe" time="0.001" /><testcase classname="tests.test_daily_plate.TestIsCompatibleWithFlags" name="test_vegetarian_compatibility" time="0.001" /><testcase classname="tests.test_daily_plate.TestIsCompatibleWithFlags" name="test_vegetarian_incompatibility" time="0.001" /><testcase classname="tests.test_daily_plate.TestIsCompatibleWithFlags" name="test_gluten_free_compatibility" time="0.001" /><testcase classname="tests.test_daily_plate.TestIsCompatibleWithFlags" name="test_gluten_free_incompatibility" time="0.001" /><testcase classname="tests.test_daily_plate.TestIsCompatibleWithFlags" name="test_no_dietary_restrictions" time="0.001" /><testcase classname="tests.test_daily_plate.TestIsCompatibleWithFlags" name="test_multiple_flags_compatibility" time="0.001" /><testcase classname="tests.test_daily_plate.TestCalculateMicroCoverage" name="test_calculate_micro_coverage_basic" time="0.001" /><testcase classname="tests.test_daily_plate.TestCalculateMicroCoverage" name="test_calculate_micro_coverage_different_calories" time="0.001" /><testcase classname="tests.test_daily_plate.TestCalculateMicroCoverage" name="test_calculate_micro_coverage_cap_at_200_percent" time="0.001" /><testcase classname="tests.test_daily_plate.TestCalculateMicroCoverage" name="test_calculate_micro_coverage_missing_nutrients" time="0.001" /><testcase classname="tests.test_daily_plate.TestCreateFallbackMeal" name="test_create_fallback_meal_basic" time="0.001" /><testcase classname="tests.test_daily_plate.TestApplyBoostersIfNeeded" name="test_apply_boosters_sufficient_coverage" time="0.001" /><testcase classname="tests.test_daily_plate.TestApplyBoostersIfNeeded" name="test_apply_boosters_insufficient_coverage" time="0.001" /><testcase classname="tests.test_daily_plate.TestApplyBoostersIfNeeded" name="test_apply_boosters_limit_to_3" time="0.001" /><testcase classname="tests.test_daily_plate.TestApplyBoostersIfNeeded" name="test_apply_boosters_no_booster_found" time="0.001" /><testcase classname="tests.test_daily_plate_comprehensive.TestDailyPlateComprehensive" name="test_create_daily_plate_with_valid_inputs" time="0.001" /><testcase classname="tests.test_daily_plate_comprehensive.TestDailyPlateComprehensive" name="test_create_daily_plate_with_none_databases" time="0.001" /><testcase classname="tests.test_daily_plate_comprehensive.TestDailyPlateComprehensive" name="test_create_daily_plate_with_partial_databases" time="0.001" /><testcase classname="tests.test_daily_plate_comprehensive.TestDailyPlateComprehensive" name="test_create_meal_with_valid_recipe" time="0.001" /><testcase classname="tests.test_daily_plate_comprehensive.TestDailyPlateComprehensive" name="test_create_meal_with_fallback" time="0.001" /><testcase classname="tests.test_daily_plate_comprehensive.TestDailyPlateComprehensive" name="test_find_recipe_for_meal_breakfast" time="0.001" /><testcase classname="tests.test_daily_plate_comprehensive.TestDailyPlateComprehensive" name="test_find_recipe_for_meal_lunch_veg" time="0.001" /><testcase classname="tests.test_daily_plate_comprehensive.TestDailyPlateComprehensive" name="test_find_recipe_for_meal_lunch_non_veg" time="0.001" /><testcase classname="tests.test_daily_plate_comprehensive.TestDailyPlateComprehensive" name="test_find_recipe_for_meal_no_match" time="0.001" /><testcase classname="tests.test_daily_plate_comprehensive.TestDailyPlateComprehensive" name="test_find_recipe_for_meal_invalid_meal_name" time="0.001" /><testcase classname="tests.test_daily_plate_comprehensive.TestDailyPlateComprehensive" name="test_is_compatible_with_flags_veg_compatible" time="0.001" /><testcase classname="tests.test_daily_plate_comprehensive.TestDailyPlateComprehensive" name="test_is_compatible_with_flags_veg_incompatible" time="0.001" /><testcase classname="tests.test_daily_plate_comprehensive.TestDailyPlateComprehensive" name="test_is_compatible_with_flags_gluten_free_compatible" time="0.001" /><testcase classname="tests.test_daily_plate_comprehensive.TestDailyPlateComprehensive" name="test_is_compatible_with_flags_gluten_free_incompatible" time="0.001" /><testcase classname="tests.test_daily_plate_comprehensive.TestDailyPlateComprehensive" name="test_is_compatible_with_flags_no_restrictions" time="0.001" /><testcase classname="tests.test_daily_plate_comprehensive.TestDailyPlateComprehensive" name="test_calculate_micro_coverage" time="0.001" /><testcase classname="tests.test_daily_plate_comprehensive.TestDailyPlateComprehensive" name="test_calculate_micro_coverage_with_low_calories" time="0.001" /><testcase classname="tests.test_daily_plate_comprehensive.TestDailyPlateComprehensive" name="test_calculate_micro_coverage_with_high_values" time="0.001" /><testcase classname="tests.test_daily_plate_comprehensive.TestDailyPlateComprehensive" name="test_create_fallback_meal" time="0.002" /><testcase classname="tests.test_daily_plate_comprehensive.TestDailyPlateComprehensive" name="test_apply_boosters_if_needed_no_insufficiency" time="0.002" /><testcase classname="tests.test_daily_plate_comprehensive.TestDailyPlateComprehensive" name="test_apply_boosters_if_needed_with_insufficiency" time="0.001" /><testcase classname="tests.test_daily_plate_comprehensive.TestDailyPlateComprehensive" name="test_apply_boosters_if_needed_lunch_dinner_priority" time="0.001" /><testcase classname="tests.test_daily_plate_comprehensive.TestDailyPlateComprehensive" name="test_apply_boosters_if_needed_multiple_insufficiencies" time="0.001" /><testcase classname="tests.test_daily_plate_comprehensive.TestDailyPlateComprehensive" name="test_edge_cases_and_boundary_conditions" time="0.001" /><testcase classname="tests.test_daily_plate_comprehensive.TestDailyPlateComprehensive" name="test_meal_splits_distribution" time="0.001" /><testcase classname="tests.test_daily_plate_coverage_96.TestDailyPlateCoverage96" name="test_create_daily_plate_food_db_none" time="0.001" /><testcase classname="tests.test_daily_plate_coverage_96.TestDailyPlateCoverage96" name="test_create_daily_plate_recipe_db_none" time="0.001" /><testcase classname="tests.test_daily_plate_coverage_96.TestDailyPlateCoverage96" name="test_find_recipe_for_meal_fallback" time="0.001" /><testcase classname="tests.test_daily_plate_coverage_96.TestDailyPlateCoverage96" name="test_find_recipe_for_meal_no_matching_recipe" time="0.001" /><testcase classname="tests.test_daily_plate_coverage_96.TestDailyPlateCoverage96" name="test_find_recipe_for_meal_kcal_mismatch" time="0.001" /><testcase classname="tests.test_daily_plate_coverage_96.TestDailyPlateCoverage96" name="test_find_recipe_for_meal_diet_flags_mismatch" time="0.001" /><testcase classname="tests.test_daily_plate_coverage_96.TestDailyPlateCoverage96" name="test_create_fallback_meal_basic" time="0.001" /><testcase classname="tests.test_daily_plate_coverage_96.TestDailyPlateCoverage96" name="test_create_fallback_meal_with_diet_flags" time="0.001" /><testcase classname="tests.test_daily_plate_coverage_96.TestDailyPlateCoverage96" name="test_create_daily_plate_integration" time="0.001" /><testcase classname="tests.test_daily_plate_coverage_96.TestDailyPlateCoverage96" name="test_create_daily_plate_with_existing_databases" time="0.003" /><testcase classname="tests.test_daily_plate_coverage_96.TestDailyPlateCoverage96" name="test_find_recipe_for_meal_exact_match" time="0.001" /><testcase classname="tests.test_daily_plate_coverage_96.TestDailyPlateCoverage96" name="test_find_recipe_for_meal_diet_flags_subset" time="0.001" /><testcase classname="tests.test_daily_plate_coverage_96.TestDailyPlateCoverage96" name="test_create_fallback_meal_empty_food_db" time="0.001" /><testcase classname="tests.test_daily_plate_coverage_96.TestDailyPlateCoverage96" name="test_create_fallback_meal_high_kcal_target" time="0.001" /><testcase classname="tests.test_daily_plate_coverage_96.TestDailyPlateCoverage96" name="test_create_fallback_meal_complex_diet_flags" time="0.001" /><testcase classname="tests.test_daily_plate_simple_96.TestDailyPlateSimple96" name="test_create_daily_plate_food_db_none" time="0.002" /><testcase classname="tests.test_daily_plate_simple_96.TestDailyPlateSimple96" name="test_create_daily_plate_recipe_db_none" time="0.001" /><testcase classname="tests.test_daily_plate_simple_96.TestDailyPlateSimple96" name="test_find_recipe_for_meal_fallback" time="0.001" /><testcase classname="tests.test_daily_plate_simple_96.TestDailyPlateSimple96" name="test_find_recipe_for_meal_no_matching_recipe" time="0.001" /><testcase classname="tests.test_daily_plate_simple_96.TestDailyPlateSimple96" name="test_find_recipe_for_meal_kcal_mismatch" time="0.001" /><testcase classname="tests.test_daily_plate_simple_96.TestDailyPlateSimple96" name="test_find_recipe_for_meal_diet_flags_mismatch" time="0.001" /><testcase classname="tests.test_daily_plate_simple_96.TestDailyPlateSimple96" name="test_create_fallback_meal_basic" time="0.001" /><testcase classname="tests.test_daily_plate_simple_96.TestDailyPlateSimple96" name="test_create_fallback_meal_with_diet_flags" time="0.001" /><testcase classname="tests.test_daily_plate_simple_96.TestDailyPlateSimple96" name="test_is_compatible_with_flags_basic" time="0.001" /><testcase classname="tests.test_daily_plate_simple_96.TestDailyPlateSimple96" name="test_find_recipe_for_meal_exact_match" time="0.002" /><testcase classname="tests.test_daily_plate_simple_96.TestDailyPlateSimple96" name="test_find_recipe_for_meal_diet_flags_subset" time="0.001" /><testcase classname="tests.test_daily_plate_simple_96.TestDailyPlateSimple96" name="test_create_fallback_meal_empty_food_db" time="0.001" /><testcase classname="tests.test_daily_plate_simple_96.TestDailyPlateSimple96" name="test_create_fallback_meal_high_kcal_target" time="0.001" /><testcase classname="tests.test_daily_plate_simple_96.TestDailyPlateSimple96" name="test_create_fallback_meal_complex_diet_flags" time="0.001" /><testcase classname="tests.test_database_apis_coverage.TestCoreDatabaseCoverage" name="test_database_models_coverage" time="0.002"><skipped type="pytest.skip" message="core.db module not available">/Users/katsiaryna_kavaleuskaya/Developer/BMI-App_2025_clean/tests/test_database_apis_coverage.py:36: core.db module not available</skipped></testcase><testcase classname="tests.test_database_apis_coverage.TestCoreDatabaseCoverage" name="test_food_apis_base_coverage" time="0.001"><skipped type="pytest.skip" message="food_apis.base module not available">/Users/katsiaryna_kavaleuskaya/Developer/BMI-App_2025_clean/tests/test_database_apis_coverage.py:55: food_apis.base module not available</skipped></testcase><testcase classname="tests.test_database_apis_coverage.TestCoreDatabaseCoverage" name="test_usda_api_coverage" time="0.002"><skipped type="pytest.skip" message="usda module not available">/Users/katsiaryna_kavaleuskaya/Developer/BMI-App_2025_clean/tests/test_database_apis_coverage.py:75: usda module not available</skipped></testcase><testcase classname="tests.test_database_apis_coverage.TestCoreDatabaseCoverage" name="test_openfoodfacts_api_coverage" time="0.002"><skipped type="pytest.skip" message="openfoodfacts module not available">/Users/katsiaryna_kavaleuskaya/Developer/BMI-App_2025_clean/tests/test_database_apis_coverage.py:95: openfoodfacts module not available</skipped></testcase><testcase classname="tests.test_database_apis_coverage.TestCoreDatabaseCoverage" name="test_unified_db_coverage" time="0.001"><skipped type="pytest.skip" message="unified_db module not available">/Users/katsiaryna_kavaleuskaya/Developer/BMI-App_2025_clean/tests/test_database_apis_coverage.py:117: unified_db module not available</skipped></testcase><testcase classname="tests.test_database_apis_coverage.TestCoreDatabaseCoverage" name="test_update_manager_coverage" time="0.001"><skipped type="pytest.skip" message="update_manager module not available">/Users/katsiaryna_kavaleuskaya/Developer/BMI-App_2025_clean/tests/test_database_apis_coverage.py:144: update_manager module not available</skipped></testcase><testcase classname="tests.test_database_apis_coverage.TestCoreModulesAdvanced" name="test_auto_repair_advanced_coverage" time="0.001"><skipped type="pytest.skip" message="auto_repair advanced features not available">/Users/katsiaryna_kavaleuskaya/Developer/BMI-App_2025_clean/tests/test_database_apis_coverage.py:179: auto_repair advanced features not available</skipped></testcase><testcase classname="tests.test_database_apis_coverage.TestCoreModulesAdvanced" name="test_menu_engine_advanced_coverage" time="0.001"><skipped type="pytest.skip" message="menu_engine advanced features not available">/Users/katsiaryna_kavaleuskaya/Developer/BMI-App_2025_clean/tests/test_database_apis_coverage.py:210: menu_engine advanced features not available</skipped></testcase><testcase classname="tests.test_database_apis_coverage.TestCoreModulesAdvanced" name="test_plate_advanced_coverage" time="0.001"><skipped type="pytest.skip" message="plate advanced features not available">/Users/katsiaryna_kavaleuskaya/Developer/BMI-App_2025_clean/tests/test_database_apis_coverage.py:237: plate advanced features not available</skipped></testcase><testcase classname="tests.test_database_apis_coverage.TestCoreModulesAdvanced" name="test_targets_advanced_coverage" time="0.001"><skipped type="pytest.skip" message="targets advanced features not available">/Users/katsiaryna_kavaleuskaya/Developer/BMI-App_2025_clean/tests/test_database_apis_coverage.py:268: targets advanced features not available</skipped></testcase><testcase classname="tests.test_database_apis_coverage.TestCoreModulesAdvanced" name="test_i18n_advanced_coverage" time="0.001"><skipped type="pytest.skip" message="i18n advanced features not available">/Users/katsiaryna_kavaleuskaya/Developer/BMI-App_2025_clean/tests/test_database_apis_coverage.py:299: i18n advanced features not available</skipped></testcase><testcase classname="tests.test_database_apis_coverage.TestCoreModulesAdvanced" name="test_rag_advanced_coverage" time="0.001"><skipped type="pytest.skip" message="RAG advanced features not available">/Users/katsiaryna_kavaleuskaya/Developer/BMI-App_2025_clean/tests/test_database_apis_coverage.py:326: RAG advanced features not available</skipped></testcase><testcase classname="tests.test_db_missing_lines_coverage.TestDbMissingLinesCoverage" name="test_engine_compat_execute_commit_exception_lines_56_65" time="0.001" /><testcase classname="tests.test_db_missing_lines_coverage.TestDbMissingLinesCoverage" name="test_engine_compat_execute_with_string_statement" time="0.001" /><testcase classname="tests.test_db_missing_lines_coverage.TestDbMissingLinesCoverage" name="test_engine_compat_execute_different_exception_types" time="0.003" /><testcase classname="tests.test_db_missing_lines_coverage.TestDbMissingLinesCoverage" name="test_init_db_assert_called_once_line_136" time="0.002" /><testcase classname="tests.test_db_missing_lines_coverage.TestDbMissingLinesCoverage" name="test_get_session_lines_90_94" time="0.001" /><testcase classname="tests.test_db_missing_lines_coverage.TestDbMissingLinesCoverage" name="test_get_session_with_exception" time="0.001" /><testcase classname="tests.test_db_missing_lines_coverage.TestDbMissingLinesCoverage" name="test_init_db_metadata_wrapping_behavior" time="0.001" /><testcase classname="tests.test_db_missing_lines_coverage.TestDbMissingLinesCoverage" name="test_engine_compat_getattr_delegation" time="0.001" /><testcase classname="tests.test_db_missing_lines_coverage.TestDbMissingLinesCoverage" name="test_comprehensive_database_edge_cases" time="0.002" /><testcase classname="tests.test_db_missing_lines_coverage.TestDbMissingLinesCoverage" name="test_database_url_building_edge_cases" time="0.003" /><testcase classname="tests.test_db_missing_lines_coverage.TestDbMissingLinesCoverage" name="test_engine_compat_execute_with_args_kwargs" time="0.002" /><testcase classname="tests.test_db_realistic_coverage.TestDbRealisticCoverage" name="test_database_connection_failures_realistic" time="0.001" /><testcase classname="tests.test_db_realistic_coverage.TestDbRealisticCoverage" name="test_database_transaction_failures_realistic" time="0.001" /><testcase classname="tests.test_db_realistic_coverage.TestDbRealisticCoverage" name="test_database_initialization_edge_cases" time="0.001" /><testcase classname="tests.test_db_realistic_coverage.TestDbRealisticCoverage" name="test_database_concurrent_access_realistic" time="0.001" /><testcase classname="tests.test_db_realistic_coverage.TestDbRealisticCoverage" name="test_database_error_recovery_scenarios" time="0.001" /><testcase classname="tests.test_db_realistic_coverage.TestDbRealisticCoverage" name="test_database_migration_scenarios_realistic" time="0.001" /><testcase classname="tests.test_db_realistic_coverage.TestDbRealisticCoverage" name="test_database_backup_and_restore_realistic" time="0.001" /><testcase classname="tests.test_db_realistic_coverage.TestDbRealisticCoverage" name="test_database_query_optimization_realistic" time="0.001" /><testcase classname="tests.test_db_realistic_coverage.TestDbRealisticCoverage" name="test_database_connection_pooling_realistic" time="0.001" /><testcase classname="tests.test_db_realistic_coverage.TestDbRealisticCoverage" name="test_database_schema_validation_realistic" time="0.001" /><testcase classname="tests.test_direct_core_functions.TestDirectCoreFunctions" name="test_targets_functions_direct" time="0.002"><skipped type="pytest.skip" message="targets functions not available">/Users/katsiaryna_kavaleuskaya/Developer/BMI-App_2025_clean/tests/test_direct_core_functions.py:45: targets functions not available</skipped></testcase><testcase classname="tests.test_direct_core_functions.TestDirectCoreFunctions" name="test_auto_repair_functions_direct" time="0.001"><skipped type="pytest.skip" message="auto_repair functions not available">/Users/katsiaryna_kavaleuskaya/Developer/BMI-App_2025_clean/tests/test_direct_core_functions.py:97: auto_repair functions not available</skipped></testcase><testcase classname="tests.test_direct_core_functions.TestDirectCoreFunctions" name="test_menu_engine_functions_direct" time="0.002"><skipped type="pytest.skip" message="menu_engine functions not available">/Users/katsiaryna_kavaleuskaya/Developer/BMI-App_2025_clean/tests/test_direct_core_functions.py:141: menu_engine functions not available</skipped></testcase><testcase classname="tests.test_direct_core_functions.TestDirectCoreFunctions" name="test_plate_functions_direct" time="0.001"><skipped type="pytest.skip" message="plate functions not available">/Users/katsiaryna_kavaleuskaya/Developer/BMI-App_2025_clean/tests/test_direct_core_functions.py:185: plate functions not available</skipped></testcase><testcase classname="tests.test_direct_core_functions.TestDirectCoreFunctions" name="test_i18n_functions_direct" time="0.001"><skipped type="pytest.skip" message="i18n functions not available">/Users/katsiaryna_kavaleuskaya/Developer/BMI-App_2025_clean/tests/test_direct_core_functions.py:234: i18n functions not available</skipped></testcase><testcase classname="tests.test_direct_core_functions.TestDirectCoreFunctions" name="test_food_sources_functions_direct" time="0.001"><skipped type="pytest.skip" message="food_sources functions not available">/Users/katsiaryna_kavaleuskaya/Developer/BMI-App_2025_clean/tests/test_direct_core_functions.py:276: food_sources functions not available</skipped></testcase><testcase classname="tests.test_direct_core_functions.TestDirectCoreFunctions" name="test_rag_functions_direct" time="0.001"><skipped type="pytest.skip" message="RAG functions not available">/Users/katsiaryna_kavaleuskaya/Developer/BMI-App_2025_clean/tests/test_direct_core_functions.py:320: RAG functions not available</skipped></testcase><testcase classname="tests.test_direct_core_functions.TestDirectCoreFunctions" name="test_db_functions_direct" time="0.001"><skipped type="pytest.skip" message="db functions not available">/Users/katsiaryna_kavaleuskaya/Developer/BMI-App_2025_clean/tests/test_direct_core_functions.py:353: db functions not available</skipped></testcase><testcase classname="tests.test_direct_core_functions.TestDirectCoreFunctions" name="test_region_catalog_functions_direct" time="0.001"><skipped type="pytest.skip" message="region_catalog functions not available">/Users/katsiaryna_kavaleuskaya/Developer/BMI-App_2025_clean/tests/test_direct_core_functions.py:396: region_catalog functions not available</skipped></testcase><testcase classname="tests.test_direct_core_functions.TestDirectCoreFunctions" name="test_utils_functions_direct" time="0.001"><skipped type="pytest.skip" message="utils functions not available">/Users/katsiaryna_kavaleuskaya/Developer/BMI-App_2025_clean/tests/test_direct_core_functions.py:441: utils functions not available</skipped></testcase><testcase classname="tests.test_disclaimers.TestMedicalDisclaimers" name="test_medical_disclaimer_english" time="0.003" /><testcase classname="tests.test_disclaimers.TestMedicalDisclaimers" name="test_medical_disclaimer_russian" time="0.001" /><testcase classname="tests.test_disclaimers.TestMedicalDisclaimers" name="test_special_population_disclaimers" time="0.001" /><testcase classname="tests.test_disclaimers.TestMedicalDisclaimers" name="test_legal_disclaimer" time="0.001" /><testcase classname="tests.test_disclaimers.TestMedicalDisclaimers" name="test_privacy_disclaimer" time="0.001" /><testcase classname="tests.test_disclaimers.TestMedicalDisclaimers" name="test_comprehensive_disclaimer" time="0.001" /><testcase classname="tests.test_disclaimers.TestMedicalDisclaimers" name="test_comprehensive_disclaimer_with_populations" time="0.001" /><testcase classname="tests.test_disclaimers.TestMedicalDisclaimers" name="test_professional_referral_system" time="0.001" /><testcase classname="tests.test_disclaimers.TestDisclaimerConstants" name="test_medical_disclaimer_structure" time="0.001" /><testcase classname="tests.test_disclaimers.TestDisclaimerConstants" name="test_special_population_structure" time="0.001" /><testcase classname="tests.test_disclaimers.TestDisclaimerConstants" name="test_legal_disclaimer_structure" time="0.001" /><testcase classname="tests.test_disclaimers.TestDisclaimerConstants" name="test_privacy_disclaimer_structure" time="0.001" /><testcase classname="tests.test_disclaimers.TestDisclaimerIntegration" name="test_disclaimer_language_consistency" time="0.001" /><testcase classname="tests.test_disclaimers.TestDisclaimerIntegration" name="test_disclaimer_length_appropriate" time="0.002" /><testcase classname="tests.test_disclaimers.TestDisclaimerIntegration" name="test_special_population_pregnancy" time="0.001" /><testcase classname="tests.test_disclaimers_comprehensive.TestDisclaimersComprehensive" name="test_medical_disclaimer_comprehensive" time="0.001" /><testcase classname="tests.test_disclaimers_comprehensive.TestDisclaimersComprehensive" name="test_legal_disclaimer_comprehensive" time="0.001" /><testcase classname="tests.test_disclaimers_comprehensive.TestDisclaimersComprehensive" name="test_privacy_disclaimer_comprehensive" time="0.001" /><testcase classname="tests.test_disclaimers_comprehensive.TestDisclaimersComprehensive" name="test_special_population_disclaimers_comprehensive" time="0.002" /><testcase classname="tests.test_disclaimers_comprehensive.TestDisclaimersComprehensive" name="test_professional_referral_comprehensive" time="0.001" /><testcase classname="tests.test_disclaimers_comprehensive.TestDisclaimersComprehensive" name="test_comprehensive_disclaimer_with_all_options" time="0.001" /><testcase classname="tests.test_disclaimers_comprehensive.TestDisclaimersComprehensive" name="test_disclaimer_constants_structure" time="0.001" /><testcase classname="tests.test_disclaimers_comprehensive.TestDisclaimersComprehensive" name="test_get_disclaimer_text_edge_cases" time="0.001" /><testcase classname="tests.test_disclaimers_comprehensive.TestDisclaimersComprehensive" name="test_get_professional_referral_edge_cases" time="0.001" /><testcase classname="tests.test_disclaimers_comprehensive.TestDisclaimersComprehensive" name="test_get_comprehensive_disclaimer_edge_cases" time="0.001" /><testcase classname="tests.test_disclaimers_comprehensive.TestDisclaimersComprehensive" name="test_multilingual_consistency" time="0.001" /><testcase classname="tests.test_docs" name="test_openapi_json_available" time="0.004" /><testcase classname="tests.test_docs" name="test_docs_available" time="0.002" /><testcase classname="tests.test_enhanced_plate_api.TestEnhancedPlateAPI" name="test_plate_contract_basic" time="0.004" /><testcase classname="tests.test_enhanced_plate_api.TestEnhancedPlateAPI" name="test_plate_visual_layout_structure" time="0.004" /><testcase classname="tests.test_enhanced_plate_api.TestEnhancedPlateAPI" name="test_plate_portions_hand_cup_method" time="0.004" /><testcase classname="tests.test_enhanced_plate_api.TestEnhancedPlateAPI" name="test_plate_deficit_surplus_control" time="0.016" /><testcase classname="tests.test_enhanced_plate_api.TestEnhancedPlateAPI" name="test_plate_diet_flags_functionality" time="0.009" /><testcase classname="tests.test_enhanced_plate_api.TestEnhancedPlateAPI" name="test_plate_macro_consistency" time="0.005" /><testcase classname="tests.test_enhanced_plate_api.TestEnhancedPlateAPI" name="test_plate_goal_specific_differences" time="0.008" /><testcase classname="tests.test_enhanced_plate_api.TestEnhancedPlateAPI" name="test_plate_validation_errors" time="0.011" /><testcase classname="tests.test_enhanced_plate_api.TestEnhancedPlateAPI" name="test_plate_missing_api_key" time="0.004" /><testcase classname="tests.test_enhanced_plate_api.TestEnhancedPlateAPI" name="test_plate_meal_suggestions_structure" time="0.004" /><testcase classname="tests.test_enhanced_plate_api.TestEnhancedPlateAPI" name="test_plate_edge_cases" time="0.007" /><testcase classname="tests.test_export_endpoints.TestExportEndpoints" name="test_export_daily_csv_success" time="0.004" /><testcase classname="tests.test_export_endpoints.TestExportEndpoints" name="test_export_weekly_csv_success" time="0.004" /><testcase classname="tests.test_export_endpoints.TestExportEndpoints" name="test_export_daily_pdf_success" time="0.005" /><testcase classname="tests.test_export_endpoints.TestExportEndpoints" name="test_export_weekly_pdf_success" time="0.003" /><testcase classname="tests.test_export_endpoints.TestExportEndpoints" name="test_export_daily_csv_missing_api_key" time="0.003" /><testcase classname="tests.test_export_endpoints.TestExportEndpoints" name="test_export_weekly_csv_missing_api_key" time="0.003" /><testcase classname="tests.test_export_endpoints.TestExportEndpoints" name="test_export_daily_pdf_missing_api_key" time="0.004" /><testcase classname="tests.test_export_endpoints.TestExportEndpoints" name="test_export_weekly_pdf_missing_api_key" time="0.003" /><testcase classname="tests.test_export_endpoints.TestExportEndpoints" name="test_export_daily_csv_internal_error" time="0.003" /><testcase classname="tests.test_export_endpoints.TestExportEndpoints" name="test_export_weekly_csv_internal_error" time="0.003" /><testcase classname="tests.test_export_endpoints_final_97.TestExportEndpoints" name="test_daily_csv_export" time="0.003" /><testcase classname="tests.test_export_endpoints_final_97.TestExportEndpoints" name="test_weekly_csv_export" time="0.004" /><testcase classname="tests.test_export_endpoints_final_97.TestExportEndpoints" name="test_daily_pdf_export" time="0.003" /><testcase classname="tests.test_export_endpoints_final_97.TestExportEndpoints" name="test_weekly_pdf_export" time="0.004" /><testcase classname="tests.test_export_endpoints_final_97.TestExportEndpoints" name="test_export_error_paths" time="0.011" /><testcase classname="tests.test_export_endpoints_final_97.TestExportEndpoints" name="test_export_without_api_key" time="0.010" /><testcase classname="tests.test_export_endpoints_final_97.TestExportEndpoints" name="test_export_various_plan_ids" time="0.040" /><testcase classname="tests.test_export_endpoints_final_97.TestAdditionalCoverageBoosts" name="test_edge_case_combinations" time="0.041" /><testcase classname="tests.test_export_endpoints_final_97.TestAdditionalCoverageBoosts" name="test_api_key_edge_cases" time="0.029" /><testcase classname="tests.test_export_signed" name="test_signed_csv_flow" time="0.009" /><testcase classname="tests.test_export_signed" name="test_signed_pdf_flow" time="0.018" /><testcase classname="tests.test_export_signed" name="test_missing_token_rejected" time="0.004" /><testcase classname="tests.test_exports.TestCSVExport" name="test_to_csv_day_basic" time="0.001" /><testcase classname="tests.test_exports.TestCSVExport" name="test_to_csv_week_basic" time="0.001" /><testcase classname="tests.test_exports.TestCSVExport" name="test_to_csv_day_empty_meals" time="0.001" /><testcase classname="tests.test_exports.TestCSVExport" name="test_to_csv_week_empty_menus" time="0.001" /><testcase classname="tests.test_exports.TestPDFExport" name="test_to_pdf_day_import_error" time="0.001" /><testcase classname="tests.test_exports.TestPDFExport" name="test_to_pdf_day_basic" time="0.004" /><testcase classname="tests.test_exports.TestPDFExport" name="test_to_pdf_week_basic" time="0.004" /><testcase classname="tests.test_exports.TestPDFExport" name="test_import_reportlab_modules" time="0.001" /><testcase classname="tests.test_exports.TestPDFExport" name="test_import_reportlab_modules_when_not_available" time="0.001" /><testcase classname="tests.test_exports.TestPDFExport" name="test_to_pdf_day_when_not_available" time="0.002" /><testcase classname="tests.test_exports.TestPDFExport" name="test_to_pdf_week_when_not_available" time="0.001" /><testcase classname="tests.test_exports_coverage" name="test_exports_coverage_improvement" time="0.006" /><testcase classname="tests.test_exports_coverage" name="test_exports_import_error_cases" time="0.001" /><testcase classname="tests.test_exports_simple" name="test_csv_day_ok" time="0.001" /><testcase classname="tests.test_exports_simple" name="test_pdf_day_ok" time="0.003" /><testcase classname="tests.test_exports_simple_module" name="test_csv_day_simple" time="0.002" /><testcase classname="tests.test_exports_simple_module" name="test_csv_week_simple" time="0.001" /><testcase classname="tests.test_exports_simple_module" name="test_pdf_day_simple" time="0.004" /><testcase classname="tests.test_exports_simple_module" name="test_pdf_week_simple" time="0.005" /><testcase classname="tests.test_exports_smoke" name="test_to_csv_day_smoke" time="0.001" /><testcase classname="tests.test_exports_smoke" name="test_to_csv_week_smoke" time="0.002" /><testcase classname="tests.test_final_97_coverage.TestVIPImportErrorCoverage" name="test_vip_import_error_simulation" time="0.002" /><testcase classname="tests.test_final_97_coverage.TestRateLimitingCoverage" name="test_rate_limiting_environment_handling" time="0.001" /><testcase classname="tests.test_final_97_coverage.TestRateLimitingCoverage" name="test_rate_limiting_slowapi_import_error" time="0.002" /><testcase classname="tests.test_final_97_coverage.TestSchedulerCoverage" name="test_scheduler_related_functionality" time="0.011" /><testcase classname="tests.test_final_97_coverage.TestPremiumEndpointsCoverage" name="test_enhanced_plate_missing_functions" time="0.003" /><testcase classname="tests.test_final_97_coverage.TestPremiumEndpointsCoverage" name="test_nutrition_insight_missing_functions" time="0.005" /><testcase classname="tests.test_final_97_coverage.TestPremiumEndpointsCoverage" name="test_macro_recommendation_error_paths" time="0.005" /><testcase classname="tests.test_final_97_coverage.TestSpecificLineCoverage" name="test_specific_error_handling_lines" time="0.008" /><testcase classname="tests.test_final_97_coverage.TestSpecificLineCoverage" name="test_middleware_and_cors_paths" time="0.004" /><testcase classname="tests.test_final_97_coverage.TestSpecificLineCoverage" name="test_prometheus_metrics_paths" time="0.010" /><testcase classname="tests.test_final_97_coverage.TestEdgeCasesAndErrorPaths" name="test_malformed_requests" time="0.012" /><testcase classname="tests.test_final_97_coverage.TestEdgeCasesAndErrorPaths" name="test_authentication_error_paths" time="0.013" /><testcase classname="tests.test_final_97_coverage.TestEdgeCasesAndErrorPaths" name="test_complex_parameter_combinations" time="0.006" /><testcase classname="tests.test_final_core_coverage.TestFinalCoreCoverage" name="test_external_apis_coverage" time="0.001"><skipped type="pytest.skip" message="food sources not available">/Users/katsiaryna_kavaleuskaya/Developer/BMI-App_2025_clean/tests/test_final_core_coverage.py:38: food sources not available</skipped></testcase><testcase classname="tests.test_final_core_coverage.TestFinalCoreCoverage" name="test_food_categories_coverage" time="0.001"><skipped type="pytest.skip" message="food_categories not available">/Users/katsiaryna_kavaleuskaya/Developer/BMI-App_2025_clean/tests/test_final_core_coverage.py:69: food_categories not available</skipped></testcase><testcase classname="tests.test_final_core_coverage.TestFinalCoreCoverage" name="test_nutrition_analysis_coverage" time="0.001"><skipped type="pytest.skip" message="nutrition_analysis not available">/Users/katsiaryna_kavaleuskaya/Developer/BMI-App_2025_clean/tests/test_final_core_coverage.py:100: nutrition_analysis not available</skipped></testcase><testcase classname="tests.test_final_core_coverage.TestFinalCoreCoverage" name="test_config_management_coverage" time="0.001"><skipped type="pytest.skip" message="config management not available">/Users/katsiaryna_kavaleuskaya/Developer/BMI-App_2025_clean/tests/test_final_core_coverage.py:130: config management not available</skipped></testcase><testcase classname="tests.test_final_core_coverage.TestFinalCoreCoverage" name="test_edge_case_coverage" time="0.001" /><testcase classname="tests.test_final_core_coverage.TestFinalCoreCoverage" name="test_comprehensive_core_modules" time="0.001" /><testcase classname="tests.test_final_core_coverage.TestFinalCoreCoverage" name="test_menu_engine_comprehensive" time="0.001"><skipped type="pytest.skip" message="menu_engine not available">/Users/katsiaryna_kavaleuskaya/Developer/BMI-App_2025_clean/tests/test_final_core_coverage.py:233: menu_engine not available</skipped></testcase><testcase classname="tests.test_final_core_coverage.TestFinalCoreCoverage" name="test_auto_repair_comprehensive" time="0.001"><skipped type="pytest.skip" message="auto_repair not available">/Users/katsiaryna_kavaleuskaya/Developer/BMI-App_2025_clean/tests/test_final_core_coverage.py:263: auto_repair not available</skipped></testcase><testcase classname="tests.test_final_core_coverage.TestFinalCoreCoverage" name="test_plate_comprehensive" time="0.001"><skipped type="pytest.skip" message="plate not available">/Users/katsiaryna_kavaleuskaya/Developer/BMI-App_2025_clean/tests/test_final_core_coverage.py:295: plate not available</skipped></testcase><testcase classname="tests.test_final_core_coverage.TestFinalCoreCoverage" name="test_targets_comprehensive" time="0.001"><skipped type="pytest.skip" message="targets not available">/Users/katsiaryna_kavaleuskaya/Developer/BMI-App_2025_clean/tests/test_final_core_coverage.py:323: targets not available</skipped></testcase><testcase classname="tests.test_final_coverage_96.TestFinalCoverage96" name="test_premium_week_estimate_targets_minimal" time="0.001" /><testcase classname="tests.test_final_coverage_96.TestFinalCoverage96" name="test_premium_week_estimate_targets_minimal_female" time="0.001" /><testcase classname="tests.test_final_coverage_96.TestFinalCoverage96" name="test_premium_week_estimate_targets_minimal_elderly" time="0.001" /><testcase classname="tests.test_final_coverage_96.TestFinalCoverage96" name="test_premium_week_estimate_targets_minimal_teen" time="0.001" /><testcase classname="tests.test_final_coverage_96.TestFinalCoverage96" name="test_premium_week_estimate_targets_minimal_athlete" time="0.002" /><testcase classname="tests.test_final_coverage_96.TestFinalCoverage96" name="test_premium_week_estimate_targets_minimal_obese" time="0.001" /><testcase classname="tests.test_final_coverage_96.TestFinalCoverage96" name="test_premium_week_estimate_targets_minimal_underweight" time="0.001" /><testcase classname="tests.test_final_coverage_96.TestFinalCoverage96" name="test_premium_week_estimate_targets_minimal_edge_cases" time="0.001" /><testcase classname="tests.test_final_coverage_96.TestFinalCoverage96" name="test_premium_week_estimate_targets_minimal_all_activities" time="0.001" /><testcase classname="tests.test_final_coverage_96.TestFinalCoverage96" name="test_premium_week_estimate_targets_minimal_all_goals" time="0.001" /><testcase classname="tests.test_final_coverage_97_boost.TestAppInitCoverage" name="test_app_init_getattr_fallback" time="0.001" /><testcase classname="tests.test_final_coverage_97_boost.TestAppInitCoverage" name="test_app_init_all_exports" time="0.001" /><testcase classname="tests.test_final_coverage_97_boost.TestConfTestCoverage" name="test_conftest_dynamic_app_loading" time="0.056" /><testcase classname="tests.test_final_coverage_97_boost.TestConfTestCoverage" name="test_conftest_isolated_client" time="0.115" /><testcase classname="tests.test_final_coverage_97_boost.TestMenuEngineNewCoverage" name="test_menu_engine_new_basic_import" time="0.004" /><testcase classname="tests.test_final_coverage_97_boost.TestMenuEngineNewCoverage" name="test_menu_engine_new_with_functions" time="0.001" /><testcase classname="tests.test_final_coverage_97_boost.TestRecommendationsCoverage" name="test_recommendations_edge_cases" time="0.001"><skipped type="pytest.skip" message="get_nutrient_recommendations not available or signature mismatch">/Users/katsiaryna_kavaleuskaya/Developer/BMI-App_2025_clean/tests/test_final_coverage_97_boost.py:106: get_nutrient_recommendations not available or signature mismatch</skipped></testcase><testcase classname="tests.test_final_coverage_97_boost.TestRecommendationsCoverage" name="test_recommendations_all_activity_levels" time="0.001"><skipped type="pytest.skip" message="get_nutrient_recommendations not available">/Users/katsiaryna_kavaleuskaya/Developer/BMI-App_2025_clean/tests/test_final_coverage_97_boost.py:120: get_nutrient_recommendations not available</skipped></testcase><testcase classname="tests.test_final_coverage_97_boost.TestUnifiedDbCoverage" name="test_unified_db_search_edge_cases" time="0.002"><skipped type="pytest.skip" message="unified_db not available">/Users/katsiaryna_kavaleuskaya/Developer/BMI-App_2025_clean/tests/test_final_coverage_97_boost.py:140: unified_db not available</skipped></testcase><testcase classname="tests.test_final_coverage_97_boost.TestUnifiedDbCoverage" name="test_unified_db_language_support" time="0.002"><skipped type="pytest.skip" message="unified_db language support not available">/Users/katsiaryna_kavaleuskaya/Developer/BMI-App_2025_clean/tests/test_final_coverage_97_boost.py:153: unified_db language support not available</skipped></testcase><testcase classname="tests.test_final_coverage_97_boost.TestUpdateManagerCoverage" name="test_update_manager_init" time="0.002"><skipped type="pytest.skip" message="DatabaseUpdateScheduler not available">/Users/katsiaryna_kavaleuskaya/Developer/BMI-App_2025_clean/tests/test_final_coverage_97_boost.py:168: DatabaseUpdateScheduler not available</skipped></testcase><testcase classname="tests.test_final_coverage_97_boost.TestUpdateManagerCoverage" name="test_update_manager_status_check" time="0.002"><skipped type="pytest.skip" message="get_update_status not available">/Users/katsiaryna_kavaleuskaya/Developer/BMI-App_2025_clean/tests/test_final_coverage_97_boost.py:180: get_update_status not available</skipped></testcase><testcase classname="tests.test_final_coverage_97_boost.TestAppEndpointsCoverage" name="test_root_endpoint" time="0.003" /><testcase classname="tests.test_final_coverage_97_boost.TestAppEndpointsCoverage" name="test_debug_env_endpoint" time="0.003" /><testcase classname="tests.test_final_coverage_97_boost.TestAppEndpointsCoverage" name="test_openapi_json" time="0.182" /><testcase classname="tests.test_final_coverage_97_boost.TestAppEndpointsCoverage" name="test_docs_endpoint" time="0.004" /><testcase classname="tests.test_final_coverage_97_boost.TestAppEndpointsCoverage" name="test_redoc_endpoint" time="0.003" /><testcase classname="tests.test_final_coverage_97_boost.TestAppErrorHandling" name="test_invalid_json_payload" time="0.004" /><testcase classname="tests.test_final_coverage_97_boost.TestAppErrorHandling" name="test_missing_required_fields" time="0.004" /><testcase classname="tests.test_final_coverage_97_boost.TestAppErrorHandling" name="test_invalid_content_type" time="0.005" /><testcase classname="tests.test_final_coverage_97_boost.TestAppAdminEndpoints" name="test_admin_status_without_key" time="0.004" /><testcase classname="tests.test_final_coverage_97_boost.TestAppAdminEndpoints" name="test_admin_status_with_invalid_key" time="0.004" /><testcase classname="tests.test_final_coverage_97_boost.TestAppAdminEndpoints" name="test_admin_status_with_valid_key" time="0.003" /><testcase classname="tests.test_final_coverage_97_boost.TestAppAdminEndpoints" name="test_admin_db_status" time="0.005" /><testcase classname="tests.test_final_coverage_97_boost.TestAppAdminEndpoints" name="test_admin_force_update" time="1.397" /><testcase classname="tests.test_final_push_97_percent.TestWeeklyPlanningCompleteCoverage" name="test_weekly_planning_full_logic_path" time="0.015" /><testcase classname="tests.test_final_push_97_percent.TestWeeklyPlanningCompleteCoverage" name="test_weekly_planning_error_paths" time="0.011" /><testcase classname="tests.test_final_push_97_percent.TestPremiumEndpointsCompleteCoverage" name="test_premium_bmr_comprehensive_paths" time="0.012" /><testcase classname="tests.test_final_push_97_percent.TestPremiumEndpointsCompleteCoverage" name="test_premium_plate_comprehensive_paths" time="0.011" /><testcase classname="tests.test_final_push_97_percent.TestPremiumEndpointsCompleteCoverage" name="test_api_key_error_handling_paths" time="0.006" /><testcase classname="tests.test_final_push_97_percent.TestUtilityBlocksCoverage" name="test_error_response_utility_paths" time="0.009" /><testcase classname="tests.test_final_push_97_percent.TestUtilityBlocksCoverage" name="test_edge_case_calculations" time="0.006" /><testcase classname="tests.test_final_push_97_percent.TestUtilityBlocksCoverage" name="test_import_error_handling_paths" time="0.004" /><testcase classname="tests.test_final_push_97_percent.TestUtilityBlocksCoverage" name="test_visualization_error_paths" time="0.002" /><testcase classname="tests.test_final_push_97_percent.TestUtilityBlocksCoverage" name="test_personal_plans_paths" time="0.002" /><testcase classname="tests.test_final_push_97_percent.TestRemainingMissingLines" name="test_various_endpoints_edge_cases" time="0.006" /><testcase classname="tests.test_final_push_97_percent.TestRemainingMissingLines" name="test_error_boundary_paths" time="0.003" /><testcase classname="tests.test_final_push_97_percent.TestRemainingMissingLines" name="test_concurrent_requests_simulation" time="0.009" /><testcase classname="tests.test_final_sprint_to_97.TestVisualizationPaths" name="test_bmi_with_matplotlib_available" time="0.003" /><testcase classname="tests.test_final_sprint_to_97.TestVisualizationPaths" name="test_bmi_with_matplotlib_unavailable" time="0.003" /><testcase classname="tests.test_final_sprint_to_97.TestVisualizationPaths" name="test_bmi_visualization_error_path" time="0.003" /><testcase classname="tests.test_final_sprint_to_97.TestPlanEndpointPaths" name="test_plan_with_all_parameters" time="0.003" /><testcase classname="tests.test_final_sprint_to_97.TestPlanEndpointPaths" name="test_plan_pregnant_athlete_combination" time="0.003" /><testcase classname="tests.test_final_sprint_to_97.TestUtilityFunctionsCoverage" name="test_rollback_functionality" time="0.003" /><testcase classname="tests.test_final_sprint_to_97.TestUtilityFunctionsCoverage" name="test_debug_env_endpoint" time="0.002" /><testcase classname="tests.test_final_sprint_to_97.TestUtilityFunctionsCoverage" name="test_root_endpoint" time="0.002" /><testcase classname="tests.test_final_sprint_to_97.TestUtilityFunctionsCoverage" name="test_health_check" time="0.002" /><testcase classname="tests.test_final_sprint_to_97.TestUtilityFunctionsCoverage" name="test_docs_endpoints" time="0.161" /><testcase classname="tests.test_final_sprint_to_97.TestAdditionalEndpointsCoverage" name="test_v1_bmi_endpoint" time="0.002" /><testcase classname="tests.test_final_sprint_to_97.TestAdditionalEndpointsCoverage" name="test_error_simulation_endpoints" time="0.012" /><testcase classname="tests.test_final_sprint_to_97.TestAdditionalEndpointsCoverage" name="test_language_edge_cases" time="0.021" /><testcase classname="tests.test_final_sprint_to_97.TestAdditionalEndpointsCoverage" name="test_waist_risk_coverage" time="0.007" /><testcase classname="tests.test_final_sprint_to_97.TestAdditionalEndpointsCoverage" name="test_age_categories" time="0.011" /><testcase classname="tests.test_final_sprint_to_97.TestAdditionalEndpointsCoverage" name="test_premium_combinations" time="0.009" /><testcase classname="tests.test_food_api" name="test_search_foods_smoke" time="0.003" /><testcase classname="tests.test_food_api" name="test_food_card_404" time="0.003" /><testcase classname="tests.test_food_apis.TestUSDAClient" name="test_usda_client_initialization" time="0.009" /><testcase classname="tests.test_food_apis.TestUSDAClient" name="test_parse_food_item" time="0.005" /><testcase classname="tests.test_food_apis.TestUSDAClient" name="test_parse_food_item_insufficient_data" time="0.005" /><testcase classname="tests.test_food_apis.TestUSDAClient" name="test_food_item_to_menu_engine_format" time="0.005" /><testcase classname="tests.test_food_apis.TestUSDAClient" name="test_food_item_tag_generation" time="0.005" /><testcase classname="tests.test_food_apis.TestUSDAClient" name="test_search_foods_error_handling" time="0.005" /><testcase classname="tests.test_food_apis.TestUSDAClient" name="test_get_food_details_success" time="0.005" /><testcase classname="tests.test_food_apis.TestUSDAClient" name="test_get_food_details_error" time="0.005" /><testcase classname="tests.test_food_apis.TestUSDAClient" name="test_get_multiple_foods_success" time="0.005" /><testcase classname="tests.test_food_apis.TestUSDAClient" name="test_get_multiple_foods_error" time="0.004" /><testcase classname="tests.test_food_apis.TestUSDAClient" name="test_parse_food_item_invalid_data" time="0.005" /><testcase classname="tests.test_food_apis.TestUSDAClient" name="test_parse_food_item_different_formats" time="0.004" /><testcase classname="tests.test_food_apis.TestUSDAClient" name="test_parse_food_item_exception_handling" time="0.004" /><testcase classname="tests.test_food_apis.TestUSDAClient" name="test_common_foods_database" time="1.527" /><testcase classname="tests.test_food_apis.TestUSDAClient" name="test_usda_food_item_vegan_detection" time="0.007" /><testcase classname="tests.test_food_apis.TestUSDAClient" name="test_usda_food_item_gluten_detection" time="0.005" /><testcase classname="tests.test_food_apis.TestUSDAClient" name="test_search_foods_success_with_results" time="0.012" /><testcase classname="tests.test_food_apis.TestUSDAClient" name="test_search_foods_with_empty_results" time="0.013" /><testcase classname="tests.test_food_apis.TestUSDAClient" name="test_common_foods_database_with_errors" time="0.004" /><testcase classname="tests.test_food_apis.TestUnifiedFoodDatabase" name="test_unified_food_item_creation" time="0.001" /><testcase classname="tests.test_food_apis.TestUnifiedFoodDatabase" name="test_unified_database_initialization" time="0.012" /><testcase classname="tests.test_food_apis.TestUnifiedFoodDatabase" name="test_unified_database_get_foods" time="0.010" /><testcase classname="tests.test_food_apis.TestDatabaseUpdateManager" name="test_update_manager_initialization" time="0.015" /><testcase classname="tests.test_food_apis.TestDatabaseUpdateManager" name="test_checksum_calculation" time="0.014" /><testcase classname="tests.test_food_apis.TestDatabaseUpdateManager" name="test_check_for_updates" time="0.015" /><testcase classname="tests.test_food_apis.TestDatabaseUpdateManager" name="test_database_status" time="0.015" /><testcase classname="tests.test_food_apis.TestDatabaseUpdateManager" name="test_update_callbacks" time="0.014" /><testcase classname="tests.test_food_apis.TestDatabaseUpdateScheduler" name="test_scheduler_initialization" time="0.014" /><testcase classname="tests.test_food_apis.TestDatabaseUpdateScheduler" name="test_scheduler_start_stop" time="0.014" /><testcase classname="tests.test_food_apis.TestDatabaseUpdateScheduler" name="test_should_check_for_updates" time="0.013" /><testcase classname="tests.test_food_apis.TestDatabaseUpdateScheduler" name="test_scheduler_status" time="0.016" /><testcase classname="tests.test_food_apis.TestDatabaseUpdateScheduler" name="test_handle_update_failure" time="0.013" /><testcase classname="tests.test_food_apis.TestFoodAPIIntegration" name="test_usda_to_unified_conversion" time="0.001" /><testcase classname="tests.test_food_apis.TestFoodAPIIntegration" name="test_error_handling_robustness" time="0.018" /><testcase classname="tests.test_food_apis_basic_coverage.TestUnifiedFoodDatabase" name="test_unified_food_database_init" time="0.005" /><testcase classname="tests.test_food_apis_basic_coverage.TestUnifiedFoodDatabase" name="test_unified_food_database_cache_operations" time="0.009" /><testcase classname="tests.test_food_apis_basic_coverage.TestUnifiedFoodDatabase" name="test_search_food_fallback" time="1.017" /><testcase classname="tests.test_food_apis_basic_coverage.TestDatabaseUpdateManager" name="test_database_update_manager_init" time="0.033" /><testcase classname="tests.test_food_apis_basic_coverage.TestDatabaseUpdateManager" name="test_database_version_operations" time="0.034" /><testcase classname="tests.test_food_apis_basic_coverage.TestDatabaseUpdateManager" name="test_check_for_updates_basic" time="0.015" /><testcase classname="tests.test_food_apis_basic_coverage.TestDatabaseUpdateManager" name="test_calculate_checksum" time="0.014" /><testcase classname="tests.test_food_apis_basic_coverage.TestDatabaseUpdateScheduler" name="test_database_update_scheduler_init" time="0.013" /><testcase classname="tests.test_food_apis_basic_coverage.TestDatabaseUpdateScheduler" name="test_scheduler_start_stop" time="0.018" /><testcase classname="tests.test_food_apis_basic_coverage.TestDatabaseUpdateScheduler" name="test_should_check_for_updates" time="0.014" /><testcase classname="tests.test_food_apis_basic_coverage.TestModuleFunctions" name="test_get_unified_food_db" time="0.002" /><testcase classname="tests.test_food_apis_basic_coverage.TestModuleFunctions" name="test_unified_food_item_conversion" time="0.001" /><testcase classname="tests.test_food_apis_basic_coverage.TestModuleFunctions" name="test_update_result_creation" time="0.001" /><testcase classname="tests.test_food_apis_basic_coverage.TestModuleFunctions" name="test_run_source_update_success" time="0.015" /><testcase classname="tests.test_food_apis_basic_coverage.TestModuleFunctions" name="test_run_source_update_failure" time="0.015" /><testcase classname="tests.test_food_apis_comprehensive_coverage.TestDatabaseUpdateSchedulerComprehensive" name="test_setup_signal_handlers_exception" time="0.013" /><testcase classname="tests.test_food_apis_comprehensive_coverage.TestDatabaseUpdateSchedulerComprehensive" name="test_update_loop_cancelled_error" time="0.015" /><testcase classname="tests.test_food_apis_comprehensive_coverage.TestDatabaseUpdateSchedulerComprehensive" name="test_update_loop_general_exception" time="0.014" /><testcase classname="tests.test_food_apis_comprehensive_coverage.TestDatabaseUpdateSchedulerComprehensive" name="test_run_update_check_exception" time="0.014" /><testcase classname="tests.test_food_apis_comprehensive_coverage.TestDatabaseUpdateSchedulerComprehensive" name="test_run_source_update_exception" time="0.014" /><testcase classname="tests.test_food_apis_comprehensive_coverage.TestDatabaseUpdateSchedulerComprehensive" name="test_handle_update_failure_max_retries" time="0.013" /><testcase classname="tests.test_food_apis_comprehensive_coverage.TestDatabaseUpdateSchedulerComprehensive" name="test_handle_update_failure_increment" time="0.013" /><testcase classname="tests.test_food_apis_comprehensive_coverage.TestDatabaseUpdateSchedulerComprehensive" name="test_on_update_complete" time="0.013" /><testcase classname="tests.test_food_apis_comprehensive_coverage.TestDatabaseUpdateSchedulerComprehensive" name="test_force_update_specific_source" time="0.025" /><testcase classname="tests.test_food_apis_comprehensive_coverage.TestDatabaseUpdateSchedulerComprehensive" name="test_force_update_all_sources" time="0.014" /><testcase classname="tests.test_food_apis_comprehensive_coverage.TestDatabaseUpdateSchedulerComprehensive" name="test_get_status" time="0.013" /><testcase classname="tests.test_food_apis_comprehensive_coverage.TestDatabaseUpdateSchedulerComprehensive" name="test_global_scheduler_functions" time="0.003"><skipped type="pytest.skip" message="Event loop closed: Event loop is closed">/Users/katsiaryna_kavaleuskaya/Developer/BMI-App_2025_clean/tests/test_food_apis_comprehensive_coverage.py:321: Event loop closed: Event loop is closed</skipped></testcase><testcase classname="tests.test_food_apis_comprehensive_coverage.TestUnifiedFoodDatabaseComprehensive" name="test_search_food_prefer_openfoodfacts" time="0.330" /><testcase classname="tests.test_food_apis_comprehensive_coverage.TestUnifiedFoodDatabaseComprehensive" name="test_search_food_with_results" time="0.014" /><testcase classname="tests.test_food_apis_comprehensive_coverage.TestUnifiedFoodDatabaseComprehensive" name="test_get_food_by_id_invalid_usda_id" time="0.006" /><testcase classname="tests.test_food_apis_comprehensive_coverage.TestUnifiedFoodDatabaseComprehensive" name="test_get_food_by_id_usda_exception" time="0.007" /><testcase classname="tests.test_food_apis_comprehensive_coverage.TestUnifiedFoodDatabaseComprehensive" name="test_get_food_by_id_non_usda_source" time="0.004" /><testcase classname="tests.test_food_apis_comprehensive_coverage.TestUnifiedFoodDatabaseComprehensive" name="test_get_common_foods_database_cache_load_exception" time="5.117" /><testcase classname="tests.test_food_apis_comprehensive_coverage.TestUnifiedFoodDatabaseComprehensive" name="test_get_common_foods_database_cache_save_exception" time="4.232" /><testcase classname="tests.test_food_apis_comprehensive_coverage.TestUnifiedFoodDatabaseComprehensive" name="test_get_common_foods_database_search_exception" time="0.007" /><testcase classname="tests.test_food_apis_comprehensive_coverage.TestUnifiedFoodDatabaseComprehensive" name="test_unified_db_global_functions" time="0.002" /><testcase classname="tests.test_food_apis_comprehensive_coverage.TestDatabaseUpdateManagerComprehensive" name="test_load_versions_file_not_exists" time="0.015" /><testcase classname="tests.test_food_apis_comprehensive_coverage.TestDatabaseUpdateManagerComprehensive" name="test_load_versions_invalid_json" time="0.015" /><testcase classname="tests.test_food_apis_comprehensive_coverage.TestDatabaseUpdateManagerComprehensive" name="test_save_versions_exception" time="0.014" /><testcase classname="tests.test_food_apis_comprehensive_coverage.TestDatabaseUpdateManagerComprehensive" name="test_check_for_updates_usda_exception" time="0.015" /><testcase classname="tests.test_food_apis_comprehensive_coverage.TestDatabaseUpdateManagerComprehensive" name="test_check_usda_updates_no_current_version" time="0.015" /><testcase classname="tests.test_food_apis_comprehensive_coverage.TestDatabaseUpdateManagerComprehensive" name="test_check_usda_updates_interval_not_passed" time="0.014" /><testcase classname="tests.test_food_apis_comprehensive_coverage.TestDatabaseUpdateManagerComprehensive" name="test_update_database_unknown_source" time="0.015" /><testcase classname="tests.test_food_apis_comprehensive_coverage.TestDatabaseUpdateManagerComprehensive" name="test_update_database_callback_exception" time="0.015" /><testcase classname="tests.test_food_apis_comprehensive_coverage.TestDatabaseUpdateManagerComprehensive" name="test_update_usda_database_create_backup_exception" time="0.015" /><testcase classname="tests.test_food_apis_comprehensive_coverage.TestDatabaseUpdateManagerComprehensive" name="test_update_usda_database_no_change" time="0.016" /><testcase classname="tests.test_food_apis_comprehensive_coverage.TestDatabaseUpdateManagerComprehensive" name="test_update_usda_database_validation_errors" time="0.016" /><testcase classname="tests.test_food_apis_comprehensive_coverage.TestDatabaseUpdateManagerComprehensive" name="test_update_usda_database_load_backup_exception" time="0.020" /><testcase classname="tests.test_food_apis_comprehensive_coverage.TestDatabaseUpdateManagerComprehensive" name="test_update_usda_database_exception" time="0.016" /><testcase classname="tests.test_food_apis_comprehensive_coverage.TestDatabaseUpdateManagerComprehensive" name="test_validate_food_data_missing_fields" time="0.016" /><testcase classname="tests.test_food_apis_comprehensive_coverage.TestDatabaseUpdateManagerComprehensive" name="test_validate_food_data_missing_nutrients" time="0.016" /><testcase classname="tests.test_food_apis_comprehensive_coverage.TestDatabaseUpdateManagerComprehensive" name="test_validate_food_data_negative_values" time="0.016" /><testcase classname="tests.test_food_apis_comprehensive_coverage.TestDatabaseUpdateManagerComprehensive" name="test_validate_food_data_unrealistic_values" time="0.016" /><testcase classname="tests.test_food_apis_comprehensive_coverage.TestDatabaseUpdateManagerComprehensive" name="test_create_backup_exception" time="0.016" /><testcase classname="tests.test_food_apis_comprehensive_coverage.TestDatabaseUpdateManagerComprehensive" name="test_load_backup" time="0.016" /><testcase classname="tests.test_food_apis_comprehensive_coverage.TestDatabaseUpdateManagerComprehensive" name="test_cleanup_old_backups_exception" time="0.016" /><testcase classname="tests.test_food_apis_comprehensive_coverage.TestDatabaseUpdateManagerComprehensive" name="test_rollback_database_exception" time="0.015" /><testcase classname="tests.test_food_apis_comprehensive_coverage.TestDatabaseUpdateManagerComprehensive" name="test_add_update_callback" time="0.014" /><testcase classname="tests.test_food_apis_comprehensive_coverage.TestDatabaseUpdateManagerComprehensive" name="test_get_database_status" time="0.014" /><testcase classname="tests.test_food_apis_comprehensive_coverage.TestDatabaseUpdateManagerComprehensive" name="test_close" time="0.016" /><testcase classname="tests.test_food_apis_comprehensive_coverage.TestDatabaseUpdateManagerComprehensive" name="test_run_scheduled_update" time="0.015" /><testcase classname="tests.test_food_apis_coverage_errors.TestFoodAPIsUpdatePipelineBasic" name="test_update_manager_versions_file_not_exists" time="0.013" /><testcase classname="tests.test_food_apis_coverage_errors.TestFoodAPIsUpdatePipelineBasic" name="test_update_manager_versions_file_invalid_json" time="0.014" /><testcase classname="tests.test_food_apis_coverage_errors.TestFoodAPIsUpdatePipelineBasic" name="test_update_manager_save_versions_error_mock_path" time="0.013" /><testcase classname="tests.test_food_apis_coverage_errors.TestFoodAPIsUpdatePipelineBasic" name="test_check_for_updates_usda_error" time="0.015" /><testcase classname="tests.test_food_apis_coverage_errors.TestFoodAPIsUpdatePipelineBasic" name="test_check_for_updates_off_error" time="0.016" /><testcase classname="tests.test_food_apis_coverage_errors.TestFoodAPIsUpdatePipelineBasic" name="test_check_usda_updates_no_current_version" time="0.014" /><testcase classname="tests.test_food_apis_coverage_errors.TestFoodAPIsUpdatePipelineBasic" name="test_check_off_updates_no_current_version" time="0.014" /><testcase classname="tests.test_food_apis_coverage_errors.TestFoodAPIsUpdatePipelineBasic" name="test_update_database_basic" time="0.014" /><testcase classname="tests.test_food_apis_coverage_errors.TestFoodAPIsUpdatePipelineBasic" name="test_simple_coverage_paths" time="0.014" /><testcase classname="tests.test_food_apis_coverage_errors.TestFoodAPIsUpdatePipeline" name="test_update_manager_versions_file_not_exists" time="0.014" /><testcase classname="tests.test_food_apis_coverage_errors.TestFoodAPIsUpdatePipeline" name="test_update_manager_versions_file_invalid_json" time="0.014" /><testcase classname="tests.test_food_apis_coverage_errors.TestFoodAPIsUpdatePipeline" name="test_check_for_updates_usda_error" time="0.015" /><testcase classname="tests.test_food_apis_coverage_errors.TestFoodAPIsUpdatePipeline" name="test_check_for_updates_off_error" time="0.015" /><testcase classname="tests.test_food_apis_coverage_errors.TestFoodAPIsUpdatePipeline" name="test_check_usda_updates_no_current_version" time="0.015" /><testcase classname="tests.test_food_apis_coverage_errors.TestFoodAPIsUpdatePipeline" name="test_check_off_updates_no_current_version" time="0.014" /><testcase classname="tests.test_food_apis_coverage_errors.TestFoodAPIsUpdatePipeline" name="test_update_database_callback_error" time="0.014" /><testcase classname="tests.test_food_apis_coverage_errors.TestFoodAPIsUpdatePipeline" name="test_update_usda_database_no_force_same_checksum" time="18.792" /><testcase classname="tests.test_food_apis_coverage_errors.TestFoodAPIsUpdatePipeline" name="test_update_usda_database_old_data_load_error" time="0.000"><skipped type="pytest.skip" message="Error injection doesn't trigger expected warning - robust error handling">/Users/katsiaryna_kavaleuskaya/Developer/BMI-App_2025_clean/tests/test_food_apis_coverage_errors.py:303: Error injection doesn't trigger expected warning - robust error handling</skipped></testcase><testcase classname="tests.test_food_apis_coverage_errors.TestFoodAPIsUpdatePipeline" name="test_update_usda_database_general_error" time="0.000"><skipped type="pytest.skip" message="Error injection doesn't produce expected failure - robust error handling">/Users/katsiaryna_kavaleuskaya/Developer/BMI-App_2025_clean/tests/test_food_apis_coverage_errors.py:331: Error injection doesn't produce expected failure - robust error handling</skipped></testcase><testcase classname="tests.test_food_apis_coverage_errors.TestFoodAPIsUpdatePipeline" name="test_update_off_database_error_during_processing" time="0.000"><skipped type="pytest.skip" message="Error injection doesn't produce expected failure - robust error handling">/Users/katsiaryna_kavaleuskaya/Developer/BMI-App_2025_clean/tests/test_food_apis_coverage_errors.py:351: Error injection doesn't produce expected failure - robust error handling</skipped></testcase><testcase classname="tests.test_food_apis_coverage_errors.TestUnifiedFoodDatabase" name="test_unified_db_off_not_available" time="0.008" /><testcase classname="tests.test_food_apis_coverage_errors.TestUnifiedFoodDatabase" name="test_search_foods_usda_error_fallback" time="0.000"><skipped type="pytest.skip" message="Mock doesn't properly prevent exception propagation">/Users/katsiaryna_kavaleuskaya/Developer/BMI-App_2025_clean/tests/test_food_apis_coverage_errors.py:396: Mock doesn't properly prevent exception propagation</skipped></testcase><testcase classname="tests.test_food_apis_coverage_errors.TestUnifiedFoodDatabase" name="test_get_food_by_id_cache_load_error" time="0.000"><skipped type="pytest.skip" message="get_food_by_id method signature issue">/Users/katsiaryna_kavaleuskaya/Developer/BMI-App_2025_clean/tests/test_food_apis_coverage_errors.py:416: get_food_by_id method signature issue</skipped></testcase><testcase classname="tests.test_food_apis_coverage_errors.TestUnifiedFoodDatabase" name="test_get_food_by_id_all_sources_fail" time="0.000"><skipped type="pytest.skip" message="get_food_by_id method signature issue">/Users/katsiaryna_kavaleuskaya/Developer/BMI-App_2025_clean/tests/test_food_apis_coverage_errors.py:437: get_food_by_id method signature issue</skipped></testcase><testcase classname="tests.test_food_apis_push95" name="test_usda_fooditem_to_menu_format" time="0.001" /><testcase classname="tests.test_food_apis_push95" name="test_usda_client_parse_exception_branch" time="0.006" /><testcase classname="tests.test_food_apis_push95" name="test_usda_common_foods_database" time="0.009" /><testcase classname="tests.test_food_apis_push95" name="test_unified_db_common_cache_error_and_save_error" time="0.012" /><testcase classname="tests.test_food_apis_push95" name="test_unified_search_foods_unified" time="0.002" /><testcase classname="tests.test_food_apis_push95" name="test_update_manager_more_edges" time="0.020" /><testcase classname="tests.test_food_apis_push95" name="test_scheduler_remaining_edges" time="0.037" /><testcase classname="tests.test_food_apis_simple_coverage.TestFoodAPIsSimple" name="test_versions_file_not_exists" time="0.018" /><testcase classname="tests.test_food_apis_simple_coverage.TestFoodAPIsSimple" name="test_versions_file_invalid_json" time="0.019" /><testcase classname="tests.test_food_apis_simple_coverage.TestFoodAPIsSimple" name="test_save_versions_error" time="0.018" /><testcase classname="tests.test_food_apis_simple_coverage.TestFoodAPIsSimple" name="test_check_usda_updates_no_version" time="0.019" /><testcase classname="tests.test_food_apis_simple_coverage.TestFoodAPIsSimple" name="test_check_off_updates_no_version" time="0.017" /><testcase classname="tests.test_food_apis_simple_coverage.TestFoodAPIsSimple" name="test_check_for_updates_usda_error" time="0.017" /><testcase classname="tests.test_food_apis_simple_coverage.TestFoodAPIsSimple" name="test_check_for_updates_off_error" time="0.016" /><testcase classname="tests.test_food_apis_simple_coverage.TestFoodAPIsSimple" name="test_update_database_callback_error" time="0.023" /><testcase classname="tests.test_food_db" name="test_parse_food_db" time="0.002" /><testcase classname="tests.test_food_db" name="test_pick_booster_for" time="0.001" /><testcase classname="tests.test_food_db" name="test_aggregate_shopping" time="0.001" /><testcase classname="tests.test_food_db_new" name="test_parse_food_db" time="0.001" /><testcase classname="tests.test_food_db_new" name="test_pick_booster_for" time="0.001" /><testcase classname="tests.test_food_db_new" name="test_aggregate_shopping" time="0.001" /><testcase classname="tests.test_food_db_new" name="test_get_translated_food_name" time="0.001" /><testcase classname="tests.test_food_db_new" name="test_aggregate_shopping_multilingual" time="0.001" /><testcase classname="tests.test_food_db_new_missing_lines.TestFoodDbNewMissingLines" name="test_pick_booster_item_not_found_line_91" time="0.002" /><testcase classname="tests.test_food_db_new_missing_lines.TestFoodDbNewMissingLines" name="test_pick_booster_return_candidate_line_94" time="0.001" /><testcase classname="tests.test_food_db_new_missing_lines.TestFoodDbNewMissingLines" name="test_compatible_rules_lines_99_103" time="0.001" /><testcase classname="tests.test_food_db_new_missing_lines.TestFoodDbNewMissingLines" name="test_aggregate_shopping_price_calc_115_119" time="0.001" /><testcase classname="tests.test_food_db_new_missing_lines.TestFoodDbNewMissingLines" name="test_no_price_items_are_zero" time="0.001" /><testcase classname="tests.test_food_db_new_missing_lines.TestFoodDbNewMissingLines" name="test_realistic_shopping_scenarios" time="0.001" /><testcase classname="tests.test_food_db_new_realistic_coverage.TestFoodDbNewRealisticCoverage" name="test_food_search_edge_cases_realistic" time="0.001" /><testcase classname="tests.test_food_db_new_realistic_coverage.TestFoodDbNewRealisticCoverage" name="test_food_data_validation_realistic" time="0.001" /><testcase classname="tests.test_food_db_new_realistic_coverage.TestFoodDbNewRealisticCoverage" name="test_food_database_updates_realistic" time="0.001" /><testcase classname="tests.test_food_db_new_realistic_coverage.TestFoodDbNewRealisticCoverage" name="test_food_caching_realistic" time="0.001" /><testcase classname="tests.test_food_db_new_realistic_coverage.TestFoodDbNewRealisticCoverage" name="test_food_api_integration_realistic" time="0.001" /><testcase classname="tests.test_food_db_new_realistic_coverage.TestFoodDbNewRealisticCoverage" name="test_food_nutrition_calculations_realistic" time="0.001" /><testcase classname="tests.test_food_db_new_realistic_coverage.TestFoodDbNewRealisticCoverage" name="test_food_import_export_realistic" time="0.001" /><testcase classname="tests.test_food_db_new_realistic_coverage.TestFoodDbNewRealisticCoverage" name="test_food_search_algorithms_realistic" time="0.001" /><testcase classname="tests.test_food_db_new_realistic_coverage.TestFoodDbNewRealisticCoverage" name="test_food_database_performance_realistic" time="0.001" /><testcase classname="tests.test_food_db_new_simple_coverage.TestFoodDbNewSimpleCoverage" name="test_get_food_line_68" time="0.001" /><testcase classname="tests.test_food_db_new_simple_coverage.TestFoodDbNewSimpleCoverage" name="test_pick_booster_continue_line_91" time="0.001" /><testcase classname="tests.test_food_db_new_simple_coverage.TestFoodDbNewSimpleCoverage" name="test_edge_cases_comprehensive" time="0.001" /><testcase classname="tests.test_food_merge.TestMergeValues" name="test_merge_values_median_strategy" time="0.001" /><testcase classname="tests.test_food_merge.TestMergeValues" name="test_merge_values_first_strategy" time="0.001" /><testcase classname="tests.test_food_merge.TestMergeValues" name="test_merge_values_with_none" time="0.001" /><testcase classname="tests.test_food_merge.TestMergeValues" name="test_merge_values_with_negative" time="0.001" /><testcase classname="tests.test_food_merge.TestMergeValues" name="test_merge_values_empty_list" time="0.001" /><testcase classname="tests.test_food_merge.TestMergeValues" name="test_merge_values_all_none" time="0.001" /><testcase classname="tests.test_food_merge.TestMergeValues" name="test_merge_values_all_negative" time="0.001" /><testcase classname="tests.test_food_merge.TestMergeValues" name="test_merge_values_single_value" time="0.001" /><testcase classname="tests.test_food_merge.TestClassifyFoodGroup" name="test_classify_high_protein_lean" time="0.001" /><testcase classname="tests.test_food_merge.TestClassifyFoodGroup" name="test_classify_high_protein_fatty" time="0.001" /><testcase classname="tests.test_food_merge.TestClassifyFoodGroup" name="test_classify_high_fat_food" time="0.001" /><testcase classname="tests.test_food_merge.TestClassifyFoodGroup" name="test_classify_high_carb_grain" time="0.001" /><testcase classname="tests.test_food_merge.TestClassifyFoodGroup" name="test_classify_high_fiber_grain" time="0.001" /><testcase classname="tests.test_food_merge.TestClassifyFoodGroup" name="test_classify_legume" time="0.001" /><testcase classname="tests.test_food_merge.TestClassifyFoodGroup" name="test_classify_legume_by_name" time="0.001" /><testcase classname="tests.test_food_merge.TestClassifyFoodGroup" name="test_classify_high_sugar_fruit" time="0.001" /><testcase classname="tests.test_food_merge.TestClassifyFoodGroup" name="test_classify_vegetable" time="0.001" /><testcase classname="tests.test_food_merge.TestClassifyFoodGroup" name="test_classify_dairy" time="0.001" /><testcase classname="tests.test_food_merge.TestClassifyFoodGroup" name="test_classify_other_default" time="0.001" /><testcase classname="tests.test_food_merge.TestClassifyFoodGroup" name="test_classify_zero_calories" time="0.001" /><testcase classname="tests.test_food_merge.TestClassifyFoodGroup" name="test_classify_legume_correct" time="0.001" /><testcase classname="tests.test_food_merge.TestClassifyFoodGroup" name="test_classify_grain_correct" time="0.001" /><testcase classname="tests.test_food_merge.TestClassifyFoodGroup" name="test_classify_vegetable_correct" time="0.001" /><testcase classname="tests.test_food_merge.TestClassifyFoodGroup" name="test_classify_dairy_correct" time="0.001" /><testcase classname="tests.test_food_merge.TestClassifyFoodGroup" name="test_classify_legume_by_name_match" time="0.001" /><testcase classname="tests.test_food_merge.TestClassifyFoodGroup" name="test_classify_legume_by_name_bean" time="0.001" /><testcase classname="tests.test_food_merge.TestClassifyFoodGroup" name="test_classify_legume_by_name_chickpea" time="0.001" /><testcase classname="tests.test_food_merge.TestClassifyFoodGroup" name="test_classify_high_sugar_carb" time="0.001" /><testcase classname="tests.test_food_merge.TestClassifyFoodGroup" name="test_classify_vegetable_low_calorie" time="0.001" /><testcase classname="tests.test_food_merge.TestClassifyFoodGroup" name="test_classify_fruit_by_sugar" time="0.001" /><testcase classname="tests.test_food_merge.TestClassifyFoodGroup" name="test_classify_dairy_by_flags" time="0.001" /><testcase classname="tests.test_food_merge.TestClassifyFoodGroup" name="test_classify_legume_by_name_lentil" time="0.001" /><testcase classname="tests.test_food_merge.TestClassifyFoodGroup" name="test_classify_legume_by_name_bean_match" time="0.001" /><testcase classname="tests.test_food_merge.TestClassifyFoodGroup" name="test_classify_legume_by_name_chickpea_match" time="0.001" /><testcase classname="tests.test_food_merge.TestClassifyFoodGroup" name="test_classify_vegetable_high_fiber_low_calorie" time="0.001" /><testcase classname="tests.test_food_merge.TestClassifyFoodGroup" name="test_classify_fruit_by_sugar_low_protein" time="0.001" /><testcase classname="tests.test_food_merge.TestClassifyFoodGroup" name="test_classify_dairy_by_flags_low_protein" time="0.001" /><testcase classname="tests.test_food_merge.TestMergeRecords" name="test_merge_records_single_source" time="0.001" /><testcase classname="tests.test_food_merge.TestMergeRecords" name="test_merge_records_multiple_sources" time="0.001" /><testcase classname="tests.test_food_merge.TestMergeRecords" name="test_merge_records_micro_nutrients_usda_priority" time="0.001" /><testcase classname="tests.test_food_merge.TestMergeRecords" name="test_merge_records_micro_nutrients_fallback" time="0.001" /><testcase classname="tests.test_food_merge.TestMergeRecords" name="test_merge_records_flags_aggregation" time="0.001" /><testcase classname="tests.test_food_merge.TestMergeRecords" name="test_merge_records_multiple_foods" time="0.001" /><testcase classname="tests.test_food_merge.TestMergeRecords" name="test_merge_records_empty_streams" time="0.001" /><testcase classname="tests.test_food_merge.TestMergeRecords" name="test_merge_records_version_date" time="0.001" /><testcase classname="tests.test_food_merge.TestMergeRecords" name="test_merge_records_food_group_classification" time="0.001" /><testcase classname="tests.test_food_merge.TestMergeRecords" name="test_merge_records_rounding" time="0.001" /><testcase classname="tests.test_food_merge.TestMergeRecords" name="test_classify_high_carb_no_sugar_grain" time="0.001" /><testcase classname="tests.test_food_merge.TestMergeRecords" name="test_classify_high_carb_high_sugar_fruit" time="0.001" /><testcase classname="tests.test_food_merge.TestMergeRecords" name="test_classify_vegetable_high_fiber_low_calorie" time="0.001" /><testcase classname="tests.test_food_merge.TestMergeRecords" name="test_classify_fruit_by_sugar_no_sugar_field" time="0.001" /><testcase classname="tests.test_food_merge.TestMergeRecords" name="test_classify_dairy_by_flags_no_dairy_flags" time="0.001" /><testcase classname="tests.test_food_merge.TestMergeRecords" name="test_classify_vegetable_low_protein_high_fiber" time="0.001" /><testcase classname="tests.test_food_merge.TestMergeRecords" name="test_classify_fruit_by_sugar_field" time="0.001" /><testcase classname="tests.test_food_merge.TestMergeRecords" name="test_classify_dairy_by_flags_field" time="0.001" /><testcase classname="tests.test_food_merge.TestMergeRecords" name="test_classify_legume_by_name_high_fiber" time="0.001" /><testcase classname="tests.test_food_merge.TestMergeRecords" name="test_classify_grain_high_fiber_not_legume" time="0.001" /><testcase classname="tests.test_food_merge.TestMergeRecords" name="test_classify_vegetable_very_low_protein" time="0.001" /><testcase classname="tests.test_food_merge.TestMergeRecords" name="test_classify_fruit_very_low_protein" time="0.001" /><testcase classname="tests.test_food_merge_coverage_96.TestFoodMergeCoverage96" name="test_merge_values_empty_list" time="0.001" /><testcase classname="tests.test_food_merge_coverage_96.TestFoodMergeCoverage96" name="test_merge_values_none_values" time="0.001" /><testcase classname="tests.test_food_merge_coverage_96.TestFoodMergeCoverage96" name="test_merge_values_negative_values" time="0.001" /><testcase classname="tests.test_food_merge_coverage_96.TestFoodMergeCoverage96" name="test_merge_values_mixed_values" time="0.001" /><testcase classname="tests.test_food_merge_coverage_96.TestFoodMergeCoverage96" name="test_merge_values_first_strategy" time="0.001" /><testcase classname="tests.test_food_merge_coverage_96.TestFoodMergeCoverage96" name="test_merge_values_median_strategy" time="0.001" /><testcase classname="tests.test_food_merge_coverage_96.TestFoodMergeCoverage96" name="test_merge_values_single_value" time="0.001" /><testcase classname="tests.test_food_merge_coverage_96.TestFoodMergeCoverage96" name="test_merge_values_float_conversion" time="0.001" /><testcase classname="tests.test_food_merge_coverage_96.TestFoodMergeCoverage96" name="test_merge_records_empty_streams" time="0.001" /><testcase classname="tests.test_food_merge_coverage_96.TestFoodMergeCoverage96" name="test_merge_records_single_record" time="0.001" /><testcase classname="tests.test_food_merge_coverage_96.TestFoodMergeCoverage96" name="test_merge_records_multiple_sources" time="0.001" /><testcase classname="tests.test_food_merge_coverage_96.TestFoodMergeCoverage96" name="test_merge_records_micro_pick_usda_priority" time="0.001" /><testcase classname="tests.test_food_merge_coverage_96.TestFoodMergeCoverage96" name="test_merge_records_micro_pick_no_usda" time="0.001" /><testcase classname="tests.test_food_merge_coverage_96.TestFoodMergeCoverage96" name="test_merge_records_flags_aggregation" time="0.001" /><testcase classname="tests.test_food_merge_coverage_96.TestFoodMergeCoverage96" name="test_merge_records_no_flags" time="0.001" /><testcase classname="tests.test_food_merge_coverage_96.TestFoodMergeCoverage96" name="test_classify_food_group_high_protein_lean" time="0.001" /><testcase classname="tests.test_food_merge_coverage_96.TestFoodMergeCoverage96" name="test_classify_food_group_high_protein_high_fat" time="0.001" /><testcase classname="tests.test_food_merge_coverage_96.TestFoodMergeCoverage96" name="test_classify_food_group_high_fat" time="0.001" /><testcase classname="tests.test_food_merge_coverage_96.TestFoodMergeCoverage96" name="test_classify_food_group_high_carb_high_fiber_legume" time="0.001" /><testcase classname="tests.test_food_merge_coverage_96.TestFoodMergeCoverage96" name="test_classify_food_group_high_carb_high_fiber_bean" time="0.001" /><testcase classname="tests.test_food_merge_coverage_96.TestFoodMergeCoverage96" name="test_classify_food_group_high_carb_high_fiber_chickpea" time="0.001" /><testcase classname="tests.test_food_merge_coverage_96.TestFoodMergeCoverage96" name="test_classify_food_group_high_carb_high_fiber_grain" time="0.001" /><testcase classname="tests.test_food_merge_coverage_96.TestFoodMergeCoverage96" name="test_classify_food_group_high_carb_high_sugar" time="0.001" /><testcase classname="tests.test_food_merge_coverage_96.TestFoodMergeCoverage96" name="test_classify_food_group_high_carb_low_fiber" time="0.001" /><testcase classname="tests.test_food_merge_coverage_96.TestFoodMergeCoverage96" name="test_classify_food_group_vegetable" time="0.001" /><testcase classname="tests.test_food_merge_coverage_96.TestFoodMergeCoverage96" name="test_classify_food_group_fruit_high_sugar" time="0.001" /><testcase classname="tests.test_food_merge_coverage_96.TestFoodMergeCoverage96" name="test_classify_food_group_dairy" time="0.001" /><testcase classname="tests.test_food_merge_coverage_96.TestFoodMergeCoverage96" name="test_classify_food_group_other" time="0.001" /><testcase classname="tests.test_food_merge_coverage_96.TestFoodMergeCoverage96" name="test_classify_food_group_zero_calories" time="0.001" /><testcase classname="tests.test_food_merge_coverage_96.TestFoodMergeCoverage96" name="test_classify_food_group_missing_sugar_g" time="0.001" /><testcase classname="tests.test_food_merge_coverage_96.TestFoodMergeCoverage96" name="test_merge_records_all_micros" time="0.001" /><testcase classname="tests.test_food_merge_coverage_96.TestFoodMergeCoverage96" name="test_merge_records_rounding" time="0.001" /><testcase classname="tests.test_food_merge_coverage_96.TestFoodMergeCoverage96" name="test_merge_records_version_date" time="0.001" /><testcase classname="tests.test_food_sources_simple.TestUSDAAdapter" name="test_usda_directory_processing" time="0.001" /><testcase classname="tests.test_food_sources_simple.TestUSDAAdapter" name="test_usda_missing_csv_file_error" time="0.001" /><testcase classname="tests.test_food_sources_simple.TestUSDAAdapter" name="test_usda_normalize_with_missing_nutrients" time="0.002" /><testcase classname="tests.test_food_sources_simple.TestUSDAAdapter" name="test_usda_normalize_vitamin_d_conversion" time="0.001" /><testcase classname="tests.test_food_sources_simple.TestOFFAdapter" name="test_off_directory_processing" time="0.001" /><testcase classname="tests.test_food_sources_simple.TestOFFAdapter" name="test_off_product_name_fallback" time="0.001" /><testcase classname="tests.test_food_sources_simple.TestOFFAdapter" name="test_off_dietary_flags_parsing" time="0.001" /><testcase classname="tests.test_food_sources_simple.TestOFFAdapter" name="test_off_missing_file_error" time="0.001" /><testcase classname="tests.test_food_sources_simple.TestBaseAdapter" name="test_base_adapter_abstract_methods" time="0.001" /><testcase classname="tests.test_food_sources_simple.TestBaseAdapter" name="test_food_record_creation" time="0.001" /><testcase classname="tests.test_food_sources_simple.TestFoodSourcesIntegration" name="test_usda_csv_edge_cases" time="0.001" /><testcase classname="tests.test_food_sources_simple.TestFoodSourcesIntegration" name="test_off_empty_csv_handling" time="0.001" /><testcase classname="tests.test_food_sources_simple.TestFoodSourcesIntegration" name="test_usda_default_path" time="0.001" /><testcase classname="tests.test_food_sources_simple.TestFoodSourcesIntegration" name="test_off_default_path_and_locale" time="0.001" /><testcase classname="tests.test_food_sources_simple.TestFoodSourcesIntegration" name="test_usda_directory_not_exists" time="0.001" /><testcase classname="tests.test_food_sources_simple.TestFoodSourcesIntegration" name="test_off_directory_no_csv_files" time="0.001" /><testcase classname="tests.test_food_store_coverage.TestFoodStoreCoverage" name="test_expand_query_empty_string" time="0.001" /><testcase classname="tests.test_food_store_coverage.TestFoodStoreCoverage" name="test_expand_query_none" time="0.001" /><testcase classname="tests.test_food_store_coverage.TestFoodStoreCoverage" name="test_expand_query_whitespace" time="0.001" /><testcase classname="tests.test_food_store_coverage.TestFoodStoreCoverage" name="test_expand_query_known_alias" time="0.001" /><testcase classname="tests.test_food_store_coverage.TestFoodStoreCoverage" name="test_expand_query_english_alias" time="0.001" /><testcase classname="tests.test_food_store_coverage.TestFoodStoreCoverage" name="test_expand_query_unknown_term" time="0.001" /><testcase classname="tests.test_food_store_coverage.TestFoodStoreCoverage" name="test_search_foods_empty_query" time="0.002" /><testcase classname="tests.test_food_store_coverage.TestFoodStoreCoverage" name="test_search_foods_none_query" time="0.001" /><testcase classname="tests.test_food_store_coverage.TestFoodStoreCoverage" name="test_search_foods_with_terms" time="0.002" /><testcase classname="tests.test_food_store_coverage.TestFoodStoreCoverage" name="test_get_food_not_found" time="0.001" /><testcase classname="tests.test_food_store_coverage.TestFoodStoreCoverage" name="test_get_food_found" time="0.001" /><testcase classname="tests.test_food_store_coverage.TestFoodStoreCoverage" name="test_nutrients_for_missing_food" time="0.001" /><testcase classname="tests.test_food_store_coverage.TestFoodStoreCoverage" name="test_nutrients_for_with_per_g_override" time="0.001" /><testcase classname="tests.test_food_store_coverage.TestFoodStoreCoverage" name="test_nutrients_for_missing_nutrients" time="0.001" /><testcase classname="tests.test_food_store_coverage.TestFoodStoreCoverage" name="test_nutrients_for_multiple_ingredients" time="0.001" /><testcase classname="tests.test_food_store_coverage.TestFoodStoreCoverage" name="test_search_foods_with_terms_sql_construction" time="0.002" /><testcase classname="tests.test_food_store_coverage.TestFoodStoreCoverage" name="test_search_foods_without_terms_sql_construction" time="0.001" /><testcase classname="tests.test_food_store_coverage.TestFoodStoreCoverage" name="test_nutrients_for_food_not_found_continue" time="0.001" /><testcase classname="tests.test_food_store_coverage.TestFoodStoreCoverage" name="test_nutrients_for_per_g_calculation" time="0.001" /><testcase classname="tests.test_food_store_coverage.TestFoodStoreCoverage" name="test_nutrients_for_missing_nutrient_keys" time="0.001" /><testcase classname="tests.test_food_store_coverage_boost.TestFoodStoreCoverage" name="test_expand_query_empty_string" time="0.001" /><testcase classname="tests.test_food_store_coverage_boost.TestFoodStoreCoverage" name="test_expand_query_none" time="0.001" /><testcase classname="tests.test_food_store_coverage_boost.TestFoodStoreCoverage" name="test_expand_query_whitespace" time="0.001" /><testcase classname="tests.test_food_store_coverage_boost.TestFoodStoreCoverage" name="test_expand_query_basic_term" time="0.001" /><testcase classname="tests.test_food_store_coverage_boost.TestFoodStoreCoverage" name="test_expand_query_with_aliases" time="0.001" /><testcase classname="tests.test_food_store_coverage_boost.TestFoodStoreCoverage" name="test_expand_query_alias_variant" time="0.001" /><testcase classname="tests.test_food_store_coverage_boost.TestFoodStoreCoverage" name="test_expand_query_olive_oil" time="0.001" /><testcase classname="tests.test_food_store_coverage_boost.TestFoodStoreCoverage" name="test_expand_query_cottage_cheese" time="0.001" /><testcase classname="tests.test_food_store_coverage_boost.TestFoodStoreCoverage" name="test_search_foods_with_query" time="0.002" /><testcase classname="tests.test_food_store_coverage_boost.TestFoodStoreCoverage" name="test_search_foods_without_query" time="0.001" /><testcase classname="tests.test_food_store_coverage_boost.TestFoodStoreCoverage" name="test_search_foods_none_query" time="0.001" /><testcase classname="tests.test_food_store_coverage_boost.TestFoodStoreCoverage" name="test_get_food_found" time="0.001" /><testcase classname="tests.test_food_store_coverage_boost.TestFoodStoreCoverage" name="test_get_food_not_found" time="0.001" /><testcase classname="tests.test_food_store_coverage_boost.TestFoodStoreCoverage" name="test_nutrients_for_empty_list" time="0.001" /><testcase classname="tests.test_food_store_coverage_boost.TestFoodStoreCoverage" name="test_nutrients_for_single_ingredient" time="0.001" /><testcase classname="tests.test_food_store_coverage_boost.TestFoodStoreCoverage" name="test_nutrients_for_multiple_ingredients" time="0.001" /><testcase classname="tests.test_food_store_coverage_boost.TestFoodStoreCoverage" name="test_nutrients_for_missing_food" time="0.001" /><testcase classname="tests.test_food_store_coverage_boost.TestFoodStoreCoverage" name="test_nutrients_for_custom_per_g" time="0.001" /><testcase classname="tests.test_food_store_coverage_boost.TestFoodStoreCoverage" name="test_nutrients_for_missing_nutrient_values" time="0.001" /><testcase classname="tests.test_foods_router_coverage_boost.TestFoodsRouterCoverage" name="test_router_configuration" time="0.001" /><testcase classname="tests.test_foods_router_coverage_boost.TestFoodsRouterCoverage" name="test_list_foods_success" time="0.005" /><testcase classname="tests.test_foods_router_coverage_boost.TestFoodsRouterCoverage" name="test_list_foods_empty_query" time="0.003" /><testcase classname="tests.test_foods_router_coverage_boost.TestFoodsRouterCoverage" name="test_list_foods_no_query" time="0.004" /><testcase classname="tests.test_foods_router_coverage_boost.TestFoodsRouterCoverage" name="test_list_foods_limit_too_high" time="0.003" /><testcase classname="tests.test_foods_router_coverage_boost.TestFoodsRouterCoverage" name="test_list_foods_limit_too_low" time="0.003" /><testcase classname="tests.test_foods_router_coverage_boost.TestFoodsRouterCoverage" name="test_list_foods_limit_negative" time="0.003" /><testcase classname="tests.test_foods_router_coverage_boost.TestFoodsRouterCoverage" name="test_list_foods_limit_maximum" time="0.003" /><testcase classname="tests.test_foods_router_coverage_boost.TestFoodsRouterCoverage" name="test_list_foods_limit_minimum" time="0.003" /><testcase classname="tests.test_foods_router_coverage_boost.TestFoodsRouterCoverage" name="test_list_foods_with_offset" time="0.005" /><testcase classname="tests.test_foods_router_coverage_boost.TestFoodsRouterCoverage" name="test_list_foods_long_query" time="0.003" /><testcase classname="tests.test_foods_router_coverage_boost.TestFoodsRouterCoverage" name="test_list_foods_query_too_long" time="0.002" /><testcase classname="tests.test_foods_router_coverage_boost.TestFoodsRouterCoverage" name="test_get_food_success" time="0.003" /><testcase classname="tests.test_foods_router_coverage_boost.TestFoodsRouterCoverage" name="test_get_food_not_found" time="0.003" /><testcase classname="tests.test_foods_router_coverage_boost.TestFoodsRouterCoverage" name="test_get_food_with_special_characters" time="0.004" /><testcase classname="tests.test_foods_router_coverage_boost.TestFoodsRouterCoverage" name="test_get_food_with_numeric_id" time="0.003" /><testcase classname="tests.test_foods_router_coverage_boost.TestFoodsRouterCoverage" name="test_food_hit_schema" time="0.001" /><testcase classname="tests.test_foods_router_coverage_boost.TestFoodsRouterCoverage" name="test_food_item_schema" time="0.001" /><testcase classname="tests.test_group_display_es.TestGroupDisplayES" name="test_group_display_names_spanish" time="0.001" /><testcase classname="tests.test_group_display_es.TestGroupDisplayES" name="test_auto_group_spanish_terms" time="0.001" /><testcase classname="tests.test_group_display_es.TestGroupDisplayES" name="test_special_population_notes_spanish" time="0.001" /><testcase classname="tests.test_health_db" name="test_health_db_ok" time="0.006" /><testcase classname="tests.test_health_db" name="test_health_db_failure" time="0.004" /><testcase classname="tests.test_i18n_additional_coverage.TestI18nAdditionalCoverage" name="test_t_function_unsupported_language_error_line_344" time="0.005" /><testcase classname="tests.test_i18n_additional_coverage.TestI18nAdditionalCoverage" name="test_t_function_template_formatting_line_352" time="0.001" /><testcase classname="tests.test_i18n_additional_coverage.TestI18nAdditionalCoverage" name="test_validate_translation_key_function_line_366" time="0.001" /><testcase classname="tests.test_i18n_additional_coverage.TestI18nAdditionalCoverage" name="test_normalize_lang_return_base_line_420_coverage" time="0.001" /><testcase classname="tests.test_i18n_additional_coverage.TestI18nAdditionalCoverage" name="test_normalize_lang_direct_base_line_427_coverage" time="0.001" /><testcase classname="tests.test_i18n_additional_coverage.TestI18nAdditionalCoverage" name="test_comprehensive_error_scenarios" time="0.002" /><testcase classname="tests.test_i18n_additional_coverage.TestI18nAdditionalCoverage" name="test_template_formatting_edge_cases" time="0.001" /><testcase classname="tests.test_i18n_additional_coverage.TestI18nAdditionalCoverage" name="test_concurrent_translation_access" time="0.001" /><testcase classname="tests.test_i18n_additional_coverage.TestI18nAdditionalCoverage" name="test_all_translation_keys_exist" time="0.001" /><testcase classname="tests.test_i18n_coverage" name="test_i18n_invalid_language_keyerror" time="0.001" /><testcase classname="tests.test_i18n_coverage" name="test_i18n_missing_key_keyerror" time="0.001" /><testcase classname="tests.test_i18n_coverage" name="test_i18n_validate_translation_key" time="0.001" /><testcase classname="tests.test_i18n_final_coverage.TestI18nFinalCoverage" name="test_normalize_lang_line_420_return_base_debug" time="0.001" /><testcase classname="tests.test_i18n_final_coverage.TestI18nFinalCoverage" name="test_normalize_lang_line_427_direct_base_debug" time="0.001" /><testcase classname="tests.test_i18n_final_coverage.TestI18nFinalCoverage" name="test_modify_locale_special_cases_temporarily" time="0.001" /><testcase classname="tests.test_i18n_final_coverage.TestI18nFinalCoverage" name="test_force_line_420_with_monkey_patch" time="0.001" /><testcase classname="tests.test_i18n_final_coverage.TestI18nFinalCoverage" name="test_comprehensive_debug_trace" time="0.001" /><testcase classname="tests.test_i18n_final_coverage.TestI18nFinalCoverage" name="test_edge_case_line_coverage" time="0.001" /><testcase classname="tests.test_i18n_lines_420_427.TestI18nLinesCoverage" name="test_line_420_return_base_without_aliases" time="0.001" /><testcase classname="tests.test_i18n_lines_420_427.TestI18nLinesCoverage" name="test_line_427_return_key_without_aliases" time="0.001" /><testcase classname="tests.test_i18n_lines_420_427.TestI18nLinesCoverage" name="test_comprehensive_coverage_without_aliases" time="0.001" /><testcase classname="tests.test_i18n_lines_420_427.TestI18nLinesCoverage" name="test_edge_cases_without_aliases" time="0.001" /><testcase classname="tests.test_i18n_lines_420_427.TestI18nLinesCoverage" name="test_faker_generated_locales_without_aliases" time="0.001" /><testcase classname="tests.test_i18n_locales_extra" name="test_normalize_lang_comprehensive[ru-ru]" time="0.001" /><testcase classname="tests.test_i18n_locales_extra" name="test_normalize_lang_comprehensive[en-en]" time="0.001" /><testcase classname="tests.test_i18n_locales_extra" name="test_normalize_lang_comprehensive[es-es]" time="0.001" /><testcase classname="tests.test_i18n_locales_extra" name="test_normalize_lang_comprehensive[RU-ru]" time="0.001" /><testcase classname="tests.test_i18n_locales_extra" name="test_normalize_lang_comprehensive[EN-en]" time="0.001" /><testcase classname="tests.test_i18n_locales_extra" name="test_normalize_lang_comprehensive[ES-es]" time="0.001" /><testcase classname="tests.test_i18n_locales_extra" name="test_normalize_lang_comprehensive[en-US-en]" time="0.001" /><testcase classname="tests.test_i18n_locales_extra" name="test_normalize_lang_comprehensive[en-GB-en]" time="0.001" /><testcase classname="tests.test_i18n_locales_extra" name="test_normalize_lang_comprehensive[es-MX-es]" time="0.001" /><testcase classname="tests.test_i18n_locales_extra" name="test_normalize_lang_comprehensive[es-ES-en]" time="0.001" /><testcase classname="tests.test_i18n_locales_extra" name="test_normalize_lang_comprehensive[es-AR-en]" time="0.001" /><testcase classname="tests.test_i18n_locales_extra" name="test_normalize_lang_comprehensive[ru-RU-en]" time="0.001" /><testcase classname="tests.test_i18n_locales_extra" name="test_normalize_lang_comprehensive[russian-ru]" time="0.001" /><testcase classname="tests.test_i18n_locales_extra" name="test_normalize_lang_comprehensive[english-en]" time="0.001" /><testcase classname="tests.test_i18n_locales_extra" name="test_normalize_lang_comprehensive[spanish-es]" time="0.001" /><testcase classname="tests.test_i18n_locales_extra" name="test_normalize_lang_comprehensive[espa\xf1ol-es]" time="0.001" /><testcase classname="tests.test_i18n_locales_extra" name="test_normalize_lang_comprehensive[\u0440\u0443\u0441\u0441\u043a\u0438\u0439-ru]" time="0.001" /><testcase classname="tests.test_i18n_locales_extra" name="test_normalize_lang_comprehensive[xx-YY-en]" time="0.001" /><testcase classname="tests.test_i18n_locales_extra" name="test_normalize_lang_comprehensive[-en]" time="0.001" /><testcase classname="tests.test_i18n_locales_extra" name="test_normalize_lang_comprehensive[None-en]" time="0.001" /><testcase classname="tests.test_i18n_locales_extra" name="test_normalize_lang_comprehensive[unknown-en]" time="0.001" /><testcase classname="tests.test_i18n_locales_extra" name="test_normalize_lang_comprehensive[fr-en]" time="0.001" /><testcase classname="tests.test_i18n_locales_extra" name="test_normalize_lang_comprehensive[de-en]" time="0.001" /><testcase classname="tests.test_i18n_locales_extra" name="test_normalize_lang_with_underscores" time="0.001" /><testcase classname="tests.test_i18n_locales_extra" name="test_normalize_lang_strip_whitespace" time="0.001" /><testcase classname="tests.test_i18n_missing_lines_coverage_fixed.TestI18nMissingLines" name="test_locale_special_cases_exceptions_coverage" time="0.001" /><testcase classname="tests.test_i18n_missing_lines_coverage_fixed.TestI18nMissingLines" name="test_locale_special_cases_default_coverage" time="0.001" /><testcase classname="tests.test_i18n_missing_lines_coverage_fixed.TestI18nMissingLines" name="test_direct_base_languages_coverage" time="0.001" /><testcase classname="tests.test_i18n_missing_lines_coverage_fixed.TestI18nMissingLines" name="test_unknown_language_fallback_coverage" time="0.001" /><testcase classname="tests.test_i18n_missing_lines_coverage_fixed.TestI18nMissingLines" name="test_complex_locale_patterns_coverage" time="0.001" /><testcase classname="tests.test_i18n_missing_lines_coverage_fixed.TestI18nMissingLines" name="test_locale_normalization_coverage" time="0.001" /><testcase classname="tests.test_i18n_missing_lines_coverage_fixed.TestI18nMissingLines" name="test_edge_case_inputs_coverage" time="0.001" /><testcase classname="tests.test_i18n_missing_lines_coverage_fixed.TestI18nMissingLines" name="test_faker_generated_locales_coverage" time="0.001" /><testcase classname="tests.test_i18n_missing_lines_coverage_fixed.TestI18nMissingLines" name="test_concurrent_locale_normalization" time="0.002" /><testcase classname="tests.test_i18n_normalize_lang_coverage.TestI18nNormalizeLangCoverage" name="test_locale_special_cases_detection_line_415" time="0.001" /><testcase classname="tests.test_i18n_normalize_lang_coverage.TestI18nNormalizeLangCoverage" name="test_locale_config_access_line_416" time="0.001" /><testcase classname="tests.test_i18n_normalize_lang_coverage.TestI18nNormalizeLangCoverage" name="test_region_in_exceptions_check_line_419" time="0.001" /><testcase classname="tests.test_i18n_normalize_lang_coverage.TestI18nNormalizeLangCoverage" name="test_return_base_language_line_420" time="0.001" /><testcase classname="tests.test_i18n_normalize_lang_coverage.TestI18nNormalizeLangCoverage" name="test_return_config_default_line_422" time="0.001" /><testcase classname="tests.test_i18n_normalize_lang_coverage.TestI18nNormalizeLangCoverage" name="test_direct_base_languages_line_427" time="0.001" /><testcase classname="tests.test_i18n_normalize_lang_coverage.TestI18nNormalizeLangCoverage" name="test_default_fallback_line_430" time="0.001" /><testcase classname="tests.test_i18n_normalize_lang_coverage.TestI18nNormalizeLangCoverage" name="test_complex_locale_patterns_comprehensive" time="0.001" /><testcase classname="tests.test_i18n_normalize_lang_coverage.TestI18nNormalizeLangCoverage" name="test_edge_cases_and_formats" time="0.001" /><testcase classname="tests.test_i18n_parity.TestI18nParity" name="test_all_languages_have_same_keys" time="0.001" /><testcase classname="tests.test_i18n_parity.TestI18nParity" name="test_translation_function_works_for_all_languages" time="0.001" /><testcase classname="tests.test_i18n_parity.TestI18nParity" name="test_validate_translation_key_function" time="0.001" /><testcase classname="tests.test_i18n_parity.TestI18nParity" name="test_all_keys_present_in_all_languages" time="0.001" /><testcase classname="tests.test_i18n_realistic_simple.TestI18nRealisticCoverage" name="test_basic_translations" time="0.001" /><testcase classname="tests.test_i18n_realistic_simple.TestI18nRealisticCoverage" name="test_translation_error_scenarios" time="0.001" /><testcase classname="tests.test_i18n_realistic_simple.TestI18nRealisticCoverage" name="test_all_supported_languages" time="0.001" /><testcase classname="tests.test_i18n_realistic_simple.TestI18nRealisticCoverage" name="test_form_related_translations" time="0.001" /><testcase classname="tests.test_i18n_realistic_simple.TestI18nRealisticCoverage" name="test_validation_message_translations" time="0.001" /><testcase classname="tests.test_i18n_realistic_simple.TestI18nRealisticCoverage" name="test_activity_level_translations" time="0.001" /><testcase classname="tests.test_i18n_realistic_simple.TestI18nRealisticCoverage" name="test_bmi_category_translations" time="0.001" /><testcase classname="tests.test_i18n_realistic_simple.TestI18nRealisticCoverage" name="test_translation_consistency" time="0.001" /><testcase classname="tests.test_i18n_realistic_simple.TestI18nRealisticCoverage" name="test_empty_key_handling" time="0.001" /><testcase classname="tests.test_import_errors_coverage.TestImportErrorPaths" name="test_prometheus_import_error_path" time="0.001" /><testcase classname="tests.test_import_errors_coverage.TestVIPRouterImportPath" name="test_vip_router_import_error_handling" time="0.001" /><testcase classname="tests.test_import_errors_coverage.TestRateLimitingPath" name="test_rate_limiting_flag_handling" time="0.001" /><testcase classname="tests.test_import_errors_coverage.TestEnvironmentVariablePaths" name="test_environment_variable_coverage" time="0.001" /><testcase classname="tests.test_import_errors_coverage.TestApplicationStartupPaths" name="test_fastapi_app_initialization_paths" time="0.001" /><testcase classname="tests.test_import_smoke" name="test_import_core_modules_smoke[core.product_varieties]" time="0.001" /><testcase classname="tests.test_import_smoke" name="test_import_core_modules_smoke[core.product_finder]" time="0.001" /><testcase classname="tests.test_import_smoke" name="test_import_core_modules_smoke[core.food_db]" time="0.001" /><testcase classname="tests.test_import_smoke" name="test_import_core_modules_smoke[core.exports]" time="0.001" /><testcase classname="tests.test_import_smoke" name="test_import_core_modules_smoke[core.meal_i18n]" time="0.001" /><testcase classname="tests.test_import_smoke" name="test_import_core_modules_smoke[core.food_sources.usda]" time="0.001" /><testcase classname="tests.test_import_smoke" name="test_import_core_modules_smoke[core.food_sources.off]" time="0.001" /><testcase classname="tests.test_import_smoke" name="test_import_main_modules_smoke[bmi_core]" time="0.001" /><testcase classname="tests.test_import_smoke" name="test_import_main_modules_smoke[nutrition_core]" time="0.001" /><testcase classname="tests.test_import_smoke" name="test_import_main_modules_smoke[nutrition_plate]" time="0.001" /><testcase classname="tests.test_import_smoke" name="test_import_main_modules_smoke[bodyfat]" time="0.001" /><testcase classname="tests.test_import_smoke" name="test_import_main_modules_smoke[bmi_visualization]" time="0.001" /><testcase classname="tests.test_import_smoke" name="test_import_app_modules_smoke" time="0.001" /><testcase classname="tests.test_level_es.TestLevelES" name="test_fitness_levels_spanish" time="0.001" /><testcase classname="tests.test_level_es.TestLevelES" name="test_fitness_level_consistency" time="0.001" /><testcase classname="tests.test_life_stage_warnings_unit.TestLifeStageWarningsUnit" name="test_teen_warning_ru" time="0.001" /><testcase classname="tests.test_life_stage_warnings_unit.TestLifeStageWarningsUnit" name="test_teen_warning_en" time="0.001" /><testcase classname="tests.test_life_stage_warnings_unit.TestLifeStageWarningsUnit" name="test_teen_warning_es" time="0.001" /><testcase classname="tests.test_life_stage_warnings_unit.TestLifeStageWarningsUnit" name="test_pregnant_warning_ru" time="0.001" /><testcase classname="tests.test_life_stage_warnings_unit.TestLifeStageWarningsUnit" name="test_pregnant_warning_en" time="0.001" /><testcase classname="tests.test_life_stage_warnings_unit.TestLifeStageWarningsUnit" name="test_pregnant_warning_es" time="0.001" /><testcase classname="tests.test_life_stage_warnings_unit.TestLifeStageWarningsUnit" name="test_lactating_warning_ru" time="0.001" /><testcase classname="tests.test_life_stage_warnings_unit.TestLifeStageWarningsUnit" name="test_lactating_warning_en" time="0.001" /><testcase classname="tests.test_life_stage_warnings_unit.TestLifeStageWarningsUnit" name="test_lactating_warning_es" time="0.001" /><testcase classname="tests.test_life_stage_warnings_unit.TestLifeStageWarningsUnit" name="test_elderly_warning_ru" time="0.001" /><testcase classname="tests.test_life_stage_warnings_unit.TestLifeStageWarningsUnit" name="test_elderly_warning_en" time="0.001" /><testcase classname="tests.test_life_stage_warnings_unit.TestLifeStageWarningsUnit" name="test_elderly_warning_es" time="0.001" /><testcase classname="tests.test_life_stage_warnings_unit.TestLifeStageWarningsUnit" name="test_child_warning_ru" time="0.001" /><testcase classname="tests.test_life_stage_warnings_unit.TestLifeStageWarningsUnit" name="test_child_warning_en" time="0.001" /><testcase classname="tests.test_life_stage_warnings_unit.TestLifeStageWarningsUnit" name="test_child_warning_es" time="0.001" /><testcase classname="tests.test_life_stage_warnings_unit.TestLifeStageWarningsUnit" name="test_no_warnings_adult" time="0.001" /><testcase classname="tests.test_life_stage_warnings_unit.TestLifeStageWarningsUnit" name="test_no_warnings_teen_wrong_age" time="0.001" /><testcase classname="tests.test_life_stage_warnings_unit.TestLifeStageWarningsUnit" name="test_no_warnings_elderly_wrong_age" time="0.001" /><testcase classname="tests.test_life_stage_warnings_unit.TestLifeStageWarningsUnit" name="test_no_warnings_child_wrong_age" time="0.001" /><testcase classname="tests.test_life_stage_warnings_unit.TestLifeStageWarningsUnit" name="test_fallback_to_english" time="0.001" /><testcase classname="tests.test_life_stage_warnings_unit.TestLifeStageWarningsUnit" name="test_multiple_warnings_elderly_pregnant" time="0.001" /><testcase classname="tests.test_life_stage_warnings_unit.TestLifeStageWarningsUnit" name="test_edge_case_teen_min_age" time="0.001" /><testcase classname="tests.test_life_stage_warnings_unit.TestLifeStageWarningsUnit" name="test_edge_case_teen_max_age" time="0.001" /><testcase classname="tests.test_life_stage_warnings_unit.TestLifeStageWarningsUnit" name="test_edge_case_elderly_min_age" time="0.001" /><testcase classname="tests.test_life_stage_warnings_unit.TestLifeStageWarningsUnit" name="test_edge_case_child_max_age" time="0.001" /><testcase classname="tests.test_life_stage_warnings_unit.TestLifeStageWarningsUnit" name="test_all_warning_codes_present" time="0.001" /><testcase classname="tests.test_life_stage_warnings_unit.TestLifeStageWarningsUnit" name="test_message_structure" time="0.001" /><testcase classname="tests.test_lifestage_nutrition.TestLifeStageNutritionCalculator" name="test_child_2_5_nutrition" time="0.001" /><testcase classname="tests.test_lifestage_nutrition.TestLifeStageNutritionCalculator" name="test_child_6_11_nutrition" time="0.002" /><testcase classname="tests.test_lifestage_nutrition.TestLifeStageNutritionCalculator" name="test_adolescent_nutrition" time="0.001" /><testcase classname="tests.test_lifestage_nutrition.TestLifeStageNutritionCalculator" name="test_pregnant_first_trimester" time="0.001" /><testcase classname="tests.test_lifestage_nutrition.TestLifeStageNutritionCalculator" name="test_pregnant_second_trimester" time="0.001" /><testcase classname="tests.test_lifestage_nutrition.TestLifeStageNutritionCalculator" name="test_pregnant_third_trimester" time="0.001" /><testcase classname="tests.test_lifestage_nutrition.TestLifeStageNutritionCalculator" name="test_lactating_nutrition" time="0.001" /><testcase classname="tests.test_lifestage_nutrition.TestLifeStageNutritionCalculator" name="test_elderly_nutrition" time="0.001" /><testcase classname="tests.test_lifestage_nutrition.TestLifeStageDetection" name="test_get_appropriate_lifestage" time="0.001" /><testcase classname="tests.test_lifestage_nutrition.TestLifeStageDetection" name="test_pregnancy_detection" time="0.001" /><testcase classname="tests.test_lifestage_nutrition.TestLifeStageDetection" name="test_lactation_detection" time="0.001" /><testcase classname="tests.test_lifestage_nutrition.TestLifeStageDetection" name="test_infant_age_error" time="0.001" /><testcase classname="tests.test_lifestage_nutrition.TestLifeStageIntegration" name="test_get_lifestage_recommendations" time="0.001" /><testcase classname="tests.test_lifestage_nutrition.TestLifeStageIntegration" name="test_invalid_age_handling" time="0.001" /><testcase classname="tests.test_lifestage_nutrition.TestLifeStageIntegration" name="test_elderly_recommendations" time="0.001" /><testcase classname="tests.test_lifestage_nutrition.TestMedicalDisclaimers" name="test_pregnancy_disclaimers" time="0.001" /><testcase classname="tests.test_lifestage_nutrition.TestMedicalDisclaimers" name="test_pediatric_disclaimers" time="0.001" /><testcase classname="tests.test_lifestage_nutrition.TestMedicalDisclaimers" name="test_elderly_disclaimers" time="0.001" /><testcase classname="tests.test_llm" name="test_get_provider_stub" time="0.001" /><testcase classname="tests.test_llm" name="test_get_provider_grok" time="0.001" /><testcase classname="tests.test_llm" name="test_get_provider_ollama" time="0.001" /><testcase classname="tests.test_llm" name="test_get_provider_invalid" time="0.001" /><testcase classname="tests.test_llm" name="test_get_provider_no_env" time="0.001" /><testcase classname="tests.test_llm_comprehensive.TestStubProvider" name="test_stub_provider_creation" time="0.001" /><testcase classname="tests.test_llm_comprehensive.TestStubProvider" name="test_stub_provider_generate" time="0.001" /><testcase classname="tests.test_llm_comprehensive.TestStubProvider" name="test_stub_provider_generate_complex_text" time="0.001" /><testcase classname="tests.test_llm_comprehensive.TestGrokLiteProvider" name="test_grok_lite_provider_through_exception" time="0.001" /><testcase classname="tests.test_llm_comprehensive.TestGrokLiteProvider" name="test_grok_lite_provider_generate" time="0.001" /><testcase classname="tests.test_llm_comprehensive.TestGetProvider" name="test_get_provider_none_values" time="0.002" /><testcase classname="tests.test_llm_comprehensive.TestGetProvider" name="test_get_provider_stub" time="0.001" /><testcase classname="tests.test_llm_comprehensive.TestGetProvider" name="test_get_provider_stub_case_insensitive" time="0.002" /><testcase classname="tests.test_llm_comprehensive.TestGetProvider" name="test_get_provider_unknown_value" time="0.002" /><testcase classname="tests.test_llm_comprehensive.TestGetProviderGrok" name="test_get_provider_grok_fallback_when_none" time="0.001" /><testcase classname="tests.test_llm_comprehensive.TestGetProviderGrok" name="test_get_provider_grok_with_env_vars" time="0.001" /><testcase classname="tests.test_llm_comprehensive.TestGetProviderGrok" name="test_get_provider_grok_with_xai_key" time="0.001" /><testcase classname="tests.test_llm_comprehensive.TestGetProviderGrok" name="test_get_provider_grok_defaults" time="0.001" /><testcase classname="tests.test_llm_comprehensive.TestGetProviderGrok" name="test_get_provider_grok_keyword_exception_fallback" time="0.001" /><testcase classname="tests.test_llm_comprehensive.TestGetProviderGrok" name="test_get_provider_grok_all_exceptions_fallback" time="0.001" /><testcase classname="tests.test_llm_comprehensive.TestGetProviderOllama" name="test_get_provider_ollama_none_when_unavailable" time="0.001" /><testcase classname="tests.test_llm_comprehensive.TestGetProviderOllama" name="test_get_provider_ollama_with_env_vars" time="0.001" /><testcase classname="tests.test_llm_comprehensive.TestGetProviderOllama" name="test_get_provider_ollama_defaults" time="0.001" /><testcase classname="tests.test_llm_comprehensive.TestGetProviderOllama" name="test_get_provider_ollama_exception_fallback" time="0.002" /><testcase classname="tests.test_llm_comprehensive.TestEnvironmentVariableHandling" name="test_missing_llm_provider_env_var" time="0.001" /><testcase classname="tests.test_llm_comprehensive.TestEnvironmentVariableHandling" name="test_whitespace_handling" time="0.001" /><testcase classname="tests.test_llm_comprehensive.TestModuleImports" name="test_module_loads_without_external_deps" time="0.001" /><testcase classname="tests.test_llm_comprehensive.TestModuleImports" name="test_graceful_import_handling" time="0.001" /><testcase classname="tests.test_llm_comprehensive" name="test_full_integration_scenario" time="0.002" /><testcase classname="tests.test_llm_coverage" name="test_llm_import_error_handling" time="0.001" /><testcase classname="tests.test_llm_extras" name="test__with_name_handles_attribute_error" time="0.001" /><testcase classname="tests.test_llm_extras" name="test_llm_stub_import_alias_path" time="0.002" /><testcase classname="tests.test_llm_extras" name="test_get_provider_grok_env_block_executes" time="0.006" /><testcase classname="tests.test_llm_extras" name="test_get_provider_ollama_typeerror_posargs_fallback" time="0.001" /><testcase classname="tests.test_llm_extras" name="test_get_provider_ollama_import_error_fallback" time="0.001" /><testcase classname="tests.test_llm_extras" name="test_get_provider_grok_missing_api_key_triggers_branch" time="0.001" /><testcase classname="tests.test_llm_import_coverage.TestImportFallbacks" name="test_grok_import_exception_coverage" time="0.003" /><testcase classname="tests.test_llm_import_coverage.TestImportFallbacks" name="test_grok_lite_provider_generate_coverage" time="0.001" /><testcase classname="tests.test_llm_import_coverage.TestImportFallbacks" name="test_ollama_import_exception_coverage" time="0.001" /><testcase classname="tests.test_llm_import_coverage.TestImportFallbacks" name="test_pico_import_exception_coverage" time="0.001" /><testcase classname="tests.test_llm_import_coverage.TestGetProviderEdgeCases" name="test_get_provider_with_pico" time="0.001" /><testcase classname="tests.test_llm_import_coverage.TestGetProviderEdgeCases" name="test_get_provider_ollama_with_exception_coverage" time="0.002" /><testcase classname="tests.test_llm_import_coverage.TestGetProviderEdgeCases" name="test_grok_provider_positional_args_fallback" time="0.001" /><testcase classname="tests.test_llm_import_coverage.TestGetProviderEdgeCases" name="test_get_provider_grok_without_real_provider" time="0.001" /><testcase classname="tests.test_llm_import_coverage.TestEnvironmentVariableEdgeCases" name="test_empty_string_values" time="0.002" /><testcase classname="tests.test_llm_import_coverage.TestEnvironmentVariableEdgeCases" name="test_case_variations" time="0.003" /><testcase classname="tests.test_llm_import_coverage.TestEnvironmentVariableEdgeCases" name="test_special_none_values" time="0.002" /><testcase classname="tests.test_llm_simple_96.TestLlmSimple96" name="test_get_provider_grok_keyword_args_fail" time="0.001" /><testcase classname="tests.test_llm_simple_96.TestLlmSimple96" name="test_get_provider_grok_both_fail" time="0.001" /><testcase classname="tests.test_llm_simple_96.TestLlmSimple96" name="test_get_provider_ollama_keyword_args_fail" time="0.001" /><testcase classname="tests.test_llm_simple_96.TestLlmSimple96" name="test_get_provider_ollama_both_fail" time="0.001" /><testcase classname="tests.test_llm_simple_96.TestLlmSimple96" name="test_get_provider_ollama_timeout_float_conversion" time="0.001" /><testcase classname="tests.test_llm_simple_96.TestLlmSimple96" name="test_get_provider_ollama_default_timeout" time="0.001" /><testcase classname="tests.test_llm_simple_96.TestLlmSimple96" name="test_get_provider_ollama_default_endpoint" time="0.001" /><testcase classname="tests.test_llm_simple_96.TestLlmSimple96" name="test_get_provider_ollama_default_model" time="0.001" /><testcase classname="tests.test_llm_simple_96.TestLlmSimple96" name="test_get_provider_grok_fallback_when_unavailable" time="0.001" /><testcase classname="tests.test_llm_simple_96.TestLlmSimple96" name="test_get_provider_ollama_when_unavailable" time="0.001" /><testcase classname="tests.test_llm_simple_96.TestLlmSimple96" name="test_get_provider_unknown_provider" time="0.001" /><testcase classname="tests.test_main_endpoints_final_97.TestMainEndpoints" name="test_bmi_endpoint_basic" time="0.004" /><testcase classname="tests.test_main_endpoints_final_97.TestMainEndpoints" name="test_bmi_endpoint_pregnant" time="0.003" /><testcase classname="tests.test_main_endpoints_final_97.TestMainEndpoints" name="test_bmi_endpoint_athlete" time="0.003" /><testcase classname="tests.test_main_endpoints_final_97.TestMainEndpoints" name="test_bmi_endpoint_with_visualization" time="0.003" /><testcase classname="tests.test_main_endpoints_final_97.TestMainEndpoints" name="test_plan_endpoint_basic" time="0.003" /><testcase classname="tests.test_main_endpoints_final_97.TestMainEndpoints" name="test_plan_endpoint_premium" time="0.003" /><testcase classname="tests.test_main_endpoints_final_97.TestMainEndpoints" name="test_plan_endpoint_pregnant" time="0.003" /><testcase classname="tests.test_main_endpoints_final_97.TestMainEndpoints" name="test_plan_endpoint_athlete" time="0.003" /><testcase classname="tests.test_main_endpoints_final_97.TestMainEndpoints" name="test_various_languages" time="0.012" /><testcase classname="tests.test_main_endpoints_final_97.TestMainEndpoints" name="test_edge_cases_and_combinations" time="0.012" /><testcase classname="tests.test_main_endpoints_final_97.TestLifespanAndStartup" name="test_lifespan_startup_shutdown" time="0.004" /><testcase classname="tests.test_main_endpoints_final_97.TestLifespanAndStartup" name="test_lifespan_module_loading" time="0.007" /><testcase classname="tests.test_main_endpoints_final_97.TestLifespanAndStartup" name="test_lifespan_error_handling" time="0.005" /><testcase classname="tests.test_main_endpoints_final_97.TestAdditionalCoverageBoosts" name="test_complex_combinations" time="0.015" /><testcase classname="tests.test_main_endpoints_final_97.TestAdditionalCoverageBoosts" name="test_missing_optional_fields" time="0.005" /><testcase classname="tests.test_mcp_pulseplate_server_coverage.TestMcpPulseplateServerCoverage" name="test_pulseplate_mcp_server_init_success" time="0.001" /><testcase classname="tests.test_mcp_pulseplate_server_coverage.TestMcpPulseplateServerCoverage" name="test_pulseplate_mcp_server_init_no_api_key" time="0.002" /><testcase classname="tests.test_mcp_pulseplate_server_coverage.TestMcpPulseplateServerCoverage" name="test_load_project_context" time="0.001" /><testcase classname="tests.test_mcp_pulseplate_server_coverage.TestMcpPulseplateServerCoverage" name="test_handle_request_tools_list" time="0.002" /><testcase classname="tests.test_mcp_pulseplate_server_coverage.TestMcpPulseplateServerCoverage" name="test_handle_request_tools_call" time="0.002" /><testcase classname="tests.test_mcp_pulseplate_server_coverage.TestMcpPulseplateServerCoverage" name="test_handle_request_unknown_method" time="0.002" /><testcase classname="tests.test_mcp_pulseplate_server_coverage.TestMcpPulseplateServerCoverage" name="test_handle_request_exception" time="0.002" /><testcase classname="tests.test_mcp_pulseplate_server_coverage.TestMcpPulseplateServerCoverage" name="test_list_tools" time="0.002" /><testcase classname="tests.test_mcp_pulseplate_server_coverage.TestMcpPulseplateServerCoverage" name="test_call_tool_chatgpt_query" time="0.002" /><testcase classname="tests.test_mcp_pulseplate_server_coverage.TestMcpPulseplateServerCoverage" name="test_call_tool_code_review" time="0.002" /><testcase classname="tests.test_mcp_pulseplate_server_coverage.TestMcpPulseplateServerCoverage" name="test_call_tool_generate_code" time="0.002" /><testcase classname="tests.test_mcp_pulseplate_server_coverage.TestMcpPulseplateServerCoverage" name="test_call_tool_unknown_tool" time="0.002" /><testcase classname="tests.test_mcp_pulseplate_server_coverage.TestMcpPulseplateServerCoverage" name="test_chatgpt_query_success" time="0.003" /><testcase classname="tests.test_mcp_pulseplate_server_coverage.TestMcpPulseplateServerCoverage" name="test_chatgpt_query_error" time="0.002" /><testcase classname="tests.test_mcp_pulseplate_server_coverage.TestMcpPulseplateServerCoverage" name="test_code_review_success" time="0.002" /><testcase classname="tests.test_mcp_pulseplate_server_coverage.TestMcpPulseplateServerCoverage" name="test_code_review_error" time="0.002" /><testcase classname="tests.test_mcp_pulseplate_server_coverage.TestMcpPulseplateServerCoverage" name="test_generate_code_success" time="0.002" /><testcase classname="tests.test_mcp_pulseplate_server_coverage.TestMcpPulseplateServerCoverage" name="test_generate_code_error" time="0.002" /><testcase classname="tests.test_mcp_pulseplate_server_coverage.TestMcpPulseplateServerCoverage" name="test_main_function_success" time="0.002" /><testcase classname="tests.test_mcp_pulseplate_server_coverage.TestMcpPulseplateServerCoverage" name="test_main_function_json_error" time="0.003" /><testcase classname="tests.test_mcp_pulseplate_server_coverage.TestMcpPulseplateServerCoverage" name="test_main_function_exception" time="0.003" /><testcase classname="tests.test_mcp_pulseplate_server_coverage.TestMcpPulseplateServerCoverage" name="test_main_execution" time="0.001" /><testcase classname="tests.test_mcp_pulseplate_server_coverage.TestMcpPulseplateServerCoverage" name="test_project_context_structure" time="0.001" /><testcase classname="tests.test_mcp_pulseplate_server_coverage.TestMcpPulseplateServerCoverage" name="test_chatgpt_query_prompt_building" time="0.002" /><testcase classname="tests.test_mcp_pulseplate_server_coverage.TestMcpPulseplateServerCoverage" name="test_code_review_prompt_building" time="0.002" /><testcase classname="tests.test_mcp_pulseplate_server_coverage.TestMcpPulseplateServerCoverage" name="test_generate_code_prompt_building" time="0.002" /><testcase classname="tests.test_meal_i18n.TestTranslateFood" name="test_translate_food_russian" time="0.001" /><testcase classname="tests.test_meal_i18n.TestTranslateFood" name="test_translate_food_english" time="0.001" /><testcase classname="tests.test_meal_i18n.TestTranslateFood" name="test_translate_food_spanish" time="0.001" /><testcase classname="tests.test_meal_i18n.TestTranslateFood" name="test_translate_food_unknown_food" time="0.001" /><testcase classname="tests.test_meal_i18n.TestTranslateFood" name="test_translate_food_unknown_language" time="0.001" /><testcase classname="tests.test_meal_i18n.TestTranslateRecipe" name="test_translate_recipe_russian" time="0.001" /><testcase classname="tests.test_meal_i18n.TestTranslateRecipe" name="test_translate_recipe_english" time="0.001" /><testcase classname="tests.test_meal_i18n.TestTranslateRecipe" name="test_translate_recipe_spanish" time="0.001" /><testcase classname="tests.test_meal_i18n.TestTranslateRecipe" name="test_translate_recipe_unknown_recipe" time="0.001" /><testcase classname="tests.test_meal_i18n.TestTranslateRecipe" name="test_translate_recipe_unknown_language" time="0.001" /><testcase classname="tests.test_meal_i18n.TestTranslateMealType" name="test_translate_meal_type_russian" time="0.001" /><testcase classname="tests.test_meal_i18n.TestTranslateMealType" name="test_translate_meal_type_english" time="0.001" /><testcase classname="tests.test_meal_i18n.TestTranslateMealType" name="test_translate_meal_type_spanish" time="0.001" /><testcase classname="tests.test_meal_i18n.TestTranslateMealType" name="test_translate_meal_type_unknown_meal_type" time="0.001" /><testcase classname="tests.test_meal_i18n.TestTranslateMealType" name="test_translate_meal_type_unknown_language" time="0.001" /><testcase classname="tests.test_meal_i18n.TestTranslateTip" name="test_translate_tip_russian" time="0.001" /><testcase classname="tests.test_meal_i18n.TestTranslateTip" name="test_translate_tip_english" time="0.001" /><testcase classname="tests.test_meal_i18n.TestTranslateTip" name="test_translate_tip_spanish" time="0.001" /><testcase classname="tests.test_meal_i18n.TestTranslateTip" name="test_translate_tip_without_donor_food" time="0.001" /><testcase classname="tests.test_meal_i18n.TestTranslateTip" name="test_translate_tip_unknown_tip_key" time="0.001" /><testcase classname="tests.test_meal_i18n.TestTranslateTip" name="test_translate_tip_unknown_language" time="0.001" /><testcase classname="tests.test_meal_i18n.TestTranslateTip" name="test_translate_tip_unknown_donor_food" time="0.001" /><testcase classname="tests.test_meal_i18n.TestTranslateTip" name="test_translate_tip_malformed_template" time="0.001" /><testcase classname="tests.test_meal_i18n.TestTranslationDictionaries" name="test_food_translations_structure" time="0.001" /><testcase classname="tests.test_meal_i18n.TestTranslationDictionaries" name="test_recipe_translations_structure" time="0.001" /><testcase classname="tests.test_meal_i18n.TestTranslationDictionaries" name="test_meal_translations_structure" time="0.001" /><testcase classname="tests.test_meal_i18n.TestTranslationDictionaries" name="test_tip_translations_structure" time="0.001" /><testcase classname="tests.test_meal_i18n.TestTranslationDictionaries" name="test_language_type_alias" time="0.001" /><testcase classname="tests.test_meal_i18n_coverage.TestMealI18nCoverage" name="test_translate_food_invalid_language" time="0.001" /><testcase classname="tests.test_meal_i18n_coverage.TestMealI18nCoverage" name="test_translate_food_missing_key" time="0.001" /><testcase classname="tests.test_meal_i18n_coverage.TestMealI18nCoverage" name="test_translate_recipe_invalid_language" time="0.001" /><testcase classname="tests.test_meal_i18n_coverage.TestMealI18nCoverage" name="test_translate_recipe_missing_key" time="0.001" /><testcase classname="tests.test_meal_i18n_coverage.TestMealI18nCoverage" name="test_translate_meal_type_invalid_language" time="0.001" /><testcase classname="tests.test_meal_i18n_coverage.TestMealI18nCoverage" name="test_translate_meal_type_missing_key" time="0.001" /><testcase classname="tests.test_meal_i18n_coverage.TestMealI18nCoverage" name="test_translate_tip_invalid_language" time="0.001" /><testcase classname="tests.test_meal_i18n_coverage.TestMealI18nCoverage" name="test_translate_tip_missing_key" time="0.001" /><testcase classname="tests.test_meal_i18n_coverage.TestMealI18nCoverage" name="test_translate_tip_empty_donor" time="0.001" /><testcase classname="tests.test_meal_i18n_coverage.TestMealI18nCoverage" name="test_translate_tip_malformed_template" time="0.001" /><testcase classname="tests.test_meal_i18n_coverage.TestMealI18nCoverage" name="test_translate_tip_empty_template_with_braces" time="0.001" /><testcase classname="tests.test_meal_i18n_coverage.TestMealI18nCoverage" name="test_translate_tip_no_braces_in_template" time="0.001" /><testcase classname="tests.test_meal_i18n_coverage.TestMealI18nCoverage" name="test_translate_tip_keyerror_handling" time="0.001" /><testcase classname="tests.test_meal_i18n_coverage.TestMealI18nCoverage" name="test_translate_tip_empty_template_fallback" time="0.001" /><testcase classname="tests.test_meal_i18n_coverage.TestMealI18nCoverage" name="test_translate_tip_working_cases" time="0.001" /><testcase classname="tests.test_meal_i18n_coverage.TestMealI18nCoverage" name="test_all_language_fallbacks" time="0.001" /><testcase classname="tests.test_menu_engine_basics.TestDataClasses" name="test_food_item_creation" time="0.001" /><testcase classname="tests.test_menu_engine_basics.TestDataClasses" name="test_recipe_creation" time="0.001" /><testcase classname="tests.test_menu_engine_basics.TestDataClasses" name="test_recipe_calculate_nutrients_per_serving" time="0.001" /><testcase classname="tests.test_menu_engine_basics.TestDataClasses" name="test_recipe_calculate_nutrients_with_missing_ingredient" time="0.001" /><testcase classname="tests.test_menu_engine_basics.TestDataClasses" name="test_recipe_calculate_nutrients_multiple_servings" time="0.001" /><testcase classname="tests.test_menu_engine_basics.TestDataClasses" name="test_day_menu_creation" time="0.001" /><testcase classname="tests.test_menu_engine_basics.TestDataClasses" name="test_week_menu_creation" time="0.001" /><testcase classname="tests.test_menu_engine_basics.TestDefaultDatabases" name="test_get_default_food_db_fallback" time="0.001" /><testcase classname="tests.test_menu_engine_basics.TestDefaultDatabases" name="test_get_default_food_db_with_running_loop" time="0.002" /><testcase classname="tests.test_menu_engine_basics.TestDefaultDatabases" name="test_get_default_recipe_db" time="0.001" /><testcase classname="tests.test_menu_engine_basics.TestMakeDailyMenuBasic" name="test_make_daily_menu_basic" time="0.002" /><testcase classname="tests.test_menu_engine_basics.TestMakeDailyMenuBasic" name="test_make_daily_menu_with_defaults" time="0.002" /><testcase classname="tests.test_menu_engine_basics.TestUtilityFunctions" name="test_food_item_to_dict" time="0.001" /><testcase classname="tests.test_menu_engine_basics.TestUtilityFunctions" name="test_recipe_to_dict" time="0.001" /><testcase classname="tests.test_menu_engine_coverage_97.TestMenuEngineCoverage97" name="test_get_default_food_db_coverage_line_183" time="0.001" /><testcase classname="tests.test_menu_engine_coverage_97.TestMenuEngineCoverage97" name="test_get_default_recipe_db_coverage_line_184" time="0.001" /><testcase classname="tests.test_menu_engine_coverage_97.TestMenuEngineCoverage97" name="test_make_weekly_menu_with_none_databases_coverage_lines_183_184" time="0.001" /><testcase classname="tests.test_menu_engine_coverage_97.TestMenuEngineCoverage97" name="test_make_weekly_menu_error_handling_coverage_lines_250_253" time="0.001" /><testcase classname="tests.test_menu_engine_coverage_97.TestMenuEngineCoverage97" name="test_make_weekly_menu_error_handling_coverage_lines_255_256" time="0.001" /><testcase classname="tests.test_menu_engine_coverage_97.TestMenuEngineCoverage97" name="test_make_weekly_menu_error_handling_coverage_lines_383_393" time="0.001" /><testcase classname="tests.test_menu_engine_coverage_97.TestMenuEngineCoverage97" name="test_make_weekly_menu_error_handling_coverage_lines_472_471" time="0.001" /><testcase classname="tests.test_menu_engine_coverage_97.TestMenuEngineCoverage97" name="test_make_weekly_menu_error_handling_coverage_lines_525_524" time="0.001" /><testcase classname="tests.test_menu_engine_coverage_97.TestMenuEngineCoverage97" name="test_make_weekly_menu_error_handling_coverage_lines_627_633" time="0.001" /><testcase classname="tests.test_menu_engine_coverage_97.TestMenuEngineCoverage97" name="test_make_weekly_menu_error_handling_coverage_lines_702_701" time="0.001" /><testcase classname="tests.test_menu_engine_coverage_97.TestMenuEngineCoverage97" name="test_make_weekly_menu_error_handling_coverage_lines_706_710" time="0.001" /><testcase classname="tests.test_menu_engine_coverage_97.TestMenuEngineCoverage97" name="test_make_weekly_menu_error_handling_coverage_line_739" time="0.001" /><testcase classname="tests.test_menu_engine_new" name="test_build_plate_day_structure" time="0.002" /><testcase classname="tests.test_menu_engine_new" name="test_build_plate_day_calorie_target" time="0.001" /><testcase classname="tests.test_menu_engine_new" name="test_build_plate_day_multilingual" time="0.002" /><testcase classname="tests.test_menu_engine_smoke" name="test_make_daily_menu_smoke" time="0.001" /><testcase classname="tests.test_menu_engine_smoke" name="test_make_weekly_menu_smoke" time="0.002" /><testcase classname="tests.test_menu_engine_smoke" name="test_weekly_menu_endpoint_smoke" time="0.006" /><testcase classname="tests.test_menu_recommendations_coverage" name="test_menu_engine_estimate_daily_cost_branches" time="0.001" /><testcase classname="tests.test_menu_recommendations_coverage" name="test_menu_engine_empty_coverage_and_adherence" time="0.001" /><testcase classname="tests.test_menu_recommendations_coverage" name="test_recommendations_calculate_weekly_coverage_empty" time="0.001" /><testcase classname="tests.test_merge_basic" name="test_merge_same_canonical_no_duplicates" time="0.001" /><testcase classname="tests.test_merge_basic" name="test_micro_prioritization_usda" time="0.001" /><testcase classname="tests.test_merge_basic" name="test_macro_median_merge" time="0.001" /><testcase classname="tests.test_missing_coverage.TestMissingCoverage" name="test_app_imports" time="0.001" /><testcase classname="tests.test_missing_coverage.TestMissingCoverage" name="test_middleware_paths" time="0.007" /><testcase classname="tests.test_missing_coverage.TestMissingCoverage" name="test_error_handling" time="0.003" /><testcase classname="tests.test_missing_coverage.TestMissingCoverage" name="test_conditional_imports" time="0.001" /><testcase classname="tests.test_missing_coverage.TestMissingCoverage" name="test_slowapi_imports" time="0.001" /><testcase classname="tests.test_missing_coverage.TestMissingCoverage" name="test_dotenv_import" time="0.001" /><testcase classname="tests.test_missing_coverage.TestMissingCoverage" name="test_vip_router_import" time="0.001" /><testcase classname="tests.test_missing_coverage.TestMissingCoverage" name="test_optional_functions" time="0.001" /><testcase classname="tests.test_missing_coverage_97_final.TestMissingCoverage97Final" name="test_fix_failing_tests_coverage" time="0.001" /><testcase classname="tests.test_missing_coverage_97_final.TestMissingCoverage97Final" name="test_mcp_pulseplate_server_coverage" time="0.001" /><testcase classname="tests.test_missing_coverage_97_final.TestMissingCoverage97Final" name="test_setup_custom_mcp_coverage" time="0.001" /><testcase classname="tests.test_missing_coverage_97_final.TestMissingCoverage97Final" name="test_test_pro_access_coverage" time="0.001" /><testcase classname="tests.test_missing_coverage_97_final.TestMissingCoverage97Final" name="test_app_import_coverage" time="0.001" /><testcase classname="tests.test_missing_coverage_97_final.TestMissingCoverage97Final" name="test_providers_init_coverage" time="0.001" /><testcase classname="tests.test_missing_coverage_97_final.TestMissingCoverage97Final" name="test_app_router_init_coverage" time="0.001" /><testcase classname="tests.test_missing_coverage_97_final.TestMissingCoverage97Final" name="test_food_apis_init_coverage" time="0.001" /><testcase classname="tests.test_missing_coverage_97_final.TestMissingCoverage97Final" name="test_app_comprehensive_coverage" time="0.001" /><testcase classname="tests.test_nutrition_core.TestBMRMifflin" name="test_male_calculation" time="0.001" /><testcase classname="tests.test_nutrition_core.TestBMRMifflin" name="test_female_calculation" time="0.001" /><testcase classname="tests.test_nutrition_core.TestBMRMifflin" name="test_validation_errors" time="0.003" /><testcase classname="tests.test_nutrition_core.TestBMRMifflin" name="test_mifflin_property_based" time="0.281" /><testcase classname="tests.test_nutrition_core.TestBMRHarris" name="test_male_calculation" time="0.001" /><testcase classname="tests.test_nutrition_core.TestBMRHarris" name="test_female_calculation" time="0.001" /><testcase classname="tests.test_nutrition_core.TestBMRHarris" name="test_harris_property_based" time="0.070" /><testcase classname="tests.test_nutrition_core.TestBMRHarris" name="test_harris_age_validation" time="0.001" /><testcase classname="tests.test_nutrition_core.TestBMRHarris" name="test_harris_validation_errors" time="0.003" /><testcase classname="tests.test_nutrition_core.TestBMRKatch" name="test_katch_calculation" time="0.001" /><testcase classname="tests.test_nutrition_core.TestBMRKatch" name="test_katch_validation" time="0.003" /><testcase classname="tests.test_nutrition_core.TestBMRKatch" name="test_katch_property_based" time="0.061" /><testcase classname="tests.test_nutrition_core.TestTDEE" name="test_tdee_calculation" time="0.001" /><testcase classname="tests.test_nutrition_core.TestTDEE" name="test_tdee_validation" time="0.003" /><testcase classname="tests.test_nutrition_core.TestTDEE" name="test_tdee_property_based" time="0.046" /><testcase classname="tests.test_nutrition_core.TestCalculateAllBMR" name="test_calculate_all_bmr_without_bodyfat" time="0.001" /><testcase classname="tests.test_nutrition_core.TestCalculateAllBMR" name="test_calculate_all_bmr_with_bodyfat" time="0.001" /><testcase classname="tests.test_nutrition_core.TestCalculateAllBMR" name="test_calculate_all_bmr_property_based" time="0.093" /><testcase classname="tests.test_nutrition_core.TestCalculateAllTDEE" name="test_calculate_all_tdee" time="0.001" /><testcase classname="tests.test_nutrition_core.TestActivityDescriptions" name="test_get_activity_descriptions" time="0.001" /><testcase classname="tests.test_nutrition_core.TestEdgeCases" name="test_minimal_values" time="0.001" /><testcase classname="tests.test_nutrition_core.TestEdgeCases" name="test_maximal_values" time="0.001" /><testcase classname="tests.test_nutrition_core.TestEdgeCases" name="test_young_vs_old" time="0.001" /><testcase classname="tests.test_nutrition_core.TestEdgeCases" name="test_male_vs_female" time="0.001" /><testcase classname="tests.test_nutrition_core.TestEdgeCases" name="test_weight_impact" time="0.001" /><testcase classname="tests.test_nutrition_core.TestEdgeCases" name="test_height_impact" time="0.001" /><testcase classname="tests.test_nutrition_core.TestFormulasConsistency" name="test_formulas_reasonable_difference" time="0.001" /><testcase classname="tests.test_nutrition_core.TestFormulasConsistency" name="test_katch_with_average_bodyfat" time="0.001" /><testcase classname="tests.test_nutrition_core.TestIntegration" name="test_full_workflow" time="0.001" /><testcase classname="tests.test_nutrition_core.TestIntegration" name="test_activity_level_ordering" time="0.001" /><testcase classname="tests.test_nutrition_plate.TestMacroDistribution" name="test_valid_macro_distribution" time="0.001" /><testcase classname="tests.test_nutrition_plate.TestMacroDistribution" name="test_macro_percentages_sum_validation" time="0.001" /><testcase classname="tests.test_nutrition_plate.TestMacroDistribution" name="test_macro_percentage_range_validation" time="0.001" /><testcase classname="tests.test_nutrition_plate.TestMacroDistribution" name="test_macro_percentage_negative_validation" time="0.001" /><testcase classname="tests.test_nutrition_plate.TestMacroDistribution" name="test_macro_percentage_over_100_validation" time="0.001" /><testcase classname="tests.test_nutrition_plate.TestMacroDistribution" name="test_floating_point_tolerance" time="0.001" /><testcase classname="tests.test_nutrition_plate.TestMacroDistribution" name="test_valid_percentage_return_value" time="0.001" /><testcase classname="tests.test_nutrition_plate.TestGetMacroDistribution" name="test_default_maintenance_goal" time="0.001" /><testcase classname="tests.test_nutrition_plate.TestGetMacroDistribution" name="test_weight_loss_goal" time="0.001" /><testcase classname="tests.test_nutrition_plate.TestGetMacroDistribution" name="test_weight_gain_goal" time="0.001" /><testcase classname="tests.test_nutrition_plate.TestGetMacroDistribution" name="test_muscle_gain_goal" time="0.001" /><testcase classname="tests.test_nutrition_plate.TestGetMacroDistribution" name="test_unknown_goal_defaults_to_maintenance" time="0.001" /><testcase classname="tests.test_nutrition_plate.TestGetMacroDistribution" name="test_active_activity_level" time="0.001" /><testcase classname="tests.test_nutrition_plate.TestGetMacroDistribution" name="test_very_active_activity_level" time="0.001" /><testcase classname="tests.test_nutrition_plate.TestGetMacroDistribution" name="test_sedentary_activity_level" time="0.001" /><testcase classname="tests.test_nutrition_plate.TestGetMacroDistribution" name="test_carb_limits_with_activity" time="0.001" /><testcase classname="tests.test_nutrition_plate.TestGetMacroDistribution" name="test_fat_limits_with_activity" time="0.001" /><testcase classname="tests.test_nutrition_plate.TestCalculateMacrosInGrams" name="test_basic_macro_calculation" time="0.001" /><testcase classname="tests.test_nutrition_plate.TestCalculateMacrosInGrams" name="test_macro_calculation_rounding" time="0.001" /><testcase classname="tests.test_nutrition_plate.TestCalculateMacrosInGrams" name="test_low_calorie_calculation" time="0.001" /><testcase classname="tests.test_nutrition_plate.TestCalculateMacrosInGrams" name="test_high_calorie_calculation" time="0.001" /><testcase classname="tests.test_nutrition_plate.TestGetMealSuggestions" name="test_basic_meal_suggestions_english" time="0.001" /><testcase classname="tests.test_nutrition_plate.TestGetMealSuggestions" name="test_basic_meal_suggestions_russian" time="0.001" /><testcase classname="tests.test_nutrition_plate.TestGetMealSuggestions" name="test_high_protein_additional_suggestions" time="0.001" /><testcase classname="tests.test_nutrition_plate.TestGetMealSuggestions" name="test_high_carb_additional_suggestions" time="0.001" /><testcase classname="tests.test_nutrition_plate.TestGetMealSuggestions" name="test_default_language_english" time="0.001" /><testcase classname="tests.test_nutrition_plate.TestGetNutritionNotes" name="test_basic_nutrition_notes_english" time="0.001" /><testcase classname="tests.test_nutrition_plate.TestGetNutritionNotes" name="test_basic_nutrition_notes_russian" time="0.001" /><testcase classname="tests.test_nutrition_plate.TestGetNutritionNotes" name="test_weight_loss_specific_notes" time="0.001" /><testcase classname="tests.test_nutrition_plate.TestGetNutritionNotes" name="test_muscle_gain_specific_notes" time="0.001" /><testcase classname="tests.test_nutrition_plate.TestGetNutritionNotes" name="test_default_language_english" time="0.001" /><testcase classname="tests.test_nutrition_plate.TestMakePlate" name="test_basic_plate_creation" time="0.001" /><testcase classname="tests.test_nutrition_plate.TestMakePlate" name="test_weight_loss_plate" time="0.001" /><testcase classname="tests.test_nutrition_plate.TestMakePlate" name="test_weight_gain_plate" time="0.001" /><testcase classname="tests.test_nutrition_plate.TestMakePlate" name="test_muscle_gain_plate" time="0.001" /><testcase classname="tests.test_nutrition_plate.TestMakePlate" name="test_female_plate" time="0.001" /><testcase classname="tests.test_nutrition_plate.TestMakePlate" name="test_active_plate" time="0.001" /><testcase classname="tests.test_nutrition_plate.TestMakePlate" name="test_sedentary_plate" time="0.001" /><testcase classname="tests.test_nutrition_plate.TestMakePlate" name="test_bodyfat_parameter" time="0.001" /><testcase classname="tests.test_nutrition_plate.TestMakePlate" name="test_russian_language" time="0.001" /><testcase classname="tests.test_nutrition_plate.TestMakePlate" name="test_calorie_adjustment_values" time="0.001" /><testcase classname="tests.test_nutrition_plate.TestMakePlate" name="test_edge_case_values" time="0.001" /><testcase classname="tests.test_nutrition_plate_validator_coverage" name="test_macro_distribution_field_validator_bounds_direct_call" time="0.001" /><testcase classname="tests.test_openfoodfacts_client.TestOFFClient" name="test_off_food_item_creation" time="0.004" /><testcase classname="tests.test_openfoodfacts_client.TestOFFClient" name="test_off_food_item_vegan_tag" time="0.004" /><testcase classname="tests.test_openfoodfacts_client.TestOFFClient" name="test_off_food_item_gluten_free_tag" time="0.004" /><testcase classname="tests.test_openfoodfacts_client.TestOFFClient" name="test_nutrient_mapping" time="0.005" /><testcase classname="tests.test_openfoodfacts_client.TestOFFClient" name="test_parse_product_item" time="0.004" /><testcase classname="tests.test_openfoodfacts_client.TestOFFClient" name="test_parse_product_item_missing_data" time="0.005" /><testcase classname="tests.test_openfoodfacts_client.TestOFFClient" name="test_parse_product_item_empty_values" time="0.005" /><testcase classname="tests.test_openfoodfacts_client.TestOFFClient" name="test_parse_product_item_complex_nutrients" time="0.004" /><testcase classname="tests.test_openfoodfacts_client.TestOFFClient" name="test_generate_tags_edge_cases" time="0.004" /><testcase classname="tests.test_openfoodfacts_client.TestOFFClient" name="test_search_products_success" time="0.007" /><testcase classname="tests.test_openfoodfacts_client.TestOFFClient" name="test_search_products_error" time="0.006" /><testcase classname="tests.test_openfoodfacts_client.TestOFFClient" name="test_get_product_details_success" time="0.006" /><testcase classname="tests.test_openfoodfacts_client.TestOFFClient" name="test_get_product_details_not_found" time="0.006" /><testcase classname="tests.test_openfoodfacts_client.TestOFFClient" name="test_get_product_details_error" time="0.006" /><testcase classname="tests.test_openfoodfacts_client.TestOFFClient" name="test_get_multiple_products" time="0.006" /><testcase classname="tests.test_openfoodfacts_client.TestOFFClient" name="test_close_client" time="0.006" /><testcase classname="tests.test_openfoodfacts_client.TestOFFClient" name="test_parse_product_item_error_handling" time="0.004" /><testcase classname="tests.test_plate_alignment" name="test_plate_alignment_with_targets" time="0.007" /><testcase classname="tests.test_plate_targets_integration" name="test_plate_targets_integration_workflow" time="0.007" /><testcase classname="tests.test_plate_targets_integration" name="test_plate_targets_micros_coverage" time="0.008" /><testcase classname="tests.test_plate_targets_integration" name="test_plate_targets_different_goals" time="0.016" /><testcase classname="tests.test_plate_targets_integration" name="test_plate_targets_life_stage_warnings" time="0.006" /><testcase classname="tests.test_plate_targets_integration" name="test_plate_targets_validation_consistency" time="0.006" /><testcase classname="tests.test_plate_targets_integration" name="test_plate_targets_api_key_consistency" time="0.010" /><testcase classname="tests.test_plate_targets_micro_coverage.TestPlateTargetsMicroCoverage" name="test_plate_targets_micro_consistency" time="0.006" /><testcase classname="tests.test_plate_targets_micro_coverage.TestPlateTargetsMicroCoverage" name="test_plate_micros_meet_minimum_thresholds" time="0.006" /><testcase classname="tests.test_plate_targets_micro_coverage.TestPlateTargetsMicroCoverage" name="test_iron_coverage_plate_targets" time="0.006" /><testcase classname="tests.test_plate_targets_micro_coverage.TestPlateTargetsMicroCoverage" name="test_calcium_coverage_plate_targets" time="0.007" /><testcase classname="tests.test_plate_targets_micro_coverage.TestPlateTargetsMicroCoverage" name="test_magnesium_coverage_plate_targets" time="0.006" /><testcase classname="tests.test_plate_targets_micro_coverage.TestPlateTargetsMicroCoverage" name="test_potassium_coverage_plate_targets" time="0.005" /><testcase classname="tests.test_plate_targets_micro_coverage.TestPlateTargetsMicroCoverage" name="test_vitamin_d_coverage_plate_targets" time="0.006" /><testcase classname="tests.test_plate_targets_micro_coverage.TestPlateTargetsMicroCoverage" name="test_b12_coverage_plate_targets" time="0.005" /><testcase classname="tests.test_plate_targets_micro_coverage.TestPlateTargetsMicroCoverage" name="test_folate_coverage_plate_targets" time="0.005" /><testcase classname="tests.test_plate_targets_micro_coverage.TestPlateTargetsMicroCoverage" name="test_iodine_coverage_plate_targets" time="0.007" /><testcase classname="tests.test_plate_targets_micro_coverage.TestPlateTargetsMicroCoverage" name="test_micro_coverage_different_profiles" time="0.021" /><testcase classname="tests.test_plate_targets_micros_hypothesis.TestPlateTargetsMicrosHypothesis" name="test_plate_targets_micros_integration_hypothesis" time="0.576" /><testcase classname="tests.test_plate_targets_micros_hypothesis.TestPlateTargetsMicrosHypothesis" name="test_fe_ca_mg_k_coverage_hypothesis" time="0.601" /><testcase classname="tests.test_plate_targets_micros_hypothesis.TestPlateTargetsMicrosHypothesis" name="test_day_micros_structure_hypothesis" time="0.387" /><testcase classname="tests.test_plate_targets_micros_hypothesis.TestPlateTargetsMicrosHypothesis" name="test_plate_targets_calorie_alignment_hypothesis" time="0.656" /><testcase classname="tests.test_plate_targets_micros_hypothesis.TestPlateTargetsMicrosHypothesis" name="test_plate_targets_macro_alignment_hypothesis" time="0.739" /><testcase classname="tests.test_plate_targets_micros_hypothesis.TestPlateTargetsMicrosHypothesis" name="test_plate_targets_micros_comprehensive_coverage" time="0.021" /><testcase classname="tests.test_premium_blocks_coverage_97.TestPremiumEndpointBlocks" name="test_premium_bmr_error_conditions" time="0.010" /><testcase classname="tests.test_premium_blocks_coverage_97.TestPremiumEndpointBlocks" name="test_premium_bmr_business_logic" time="0.018" /><testcase classname="tests.test_premium_blocks_coverage_97.TestPremiumEndpointBlocks" name="test_premium_plate_business_logic" time="0.046" /><testcase classname="tests.test_premium_blocks_coverage_97.TestWeeklyPlanningBlocks" name="test_weekly_plan_creation_logic" time="0.017" /><testcase classname="tests.test_premium_blocks_coverage_97.TestWeeklyPlanningBlocks" name="test_weekly_plan_advanced_logic" time="0.011" /><testcase classname="tests.test_premium_blocks_coverage_97.TestWeeklyPlanningBlocks" name="test_weekly_plan_mock_llm_response" time="0.006" /><testcase classname="tests.test_premium_blocks_coverage_97.TestPremiumEndpointErrorHandling" name="test_premium_endpoints_without_implementation" time="0.007" /><testcase classname="tests.test_premium_blocks_coverage_97.TestPremiumEndpointErrorHandling" name="test_api_key_validation_edge_cases" time="0.007" /><testcase classname="tests.test_premium_bmr_api.TestPremiumBMRAPI" name="test_premium_bmr_without_bodyfat" time="0.005" /><testcase classname="tests.test_premium_bmr_api.TestPremiumBMRAPI" name="test_premium_bmr_with_bodyfat" time="0.004" /><testcase classname="tests.test_premium_bmr_api.TestPremiumBMRAPI" name="test_premium_bmr_russian_language" time="0.006" /><testcase classname="tests.test_premium_bmr_api.TestPremiumBMRAPI" name="test_premium_bmr_all_activity_levels" time="0.018" /><testcase classname="tests.test_premium_bmr_api.TestPremiumBMRAPI" name="test_premium_bmr_validation_errors" time="0.021" /><testcase classname="tests.test_premium_bmr_api.TestPremiumBMRAPI" name="test_premium_bmr_missing_api_key" time="0.004" /><testcase classname="tests.test_premium_bmr_api.TestPremiumBMRAPI" name="test_premium_bmr_invalid_api_key" time="0.004" /><testcase classname="tests.test_premium_bmr_api.TestPremiumBMRAPI" name="test_premium_bmr_module_not_available" time="0.005" /><testcase classname="tests.test_premium_bmr_api.TestPremiumBMRAPI" name="test_premium_bmr_calculation_error" time="0.004" /><testcase classname="tests.test_premium_bmr_api.TestPremiumBMRAPI" name="test_premium_bmr_female_calculations" time="0.008" /><testcase classname="tests.test_premium_bmr_api.TestPremiumBMRAPI" name="test_premium_bmr_activity_descriptions" time="0.004" /><testcase classname="tests.test_premium_bmr_api.TestPremiumBMRAPI" name="test_premium_bmr_edge_cases" time="0.007" /><testcase classname="tests.test_premium_targets.TestPremiumTargets" name="test_premium_targets_structure" time="0.001" /><testcase classname="tests.test_premium_targets.TestPremiumTargets" name="test_premium_targets_values_female" time="0.001" /><testcase classname="tests.test_premium_targets.TestPremiumTargets" name="test_premium_targets_values_male" time="0.001" /><testcase classname="tests.test_premium_targets.TestPremiumTargets" name="test_premium_targets_get_summary" time="0.001" /><testcase classname="tests.test_premium_targets.TestPremiumTargets" name="test_premium_targets_invariance[ru-female]" time="0.001" /><testcase classname="tests.test_premium_targets.TestPremiumTargets" name="test_premium_targets_invariance[ru-male]" time="0.001" /><testcase classname="tests.test_premium_targets.TestPremiumTargets" name="test_premium_targets_invariance[en-female]" time="0.001" /><testcase classname="tests.test_premium_targets.TestPremiumTargets" name="test_premium_targets_invariance[en-male]" time="0.001" /><testcase classname="tests.test_premium_targets.TestPremiumTargets" name="test_premium_targets_invariance[es-female]" time="0.001" /><testcase classname="tests.test_premium_targets.TestPremiumTargets" name="test_premium_targets_invariance[es-male]" time="0.001" /><testcase classname="tests.test_premium_targets.TestPremiumTargets" name="test_premium_targets_keys_and_ranges" time="0.001" /><testcase classname="tests.test_premium_targets_422_edge_cases_simple.TestPremiumTargets422EdgeCasesSimple" name="test_missing_required_fields_422" time="0.005" /><testcase classname="tests.test_premium_targets_422_edge_cases_simple.TestPremiumTargets422EdgeCasesSimple" name="test_boundary_age_values_422" time="0.005" /><testcase classname="tests.test_premium_targets_422_edge_cases_simple.TestPremiumTargets422EdgeCasesSimple" name="test_boundary_height_values_422" time="0.005" /><testcase classname="tests.test_premium_targets_422_edge_cases_simple.TestPremiumTargets422EdgeCasesSimple" name="test_boundary_weight_values_422" time="0.004" /><testcase classname="tests.test_premium_targets_422_edge_cases_simple.TestPremiumTargets422EdgeCasesSimple" name="test_boundary_bodyfat_values_422" time="0.006" /><testcase classname="tests.test_premium_targets_422_edge_cases_simple.TestPremiumTargets422EdgeCasesSimple" name="test_type_mismatch_422" time="0.004" /><testcase classname="tests.test_premium_targets_422_edge_cases_simple.TestPremiumTargets422EdgeCasesSimple" name="test_null_values_422" time="0.004" /><testcase classname="tests.test_premium_targets_422_edge_cases_simple.TestPremiumTargets422EdgeCasesSimple" name="test_malformed_json_422" time="0.004" /><testcase classname="tests.test_premium_targets_422_edge_cases_simple.TestPremiumTargets422EdgeCasesSimple" name="test_valid_boundary_values_200" time="0.005" /><testcase classname="tests.test_premium_targets_422_edge_cases_simple.TestPremiumTargets422EdgeCasesSimple" name="test_valid_enum_values_200" time="0.017" /><testcase classname="tests.test_premium_targets_422_edge_cases_simple.TestPremiumTargets422EdgeCasesSimple" name="test_valid_language_values_200" time="0.012" /><testcase classname="tests.test_premium_targets_comprehensive.TestPremiumTargetsComprehensive" name="test_premium_targets_required_micronutrients_male_19_50" time="0.005" /><testcase classname="tests.test_premium_targets_comprehensive.TestPremiumTargetsComprehensive" name="test_premium_targets_required_micronutrients_female_19_50" time="0.005" /><testcase classname="tests.test_premium_targets_comprehensive.TestPremiumTargetsComprehensive" name="test_premium_targets_macronutrient_distribution" time="0.005" /><testcase classname="tests.test_premium_targets_comprehensive.TestPremiumTargetsComprehensive" name="test_premium_targets_hydration_target" time="0.004" /><testcase classname="tests.test_premium_targets_comprehensive.TestPremiumTargetsComprehensive" name="test_premium_targets_activity_guidelines" time="0.004" /><testcase classname="tests.test_premium_targets_comprehensive.TestPremiumTargetsComprehensive" name="test_premium_targets_kcal_safety_bounds" time="0.004" /><testcase classname="tests.test_premium_targets_comprehensive.TestPremiumTargetsComprehensive" name="test_premium_targets_tdee_vs_bmr" time="0.005" /><testcase classname="tests.test_premium_targets_es_snapshots.TestPremiumTargetsESSnapshots" name="test_female_adult_es_snapshot" time="0.005" /><testcase classname="tests.test_premium_targets_es_snapshots.TestPremiumTargetsESSnapshots" name="test_male_adult_es_snapshot" time="0.004" /><testcase classname="tests.test_premium_targets_es_snapshots.TestPremiumTargetsESSnapshots" name="test_female_teen_es_snapshot_with_warnings" time="0.005" /><testcase classname="tests.test_premium_targets_es_snapshots.TestPremiumTargetsESSnapshots" name="test_female_pregnant_es_snapshot_with_warnings" time="0.004" /><testcase classname="tests.test_premium_targets_es_snapshots.TestPremiumTargetsESSnapshots" name="test_male_elderly_es_snapshot_with_warnings" time="0.004" /><testcase classname="tests.test_premium_targets_es_snapshots.TestPremiumTargetsESSnapshots" name="test_female_lactating_es_snapshot_with_warnings" time="0.004" /><testcase classname="tests.test_premium_targets_es_snapshots.TestPremiumTargetsESSnapshots" name="test_child_es_snapshot_with_warnings" time="0.004" /><testcase classname="tests.test_premium_targets_es_snapshots.TestPremiumTargetsESSnapshots" name="test_micronutrient_values_consistency" time="0.011" /><testcase classname="tests.test_premium_targets_es_snapshots.TestPremiumTargetsESSnapshots" name="test_ui_labels_spanish_consistency" time="0.005"><skipped type="pytest.skip" message="ui_labels not present in current API response">/Users/katsiaryna_kavaleuskaya/Developer/BMI-App_2025_clean/tests/test_premium_targets_es_snapshots.py:453: ui_labels not present in current API response</skipped></testcase><testcase classname="tests.test_premium_targets_i18n_es" name="test_premium_targets_es_localization[es]" time="0.005" /><testcase classname="tests.test_premium_targets_i18n_es" name="test_premium_targets_es_life_stage_warnings" time="0.018" /><testcase classname="tests.test_premium_targets_i18n_es" name="test_premium_targets_es_snapshot_values" time="0.004" /><testcase classname="tests.test_premium_targets_i18n_es" name="test_premium_targets_es_multilingual_consistency" time="0.011" /><testcase classname="tests.test_premium_targets_i18n_es" name="test_premium_targets_es_special_cases" time="0.008" /><testcase classname="tests.test_premium_targets_lifestage" name="test_life_stage_warnings[ru-case0]" time="0.005" /><testcase classname="tests.test_premium_targets_lifestage" name="test_life_stage_warnings[ru-case1]" time="0.005" /><testcase classname="tests.test_premium_targets_lifestage" name="test_life_stage_warnings[ru-case2]" time="0.006" /><testcase classname="tests.test_premium_targets_lifestage" name="test_life_stage_warnings[ru-case3]" time="0.005" /><testcase classname="tests.test_premium_targets_lifestage" name="test_life_stage_warnings[ru-case4]" time="0.004" /><testcase classname="tests.test_premium_targets_lifestage" name="test_life_stage_warnings[en-case0]" time="0.004" /><testcase classname="tests.test_premium_targets_lifestage" name="test_life_stage_warnings[en-case1]" time="0.004" /><testcase classname="tests.test_premium_targets_lifestage" name="test_life_stage_warnings[en-case2]" time="0.004" /><testcase classname="tests.test_premium_targets_lifestage" name="test_life_stage_warnings[en-case3]" time="0.005" /><testcase classname="tests.test_premium_targets_lifestage" name="test_life_stage_warnings[en-case4]" time="0.006" /><testcase classname="tests.test_premium_targets_lifestage" name="test_life_stage_warnings[es-case0]" time="0.005" /><testcase classname="tests.test_premium_targets_lifestage" name="test_life_stage_warnings[es-case1]" time="0.005" /><testcase classname="tests.test_premium_targets_lifestage" name="test_life_stage_warnings[es-case2]" time="0.006" /><testcase classname="tests.test_premium_targets_lifestage" name="test_life_stage_warnings[es-case3]" time="0.005" /><testcase classname="tests.test_premium_targets_lifestage" name="test_life_stage_warnings[es-case4]" time="0.004" /><testcase classname="tests.test_premium_targets_lifestage" name="test_life_stage_warnings_no_warnings" time="0.004" /><testcase classname="tests.test_premium_targets_lifestage" name="test_life_stage_warnings_localization" time="0.004" /><testcase classname="tests.test_premium_week_additional_coverage.TestPremiumWeekAdditionalCoverage" name="test_premium_week_plan_creation_invalid_data_coverage" time="0.005" /><testcase classname="tests.test_premium_week_additional_coverage.TestPremiumWeekAdditionalCoverage" name="test_premium_week_plan_creation_missing_fields_coverage" time="0.005" /><testcase classname="tests.test_premium_week_additional_coverage.TestPremiumWeekAdditionalCoverage" name="test_premium_week_plan_creation_edge_values_coverage" time="0.006" /><testcase classname="tests.test_premium_week_additional_coverage.TestPremiumWeekAdditionalCoverage" name="test_premium_week_plan_creation_max_values_coverage" time="0.005" /><testcase classname="tests.test_premium_week_additional_coverage.TestPremiumWeekAdditionalCoverage" name="test_premium_week_plan_creation_invalid_gender_coverage" time="0.005" /><testcase classname="tests.test_premium_week_additional_coverage.TestPremiumWeekAdditionalCoverage" name="test_premium_week_plan_creation_invalid_activity_coverage" time="0.006" /><testcase classname="tests.test_premium_week_additional_coverage.TestPremiumWeekAdditionalCoverage" name="test_premium_week_plan_creation_invalid_goal_coverage" time="0.005" /><testcase classname="tests.test_premium_week_additional_coverage.TestPremiumWeekAdditionalCoverage" name="test_premium_week_plan_creation_negative_values_coverage" time="0.005" /><testcase classname="tests.test_premium_week_additional_coverage.TestPremiumWeekAdditionalCoverage" name="test_premium_week_plan_creation_float_values_coverage" time="0.005" /><testcase classname="tests.test_premium_week_additional_coverage.TestPremiumWeekAdditionalCoverage" name="test_premium_week_plan_creation_string_numbers_coverage" time="0.004" /><testcase classname="tests.test_premium_week_additional_coverage.TestPremiumWeekAdditionalCoverage" name="test_premium_week_plan_creation_extra_fields_coverage" time="0.004" /><testcase classname="tests.test_premium_week_additional_coverage.TestPremiumWeekAdditionalCoverage" name="test_premium_week_plan_creation_null_values_coverage" time="0.006" /><testcase classname="tests.test_premium_week_additional_coverage.TestPremiumWeekAdditionalCoverage" name="test_premium_week_plan_creation_empty_strings_coverage" time="0.005" /><testcase classname="tests.test_premium_week_additional_coverage.TestPremiumWeekAdditionalCoverage" name="test_premium_week_plan_creation_boolean_values_coverage" time="0.005" /><testcase classname="tests.test_premium_week_additional_coverage.TestPremiumWeekAdditionalCoverage" name="test_premium_week_plan_creation_array_values_coverage" time="0.006" /><testcase classname="tests.test_premium_week_api.TestPremiumWeekAPI" name="test_premium_week_endpoint_multilingual" time="0.017" /><testcase classname="tests.test_premium_week_api.TestPremiumWeekAPI" name="test_premium_week_endpoint_with_targets" time="0.008" /><testcase classname="tests.test_premium_week_app_coverage.TestPremiumWeekAppCoverage" name="test_api_weekly_menu_make_weekly_menu_not_available" time="0.001"><skipped type="pytest.skip" message="Mocking make_weekly_menu is complex with FastAPI">/Users/katsiaryna_kavaleuskaya/Developer/BMI-App_2025_clean/tests/test_premium_week_app_coverage.py:52: Mocking make_weekly_menu is complex with FastAPI</skipped></testcase><testcase classname="tests.test_premium_week_app_coverage.TestPremiumWeekAppCoverage" name="test_api_weekly_menu_success" time="0.007" /><testcase classname="tests.test_premium_week_app_coverage.TestPremiumWeekAppCoverage" name="test_api_weekly_menu_exception_handling" time="0.001"><skipped type="pytest.skip" message="Mocking make_weekly_menu is complex with FastAPI">/Users/katsiaryna_kavaleuskaya/Developer/BMI-App_2025_clean/tests/test_premium_week_app_coverage.py:98: Mocking make_weekly_menu is complex with FastAPI</skipped></testcase><testcase classname="tests.test_premium_week_app_coverage.TestPremiumWeekAppCoverage" name="test_api_weekly_menu_with_optional_fields" time="0.007" /><testcase classname="tests.test_premium_week_coverage_96.TestPremiumWeekCoverage96" name="test_premium_week_plan_creation" time="0.005" /><testcase classname="tests.test_premium_week_coverage_96.TestPremiumWeekCoverage96" name="test_premium_week_plan_creation_female" time="0.004" /><testcase classname="tests.test_premium_week_coverage_96.TestPremiumWeekCoverage96" name="test_premium_week_plan_creation_athlete" time="0.004" /><testcase classname="tests.test_premium_week_coverage_96.TestPremiumWeekCoverage96" name="test_premium_week_plan_creation_pregnant" time="0.004" /><testcase classname="tests.test_premium_week_coverage_96.TestPremiumWeekCoverage96" name="test_premium_week_plan_creation_russian" time="0.005" /><testcase classname="tests.test_premium_week_coverage_96.TestPremiumWeekCoverage96" name="test_premium_week_plan_creation_spanish" time="0.004" /><testcase classname="tests.test_premium_week_coverage_96.TestPremiumWeekCoverage96" name="test_premium_week_plan_creation_edge_ages" time="0.009" /><testcase classname="tests.test_premium_week_coverage_96.TestPremiumWeekCoverage96" name="test_premium_week_plan_creation_validation_errors" time="0.008" /><testcase classname="tests.test_premium_week_coverage_96.TestPremiumWeekCoverage96" name="test_premium_week_plan_creation_malformed_json" time="0.004" /><testcase classname="tests.test_premium_week_coverage_96.TestPremiumWeekCoverage96" name="test_premium_week_plan_creation_high_weight" time="0.005" /><testcase classname="tests.test_premium_week_coverage_96.TestPremiumWeekCoverage96" name="test_premium_week_plan_creation_low_weight" time="0.004" /><testcase classname="tests.test_premium_week_coverage_96.TestPremiumWeekCoverage96" name="test_premium_week_plan_creation_tall_person" time="0.004" /><testcase classname="tests.test_premium_week_coverage_96.TestPremiumWeekCoverage96" name="test_premium_week_plan_creation_short_person" time="0.004" /><testcase classname="tests.test_premium_week_coverage_96.TestPremiumWeekCoverage96" name="test_premium_week_plan_creation_teen" time="0.005" /><testcase classname="tests.test_premium_week_coverage_96.TestPremiumWeekCoverage96" name="test_premium_week_plan_creation_elderly" time="0.004" /><testcase classname="tests.test_premium_week_coverage_96.TestPremiumWeekCoverage96" name="test_premium_week_plan_creation_high_activity" time="0.005" /><testcase classname="tests.test_premium_week_coverage_96.TestPremiumWeekCoverage96" name="test_premium_week_plan_creation_low_activity" time="0.005" /><testcase classname="tests.test_premium_week_coverage_96.TestPremiumWeekCoverage96" name="test_premium_week_plan_creation_weight_loss_goal" time="0.005" /><testcase classname="tests.test_premium_week_coverage_96.TestPremiumWeekCoverage96" name="test_premium_week_plan_creation_weight_gain_goal" time="0.004" /><testcase classname="tests.test_premium_week_coverage_96.TestPremiumWeekCoverage96" name="test_premium_week_plan_creation_maintenance_goal" time="0.005" /><testcase classname="tests.test_premium_week_coverage_97.TestPremiumWeekCoverage97" name="test_week_plan_missing_profile_data_line_140" time="0.004" /><testcase classname="tests.test_premium_week_coverage_97.TestPremiumWeekCoverage97" name="test_week_plan_missing_all_fields_line_140" time="0.004" /><testcase classname="tests.test_premium_week_coverage_97.TestPremiumWeekCoverage97" name="test_week_plan_valid_request" time="0.005" /><testcase classname="tests.test_premium_week_coverage_97.TestPremiumWeekCoverage97" name="test_week_plan_with_macros_validation" time="0.005" /><testcase classname="tests.test_premium_week_coverage_97.TestPremiumWeekCoverage97" name="test_week_plan_with_micros_validation" time="0.004" /><testcase classname="tests.test_premium_week_coverage_97.TestPremiumWeekCoverage97" name="test_week_plan_with_invalid_macros" time="0.004" /><testcase classname="tests.test_premium_week_coverage_97.TestPremiumWeekCoverage97" name="test_week_plan_with_invalid_micros" time="0.005" /><testcase classname="tests.test_premium_week_coverage_97.TestPremiumWeekCoverage97" name="test_week_plan_with_negative_macros" time="0.005" /><testcase classname="tests.test_premium_week_coverage_97.TestPremiumWeekCoverage97" name="test_week_plan_with_negative_micros" time="0.005" /><testcase classname="tests.test_premium_week_coverage_boost.TestPremiumWeekCoverage" name="test_targets_in_validation" time="0.001" /><testcase classname="tests.test_premium_week_coverage_boost.TestPremiumWeekCoverage" name="test_week_plan_request_validation" time="0.001" /><testcase classname="tests.test_premium_week_coverage_boost.TestPremiumWeekCoverage" name="test_week_plan_response_creation" time="0.001" /><testcase classname="tests.test_premium_week_coverage_boost.TestPremiumWeekCoverage" name="test_estimate_targets_minimal" time="0.001" /><testcase classname="tests.test_premium_week_coverage_boost.TestPremiumWeekCoverage" name="test_generate_week_plan_with_targets" time="0.008" /><testcase classname="tests.test_premium_week_coverage_boost.TestPremiumWeekCoverage" name="test_generate_week_plan_with_profile" time="0.005" /><testcase classname="tests.test_premium_week_coverage_boost.TestPremiumWeekCoverage" name="test_generate_week_plan_missing_profile_data" time="0.005" /><testcase classname="tests.test_premium_week_coverage_boost.TestPremiumWeekCoverage" name="test_generate_week_plan_unable_to_derive_targets" time="0.006" /><testcase classname="tests.test_premium_week_coverage_boost.TestPremiumWeekCoverage" name="test_router_inclusion" time="0.001" /><testcase classname="tests.test_premium_week_endpoint_96.TestPremiumWeekEndpoint96" name="test_generate_week_plan_with_targets" time="0.006" /><testcase classname="tests.test_premium_week_endpoint_96.TestPremiumWeekEndpoint96" name="test_generate_week_plan_with_targets_no_mock_db" time="0.005" /><testcase classname="tests.test_premium_week_endpoint_96.TestPremiumWeekEndpoint96" name="test_generate_week_plan_with_profile" time="0.007" /><testcase classname="tests.test_premium_week_endpoint_96.TestPremiumWeekEndpoint96" name="test_generate_week_plan_missing_profile_data" time="0.006" /><testcase classname="tests.test_premium_week_endpoint_96.TestPremiumWeekEndpoint96" name="test_generate_week_plan_unable_to_derive_targets" time="0.005" /><testcase classname="tests.test_premium_week_endpoint_96.TestPremiumWeekEndpoint96" name="test_generate_week_plan_with_different_languages" time="0.013" /><testcase classname="tests.test_premium_week_endpoint_96.TestPremiumWeekEndpoint96" name="test_generate_week_plan_with_different_diet_flags" time="0.025" /><testcase classname="tests.test_premium_week_endpoint_simple_96.TestPremiumWeekEndpointSimple96" name="test_generate_week_plan_with_targets" time="0.008" /><testcase classname="tests.test_premium_week_endpoint_simple_96.TestPremiumWeekEndpointSimple96" name="test_generate_week_plan_with_profile" time="0.008" /><testcase classname="tests.test_premium_week_endpoint_simple_96.TestPremiumWeekEndpointSimple96" name="test_generate_week_plan_missing_profile_data" time="0.006" /><testcase classname="tests.test_premium_week_endpoint_simple_96.TestPremiumWeekEndpointSimple96" name="test_generate_week_plan_unable_to_derive_targets" time="0.006" /><testcase classname="tests.test_premium_week_hypothesis_simple.TestPremiumWeekHypothesisSimple" name="test_generate_week_plan_simple_hypothesis" time="0.607" /><testcase classname="tests.test_premium_week_hypothesis_simple.TestPremiumWeekHypothesisSimple" name="test_generate_week_plan_with_targets_simple_hypothesis" time="0.937" /><testcase classname="tests.test_premium_week_hypothesis_simple.TestPremiumWeekHypothesisSimple" name="test_generate_week_plan_missing_profile_data_simple_hypothesis" time="0.698" /><testcase classname="tests.test_premium_week_hypothesis_simple.TestPremiumWeekHypothesisSimple" name="test_generate_week_plan_unable_to_derive_targets_simple_hypothesis" time="1.510" /><testcase classname="tests.test_premium_week_router.TestPremiumWeekRouter" name="test_generate_week_plan_with_targets" time="0.005" /><testcase classname="tests.test_premium_week_router.TestPremiumWeekRouter" name="test_generate_week_plan_with_profile" time="0.004" /><testcase classname="tests.test_premium_week_router.TestPremiumWeekRouter" name="test_generate_week_plan_missing_profile_data" time="0.004" /><testcase classname="tests.test_premium_week_router.TestPremiumWeekRouter" name="test_generate_week_plan_unable_to_derive_targets" time="0.005" /><testcase classname="tests.test_premium_week_router.TestPremiumWeekRouter" name="test_targets_in_model_validation" time="0.002" /><testcase classname="tests.test_premium_week_router.TestPremiumWeekRouter" name="test_targets_in_validation_errors" time="0.002" /><testcase classname="tests.test_premium_week_router.TestPremiumWeekRouter" name="test_week_plan_request_model" time="0.002" /><testcase classname="tests.test_premium_week_router.TestPremiumWeekRouter" name="test_week_plan_response_model" time="0.002" /><testcase classname="tests.test_premium_week_simple_debug.TestPremiumWeekSimpleDebug" name="test_premium_week_endpoint_debug" time="0.007" /><testcase classname="tests.test_product_finder.TestProductSearchResult" name="test_create_successful_result" time="0.001" /><testcase classname="tests.test_product_finder.TestProductSearchResult" name="test_create_failed_result" time="0.001" /><testcase classname="tests.test_product_finder.TestProductFinder" name="test_init" time="0.001" /><testcase classname="tests.test_product_finder.TestProductFinder" name="test_find_missing_products_all_found" time="0.001" /><testcase classname="tests.test_product_finder.TestProductFinder" name="test_find_missing_products_some_missing" time="0.001" /><testcase classname="tests.test_product_finder.TestProductFinder" name="test_similar_names[apple-apple-True]" time="0.001" /><testcase classname="tests.test_product_finder.TestProductFinder" name="test_similar_names[chicken breast-breast-True]" time="0.001" /><testcase classname="tests.test_product_finder.TestProductFinder" name="test_similar_names[brown rice-rice brown-True]" time="0.001" /><testcase classname="tests.test_product_finder.TestProductFinder" name="test_similar_names[apple-chicken-False]" time="0.001" /><testcase classname="tests.test_product_finder.TestProductFinder" name="test_similar_names[olive oil-oil-True]" time="0.001" /><testcase classname="tests.test_product_finder.TestProductFinder" name="test_similar_names[red apple-apple green-True]" time="0.001" /><testcase classname="tests.test_product_finder.TestProductFinder" name="test_similar_names[completely different-nothing similar-False]" time="0.001" /><testcase classname="tests.test_product_finder.TestProductFinder" name="test_search_product_usda_success" time="0.001" /><testcase classname="tests.test_product_finder.TestProductFinder" name="test_search_product_off_fallback" time="0.001" /><testcase classname="tests.test_product_finder.TestProductFinder" name="test_search_product_both_fail" time="0.001" /><testcase classname="tests.test_product_finder.TestProductFinder" name="test_search_product_usda_exception" time="0.001" /><testcase classname="tests.test_product_finder.TestProductFinder" name="test_search_in_usda_success" time="0.001" /><testcase classname="tests.test_product_finder.TestProductFinder" name="test_search_in_usda_no_match" time="0.001" /><testcase classname="tests.test_product_finder.TestProductFinder" name="test_search_in_usda_exception" time="0.001" /><testcase classname="tests.test_product_finder.TestProductFinder" name="test_search_in_off_success" time="0.001" /><testcase classname="tests.test_product_finder.TestProductFinder" name="test_search_in_off_exception" time="0.001" /><testcase classname="tests.test_product_finder.TestProductFinder" name="test_calculate_confidence[apple-apple-1.0-1.0]" time="0.001" /><testcase classname="tests.test_product_finder.TestProductFinder" name="test_calculate_confidence[apple-green apple-0.7-0.9]" time="0.001" /><testcase classname="tests.test_product_finder.TestProductFinder" name="test_calculate_confidence[green apple-apple-0.7-0.9]" time="0.001" /><testcase classname="tests.test_product_finder.TestProductFinder" name="test_calculate_confidence[apple pie-apple cake-0.4-0.6]" time="0.001" /><testcase classname="tests.test_product_finder.TestProductFinder" name="test_calculate_confidence[apple-banana-0.0-0.0]" time="0.001" /><testcase classname="tests.test_product_finder.TestProductFinder" name="test_calculate_confidence[chicken breast-chicken-0.7-0.9]" time="0.001" /><testcase classname="tests.test_product_finder.TestProductFinder" name="test_add_product_to_database_success" time="0.001" /><testcase classname="tests.test_product_finder.TestProductFinder" name="test_add_product_to_database_not_found" time="0.001" /><testcase classname="tests.test_product_finder.TestProductFinder" name="test_add_product_to_database_no_food_record" time="0.001" /><testcase classname="tests.test_product_finder.TestProductFinder" name="test_add_product_to_database_exception" time="0.001" /><testcase classname="tests.test_product_finder.TestProductFinder" name="test_convert_to_food_item" time="0.001" /><testcase classname="tests.test_product_finder.TestProductFinder" name="test_append_to_food_db_new_file" time="0.003" /><testcase classname="tests.test_product_finder.TestProductFinder" name="test_append_to_food_db_existing_file" time="0.002" /><testcase classname="tests.test_product_finder.TestProductFinder" name="test_auto_expand_database" time="0.001" /><testcase classname="tests.test_product_finder.TestProductFinder" name="test_auto_expand_database_add_failure" time="0.001" /><testcase classname="tests.test_product_finder_simple.TestProductSearchResult" name="test_create_successful_result" time="0.001" /><testcase classname="tests.test_product_finder_simple.TestProductSearchResult" name="test_create_failed_result" time="0.001" /><testcase classname="tests.test_product_finder_simple.TestProductFinder" name="test_init" time="0.001" /><testcase classname="tests.test_product_finder_simple.TestProductFinder" name="test_find_missing_products_all_found" time="0.001" /><testcase classname="tests.test_product_finder_simple.TestProductFinder" name="test_find_missing_products_some_missing" time="0.001" /><testcase classname="tests.test_product_finder_simple.TestProductFinder" name="test_similar_names[apple-apple-True]" time="0.001" /><testcase classname="tests.test_product_finder_simple.TestProductFinder" name="test_similar_names[chicken breast-breast-True]" time="0.001" /><testcase classname="tests.test_product_finder_simple.TestProductFinder" name="test_similar_names[apple-chicken-False]" time="0.001" /><testcase classname="tests.test_product_finder_simple.TestProductFinder" name="test_search_product_usda_success" time="0.001" /><testcase classname="tests.test_product_finder_simple.TestProductFinder" name="test_search_product_both_fail" time="0.001" /><testcase classname="tests.test_product_finder_simple.TestProductFinder" name="test_search_product_usda_exception" time="0.001" /><testcase classname="tests.test_product_finder_simple.TestProductFinder" name="test_search_in_usda_success" time="0.001" /><testcase classname="tests.test_product_finder_simple.TestProductFinder" name="test_search_in_usda_no_match" time="0.001" /><testcase classname="tests.test_product_finder_simple.TestProductFinder" name="test_search_in_usda_exception" time="0.001" /><testcase classname="tests.test_product_finder_simple.TestProductFinder" name="test_search_in_off_success" time="0.001" /><testcase classname="tests.test_product_finder_simple.TestProductFinder" name="test_search_in_off_exception" time="0.001" /><testcase classname="tests.test_product_finder_simple.TestProductFinder" name="test_calculate_confidence[apple-apple-1.0-1.0]" time="0.001" /><testcase classname="tests.test_product_finder_simple.TestProductFinder" name="test_calculate_confidence[apple-green apple-0.7-0.9]" time="0.001" /><testcase classname="tests.test_product_finder_simple.TestProductFinder" name="test_calculate_confidence[apple-banana-0.0-0.0]" time="0.001" /><testcase classname="tests.test_product_finder_simple.TestProductFinder" name="test_add_product_to_database_success" time="0.001" /><testcase classname="tests.test_product_finder_simple.TestProductFinder" name="test_add_product_to_database_not_found" time="0.001" /><testcase classname="tests.test_product_finder_simple.TestProductFinder" name="test_add_product_to_database_exception" time="0.001" /><testcase classname="tests.test_product_finder_simple.TestProductFinder" name="test_convert_to_food_item" time="0.001" /><testcase classname="tests.test_product_finder_simple.TestProductFinder" name="test_append_to_food_db_new_file" time="0.002" /><testcase classname="tests.test_product_finder_simple.TestProductFinder" name="test_auto_expand_database" time="0.001" /><testcase classname="tests.test_product_finder_simple.TestProductFinderAdditionalCoverage" name="test_search_off_error_handling" time="0.001" /><testcase classname="tests.test_product_finder_simple.TestProductFinderAdditionalCoverage" name="test_calculate_confidence_no_common_words" time="0.002" /><testcase classname="tests.test_product_finder_simple.TestProductFinderAdditionalCoverage" name="test_search_off_with_confidence_filtering" time="0.001" /><testcase classname="tests.test_product_finder_simple.TestProductFinderAdditionalCoverage" name="test_expand_database_csv_header_creation" time="0.002" /><testcase classname="tests.test_product_finder_simple.TestProductFinderAdditionalCoverage" name="test_expand_database_logging_cases" time="0.002" /><testcase classname="tests.test_product_finder_simple_coverage.TestProductFinderSimpleCoverage" name="test_search_product_usda_success_coverage" time="0.001" /><testcase classname="tests.test_product_finder_simple_coverage.TestProductFinderSimpleCoverage" name="test_search_product_usda_no_match_coverage" time="0.001" /><testcase classname="tests.test_product_finder_simple_coverage.TestProductFinderSimpleCoverage" name="test_search_product_usda_low_confidence_coverage" time="0.001" /><testcase classname="tests.test_product_finder_simple_coverage.TestProductFinderSimpleCoverage" name="test_search_product_usda_exception_coverage" time="0.001" /><testcase classname="tests.test_product_finder_simple_coverage.TestProductFinderSimpleCoverage" name="test_search_product_off_success_coverage" time="0.001" /><testcase classname="tests.test_product_finder_simple_coverage.TestProductFinderSimpleCoverage" name="test_search_product_off_no_match_coverage" time="0.001" /><testcase classname="tests.test_product_finder_simple_coverage.TestProductFinderSimpleCoverage" name="test_search_product_off_low_confidence_coverage" time="0.001" /><testcase classname="tests.test_product_finder_simple_coverage.TestProductFinderSimpleCoverage" name="test_search_product_off_exception_coverage" time="0.001" /><testcase classname="tests.test_product_finder_simple_coverage.TestProductFinderSimpleCoverage" name="test_calculate_confidence_exact_match_coverage" time="0.001" /><testcase classname="tests.test_product_finder_simple_coverage.TestProductFinderSimpleCoverage" name="test_calculate_confidence_contains_match_coverage" time="0.001" /><testcase classname="tests.test_product_finder_simple_coverage.TestProductFinderSimpleCoverage" name="test_calculate_confidence_reverse_contains_match_coverage" time="0.001" /><testcase classname="tests.test_product_finder_simple_coverage.TestProductFinderSimpleCoverage" name="test_calculate_confidence_no_match_coverage" time="0.001" /><testcase classname="tests.test_product_finder_simple_coverage.TestProductFinderSimpleCoverage" name="test_calculate_confidence_with_spaces_and_underscores_coverage" time="0.001" /><testcase classname="tests.test_product_finder_simple_coverage.TestProductFinderSimpleCoverage" name="test_search_product_fallback_to_off_coverage" time="0.001" /><testcase classname="tests.test_product_finder_simple_coverage.TestProductFinderSimpleCoverage" name="test_search_product_both_sources_fail_coverage" time="0.001" /><testcase classname="tests.test_product_finder_simple_coverage.TestProductFinderSimpleCoverage" name="test_search_product_usda_exception_fallback_to_off_coverage" time="0.001" /><testcase classname="tests.test_product_finder_simple_coverage.TestProductFinderSimpleCoverage" name="test_search_product_off_exception_after_usda_fail_coverage" time="0.001" /><testcase classname="tests.test_product_finder_simple_coverage.TestProductFinderSimpleCoverage" name="test_search_product_both_sources_exception_coverage" time="0.001" /><testcase classname="tests.test_product_finder_simple_coverage.TestProductFinderSimpleCoverage" name="test_product_search_result_creation_coverage" time="0.001" /><testcase classname="tests.test_product_finder_simple_coverage.TestProductFinderSimpleCoverage" name="test_product_search_result_not_found_coverage" time="0.001" /><testcase classname="tests.test_product_finder_simple_coverage.TestProductFinderSimpleCoverage" name="test_search_product_with_special_characters_coverage" time="0.001" /><testcase classname="tests.test_product_finder_simple_coverage.TestProductFinderSimpleCoverage" name="test_search_product_with_unicode_coverage" time="0.001" /><testcase classname="tests.test_product_finder_simple_coverage.TestProductFinderSimpleCoverage" name="test_search_product_with_case_sensitivity_coverage" time="0.001" /><testcase classname="tests.test_product_finder_simple_coverage.TestProductFinderSimpleCoverage" name="test_search_product_with_multiple_matches_coverage" time="0.001" /><testcase classname="tests.test_product_finder_simple_coverage.TestProductFinderSimpleCoverage" name="test_search_product_with_empty_name_coverage" time="0.001" /><testcase classname="tests.test_product_finder_simple_coverage.TestProductFinderSimpleCoverage" name="test_search_product_with_none_name_coverage" time="0.001" /><testcase classname="tests.test_product_finder_simple_coverage.TestProductFinderSimpleCoverage" name="test_search_product_with_very_long_name_coverage" time="0.001" /><testcase classname="tests.test_product_varieties.TestProductVariety" name="test_create_product_variety" time="0.001" /><testcase classname="tests.test_product_varieties.TestProductVariety" name="test_to_food_item" time="0.001" /><testcase classname="tests.test_product_varieties.TestProductVariety" name="test_get_calories" time="0.001" /><testcase classname="tests.test_product_varieties.TestProductVariety" name="test_get_sugar_content" time="0.001" /><testcase classname="tests.test_product_varieties.TestProductVariety" name="test_is_low_sugar[3.0-True]" time="0.001" /><testcase classname="tests.test_product_varieties.TestProductVariety" name="test_is_low_sugar[5.0-True]" time="0.001" /><testcase classname="tests.test_product_varieties.TestProductVariety" name="test_is_low_sugar[5.1-False]" time="0.001" /><testcase classname="tests.test_product_varieties.TestProductVariety" name="test_is_low_sugar[10.0-False]" time="0.001" /><testcase classname="tests.test_product_varieties.TestProductVariety" name="test_is_high_protein[15.0-False]" time="0.001" /><testcase classname="tests.test_product_varieties.TestProductVariety" name="test_is_high_protein[19.9-False]" time="0.001" /><testcase classname="tests.test_product_varieties.TestProductVariety" name="test_is_high_protein[20.0-True]" time="0.001" /><testcase classname="tests.test_product_varieties.TestProductVariety" name="test_is_high_protein[25.0-True]" time="0.001" /><testcase classname="tests.test_product_varieties.TestProductVariety" name="test_is_low_fat[1.0-True]" time="0.001" /><testcase classname="tests.test_product_varieties.TestProductVariety" name="test_is_low_fat[3.0-True]" time="0.001" /><testcase classname="tests.test_product_varieties.TestProductVariety" name="test_is_low_fat[3.1-False]" time="0.001" /><testcase classname="tests.test_product_varieties.TestProductVariety" name="test_is_low_fat[5.0-False]" time="0.001" /><testcase classname="tests.test_product_varieties.TestProductVarietiesManager" name="test_init_with_nonexistent_file" time="0.001" /><testcase classname="tests.test_product_varieties.TestProductVarietiesManager" name="test_load_varieties_success" time="0.001" /><testcase classname="tests.test_product_varieties.TestProductVarietiesManager" name="test_load_varieties_file_error" time="0.001" /><testcase classname="tests.test_product_varieties.TestProductVarietiesManager" name="test_get_varieties" time="0.001" /><testcase classname="tests.test_product_varieties.TestProductVarietiesManager" name="test_get_best_variety_balanced" time="0.001" /><testcase classname="tests.test_product_varieties.TestProductVarietiesManager" name="test_get_best_variety_low_sugar" time="0.001" /><testcase classname="tests.test_product_varieties.TestProductVarietiesManager" name="test_get_best_variety_high_protein" time="0.001" /><testcase classname="tests.test_product_varieties.TestProductVarietiesManager" name="test_get_best_variety_low_fat" time="0.001" /><testcase classname="tests.test_product_varieties.TestProductVarietiesManager" name="test_get_best_variety_unknown_criteria" time="0.001" /><testcase classname="tests.test_product_varieties.TestProductVarietiesManager" name="test_search_varieties" time="0.001" /><testcase classname="tests.test_product_varieties.TestProductVarietiesManager" name="test_get_nutritional_comparison" time="0.001" /><testcase classname="tests.test_product_varieties.TestProductVarietiesManager" name="test_recommend_variety_no_preferences" time="0.002" /><testcase classname="tests.test_product_varieties.TestProductVarietiesManager" name="test_recommend_variety_with_preferences" time="0.001" /><testcase classname="tests.test_product_varieties.TestProductVarietiesManager" name="test_recommend_variety_no_matching_preferences" time="0.001" /><testcase classname="tests.test_product_varieties.TestProductVarietiesManager" name="test_get_all_products" time="0.001" /><testcase classname="tests.test_product_varieties.TestProductVarietiesManager" name="test_get_statistics" time="0.001" /><testcase classname="tests.test_product_varieties.TestProductVarietiesManager" name="test_get_statistics_empty_manager" time="0.001" /><testcase classname="tests.test_product_varieties.TestProductVarietiesManager" name="test_edge_cases_empty_flags" time="0.001" /><testcase classname="tests.test_product_varieties.TestProductVarietiesManager" name="test_edge_cases_missing_values" time="0.001" /><testcase classname="tests.test_product_varieties.TestProductVarietiesManagerAdditionalCoverage" name="test_load_varieties_error_handling" time="0.001" /><testcase classname="tests.test_product_varieties.TestProductVarietiesManagerAdditionalCoverage" name="test_recommend_variety_with_low_sugar_preference" time="0.001" /><testcase classname="tests.test_product_varieties.TestProductVarietiesManagerAdditionalCoverage" name="test_recommend_variety_with_low_fat_preference" time="0.001" /><testcase classname="tests.test_product_varieties.TestProductVarietiesManagerAdditionalCoverage" name="test_recommend_variety_with_high_protein_preference" time="0.001" /><testcase classname="tests.test_product_varieties.TestProductVarietiesManagerAdditionalCoverage" name="test_recommend_variety_with_gluten_free_preference" time="0.001" /><testcase classname="tests.test_product_varieties.TestProductVarietiesManagerAdditionalCoverage" name="test_recommend_variety_fallback_when_no_match" time="0.001" /><testcase classname="tests.test_property_based" name="test_bmi_value_property" time="0.089" /><testcase classname="tests.test_property_based" name="test_bmi_category_property" time="0.048" /><testcase classname="tests.test_providers_unit" name="test_stub_provider_generate" time="0.002" /><testcase classname="tests.test_providers_unit" name="test_stub_provider_text_truncation" time="0.001" /><testcase classname="tests.test_providers_unit" name="test_grok_generate_success" time="0.002" /><testcase classname="tests.test_providers_unit" name="test_grok_generate_error_wrapped" time="0.001" /><testcase classname="tests.test_providers_unit" name="test_ollama_chat_success" time="0.001" /><testcase classname="tests.test_providers_unit" name="test_ollama_generate_fallback_success" time="0.002" /><testcase classname="tests.test_providers_unit" name="test_ollama_unavailable_wrapped" time="0.001" /><testcase classname="tests.test_providers_unit" name="test_ollama_request_error_wrapped" time="0.001" /><testcase classname="tests.test_providers_unit" name="test_ollama_timeout_env_default" time="0.001" /><testcase classname="tests.test_providers_unit" name="test_pico_generate_variants" time="0.001" /><testcase classname="tests.test_providers_unit" name="test_pico_generate_http_error" time="0.009" /><testcase classname="tests.test_providers_unit" name="test_ollama_helpers_non_200" time="0.001" /><testcase classname="tests.test_providers_unit" name="test_pico_generate_choices_and_response_and_else" time="0.002" /><testcase classname="tests.test_quick_coverage_boost.TestQuickCoverageBoost" name="test_targets_calculation_edge_cases" time="0.001"><skipped type="pytest.skip" message="targets module not available">/Users/katsiaryna_kavaleuskaya/Developer/BMI-App_2025_clean/tests/test_quick_coverage_boost.py:55: targets module not available</skipped></testcase><testcase classname="tests.test_quick_coverage_boost.TestQuickCoverageBoost" name="test_i18n_fallback_coverage" time="0.001"><skipped type="pytest.skip" message="i18n module not available">/Users/katsiaryna_kavaleuskaya/Developer/BMI-App_2025_clean/tests/test_quick_coverage_boost.py:85: i18n module not available</skipped></testcase><testcase classname="tests.test_quick_coverage_boost.TestQuickCoverageBoost" name="test_food_merge_edge_cases" time="0.001"><skipped type="pytest.skip" message="food_merge module not available">/Users/katsiaryna_kavaleuskaya/Developer/BMI-App_2025_clean/tests/test_quick_coverage_boost.py:112: food_merge module not available</skipped></testcase><testcase classname="tests.test_quick_coverage_boost.TestQuickCoverageBoost" name="test_auto_repair_edge_cases" time="0.001"><skipped type="pytest.skip" message="auto_repair module not available">/Users/katsiaryna_kavaleuskaya/Developer/BMI-App_2025_clean/tests/test_quick_coverage_boost.py:141: auto_repair module not available</skipped></testcase><testcase classname="tests.test_quick_coverage_boost.TestQuickCoverageBoost" name="test_menu_engine_missing_branches" time="0.001"><skipped type="pytest.skip" message="menu_engine module not available">/Users/katsiaryna_kavaleuskaya/Developer/BMI-App_2025_clean/tests/test_quick_coverage_boost.py:173: menu_engine module not available</skipped></testcase><testcase classname="tests.test_quick_coverage_boost.TestQuickCoverageBoost" name="test_recommendations_edge_cases" time="0.001"><skipped type="pytest.skip" message="recommendations module not available">/Users/katsiaryna_kavaleuskaya/Developer/BMI-App_2025_clean/tests/test_quick_coverage_boost.py:206: recommendations module not available</skipped></testcase><testcase classname="tests.test_quick_coverage_boost.TestQuickCoverageBoost" name="test_region_catalog_edge_cases" time="0.001" /><testcase classname="tests.test_quick_coverage_boost.TestQuickCoverageBoost" name="test_rag_simple_missing_paths" time="0.001"><skipped type="pytest.skip" message="rag.simple_rag module not available">/Users/katsiaryna_kavaleuskaya/Developer/BMI-App_2025_clean/tests/test_quick_coverage_boost.py:266: rag.simple_rag module not available</skipped></testcase><testcase classname="tests.test_quick_coverage_boost.TestQuickCoverageBoost" name="test_unified_db_error_paths" time="0.001"><skipped type="pytest.skip" message="unified_db module not available">/Users/katsiaryna_kavaleuskaya/Developer/BMI-App_2025_clean/tests/test_quick_coverage_boost.py:296: unified_db module not available</skipped></testcase><testcase classname="tests.test_quick_coverage_boost.TestQuickCoverageBoost" name="test_update_manager_async_paths" time="0.017" /><testcase classname="tests.test_rag_simple" name="test_retrieve_empty_returns_empty" time="0.004" /><testcase classname="tests.test_rag_simple" name="test_retrieve_basic_markdown" time="0.002" /><testcase classname="tests.test_recipe_db" name="test_parse_recipe_db" time="0.001" /><testcase classname="tests.test_recipe_db" name="test_calculate_recipe_nutrients" time="0.001" /><testcase classname="tests.test_recipe_db" name="test_scale_recipe_to_kcal" time="0.001" /><testcase classname="tests.test_recipe_db_new" name="test_parse_recipe_db" time="0.001" /><testcase classname="tests.test_recipe_db_new" name="test_pick_base_recipe" time="0.001" /><testcase classname="tests.test_recipe_db_new" name="test_scale_recipe_to_kcal" time="0.001" /><testcase classname="tests.test_recipe_db_new" name="test_scale_recipe_to_kcal_multilingual" time="0.001" /><testcase classname="tests.test_recipe_db_new_coverage_97.TestRecipeDBCoverage97" name="test_compatible_veg_omni_line_75" time="0.002" /><testcase classname="tests.test_recipe_db_new_coverage_97.TestRecipeDBCoverage97" name="test_compatible_pesc_omni_line_77" time="0.002" /><testcase classname="tests.test_recipe_db_new_coverage_97.TestRecipeDBCoverage97" name="test_compatible_gf_missing_line_79" time="0.002" /><testcase classname="tests.test_recipe_db_new_coverage_97.TestRecipeDBCoverage97" name="test_compatible_gf_present_line_79" time="0.002" /><testcase classname="tests.test_recipe_db_new_coverage_97.TestRecipeDBCoverage97" name="test_get_recipe_by_id_invalid_type_line_120" time="0.003" /><testcase classname="tests.test_recipe_db_new_coverage_97.TestRecipeDBCoverage97" name="test_scale_recipe_zero_kcal_line_166" time="0.002" /><testcase classname="tests.test_recipe_db_new_coverage_97.TestRecipeDBCoverage97" name="test_scale_recipe_kcal_correction_line_177" time="0.002" /><testcase classname="tests.test_recipe_db_new_coverage_97.TestRecipeDBCoverage97" name="test_scale_recipe_kcal_correction_line_178" time="0.002" /><testcase classname="tests.test_recipe_db_new_coverage_97.TestRecipeDBCoverage97" name="test_get_recipe_by_name_line_111" time="0.002" /><testcase classname="tests.test_recipe_db_new_coverage_97.TestRecipeDBCoverage97" name="test_search_recipes_with_query_line_131" time="0.002" /><testcase classname="tests.test_recipe_db_new_coverage_97.TestRecipeDBCoverage97" name="test_search_recipes_with_tags_line_132" time="0.002" /><testcase classname="tests.test_recipe_db_new_coverage_97.TestRecipeDBCoverage97" name="test_search_recipes_with_limit_line_145" time="0.002" /><testcase classname="tests.test_recipe_db_new_coverage_97.TestRecipeDBCoverage97" name="test_get_all_recipes_line_151" time="0.002" /><testcase classname="tests.test_recipe_db_new_coverage_97.TestRecipeDBCoverage97" name="test_pick_base_recipe_fallback_line_70_71" time="0.003" /><testcase classname="tests.test_recipe_db_new_coverage_97.TestRecipeDBCoverage97" name="test_nutrition_calculation_line_84_97" time="0.002" /><testcase classname="tests.test_recipe_db_new_coverage_97.TestRecipeDBCoverage97" name="test_get_recipe_by_id_valid_index_line_118_119" time="0.002" /><testcase classname="tests.test_recipe_db_new_coverage_97.TestRecipeDBCoverage97" name="test_search_recipes_query_filter_line_135" time="0.002" /><testcase classname="tests.test_recipe_db_new_coverage_97.TestRecipeDBCoverage97" name="test_search_recipes_tag_filter_line_139" time="0.002" /><testcase classname="tests.test_recipe_db_new_coverage_97.TestRecipeDBCoverage97" name="test_search_recipes_no_matches_line_136" time="0.002" /><testcase classname="tests.test_recipe_db_new_coverage_97.TestRecipeDBCoverage97" name="test_pick_base_recipe_no_candidates_line_71" time="0.002" /><testcase classname="tests.test_recipe_db_new_coverage_97.TestRecipeDBCoverage97" name="test_get_recipe_by_id_out_of_bounds_line_120" time="0.002" /><testcase classname="tests.test_recipe_preview" name="test_recipe_preview_basic" time="0.006" /><testcase classname="tests.test_recipe_synth_advanced.TestRecipeSynthesizerUtilities" name="test_calculate_ingredient_match_score_perfect_match" time="0.001" /><testcase classname="tests.test_recipe_synth_advanced.TestRecipeSynthesizerUtilities" name="test_calculate_ingredient_match_score_partial_match" time="0.001" /><testcase classname="tests.test_recipe_synth_advanced.TestRecipeSynthesizerUtilities" name="test_calculate_ingredient_match_score_no_match" time="0.001" /><testcase classname="tests.test_recipe_synth_advanced.TestRecipeSynthesizerUtilities" name="test_calculate_ingredient_match_score_case_sensitivity" time="0.001" /><testcase classname="tests.test_recipe_synth_advanced.TestRecipeSynthesizerUtilities" name="test_calculate_ingredient_match_score_substring_match" time="0.001" /><testcase classname="tests.test_recipe_synth_advanced.TestRecipeSynthesizerUtilities" name="test_calculate_nutrition_with_meat" time="0.001" /><testcase classname="tests.test_recipe_synth_advanced.TestRecipeSynthesizerUtilities" name="test_calculate_nutrition_with_pasta" time="0.001" /><testcase classname="tests.test_recipe_synth_advanced.TestRecipeSynthesizerUtilities" name="test_calculate_nutrition_with_oil" time="0.001" /><testcase classname="tests.test_recipe_synth_advanced.TestRecipeSynthesizerUtilities" name="test_calculate_nutrition_mixed_ingredients" time="0.001" /><testcase classname="tests.test_recipe_synth_advanced.TestRecipeSynthesizerUtilities" name="test_calculate_nutrition_with_non_numeric_amount" time="0.001" /><testcase classname="tests.test_recipe_synth_advanced.TestRecipeSynthesizerUtilities" name="test_generate_tags_vegetarian" time="0.001" /><testcase classname="tests.test_recipe_synth_advanced.TestRecipeSynthesizerUtilities" name="test_generate_tags_protein_rich" time="0.001" /><testcase classname="tests.test_recipe_synth_advanced.TestRecipeSynthesizerUtilities" name="test_generate_tags_removes_duplicates" time="0.001" /><testcase classname="tests.test_recipe_synth_advanced.TestRecipeSynthesizerUtilities" name="test_generate_recipe_title_with_main_ingredient" time="0.001" /><testcase classname="tests.test_recipe_synth_advanced.TestRecipeSynthesizerUtilities" name="test_generate_recipe_title_with_different_proteins" time="0.001" /><testcase classname="tests.test_recipe_synth_advanced.TestRecipeSynthesizerUtilities" name="test_generate_recipe_title_without_main_ingredient" time="0.001" /><testcase classname="tests.test_recipe_synth_advanced.TestRecipeSynthesizerSelection" name="test_select_best_template_cuisine_match" time="0.001" /><testcase classname="tests.test_recipe_synth_advanced.TestRecipeSynthesizerSelection" name="test_select_best_template_ingredient_match" time="0.001" /><testcase classname="tests.test_recipe_synth_advanced.TestRecipeSynthesizerSelection" name="test_select_best_template_fallback_to_any" time="0.001" /><testcase classname="tests.test_recipe_synth_advanced.TestRecipeSynthesizerSelection" name="test_select_best_template_international_cuisine" time="0.001" /><testcase classname="tests.test_recipe_synth_basics.TestRecipeStepDataClass" name="test_recipe_step_creation_minimal" time="0.001" /><testcase classname="tests.test_recipe_synth_basics.TestRecipeStepDataClass" name="test_recipe_step_creation_full" time="0.001" /><testcase classname="tests.test_recipe_synth_basics.TestRecipeStepDataClass" name="test_recipe_step_to_dict" time="0.001" /><testcase classname="tests.test_recipe_synth_basics.TestRecipeDataClass" name="test_recipe_creation" time="0.001" /><testcase classname="tests.test_recipe_synth_basics.TestRecipeDataClass" name="test_recipe_ingredients_structure" time="0.001" /><testcase classname="tests.test_recipe_synth_basics.TestRecipeDataClass" name="test_recipe_steps_structure" time="0.001" /><testcase classname="tests.test_recipe_synth_basics.TestRecipeDataClass" name="test_recipe_nutrition_structure" time="0.001" /><testcase classname="tests.test_recipe_synth_basics.TestRecipeTemplateDataClass" name="test_recipe_template_creation" time="0.001" /><testcase classname="tests.test_recipe_synth_basics.TestRecipeTemplateDataClass" name="test_recipe_template_to_dict" time="0.001" /><testcase classname="tests.test_recipe_synth_basics.TestRecipeSynthesizerBasics" name="test_synthesizer_initialization_no_dir" time="0.002" /><testcase classname="tests.test_recipe_synth_basics.TestRecipeSynthesizerBasics" name="test_synthesizer_initialization_with_existing_dir" time="0.001" /><testcase classname="tests.test_recipe_synth_basics.TestRecipeSynthesizerBasics" name="test_synthesizer_load_templates_with_invalid_json" time="0.001" /><testcase classname="tests.test_recipe_synth_basics.TestRecipeSynthesizerBasics" name="test_synthesizer_load_templates_with_missing_fields" time="0.001" /><testcase classname="tests.test_recipe_synth_basics.TestRecipeSynthesizerBasics" name="test_create_default_templates" time="0.001" /><testcase classname="tests.test_recipe_synth_basics.TestRecipeSynthesizerBasics" name="test_default_stir_fry_template" time="0.001" /><testcase classname="tests.test_recipe_synth_basics.TestRecipeSynthesizerBasics" name="test_default_pasta_template" time="0.001" /><testcase classname="tests.test_recipe_synth_basics.TestRecipeSynthesizerBasics" name="test_default_salad_template" time="0.001" /><testcase classname="tests.test_recipe_synth_basics.TestRecipeSynthesizerEdgeCases" name="test_synthesizer_with_empty_templates_dir" time="0.001" /><testcase classname="tests.test_recipe_synth_basics.TestRecipeSynthesizerEdgeCases" name="test_synthesizer_with_non_json_files" time="0.001" /><testcase classname="tests.test_recipe_synth_basics.TestRecipeSynthesizerEdgeCases" name="test_synthesizer_default_templates_structure" time="0.001" /><testcase classname="tests.test_recipe_synth_coverage_97.TestRecipeSynthCoverage97" name="test_recipe_step_creation_coverage_line_348" time="0.002" /><testcase classname="tests.test_recipe_synth_coverage_97.TestRecipeSynthCoverage97" name="test_recipe_synthesizer_instruction_processing_coverage_line_348" time="0.001" /><testcase classname="tests.test_recipe_synth_coverage_97.TestRecipeSynthCoverage97" name="test_recipe_synthesizer_instruction_processing_coverage_line_466" time="0.001" /><testcase classname="tests.test_recipe_synth_coverage_97.TestRecipeSynthCoverage97" name="test_recipe_synthesizer_instruction_processing_coverage_line_519" time="0.001" /><testcase classname="tests.test_recipe_synth_coverage_97.TestRecipeSynthCoverage97" name="test_recipe_synthesizer_instruction_processing_coverage_line_518" time="0.001" /><testcase classname="tests.test_recipe_synth_coverage_97.TestRecipeSynthCoverage97" name="test_recipe_synthesizer_instruction_processing_coverage_line_347" time="0.001" /><testcase classname="tests.test_recipes_api" name="test_list_recipes_smoke" time="0.006" /><testcase classname="tests.test_recipes_api" name="test_get_recipe_404" time="0.004" /><testcase classname="tests.test_recipes_router_coverage_97.TestRecipesRouterCoverage97" name="test_list_recipes_limit_validation_line_17" time="0.008" /><testcase classname="tests.test_recipes_router_coverage_97.TestRecipesRouterCoverage97" name="test_get_recipe_not_found_line_44" time="0.005" /><testcase classname="tests.test_recipes_router_coverage_97.TestRecipesRouterCoverage97" name="test_get_recipe_success_line_44" time="0.004" /><testcase classname="tests.test_recipes_router_coverage_97.TestRecipesRouterCoverage97" name="test_recipe_preview_servings_validation_line_65" time="0.005" /><testcase classname="tests.test_recommendations_coverage.TestDeficiencyRecommendations" name="test_recommendations_with_deficiencies" time="0.001" /><testcase classname="tests.test_recommendations_coverage.TestDeficiencyRecommendations" name="test_recommendations_with_vegetarian_diet" time="0.001" /><testcase classname="tests.test_recommendations_coverage.TestDeficiencyRecommendations" name="test_recommendations_russian_language" time="0.001" /><testcase classname="tests.test_recommendations_coverage.TestDeficiencyRecommendations" name="test_no_deficiencies" time="0.001" /><testcase classname="tests.test_recommendations_coverage.TestDeficiencyRecommendations" name="test_non_priority_nutrient_deficiency" time="0.001" /><testcase classname="tests.test_recommendations_coverage.TestWeeklyCoverage" name="test_weekly_average_calculation" time="0.001" /><testcase classname="tests.test_recommendations_coverage.TestWeeklyCoverage" name="test_single_day_coverage" time="0.001" /><testcase classname="tests.test_recommendations_coverage.TestWeeklyCoverage" name="test_missing_nutrients_in_some_days" time="0.001" /><testcase classname="tests.test_recommendations_coverage.TestTargetsSafety" name="test_safe_targets" time="0.001" /><testcase classname="tests.test_recommendations_coverage.TestTargetsSafety" name="test_low_calorie_warning" time="0.001" /><testcase classname="tests.test_recommendations_coverage.TestTargetsSafety" name="test_high_calorie_warning" time="0.001" /><testcase classname="tests.test_recommendations_coverage.TestTargetsSafety" name="test_high_protein_warning" time="0.001" /><testcase classname="tests.test_recommendations_coverage.TestTargetsSafety" name="test_low_hydration_warning" time="0.001" /><testcase classname="tests.test_recommendations_coverage.TestTargetsSafety" name="test_high_hydration_warning" time="0.001" /><testcase classname="tests.test_recommendations_coverage.TestFoodSources" name="test_get_nutrient_food_sources_english" time="0.001" /><testcase classname="tests.test_recommendations_coverage.TestFoodSources" name="test_get_nutrient_food_sources_russian" time="0.001" /><testcase classname="tests.test_recommendations_coverage.TestFoodSources" name="test_adapt_for_vegetarian_iron" time="0.001" /><testcase classname="tests.test_recommendations_coverage.TestFoodSources" name="test_adapt_for_vegetarian_b12" time="0.001" /><testcase classname="tests.test_recommendations_coverage.TestFoodSources" name="test_adapt_for_vegetarian_russian" time="0.001" /><testcase classname="tests.test_recommendations_coverage.TestFoodSources" name="test_adapt_for_unknown_nutrient" time="0.001" /><testcase classname="tests.test_recommendations_coverage.TestBuildNutritionTargets" name="test_build_nutrition_targets_basic" time="0.001" /><testcase classname="tests.test_recommendations_coverage.TestBuildNutritionTargets" name="test_build_nutrition_targets_weight_loss" time="0.001" /><testcase classname="tests.test_recommendations_coverage.TestBuildNutritionTargets" name="test_build_nutrition_targets_weight_gain" time="0.001" /><testcase classname="tests.test_recommendations_coverage.TestScoreNutrientCoverage" name="test_score_nutrient_coverage_basic" time="0.001" /><testcase classname="tests.test_recommendations_coverage.TestScoreNutrientCoverage" name="test_score_nutrient_coverage_missing_nutrients" time="0.001" /><testcase classname="tests.test_recommendations_coverage.TestCalorieCalculation" name="test_calculate_target_calories_maintain" time="0.001" /><testcase classname="tests.test_recommendations_coverage.TestCalorieCalculation" name="test_calculate_target_calories_loss" time="0.001" /><testcase classname="tests.test_recommendations_coverage.TestCalorieCalculation" name="test_calculate_target_calories_gain" time="0.001" /><testcase classname="tests.test_recommendations_coverage.TestCalorieCalculation" name="test_calculate_target_calories_safety_minimum_female" time="0.001" /><testcase classname="tests.test_recommendations_coverage.TestCalorieCalculation" name="test_calculate_target_calories_safety_minimum_male" time="0.001" /><testcase classname="tests.test_recommendations_coverage.TestMacroCalculation" name="test_calculate_macro_targets_basic" time="0.001" /><testcase classname="tests.test_recommendations_coverage.TestMacroCalculation" name="test_calculate_macro_targets_weight_loss" time="0.001" /><testcase classname="tests.test_recommendations_coverage.TestMicroAndActivityCalculation" name="test_calculate_micro_targets_basic" time="0.001" /><testcase classname="tests.test_recommendations_coverage.TestMicroAndActivityCalculation" name="test_calculate_activity_targets_basic" time="0.001" /><testcase classname="tests.test_remaining_modules.TestShoplistModule" name="test_packaging_rule_class" time="0.001" /><testcase classname="tests.test_remaining_modules.TestShoplistModule" name="test_shopping_item_class" time="0.001" /><testcase classname="tests.test_remaining_modules.TestShoplistModule" name="test_shoplist_functions" time="0.001"><skipped type="pytest.skip" message="shoplist functions not available">/Users/katsiaryna_kavaleuskaya/Developer/BMI-App_2025_clean/tests/test_remaining_modules.py:89: shoplist functions not available</skipped></testcase><testcase classname="tests.test_remaining_modules.TestWeeklyPlanModule" name="test_weekly_plan_generation" time="0.001" /><testcase classname="tests.test_remaining_modules.TestWeeklyPlanModule" name="test_weekly_plan_with_diet_flags" time="0.001" /><testcase classname="tests.test_remaining_modules.TestWeeklyPlanModule" name="test_daily_plan_functions" time="0.001"><skipped type="pytest.skip" message="weekly_plan helper functions not available">/Users/katsiaryna_kavaleuskaya/Developer/BMI-App_2025_clean/tests/test_remaining_modules.py:169: weekly_plan helper functions not available</skipped></testcase><testcase classname="tests.test_remaining_modules.TestUtilsModule" name="test_utils_comprehensive" time="0.001"><skipped type="pytest.skip" message="utils module not available">/Users/katsiaryna_kavaleuskaya/Developer/BMI-App_2025_clean/tests/test_remaining_modules.py:216: utils module not available</skipped></testcase><testcase classname="tests.test_remaining_modules.TestUtilsModule" name="test_additional_utils" time="0.001"><skipped type="pytest.skip" message="additional utils not available">/Users/katsiaryna_kavaleuskaya/Developer/BMI-App_2025_clean/tests/test_remaining_modules.py:255: additional utils not available</skipped></testcase><testcase classname="tests.test_remaining_modules.TestTimeUtilsModule" name="test_time_utils_comprehensive" time="0.001"><skipped type="pytest.skip" message="time_utils module not available">/Users/katsiaryna_kavaleuskaya/Developer/BMI-App_2025_clean/tests/test_remaining_modules.py:303: time_utils module not available</skipped></testcase><testcase classname="tests.test_repair_week_plan.TestRepairWeekPlan" name="test_repair_week_plan_basic_functionality" time="0.001" /><testcase classname="tests.test_repair_week_plan.TestRepairWeekPlan" name="test_repair_week_plan_different_strategies" time="0.001" /><testcase classname="tests.test_repair_week_plan.TestRepairWeekPlan" name="test_repair_week_plan_with_none_food_db" time="0.001" /><testcase classname="tests.test_repair_week_plan.TestRepairWeekPlan" name="test_repair_week_plan_micronutrient_targets_validation" time="0.001" /><testcase classname="tests.test_repair_week_plan.TestRepairWeekPlan" name="test_repair_week_plan_calcium_vitamin_d_deficiencies" time="0.001" /><testcase classname="tests.test_repair_week_plan.TestRepairWeekPlan" name="test_repair_week_plan_priority_nutrients" time="0.001" /><testcase classname="tests.test_repair_week_plan.TestRepairWeekPlan" name="test_repair_week_plan_deficiency_threshold" time="0.001" /><testcase classname="tests.test_repair_week_plan.TestRepairWeekPlan" name="test_repair_week_plan_edge_cases" time="0.001" /><testcase classname="tests.test_repair_week_plan.TestRepairWeekPlan" name="test_repair_week_plan_integration_with_existing_functions" time="0.002" /><testcase classname="tests.test_rules_who_coverage.TestRulesWhoCoverage" name="test_get_age_category_edge_cases" time="0.001" /><testcase classname="tests.test_rules_who_coverage.TestRulesWhoCoverage" name="test_get_micronutrient_rda_fallback" time="0.001" /><testcase classname="tests.test_rules_who_coverage.TestRulesWhoCoverage" name="test_get_activity_guidelines_elderly" time="0.001" /><testcase classname="tests.test_rules_who_coverage.TestRulesWhoCoverage" name="test_calculate_hydration_target_boundaries" time="0.001" /><testcase classname="tests.test_rules_who_coverage.TestRulesWhoCoverage" name="test_validate_macro_distribution_edge_cases" time="0.001" /><testcase classname="tests.test_rules_who_coverage.TestRulesWhoCoverage" name="test_get_fiber_target_various_calories" time="0.001" /><testcase classname="tests.test_rules_who_coverage.TestRulesWhoCoverage" name="test_get_priority_nutrients_for_profile_combinations" time="0.001" /><testcase classname="tests.test_rules_who_simple" name="test_who_activity_and_micro_rda_present" time="0.001" /><testcase classname="tests.test_scheduler_additional_coverage.TestSchedulerAdditionalCoverage" name="test_signal_handler_setup_exception" time="0.050" /><testcase classname="tests.test_scheduler_additional_coverage.TestSchedulerAdditionalCoverage" name="test_update_loop_cancelled_error" time="0.086" /><testcase classname="tests.test_scheduler_additional_coverage.TestSchedulerAdditionalCoverage" name="test_update_loop_general_exception" time="0.042" /><testcase classname="tests.test_scheduler_additional_coverage.TestSchedulerAdditionalCoverage" name="test_run_update_check_exception" time="0.036" /><testcase classname="tests.test_scheduler_additional_coverage.TestSchedulerAdditionalCoverage" name="test_run_source_update_exception" time="0.023" /><testcase classname="tests.test_scheduler_additional_coverage.TestSchedulerAdditionalCoverage" name="test_handle_update_failure_max_retries" time="0.018" /><testcase classname="tests.test_scheduler_additional_coverage.TestSchedulerAdditionalCoverage" name="test_handle_update_failure_increment" time="0.017" /><testcase classname="tests.test_scheduler_additional_coverage.TestSchedulerAdditionalCoverage" name="test_on_update_complete" time="0.018" /><testcase classname="tests.test_scheduler_additional_coverage.TestSchedulerAdditionalCoverage" name="test_force_update_specific_source" time="0.029" /><testcase classname="tests.test_scheduler_additional_coverage.TestSchedulerAdditionalCoverage" name="test_force_update_all_sources" time="0.017" /><testcase classname="tests.test_scheduler_additional_coverage.TestSchedulerAdditionalCoverage" name="test_get_status" time="0.016" /><testcase classname="tests.test_scheduler_additional_coverage.TestSchedulerAdditionalCoverage" name="test_global_scheduler_functions" time="0.003"><skipped type="pytest.skip" message="Scheduler start method not available: '_Sched2' object has no attribute 'start'">/Users/katsiaryna_kavaleuskaya/Developer/BMI-App_2025_clean/tests/test_scheduler_additional_coverage.py:288: Scheduler start method not available: '_Sched2' object has no attribute 'start'</skipped></testcase><testcase classname="tests.test_scheduler_coverage.TestSchedulerCoverage" name="test_setup_signal_handlers_exception" time="0.015" /><testcase classname="tests.test_scheduler_coverage.TestSchedulerCoverage" name="test_update_loop_cancelled_error" time="0.016" /><testcase classname="tests.test_scheduler_coverage.TestSchedulerCoverage" name="test_update_loop_general_exception" time="0.018" /><testcase classname="tests.test_scheduler_coverage.TestSchedulerCoverage" name="test_run_update_check_exception" time="0.016" /><testcase classname="tests.test_scheduler_coverage.TestSchedulerCoverage" name="test_run_source_update_exception" time="0.016" /><testcase classname="tests.test_scheduler_coverage.TestSchedulerCoverage" name="test_handle_update_failure_max_retries" time="0.016" /><testcase classname="tests.test_scheduler_coverage.TestSchedulerCoverage" name="test_handle_update_failure_increment" time="0.015" /><testcase classname="tests.test_scheduler_coverage.TestSchedulerCoverage" name="test_on_update_complete" time="0.018" /><testcase classname="tests.test_scheduler_coverage.TestSchedulerCoverage" name="test_force_update_specific_source" time="0.019" /><testcase classname="tests.test_scheduler_coverage.TestSchedulerCoverage" name="test_force_update_all_sources" time="0.017" /><testcase classname="tests.test_scheduler_coverage.TestSchedulerCoverage" name="test_get_status" time="0.015" /><testcase classname="tests.test_scheduler_coverage.TestSchedulerCoverage" name="test_global_scheduler_functions" time="0.005"><skipped type="pytest.skip" message="Scheduler start method not available: '_Sched2' object has no attribute 'start'">/Users/katsiaryna_kavaleuskaya/Developer/BMI-App_2025_clean/tests/test_scheduler_coverage.py:288: Scheduler start method not available: '_Sched2' object has no attribute 'start'</skipped></testcase><testcase classname="tests.test_scheduler_final_coverage.TestSchedulerFinalCoverage" name="test_setup_signal_handlers_exception_detailed" time="0.017" /><testcase classname="tests.test_scheduler_final_coverage.TestSchedulerFinalCoverage" name="test_run_update_check_exception_detailed" time="0.018" /><testcase classname="tests.test_scheduler_final_coverage.TestSchedulerFinalCoverage" name="test_run_source_update_exception_detailed" time="0.019" /><testcase classname="tests.test_scheduler_missing_coverage.TestSchedulerMissingCoverage" name="test_setup_signal_handlers_success" time="0.016" /><testcase classname="tests.test_scheduler_missing_coverage.TestSchedulerMissingCoverage" name="test_start_already_running" time="0.017" /><testcase classname="tests.test_scheduler_missing_coverage.TestSchedulerMissingCoverage" name="test_start_success" time="0.036" /><testcase classname="tests.test_scheduler_missing_coverage.TestSchedulerMissingCoverage" name="test_stop_not_running" time="0.017" /><testcase classname="tests.test_scheduler_missing_coverage.TestSchedulerMissingCoverage" name="test_stop_with_running_task" time="0.020" /><testcase classname="tests.test_scheduler_missing_coverage.TestSchedulerMissingCoverage" name="test_update_loop_sleep_path" time="0.016" /><testcase classname="tests.test_scheduler_missing_coverage.TestSchedulerMissingCoverage" name="test_should_check_for_updates_none_last_check" time="0.014" /><testcase classname="tests.test_scheduler_missing_coverage.TestSchedulerMissingCoverage" name="test_should_check_for_updates_interval_not_passed" time="0.015" /><testcase classname="tests.test_scheduler_missing_coverage.TestSchedulerMissingCoverage" name="test_should_check_for_updates_interval_passed" time="0.016" /><testcase classname="tests.test_scheduler_missing_coverage.TestSchedulerMissingCoverage" name="test_run_update_check_no_updates_available" time="0.023" /><testcase classname="tests.test_scheduler_missing_coverage.TestSchedulerMissingCoverage" name="test_run_source_update_success" time="0.018" /><testcase classname="tests.test_scheduler_missing_coverage.TestSchedulerMissingCoverage" name="test_run_source_update_failure" time="0.017" /><testcase classname="tests.test_scheduler_missing_coverage.TestSchedulerMissingCoverage" name="test_on_update_complete_success" time="0.016" /><testcase classname="tests.test_scheduler_missing_coverage.TestSchedulerMissingCoverage" name="test_on_update_complete_failure" time="0.015" /><testcase classname="tests.test_scheduler_missing_coverage.TestSchedulerMissingCoverage" name="test_force_update_all_sources_path" time="0.017" /><testcase classname="tests.test_scheduler_missing_coverage.TestSchedulerMissingCoverage" name="test_get_status_with_none_last_update_check" time="0.014" /><testcase classname="tests.test_scheduler_missing_coverage.TestSchedulerMissingCoverage" name="test_start_background_updates_already_running" time="0.003" /><testcase classname="tests.test_scheduler_missing_coverage.TestSchedulerMissingCoverage" name="test_stop_background_updates_not_running" time="0.002" /><testcase classname="tests.test_schema_sanity" name="test_non_negative_nutrients" time="0.001" /><testcase classname="tests.test_schema_sanity" name="test_kcal_calculation_approximation" time="0.001" /><testcase classname="tests.test_schema_sanity" name="test_per_g_consistency" time="0.001" /><testcase classname="tests.test_schema_sanity" name="test_merged_schema_sanity" time="0.001" /><testcase classname="tests.test_schemas" name="test_food_item_valid" time="0.001" /><testcase classname="tests.test_schemas" name="test_food_item_with_optional_fields" time="0.001" /><testcase classname="tests.test_schemas" name="test_food_item_required_fields" time="0.001" /><testcase classname="tests.test_schemas" name="test_recipe_ingredient_valid" time="0.001" /><testcase classname="tests.test_schemas" name="test_recipe_ingredient_validation" time="0.001" /><testcase classname="tests.test_schemas" name="test_recipe_valid" time="0.001" /><testcase classname="tests.test_schemas" name="test_recipe_validation" time="0.001" /><testcase classname="tests.test_schemas" name="test_food_search_request" time="0.001" /><testcase classname="tests.test_schemas" name="test_food_search_request_validation" time="0.001" /><testcase classname="tests.test_schemas" name="test_recipe_search_request" time="0.001" /><testcase classname="tests.test_schemas" name="test_recipe_preview_request" time="0.001" /><testcase classname="tests.test_schemas" name="test_recipe_preview_request_validation" time="0.001" /><testcase classname="tests.test_schemas" name="test_recipe_preview_response" time="0.001" /><testcase classname="tests.test_schemas" name="test_recipe_preview_response_defaults" time="0.001" /><testcase classname="tests.test_schemas" name="test_model_instantiation[FoodItem-valid_data0]" time="0.001" /><testcase classname="tests.test_schemas" name="test_model_instantiation[RecipeIngredient-valid_data1]" time="0.001" /><testcase classname="tests.test_schemas" name="test_model_instantiation[FoodSearchRequest-valid_data2]" time="0.001" /><testcase classname="tests.test_schemas" name="test_model_instantiation[RecipeSearchRequest-valid_data3]" time="0.001" /><testcase classname="tests.test_schemas" name="test_nested_model_validation" time="0.001" /><testcase classname="tests.test_schemas" name="test_default_values" time="0.001" /><testcase classname="tests.test_schemas" name="test_field_types" time="0.001" /><testcase classname="tests.test_schemas" name="test_model_serialization" time="0.001" /><testcase classname="tests.test_secure_config.TestSecureConfig" name="test_decrypt_plain_text_value" time="0.001" /><testcase classname="tests.test_secure_config.TestSecureConfig" name="test_decrypt_empty_value" time="0.001" /><testcase classname="tests.test_secure_config.TestSecureConfig" name="test_decrypt_none_value" time="0.001" /><testcase classname="tests.test_secure_config.TestSecureConfig" name="test_decrypt_without_cryptography" time="0.001" /><testcase classname="tests.test_secure_config.TestSecureConfig" name="test_encrypt_decrypt_roundtrip" time="0.002" /><testcase classname="tests.test_secure_config.TestSecureConfig" name="test_get_encryption_key_missing" time="0.001" /><testcase classname="tests.test_secure_config.TestSecureConfig" name="test_get_encryption_key_reuses_existing" time="0.001" /><testcase classname="tests.test_secure_config.TestSecureConfig" name="test_get_api_key_from_env_plain" time="0.001" /><testcase classname="tests.test_secure_config.TestSecureConfig" name="test_get_api_key_from_env_not_set" time="0.001" /><testcase classname="tests.test_secure_config.TestSecureConfig" name="test_get_api_key_from_env_encrypted" time="0.002" /><testcase classname="tests.test_secure_config.TestSecureConfig" name="test_decrypt_with_missing_key_file" time="0.002" /><testcase classname="tests.test_secure_config.TestSecureConfig" name="test_decrypt_with_invalid_encrypted_data" time="0.001" /><testcase classname="tests.test_secure_config.TestSecureConfig" name="test_get_or_create_encryption_key_creates_new" time="0.001" /><testcase classname="tests.test_secure_config.TestSecureConfig" name="test_get_or_create_encryption_key_reuses_existing" time="0.001" /><testcase classname="tests.test_secure_config.TestSecureConfig" name="test_get_or_create_encryption_key_existing_read_error" time="0.003" /><testcase classname="tests.test_secure_config.TestSecureConfig" name="test_get_encryption_key_returns_none_for_empty_file" time="0.001" /><testcase classname="tests.test_secure_config.TestSecureConfig" name="test_get_or_create_encryption_key_replace_failure_cleans_temp" time="0.003" /><testcase classname="tests.test_secure_config.TestSecureConfig" name="test_encrypt_value" time="0.002" /><testcase classname="tests.test_secure_config.TestSecureConfig" name="test_encrypt_value_without_cryptography" time="0.002" /><testcase classname="tests.test_secure_config.TestSecureConfig" name="test_encrypt_decrypt_roundtrip_with_moved_functions" time="0.003" /><testcase classname="tests.test_secure_config.TestSecureConfig" name="test_get_encryption_key_read_error" time="0.003" /><testcase classname="tests.test_secure_config.TestSecureConfig" name="test_get_encryption_key_permission_error" time="0.011" /><testcase classname="tests.test_secure_config.TestSecureConfig" name="test_get_encryption_key_directory_error" time="0.002" /><testcase classname="tests.test_secure_config.TestSecureConfig" name="test_decrypt_value_exception_branch_returns_encrypted" time="0.002" /><testcase classname="tests.test_secure_config.TestSecureConfig" name="test_get_or_create_encryption_key_without_crypto" time="0.002" /><testcase classname="tests.test_secure_config.TestSecureConfig" name="test_get_or_create_encryption_key_mkdir_failure" time="0.002" /><testcase classname="tests.test_secure_config.TestSecureConfig" name="test_get_or_create_encryption_key_replace_failure" time="0.002" /><testcase classname="tests.test_secure_config.TestSecureConfig" name="test_get_or_create_encryption_key_replace_failure_best_effort_cleanup" time="0.002" /><testcase classname="tests.test_secure_config.TestSecureConfig" name="test_get_or_create_encryption_key_chmod_warning" time="0.002" /><testcase classname="tests.test_secure_config.TestSecureConfig" name="test_get_or_create_encryption_key_windows_permission_warning" time="0.002" /><testcase classname="tests.test_secure_config.TestSecureConfig" name="test_get_or_create_encryption_key_replace_failure_no_temp_cleanup" time="0.002" /><testcase classname="tests.test_secure_config.TestSecureConfig" name="test_encrypt_value_logs_and_raises_on_failure" time="0.002" /><testcase classname="tests.test_secure_config.TestSecureConfig" name="test_decrypt_value_success" time="0.001" /><testcase classname="tests.test_setup_custom_mcp_coverage.TestSetupCustomMcpCoverage" name="test_setup_custom_mcp_function" time="0.004" /><testcase classname="tests.test_setup_custom_mcp_coverage.TestSetupCustomMcpCoverage" name="test_setup_custom_mcp_with_real_paths" time="0.003" /><testcase classname="tests.test_setup_custom_mcp_coverage.TestSetupCustomMcpCoverage" name="test_mcp_configuration_structure" time="0.003" /><testcase classname="tests.test_setup_custom_mcp_coverage.TestSetupCustomMcpCoverage" name="test_cursor_settings_structure" time="0.004" /><testcase classname="tests.test_setup_custom_mcp_coverage.TestSetupCustomMcpCoverage" name="test_main_execution" time="0.003" /><testcase classname="tests.test_setup_custom_mcp_coverage.TestSetupCustomMcpCoverage" name="test_file_creation_sequence" time="0.003" /><testcase classname="tests.test_setup_custom_mcp_coverage.TestSetupCustomMcpCoverage" name="test_error_handling" time="0.002" /><testcase classname="tests.test_setup_custom_mcp_coverage.TestSetupCustomMcpCoverage" name="test_path_operations" time="0.003" /><testcase classname="tests.test_setup_custom_mcp_coverage.TestSetupCustomMcpCoverage" name="test_json_serialization" time="0.003" /><testcase classname="tests.test_shoplist_additional.TestShoplistAdditional" name="test_aggregate_ingredients_with_days_structure" time="0.002" /><testcase classname="tests.test_shoplist_additional.TestShoplistAdditional" name="test_aggregate_ingredients_with_direct_ingredients" time="0.001" /><testcase classname="tests.test_shoplist_additional.TestShoplistAdditional" name="test_convert_to_grams_various_units" time="0.002" /><testcase classname="tests.test_shoplist_additional.TestShoplistAdditional" name="test_convert_to_grams_case_insensitive" time="0.001" /><testcase classname="tests.test_shoplist_additional.TestShoplistAdditional" name="test_round_to_packages_with_unit_conversion_kg" time="0.001" /><testcase classname="tests.test_shoplist_additional.TestShoplistAdditional" name="test_round_to_packages_with_unit_conversion_l" time="0.001" /><testcase classname="tests.test_shoplist_additional.TestShoplistAdditional" name="test_format_export_csv_format" time="0.001" /><testcase classname="tests.test_shoplist_additional.TestShoplistAdditional" name="test_format_export_unsupported_format" time="0.002" /><testcase classname="tests.test_shoplist_additional.TestShoplistAdditional" name="test_format_export_text_locale_ru_item_formatting" time="0.001" /><testcase classname="tests.test_shoplist_additional.TestShoplistAdditional" name="test_format_export_text_locale_en_item_formatting" time="0.001" /><testcase classname="tests.test_shoplist_additional.TestShoplistAdditional" name="test_format_export_text_locale_es_item_formatting" time="0.001" /><testcase classname="tests.test_shoplist_additional.TestShoplistAdditional" name="test_format_export_text_locale_default_item_formatting" time="0.001" /><testcase classname="tests.test_shoplist_additional.TestShoplistAdditional" name="test_aggregate_ingredients_empty_week_plan" time="0.001" /><testcase classname="tests.test_shoplist_additional.TestShoplistAdditional" name="test_aggregate_ingredients_missing_ingredients_key" time="0.001" /><testcase classname="tests.test_shoplist_additional.TestShoplistAdditional" name="test_aggregate_ingredients_missing_meals_key" time="0.001" /><testcase classname="tests.test_shoplist_additional.TestShoplistAdditional" name="test_aggregate_ingredients_missing_days_key" time="0.001" /><testcase classname="tests.test_shoplist_additional.TestShoplistAdditional" name="test_aggregate_ingredients_ingredient_missing_name" time="0.001" /><testcase classname="tests.test_shoplist_additional.TestShoplistAdditional" name="test_aggregate_ingredients_ingredient_missing_amount" time="0.001" /><testcase classname="tests.test_shoplist_additional.TestShoplistAdditional" name="test_aggregate_ingredients_ingredient_missing_unit" time="0.001" /><testcase classname="tests.test_shoplist_advanced.TestShoplistGeneratorRounding" name="test_round_to_packages_basic" time="0.001" /><testcase classname="tests.test_shoplist_advanced.TestShoplistGeneratorRounding" name="test_round_to_packages_large_amounts" time="0.001" /><testcase classname="tests.test_shoplist_advanced.TestShoplistGeneratorRounding" name="test_round_to_packages_with_custom_rules" time="0.001" /><testcase classname="tests.test_shoplist_advanced.TestShoplistGeneratorRounding" name="test_round_to_packages_invalid_rule_fallback" time="0.001" /><testcase classname="tests.test_shoplist_advanced.TestShoplistGeneratorExport" name="test_format_export_json" time="0.001" /><testcase classname="tests.test_shoplist_advanced.TestShoplistGeneratorExport" name="test_format_export_csv" time="0.001" /><testcase classname="tests.test_shoplist_advanced.TestShoplistGeneratorExport" name="test_format_export_text_russian" time="0.001" /><testcase classname="tests.test_shoplist_advanced.TestShoplistGeneratorExport" name="test_format_export_text_english" time="0.001" /><testcase classname="tests.test_shoplist_advanced.TestShoplistGeneratorExport" name="test_format_export_text_spanish" time="0.001" /><testcase classname="tests.test_shoplist_advanced.TestShoplistGeneratorExport" name="test_format_export_text_unknown_locale" time="0.001" /><testcase classname="tests.test_shoplist_advanced.TestShoplistGeneratorExport" name="test_format_export_invalid_format" time="0.001" /><testcase classname="tests.test_shoplist_advanced.TestShoplistGeneratorExport" name="test_format_export_empty_list" time="0.001" /><testcase classname="tests.test_shoplist_advanced.TestUtilityFunctions" name="test_aggregate_ingredients_function" time="0.001" /><testcase classname="tests.test_shoplist_advanced.TestUtilityFunctions" name="test_round_to_packages_function" time="0.001" /><testcase classname="tests.test_shoplist_advanced.TestUtilityFunctions" name="test_format_export_function" time="0.001" /><testcase classname="tests.test_shoplist_advanced.TestShoplistGeneratorEdgeCases" name="test_aggregate_ingredients_malformed_plan" time="0.001" /><testcase classname="tests.test_shoplist_advanced.TestShoplistGeneratorEdgeCases" name="test_aggregate_ingredients_no_structure" time="0.001" /><testcase classname="tests.test_shoplist_advanced.TestShoplistGeneratorEdgeCases" name="test_categorize_ingredient_empty_name" time="0.001" /><testcase classname="tests.test_shoplist_advanced.TestShoplistGeneratorEdgeCases" name="test_categorize_ingredient_none_name" time="0.001" /><testcase classname="tests.test_shoplist_advanced.TestShoplistGeneratorEdgeCases" name="test_convert_to_grams_negative_amount" time="0.001" /><testcase classname="tests.test_shoplist_advanced.TestShoplistGeneratorEdgeCases" name="test_convert_to_grams_zero_amount" time="0.001" /><testcase classname="tests.test_shoplist_advanced.TestShoplistGeneratorEdgeCases" name="test_find_best_package_zero_amount" time="0.001" /><testcase classname="tests.test_shoplist_advanced.TestShoplistGeneratorEdgeCases" name="test_find_best_package_negative_amount" time="0.001" /><testcase classname="tests.test_shoplist_basics.TestPackagingRuleDataClass" name="test_packaging_rule_creation" time="0.001" /><testcase classname="tests.test_shoplist_basics.TestPackagingRuleDataClass" name="test_packaging_rule_defaults" time="0.001" /><testcase classname="tests.test_shoplist_basics.TestShoppingItemDataClass" name="test_shopping_item_minimal" time="0.001" /><testcase classname="tests.test_shoplist_basics.TestShoppingItemDataClass" name="test_shopping_item_full" time="0.001" /><testcase classname="tests.test_shoplist_basics.TestShoplistGeneratorBasics" name="test_generator_initialization_no_file" time="0.001" /><testcase classname="tests.test_shoplist_basics.TestShoplistGeneratorBasics" name="test_generator_initialization_with_file" time="0.001" /><testcase classname="tests.test_shoplist_basics.TestShoplistGeneratorBasics" name="test_generator_default_rules" time="0.001" /><testcase classname="tests.test_shoplist_basics.TestShoplistGeneratorConversions" name="test_convert_to_grams_basic_units" time="0.001" /><testcase classname="tests.test_shoplist_basics.TestShoplistGeneratorConversions" name="test_convert_to_grams_special_units" time="0.001" /><testcase classname="tests.test_shoplist_basics.TestShoplistGeneratorConversions" name="test_convert_to_grams_case_insensitive" time="0.001" /><testcase classname="tests.test_shoplist_basics.TestShoplistGeneratorConversions" name="test_convert_to_grams_unknown_unit" time="0.001" /><testcase classname="tests.test_shoplist_basics.TestShoplistGeneratorAggregation" name="test_aggregate_ingredients_simple_plan" time="0.001" /><testcase classname="tests.test_shoplist_basics.TestShoplistGeneratorAggregation" name="test_aggregate_ingredients_multiple_days" time="0.001" /><testcase classname="tests.test_shoplist_basics.TestShoplistGeneratorAggregation" name="test_aggregate_ingredients_direct_format" time="0.001" /><testcase classname="tests.test_shoplist_basics.TestShoplistGeneratorAggregation" name="test_aggregate_ingredients_unit_conversion" time="0.001" /><testcase classname="tests.test_shoplist_basics.TestShoplistGeneratorAggregation" name="test_aggregate_ingredients_empty_plan" time="0.001" /><testcase classname="tests.test_shoplist_basics.TestShoplistGeneratorCategorization" name="test_categorize_meat_ingredients" time="0.001" /><testcase classname="tests.test_shoplist_basics.TestShoplistGeneratorCategorization" name="test_categorize_fish_ingredients" time="0.001" /><testcase classname="tests.test_shoplist_basics.TestShoplistGeneratorCategorization" name="test_categorize_dairy_ingredients" time="0.001" /><testcase classname="tests.test_shoplist_basics.TestShoplistGeneratorCategorization" name="test_categorize_vegetable_ingredients" time="0.001" /><testcase classname="tests.test_shoplist_basics.TestShoplistGeneratorCategorization" name="test_categorize_fruit_ingredients" time="0.001" /><testcase classname="tests.test_shoplist_basics.TestShoplistGeneratorCategorization" name="test_categorize_grain_ingredients" time="0.001" /><testcase classname="tests.test_shoplist_basics.TestShoplistGeneratorCategorization" name="test_categorize_nuts_ingredients" time="0.001" /><testcase classname="tests.test_shoplist_basics.TestShoplistGeneratorCategorization" name="test_categorize_oils_ingredients" time="0.001" /><testcase classname="tests.test_shoplist_basics.TestShoplistGeneratorCategorization" name="test_categorize_spices_ingredients" time="0.001" /><testcase classname="tests.test_shoplist_basics.TestShoplistGeneratorCategorization" name="test_categorize_unknown_ingredients" time="0.001" /><testcase classname="tests.test_shoplist_basics.TestShoplistGeneratorPackaging" name="test_find_best_package_up_strategy" time="0.001" /><testcase classname="tests.test_shoplist_basics.TestShoplistGeneratorPackaging" name="test_find_best_package_down_strategy" time="0.001" /><testcase classname="tests.test_shoplist_basics.TestShoplistGeneratorPackaging" name="test_find_best_package_nearest_strategy" time="0.001" /><testcase classname="tests.test_shoplist_basics.TestShoplistGeneratorPackaging" name="test_find_best_package_empty_packages" time="0.001" /><testcase classname="tests.test_shoplist_basics.TestShoplistGeneratorPackaging" name="test_find_best_package_fallback" time="0.001" /><testcase classname="tests.test_shoplist_coverage_97.TestShoplistCoverage97" name="test_packaging_rule_creation_coverage_line_78" time="0.001" /><testcase classname="tests.test_shoplist_coverage_97.TestShoplistCoverage97" name="test_packaging_rule_field_types" time="0.001" /><testcase classname="tests.test_shoplist_coverage_97.TestShoplistCoverage97" name="test_packaging_rule_invalid_parameters" time="0.001" /><testcase classname="tests.test_shoplist_coverage_97.TestShoplistCoverage97" name="test_packaging_rule_default_rules_coverage_line_80" time="0.001" /><testcase classname="tests.test_shoplist_coverage_97.TestShoplistCoverage97" name="test_shoplist_generator_initialization_coverage_line_310" time="0.001" /><testcase classname="tests.test_shoplist_coverage_97.TestShoplistCoverage97" name="test_shoplist_generator_default_initialization" time="0.001" /><testcase classname="tests.test_shoplist_coverage_97.TestShoplistCoverage97" name="test_shoplist_generator_csv_parsing_error_handling" time="0.001" /><testcase classname="tests.test_shoplist_coverage_97.TestShoplistCoverage97" name="test_shoplist_generator_error_handling_fallback[side_effect0-FileNotFoundError]" time="0.001" /><testcase classname="tests.test_shoplist_coverage_97.TestShoplistCoverage97" name="test_shoplist_generator_error_handling_fallback[side_effect1-Generic file read error]" time="0.002" /><testcase classname="tests.test_shoplist_coverage_97.TestShoplistCoverage97" name="test_shoplist_generator_error_handling_fallback[side_effect2-PermissionError]" time="0.001" /><testcase classname="tests.test_shoplist_export" name="test_shoplist_json_structure" time="0.005" /><testcase classname="tests.test_shoplist_export" name="test_export_csv_headers_and_rows" time="0.006" /><testcase classname="tests.test_shoplist_export" name="test_export_pdf_headers" time="0.007" /><testcase classname="tests.test_shoplist_export" name="test_export_pdf_auth_errors" time="0.009" /><testcase classname="tests.test_shoplist_export" name="test_flatten_shop_items_skip_invalid" time="0.001" /><testcase classname="tests.test_shoplist_export" name="test_register_font_returns_custom" time="0.001" /><testcase classname="tests.test_shoplist_export" name="test_render_pdf_uses_groups_when_items_missing" time="0.008" /><testcase classname="tests.test_shoplist_final.TestShoplistFinal" name="test_categorize_ingredient_meat_category" time="0.001" /><testcase classname="tests.test_shoplist_final.TestShoplistFinal" name="test_categorize_ingredient_fish_category" time="0.001" /><testcase classname="tests.test_shoplist_final.TestShoplistFinal" name="test_categorize_ingredient_dairy_category" time="0.001" /><testcase classname="tests.test_shoplist_final.TestShoplistFinal" name="test_categorize_ingredient_vegetables_category" time="0.001" /><testcase classname="tests.test_shoplist_final.TestShoplistFinal" name="test_categorize_ingredient_fruits_category" time="0.001" /><testcase classname="tests.test_shoplist_final.TestShoplistFinal" name="test_categorize_ingredient_grains_category" time="0.001" /><testcase classname="tests.test_shoplist_final.TestShoplistFinal" name="test_categorize_ingredient_nuts_category" time="0.001" /><testcase classname="tests.test_shoplist_final.TestShoplistFinal" name="test_categorize_ingredient_oils_category" time="0.001" /><testcase classname="tests.test_shoplist_final.TestShoplistFinal" name="test_categorize_ingredient_spices_category" time="0.001" /><testcase classname="tests.test_shoplist_final.TestShoplistFinal" name="test_categorize_ingredient_default_category" time="0.001" /><testcase classname="tests.test_shoplist_final.TestShoplistFinal" name="test_find_best_package_strategy_zero_packages_needed" time="0.001" /><testcase classname="tests.test_shoplist_final.TestShoplistFinal" name="test_find_best_package_strategy_fallback" time="0.005" /><testcase classname="tests.test_shoplist_final.TestShoplistFinal" name="test_module_level_functions_aggregate_ingredients" time="0.009" /><testcase classname="tests.test_shoplist_final.TestShoplistFinal" name="test_module_level_functions_round_to_packages" time="0.013" /><testcase classname="tests.test_shoplist_final.TestShoplistFinal" name="test_module_level_functions_format_export" time="0.007" /><testcase classname="tests.test_signed_links" name="test_hmac_sign_verify_ok" time="0.014" /><testcase classname="tests.test_signed_links" name="test_hmac_verify_expired" time="0.003" /><testcase classname="tests.test_signed_links" name="test_hmac_verify_wrong_signature" time="0.004" /><testcase classname="tests.test_signed_links" name="test_hmac_verify_type_error_handled" time="0.003" /><testcase classname="tests.test_simple_coverage.TestAPIKeyCoverageFinal" name="test_api_key_validation_endpoint_access" time="0.037" /><testcase classname="tests.test_simple_coverage.TestBasicEndpoints" name="test_root_endpoint" time="0.012" /><testcase classname="tests.test_simple_coverage.TestBasicEndpoints" name="test_health_endpoint" time="0.008" /><testcase classname="tests.test_simple_coverage.TestBasicEndpoints" name="test_metrics_endpoint" time="0.007" /><testcase classname="tests.test_simple_coverage.TestBMIEndpoints" name="test_bmi_basic" time="0.006" /><testcase classname="tests.test_simple_coverage.TestBMIEndpoints" name="test_bmi_api_v1" time="0.008" /><testcase classname="tests.test_simple_coverage.TestPremiumEndpoints" name="test_premium_endpoints_without_auth" time="0.024" /><testcase classname="tests.test_simple_coverage.TestPremiumEndpoints" name="test_premium_endpoints_with_auth" time="0.015" /><testcase classname="tests.test_simple_coverage.TestFeatureFlags" name="test_insight_endpoint" time="0.007" /><testcase classname="tests.test_simple_coverage.TestErrorHandling" name="test_invalid_endpoints" time="0.005" /><testcase classname="tests.test_simple_coverage.TestErrorHandling" name="test_invalid_methods" time="0.005" /><testcase classname="tests.test_simple_coverage.TestLanguageSupport" name="test_different_languages" time="0.019" /><testcase classname="tests.test_simple_coverage.TestImportFallbacks" name="test_vip_module_availability" time="0.002" /><testcase classname="tests.test_simple_coverage.TestImportFallbacks" name="test_optional_dependencies" time="0.008" /><testcase classname="tests.test_simple_coverage.TestVisualizationPaths" name="test_bmi_with_visualization_request" time="0.013" /><testcase classname="tests.test_simple_coverage.TestDietFlags" name="test_various_diet_flags" time="0.018" /><testcase classname="tests.test_simple_coverage_boost.TestSimpleCoverageBoost" name="test_health_endpoint" time="0.008" /><testcase classname="tests.test_simple_coverage_boost.TestSimpleCoverageBoost" name="test_root_endpoint" time="0.008" /><testcase classname="tests.test_simple_coverage_boost.TestSimpleCoverageBoost" name="test_docs_endpoint" time="0.004" /><testcase classname="tests.test_simple_coverage_boost.TestSimpleCoverageBoost" name="test_openapi_endpoint" time="0.189" /><testcase classname="tests.test_simple_coverage_boost.TestSimpleCoverageBoost" name="test_foods_search_endpoint" time="0.007" /><testcase classname="tests.test_simple_coverage_boost.TestSimpleCoverageBoost" name="test_recipes_endpoint" time="0.006" /><testcase classname="tests.test_simple_coverage_boost.TestSimpleCoverageBoost" name="test_users_endpoint" time="0.011" /><testcase classname="tests.test_simple_coverage_boost.TestSimpleCoverageBoost" name="test_error_handling" time="0.013" /><testcase classname="tests.test_simple_coverage_boost.TestSimpleCoverageBoost" name="test_lifespan_events" time="0.007" /><testcase classname="tests.test_simple_coverage_boost.TestSimpleCoverageBoost" name="test_exception_handlers" time="0.006" /><testcase classname="tests.test_simple_coverage_fixed.TestSimpleCoverageBoost" name="test_targets_module_coverage" time="0.001" /><testcase classname="tests.test_simple_coverage_fixed.TestSimpleCoverageBoost" name="test_i18n_module_coverage" time="0.001" /><testcase classname="tests.test_simple_coverage_fixed.TestSimpleCoverageBoost" name="test_rag_simple_module_coverage" time="0.001" /><testcase classname="tests.test_simple_coverage_fixed.TestSimpleCoverageBoost" name="test_food_sources_coverage" time="0.003" /><testcase classname="tests.test_simple_coverage_fixed.TestSimpleCoverageBoost" name="test_other_core_modules" time="0.002" /><testcase classname="tests.test_simple_coverage_fixed.TestSimpleCoverageBoost" name="test_unified_db_module_coverage" time="0.001" /><testcase classname="tests.test_simple_coverage_fixed.TestSimpleCoverageBoost" name="test_update_manager_module_coverage" time="0.025" /><testcase classname="tests.test_simple_imports_coverage" name="test_import_module_smoke[core.exports_simple]" time="0.003" /><testcase classname="tests.test_simple_imports_coverage" name="test_import_module_smoke[core.food_apis.unified_db]" time="0.001" /><testcase classname="tests.test_simple_imports_coverage" name="test_import_module_smoke[core.food_apis.update_manager]" time="0.001" /><testcase classname="tests.test_simple_imports_coverage" name="test_import_module_smoke[core.food_db]" time="0.001" /><testcase classname="tests.test_simple_imports_coverage" name="test_import_module_smoke[core.food_merge]" time="0.002" /><testcase classname="tests.test_simple_imports_coverage" name="test_import_module_smoke[core.menu_engine]" time="0.002" /><testcase classname="tests.test_simple_imports_coverage" name="test_import_module_smoke[core.menu_engine_new]" time="0.001" /><testcase classname="tests.test_simple_imports_coverage" name="test_import_module_smoke[core.plate]" time="0.002" /><testcase classname="tests.test_simple_imports_coverage" name="test_import_module_smoke[core.product_finder]" time="0.002" /><testcase classname="tests.test_simple_imports_coverage" name="test_import_module_smoke[core.product_varieties]" time="0.002" /><testcase classname="tests.test_simple_imports_coverage" name="test_import_module_smoke[core.rag.simple_rag]" time="0.002" /><testcase classname="tests.test_simple_imports_coverage" name="test_import_module_smoke[core.recipe_db]" time="0.003" /><testcase classname="tests.test_simple_imports_coverage" name="test_import_module_smoke[core.recipe_db_new]" time="0.001" /><testcase classname="tests.test_simple_imports_coverage" name="test_import_module_smoke[core.recipe_synth]" time="0.001" /><testcase classname="tests.test_simple_imports_coverage" name="test_import_module_smoke[core.recommendations]" time="0.002" /><testcase classname="tests.test_simple_imports_coverage" name="test_import_module_smoke[core.region_catalog]" time="0.002" /><testcase classname="tests.test_simple_imports_coverage" name="test_import_module_smoke[core.rules_who]" time="0.001" /><testcase classname="tests.test_simple_imports_coverage" name="test_import_module_smoke[core.targets]" time="0.002" /><testcase classname="tests.test_simple_imports_coverage" name="test_import_module_smoke[core.time_utils]" time="0.002" /><testcase classname="tests.test_simple_imports_coverage" name="test_package_structure_smoke" time="0.001" /><testcase classname="tests.test_spanish_end_to_end_smoke.TestSpanishEndToEndSmoke" name="test_spanish_end_to_end_workflow" time="0.021" /><testcase classname="tests.test_spanish_end_to_end_smoke.TestSpanishEndToEndSmoke" name="test_spanish_language_consistency" time="0.009" /><testcase classname="tests.test_spanish_i18n.TestSpanishI18n" name="test_bmi_category_spanish" time="0.001" /><testcase classname="tests.test_spanish_i18n.TestSpanishI18n" name="test_interpret_group_spanish" time="0.001" /><testcase classname="tests.test_spanish_i18n.TestSpanishI18n" name="test_i18n_translation_function_spanish" time="0.001" /><testcase classname="tests.test_spanish_i18n.TestSpanishI18n" name="test_all_languages_consistency" time="0.002" /><testcase classname="tests.test_specific_core_modules.TestAliasesModule" name="test_aliases_load_empty" time="0.001" /><testcase classname="tests.test_specific_core_modules.TestAliasesModule" name="test_aliases_load_with_data" time="0.002" /><testcase classname="tests.test_specific_core_modules.TestAliasesModule" name="test_map_to_canonical" time="0.001" /><testcase classname="tests.test_specific_core_modules.TestAliasesModule" name="test_add_alias" time="0.002" /><testcase classname="tests.test_specific_core_modules.TestTargetsModule" name="test_targets_basic_functions" time="0.002" /><testcase classname="tests.test_specific_core_modules.TestTargetsModule" name="test_who_recommendations" time="0.001" /><testcase classname="tests.test_specific_core_modules.TestTargetsModule" name="test_calculate_daily_targets" time="0.002" /><testcase classname="tests.test_specific_core_modules.TestAutoRepairModule" name="test_analyze_deficiencies_comprehensive" time="0.002" /><testcase classname="tests.test_specific_core_modules.TestAutoRepairModule" name="test_repair_suggestions" time="0.001" /><testcase classname="tests.test_specific_core_modules.TestMenuEngineModule" name="test_weekly_menu_generation" time="0.002" /><testcase classname="tests.test_specific_core_modules.TestMenuEngineModule" name="test_nutrition_totals" time="0.002" /><testcase classname="tests.test_specific_core_modules.TestPlateModule" name="test_plate_creation" time="0.001" /><testcase classname="tests.test_specific_core_modules.TestPlateModule" name="test_plate_balance_analysis" time="0.001" /><testcase classname="tests.test_specific_core_modules.TestI18nModule" name="test_translation_function_comprehensive" time="0.001" /><testcase classname="tests.test_specific_core_modules.TestI18nModule" name="test_language_functions" time="0.001" /><testcase classname="tests.test_specific_lines_coverage.TestSpecificLinesCoverage" name="test_exports_simple_lines_137_139_182_183_coverage" time="0.001" /><testcase classname="tests.test_specific_lines_coverage.TestSpecificLinesCoverage" name="test_unified_db_lines_25_26_39_41_133_134_164_169_coverage" time="0.001" /><testcase classname="tests.test_specific_lines_coverage.TestSpecificLinesCoverage" name="test_update_manager_lines_64_68_653_655_671_672_675_682_686_coverage" time="0.001" /><testcase classname="tests.test_specific_lines_coverage.TestSpecificLinesCoverage" name="test_food_db_line_50_coverage" time="0.001" /><testcase classname="tests.test_specific_lines_coverage.TestSpecificLinesCoverage" name="test_food_merge_line_173_coverage" time="0.001" /><testcase classname="tests.test_specific_lines_coverage.TestSpecificLinesCoverage" name="test_menu_engine_lines_255_256_706_710_739_coverage" time="0.001" /><testcase classname="tests.test_specific_lines_coverage.TestSpecificLinesCoverage" name="test_menu_engine_new_lines_55_73_80_coverage" time="0.001" /><testcase classname="tests.test_specific_lines_coverage.TestSpecificLinesCoverage" name="test_plate_lines_78_81_coverage" time="0.001" /><testcase classname="tests.test_specific_lines_coverage.TestSpecificLinesCoverage" name="test_product_finder_lines_423_426_452_455_coverage" time="0.001" /><testcase classname="tests.test_specific_lines_coverage.TestSpecificLinesCoverage" name="test_product_varieties_lines_175_176_333_coverage" time="0.001" /><testcase classname="tests.test_specific_lines_coverage.TestSpecificLinesCoverage" name="test_simple_rag_lines_43_44_70_72_73_coverage" time="0.001" /><testcase classname="tests.test_specific_lines_coverage.TestSpecificLinesCoverage" name="test_recipe_db_lines_66_68_152_coverage" time="0.001" /><testcase classname="tests.test_specific_lines_coverage.TestSpecificLinesCoverage" name="test_recipe_db_new_lines_71_118_120_136_140_coverage" time="0.001" /><testcase classname="tests.test_specific_lines_coverage.TestSpecificLinesCoverage" name="test_recipe_synth_line_466_coverage" time="0.001" /><testcase classname="tests.test_specific_lines_coverage.TestSpecificLinesCoverage" name="test_recommendations_lines_466_468_470_472_494_496_498_coverage" time="0.001" /><testcase classname="tests.test_specific_lines_coverage.TestSpecificLinesCoverage" name="test_region_catalog_lines_79_80_197_217_coverage" time="0.001" /><testcase classname="tests.test_specific_lines_coverage.TestSpecificLinesCoverage" name="test_rules_who_line_293_coverage" time="0.001" /><testcase classname="tests.test_specific_lines_coverage.TestSpecificLinesCoverage" name="test_targets_lines_150_151_157_158_coverage" time="0.001" /><testcase classname="tests.test_specific_lines_coverage.TestSpecificLinesCoverage" name="test_time_utils_line_49_coverage" time="0.001" /><testcase classname="tests.test_sports_nutrition.TestSportsNutritionCalculator" name="test_endurance_nutrition_requirements" time="0.001" /><testcase classname="tests.test_sports_nutrition.TestSportsNutritionCalculator" name="test_strength_nutrition_requirements" time="0.001" /><testcase classname="tests.test_sports_nutrition.TestSportsNutritionCalculator" name="test_power_sport_nutrition" time="0.001" /><testcase classname="tests.test_sports_nutrition.TestSportsNutritionCalculator" name="test_team_sport_nutrition" time="0.001" /><testcase classname="tests.test_sports_nutrition.TestSportsNutritionCalculator" name="test_training_phase_adjustments" time="0.001" /><testcase classname="tests.test_sports_nutrition.TestSportsNutritionCalculator" name="test_weight_making_sports" time="0.001" /><testcase classname="tests.test_sports_nutrition.TestSportMapping" name="test_endurance_sport_mapping" time="0.001" /><testcase classname="tests.test_sports_nutrition.TestSportMapping" name="test_strength_sport_mapping" time="0.001" /><testcase classname="tests.test_sports_nutrition.TestSportMapping" name="test_power_sport_mapping" time="0.001" /><testcase classname="tests.test_sports_nutrition.TestSportMapping" name="test_team_sport_mapping" time="0.001" /><testcase classname="tests.test_sports_nutrition.TestSportsNutritionDataStructures" name="test_sport_categories" time="0.001" /><testcase classname="tests.test_sports_nutrition.TestSportsNutritionDataStructures" name="test_training_phases" time="0.001" /><testcase classname="tests.test_sports_nutrition.TestSportsNutritionDataStructures" name="test_calculator_requirements_data" time="0.001" /><testcase classname="tests.test_sports_nutrition_basics.TestSportCategoryEnum" name="test_sport_category_values" time="0.001" /><testcase classname="tests.test_sports_nutrition_basics.TestTrainingPhaseEnum" name="test_training_phase_values" time="0.001" /><testcase classname="tests.test_sports_nutrition_basics.TestSportsNutritionTargets" name="test_sports_nutrition_targets_creation" time="0.001" /><testcase classname="tests.test_sports_nutrition_basics.TestSportsNutritionCalculator" name="test_calculate_sports_targets_endurance" time="0.001" /><testcase classname="tests.test_sports_nutrition_basics.TestSportsNutritionCalculator" name="test_calculate_sports_targets_strength" time="0.001" /><testcase classname="tests.test_sports_nutrition_basics.TestSportsNutritionCalculator" name="test_calculate_sports_targets_combat_with_weight_cutting" time="0.001" /><testcase classname="tests.test_sports_nutrition_basics.TestSportsNutritionCalculator" name="test_get_phase_multipliers" time="0.001" /><testcase classname="tests.test_sports_nutrition_basics.TestSportsNutritionCalculator" name="test_calculate_fat_needs_with_goals" time="0.001" /><testcase classname="tests.test_sports_nutrition_basics.TestSportsNutritionCalculator" name="test_calculate_pre_workout_carbs" time="0.001" /><testcase classname="tests.test_sports_nutrition_basics.TestSportsNutritionCalculator" name="test_calculate_post_workout_protein" time="0.001" /><testcase classname="tests.test_sports_nutrition_basics.TestSportsNutritionCalculator" name="test_get_caffeine_timing" time="0.001" /><testcase classname="tests.test_sports_nutrition_basics.TestSportsNutritionCalculator" name="test_get_meal_frequency" time="0.001" /><testcase classname="tests.test_sports_nutrition_basics.TestSportsNutritionCalculator" name="test_get_weight_cutting_advice" time="0.001" /><testcase classname="tests.test_sports_nutrition_basics.TestGetSportRecommendations" name="test_get_sport_recommendations_structure" time="0.001" /><testcase classname="tests.test_sports_nutrition_basics.TestGetSportRecommendations" name="test_get_sport_recommendations_endurance" time="0.001" /><testcase classname="tests.test_sports_nutrition_basics.TestSportMapping" name="test_sport_mapping_coverage" time="0.001" /><testcase classname="tests.test_sports_nutrition_basics.TestSportMapping" name="test_sport_mapping_endurance_sports" time="0.001" /><testcase classname="tests.test_sports_nutrition_basics.TestSportMapping" name="test_sport_mapping_strength_sports" time="0.001" /><testcase classname="tests.test_sports_nutrition_basics.TestSportMapping" name="test_sport_mapping_combat_sports" time="0.001" /><testcase classname="tests.test_sports_nutrition_basics.TestSportsNutritionConstants" name="test_protein_requirements_coverage" time="0.001" /><testcase classname="tests.test_sports_nutrition_basics.TestSportsNutritionConstants" name="test_carb_requirements_coverage" time="0.001" /><testcase classname="tests.test_sports_nutrition_basics.TestSportsNutritionConstants" name="test_hydration_guidelines_coverage" time="0.001" /><testcase classname="tests.test_sports_nutrition_extra" name="test_meal_frequency_thresholds" time="0.001" /><testcase classname="tests.test_sports_nutrition_extra" name="test_get_sport_recommendations_structure" time="0.001" /><testcase classname="tests.test_sports_nutrition_unit_new" name="test_constants_exist_and_non_empty" time="0.001" /><testcase classname="tests.test_sports_nutrition_unit_new" name="test_get_sport_recommendations_comprehensive[endurance-in_season-70.0-maintain]" time="0.001" /><testcase classname="tests.test_sports_nutrition_unit_new" name="test_get_sport_recommendations_comprehensive[strength-peak-82.0-gain]" time="0.001" /><testcase classname="tests.test_sports_nutrition_unit_new" name="test_get_sport_recommendations_comprehensive[power-off_season-68.0-loss]" time="0.001" /><testcase classname="tests.test_sports_nutrition_unit_new" name="test_get_sport_recommendations_comprehensive[team-pre_season-75.0-maintain]" time="0.001" /><testcase classname="tests.test_sports_nutrition_unit_new" name="test_get_sport_recommendations_comprehensive[aesthetic-recovery-60.0-loss]" time="0.001" /><testcase classname="tests.test_sports_nutrition_unit_new" name="test_get_sport_recommendations_comprehensive[combat-in_season-80.0-maintain]" time="0.001" /><testcase classname="tests.test_sports_nutrition_unit_new" name="test_get_sport_recommendations_comprehensive[recreational-in_season-70.0-gain]" time="0.001" /><testcase classname="tests.test_sports_nutrition_unit_new" name="test_calculate_sports_targets_direct" time="0.001" /><testcase classname="tests.test_sports_nutrition_unit_new" name="test_training_volume_adjustments[0]" time="0.001" /><testcase classname="tests.test_sports_nutrition_unit_new" name="test_training_volume_adjustments[2]" time="0.001" /><testcase classname="tests.test_sports_nutrition_unit_new" name="test_training_volume_adjustments[5]" time="0.001" /><testcase classname="tests.test_sports_nutrition_unit_new" name="test_training_volume_adjustments[10]" time="0.001" /><testcase classname="tests.test_sports_nutrition_unit_new" name="test_training_volume_adjustments[15]" time="0.001" /><testcase classname="tests.test_sports_nutrition_unit_new" name="test_training_volume_adjustments[20]" time="0.001" /><testcase classname="tests.test_sports_nutrition_unit_new" name="test_phase_multipliers_coverage[TrainingPhase.OFF_SEASON]" time="0.001" /><testcase classname="tests.test_sports_nutrition_unit_new" name="test_phase_multipliers_coverage[TrainingPhase.PRE_SEASON]" time="0.001" /><testcase classname="tests.test_sports_nutrition_unit_new" name="test_phase_multipliers_coverage[TrainingPhase.IN_SEASON]" time="0.001" /><testcase classname="tests.test_sports_nutrition_unit_new" name="test_phase_multipliers_coverage[TrainingPhase.PEAK]" time="0.001" /><testcase classname="tests.test_sports_nutrition_unit_new" name="test_phase_multipliers_coverage[TrainingPhase.RECOVERY]" time="0.001" /><testcase classname="tests.test_sports_nutrition_unit_new" name="test_fat_needs_calculation[SportCategory.ENDURANCE-maintain]" time="0.001" /><testcase classname="tests.test_sports_nutrition_unit_new" name="test_fat_needs_calculation[SportCategory.STRENGTH-gain]" time="0.001" /><testcase classname="tests.test_sports_nutrition_unit_new" name="test_fat_needs_calculation[SportCategory.AESTHETIC-loss]" time="0.001" /><testcase classname="tests.test_sports_nutrition_unit_new" name="test_fat_needs_calculation[SportCategory.COMBAT-maintain]" time="0.001" /><testcase classname="tests.test_sports_nutrition_unit_new" name="test_pre_workout_carbs_calculation[SportCategory.ENDURANCE-400.0]" time="0.001" /><testcase classname="tests.test_sports_nutrition_unit_new" name="test_pre_workout_carbs_calculation[SportCategory.STRENGTH-200.0]" time="0.001" /><testcase classname="tests.test_sports_nutrition_unit_new" name="test_pre_workout_carbs_calculation[SportCategory.POWER-250.0]" time="0.001" /><testcase classname="tests.test_sports_nutrition_unit_new" name="test_pre_workout_carbs_calculation[SportCategory.TEAM-350.0]" time="0.001" /><testcase classname="tests.test_sports_nutrition_unit_new" name="test_post_workout_protein_calculation[SportCategory.STRENGTH-150.0]" time="0.001" /><testcase classname="tests.test_sports_nutrition_unit_new" name="test_post_workout_protein_calculation[SportCategory.COMBAT-140.0]" time="0.001" /><testcase classname="tests.test_sports_nutrition_unit_new" name="test_post_workout_protein_calculation[SportCategory.AESTHETIC-120.0]" time="0.001" /><testcase classname="tests.test_sports_nutrition_unit_new" name="test_caffeine_timing_recommendations[SportCategory.ENDURANCE]" time="0.001" /><testcase classname="tests.test_sports_nutrition_unit_new" name="test_caffeine_timing_recommendations[SportCategory.POWER]" time="0.001" /><testcase classname="tests.test_sports_nutrition_unit_new" name="test_caffeine_timing_recommendations[SportCategory.TEAM]" time="0.001" /><testcase classname="tests.test_sports_nutrition_unit_new" name="test_caffeine_timing_recommendations[SportCategory.STRENGTH]" time="0.001" /><testcase classname="tests.test_sports_nutrition_unit_new" name="test_caffeine_timing_recommendations[SportCategory.AESTHETIC]" time="0.001" /><testcase classname="tests.test_sports_nutrition_unit_new" name="test_meal_frequency_calculation[SportCategory.ENDURANCE-12.0]" time="0.001" /><testcase classname="tests.test_sports_nutrition_unit_new" name="test_meal_frequency_calculation[SportCategory.STRENGTH-8.0]" time="0.001" /><testcase classname="tests.test_sports_nutrition_unit_new" name="test_meal_frequency_calculation[SportCategory.RECREATIONAL-4.0]" time="0.002" /><testcase classname="tests.test_sports_nutrition_unit_new" name="test_weight_cutting_advice[SportCategory.COMBAT]" time="0.001" /><testcase classname="tests.test_sports_nutrition_unit_new" name="test_weight_cutting_advice[SportCategory.AESTHETIC]" time="0.001" /><testcase classname="tests.test_sports_nutrition_unit_new" name="test_sport_mapping_coverage[running-SportCategory.ENDURANCE]" time="0.001" /><testcase classname="tests.test_sports_nutrition_unit_new" name="test_sport_mapping_coverage[weightlifting-SportCategory.STRENGTH]" time="0.001" /><testcase classname="tests.test_sports_nutrition_unit_new" name="test_sport_mapping_coverage[sprinting-SportCategory.POWER]" time="0.001" /><testcase classname="tests.test_sports_nutrition_unit_new" name="test_sport_mapping_coverage[football-SportCategory.TEAM]" time="0.001" /><testcase classname="tests.test_sports_nutrition_unit_new" name="test_sport_mapping_coverage[gymnastics-SportCategory.AESTHETIC]" time="0.001" /><testcase classname="tests.test_sports_nutrition_unit_new" name="test_sport_mapping_coverage[boxing-SportCategory.COMBAT]" time="0.001" /><testcase classname="tests.test_sports_nutrition_unit_new" name="test_sport_mapping_coverage[fitness-SportCategory.RECREATIONAL]" time="0.001" /><testcase classname="tests.test_sports_nutrition_unit_new" name="test_extreme_weight_values" time="0.001" /><testcase classname="tests.test_sports_nutrition_unit_new" name="test_extreme_training_hours" time="0.001" /><testcase classname="tests.test_sports_nutrition_unit_new" name="test_end_to_end_all_combinations_smoke" time="0.001" /><testcase classname="tests.test_sports_nutrition_unit_new" name="test_result_types_and_ranges" time="0.001" /><testcase classname="tests.test_sprint_2_shoplist.TestPackagingRule" name="test_packaging_rule_creation" time="0.001" /><testcase classname="tests.test_sprint_2_shoplist.TestShoppingItem" name="test_shopping_item_creation" time="0.001" /><testcase classname="tests.test_sprint_2_shoplist.TestShoplistGenerator" name="test_init_with_default_rules" time="0.001" /><testcase classname="tests.test_sprint_2_shoplist.TestShoplistGenerator" name="test_load_packaging_rules_from_file" time="0.002" /><testcase classname="tests.test_sprint_2_shoplist.TestShoplistGenerator" name="test_convert_to_grams" time="0.001" /><testcase classname="tests.test_sprint_2_shoplist.TestShoplistGenerator" name="test_categorize_ingredient" time="0.001" /><testcase classname="tests.test_sprint_2_shoplist.TestShoplistGenerator" name="test_find_best_package_up_strategy" time="0.001" /><testcase classname="tests.test_sprint_2_shoplist.TestShoplistGenerator" name="test_find_best_package_down_strategy" time="0.001" /><testcase classname="tests.test_sprint_2_shoplist.TestShoplistGenerator" name="test_find_best_package_nearest_strategy" time="0.001" /><testcase classname="tests.test_sprint_2_shoplist.TestShoplistGenerator" name="test_aggregate_ingredients_from_days" time="0.001" /><testcase classname="tests.test_sprint_2_shoplist.TestShoplistGenerator" name="test_aggregate_ingredients_direct" time="0.001" /><testcase classname="tests.test_sprint_2_shoplist.TestShoplistGenerator" name="test_round_to_packages" time="0.001" /><testcase classname="tests.test_sprint_2_shoplist.TestShoplistGenerator" name="test_format_export_json" time="0.001" /><testcase classname="tests.test_sprint_2_shoplist.TestShoplistGenerator" name="test_format_export_csv" time="0.001" /><testcase classname="tests.test_sprint_2_shoplist.TestShoplistGenerator" name="test_format_export_text" time="0.001" /><testcase classname="tests.test_sprint_2_shoplist.TestShoplistGenerator" name="test_format_export_unsupported_format" time="0.001" /><testcase classname="tests.test_sprint_2_shoplist.TestConvenienceFunctions" name="test_aggregate_ingredients_function" time="0.001" /><testcase classname="tests.test_sprint_2_shoplist.TestConvenienceFunctions" name="test_round_to_packages_function" time="0.001" /><testcase classname="tests.test_sprint_2_shoplist.TestConvenienceFunctions" name="test_format_export_function" time="0.001" /><testcase classname="tests.test_sprint_2_shoplist.TestIntegration" name="test_full_workflow" time="0.001" /><testcase classname="tests.test_sprint_3_region_catalog.TestRegionalProduct" name="test_regional_product_creation" time="0.001" /><testcase classname="tests.test_sprint_3_region_catalog.TestSearchResult" name="test_search_result_creation" time="0.001" /><testcase classname="tests.test_sprint_3_region_catalog.TestRegionCatalog" name="test_init_with_default_data_dir" time="0.001" /><testcase classname="tests.test_sprint_3_region_catalog.TestRegionCatalog" name="test_init_with_custom_data_dir" time="0.001" /><testcase classname="tests.test_sprint_3_region_catalog.TestRegionCatalog" name="test_load_region_data" time="0.002" /><testcase classname="tests.test_sprint_3_region_catalog.TestRegionCatalog" name="test_get_available_regions" time="0.001" /><testcase classname="tests.test_sprint_3_region_catalog.TestRegionCatalog" name="test_search_products_existing_region" time="0.001" /><testcase classname="tests.test_sprint_3_region_catalog.TestRegionCatalog" name="test_search_products_nonexistent_region" time="0.001" /><testcase classname="tests.test_sprint_3_region_catalog.TestRegionCatalog" name="test_search_products_with_category_filter" time="0.001" /><testcase classname="tests.test_sprint_3_region_catalog.TestRegionCatalog" name="test_search_products_with_max_results" time="0.001" /><testcase classname="tests.test_sprint_3_region_catalog.TestRegionCatalog" name="test_get_product_by_id_existing" time="0.001" /><testcase classname="tests.test_sprint_3_region_catalog.TestRegionCatalog" name="test_get_product_by_id_nonexistent" time="0.001" /><testcase classname="tests.test_sprint_3_region_catalog.TestRegionCatalog" name="test_get_products_by_category" time="0.001" /><testcase classname="tests.test_sprint_3_region_catalog.TestRegionCatalog" name="test_get_store_chains" time="0.001" /><testcase classname="tests.test_sprint_3_region_catalog.TestRegionCatalog" name="test_get_categories" time="0.001" /><testcase classname="tests.test_sprint_3_region_catalog.TestRegionCatalog" name="test_convert_currency" time="0.001" /><testcase classname="tests.test_sprint_3_region_catalog.TestRegionCatalog" name="test_get_price_comparison" time="0.001" /><testcase classname="tests.test_sprint_3_region_catalog.TestConvenienceFunctions" name="test_get_region_catalog" time="0.001" /><testcase classname="tests.test_sprint_3_region_catalog.TestConvenienceFunctions" name="test_search_products_function" time="0.001" /><testcase classname="tests.test_sprint_3_region_catalog.TestConvenienceFunctions" name="test_get_available_regions_function" time="0.001" /><testcase classname="tests.test_sprint_3_region_catalog.TestConvenienceFunctions" name="test_get_price_comparison_function" time="0.001" /><testcase classname="tests.test_sprint_3_region_catalog.TestIntegration" name="test_full_workflow" time="0.001" /><testcase classname="tests.test_sprint_4_recipe_synth.TestRecipeStep" name="test_recipe_step_creation" time="0.001" /><testcase classname="tests.test_sprint_4_recipe_synth.TestRecipe" name="test_recipe_creation" time="0.001" /><testcase classname="tests.test_sprint_4_recipe_synth.TestRecipeTemplate" name="test_recipe_template_creation" time="0.001" /><testcase classname="tests.test_sprint_4_recipe_synth.TestRecipeSynthesizer" name="test_init_with_default_templates_dir" time="0.001" /><testcase classname="tests.test_sprint_4_recipe_synth.TestRecipeSynthesizer" name="test_init_with_custom_templates_dir" time="0.001" /><testcase classname="tests.test_sprint_4_recipe_synth.TestRecipeSynthesizer" name="test_load_templates_from_file" time="0.002" /><testcase classname="tests.test_sprint_4_recipe_synth.TestRecipeSynthesizer" name="test_select_best_template" time="0.001" /><testcase classname="tests.test_sprint_4_recipe_synth.TestRecipeSynthesizer" name="test_calculate_ingredient_match_score" time="0.001" /><testcase classname="tests.test_sprint_4_recipe_synth.TestRecipeSynthesizer" name="test_adapt_ingredients_for_servings" time="0.001" /><testcase classname="tests.test_sprint_4_recipe_synth.TestRecipeSynthesizer" name="test_generate_recipe_steps" time="0.001" /><testcase classname="tests.test_sprint_4_recipe_synth.TestRecipeSynthesizer" name="test_estimate_step_duration" time="0.001" /><testcase classname="tests.test_sprint_4_recipe_synth.TestRecipeSynthesizer" name="test_extract_temperature" time="0.001" /><testcase classname="tests.test_sprint_4_recipe_synth.TestRecipeSynthesizer" name="test_extract_equipment" time="0.001" /><testcase classname="tests.test_sprint_4_recipe_synth.TestRecipeSynthesizer" name="test_calculate_nutrition" time="0.001" /><testcase classname="tests.test_sprint_4_recipe_synth.TestRecipeSynthesizer" name="test_generate_tags" time="0.001" /><testcase classname="tests.test_sprint_4_recipe_synth.TestRecipeSynthesizer" name="test_generate_recipe_title" time="0.001" /><testcase classname="tests.test_sprint_4_recipe_synth.TestRecipeSynthesizer" name="test_generate_recipe_description" time="0.001" /><testcase classname="tests.test_sprint_4_recipe_synth.TestRecipeSynthesizer" name="test_synthesize_recipe_from_ingredients" time="0.001" /><testcase classname="tests.test_sprint_4_recipe_synth.TestRecipeSynthesizer" name="test_synthesize_recipes_for_week" time="0.001" /><testcase classname="tests.test_sprint_4_recipe_synth.TestConvenienceFunctions" name="test_get_recipe_synthesizer" time="0.001" /><testcase classname="tests.test_sprint_4_recipe_synth.TestConvenienceFunctions" name="test_synthesize_recipe_from_ingredients_function" time="0.001" /><testcase classname="tests.test_sprint_4_recipe_synth.TestConvenienceFunctions" name="test_synthesize_recipes_for_week_function" time="0.001" /><testcase classname="tests.test_sprint_4_recipe_synth.TestIntegration" name="test_full_recipe_synthesis_workflow" time="0.001" /><testcase classname="tests.test_sprint_4_recipe_synth.TestIntegration" name="test_weekly_recipe_synthesis_workflow" time="0.001" /><testcase classname="tests.test_sprint_5_auto_repair.TestRepairStrategy" name="test_repair_strategy_values" time="0.001" /><testcase classname="tests.test_sprint_5_auto_repair.TestRepairStatus" name="test_repair_status_values" time="0.001" /><testcase classname="tests.test_sprint_5_auto_repair.TestRepairResult" name="test_repair_result_creation" time="0.001" /><testcase classname="tests.test_sprint_5_auto_repair.TestRepairIteration" name="test_repair_iteration_creation" time="0.001" /><testcase classname="tests.test_sprint_5_auto_repair.TestAutoRepairEngine" name="test_init_with_default_max_iterations" time="0.001" /><testcase classname="tests.test_sprint_5_auto_repair.TestAutoRepairEngine" name="test_init_with_custom_max_iterations" time="0.001" /><testcase classname="tests.test_sprint_5_auto_repair.TestAutoRepairEngine" name="test_analyze_nutrient_gaps_no_gaps" time="0.001" /><testcase classname="tests.test_sprint_5_auto_repair.TestAutoRepairEngine" name="test_analyze_nutrient_gaps_with_gaps" time="0.001" /><testcase classname="tests.test_sprint_5_auto_repair.TestAutoRepairEngine" name="test_get_next_strategy" time="0.002" /><testcase classname="tests.test_sprint_5_auto_repair.TestAutoRepairEngine" name="test_get_all_changes_empty_history" time="0.001" /><testcase classname="tests.test_sprint_5_auto_repair.TestAutoRepairEngine" name="test_get_all_changes_with_history" time="0.001" /><testcase classname="tests.test_sprint_5_auto_repair.TestAutoRepairEngine" name="test_generate_success_suggestions" time="0.001" /><testcase classname="tests.test_sprint_5_auto_repair.TestAutoRepairEngine" name="test_generate_manual_suggestions" time="0.001" /><testcase classname="tests.test_sprint_5_auto_repair.TestAutoRepairEngine" name="test_suggest_manual_fixes" time="0.001" /><testcase classname="tests.test_sprint_5_auto_repair.TestAutoRepairEngine" name="test_get_repair_history" time="0.001" /><testcase classname="tests.test_sprint_5_auto_repair.TestAutoRepairEngine" name="test_attempt_repair_success" time="0.001" /><testcase classname="tests.test_sprint_5_auto_repair.TestAutoRepairEngine" name="test_attempt_repair_failure" time="0.001" /><testcase classname="tests.test_sprint_5_auto_repair.TestAutoRepairEngine" name="test_auto_repair_week_plan_no_gaps" time="0.001" /><testcase classname="tests.test_sprint_5_auto_repair.TestAutoRepairEngine" name="test_auto_repair_week_plan_with_gaps" time="0.001" /><testcase classname="tests.test_sprint_5_auto_repair.TestConvenienceFunctions" name="test_get_auto_repair_engine" time="0.001" /><testcase classname="tests.test_sprint_5_auto_repair.TestConvenienceFunctions" name="test_auto_repair_week_plan_function" time="0.001" /><testcase classname="tests.test_sprint_5_auto_repair.TestConvenienceFunctions" name="test_suggest_manual_fixes_function" time="0.001" /><testcase classname="tests.test_sprint_5_auto_repair.TestIntegration" name="test_full_auto_repair_workflow" time="0.001" /><testcase classname="tests.test_sprint_5_auto_repair.TestIntegration" name="test_auto_repair_max_iterations_reached" time="0.001" /><testcase classname="tests.test_targeted_additional_coverage" name="test_off_item_vegetarian_tag_and_gather_exception" time="0.008" /><testcase classname="tests.test_targeted_additional_coverage" name="test_unified_db_off_paths_and_exceptions" time="0.011" /><testcase classname="tests.test_targeted_additional_coverage" name="test_update_manager_off_branches" time="0.751" /><testcase classname="tests.test_targeted_additional_coverage" name="test_off_updates_recent_returns_false" time="0.028" /><testcase classname="tests.test_targeted_additional_coverage" name="test_update_manager_off_conversion_and_backup_warning" time="0.740" /><testcase classname="tests.test_targeted_additional_coverage" name="test_off_updates_old_returns_true" time="0.034" /><testcase classname="tests.test_targeted_additional_coverage" name="test_update_manager_off_nochange_branch" time="0.733" /><testcase classname="tests.test_targeted_additional_coverage" name="test_update_manager_off_validation_failure" time="0.735" /><testcase classname="tests.test_targeted_additional_coverage" name="test_update_manager_off_exception_final" time="0.732" /><testcase classname="tests.test_targeted_additional_coverage" name="test_update_manager_off_search_warning" time="0.650" /><testcase classname="tests.test_targeted_coverage.TestTargetedCoverage" name="test_bmi_endpoint_visualization_error_path" time="0.014" /><testcase classname="tests.test_targeted_coverage.TestTargetedCoverage" name="test_bmi_endpoint_waist_risk_path" time="0.010" /><testcase classname="tests.test_targeted_coverage.TestTargetedCoverage" name="test_api_v1_bmi_endpoint" time="0.007" /><testcase classname="tests.test_targeted_coverage.TestTargetedCoverage" name="test_premium_bmr_notes_path" time="0.008" /><testcase classname="tests.test_targeted_coverage.TestTargetedCoverage" name="test_database_admin_endpoints" time="0.010" /><testcase classname="tests.test_targeted_coverage.TestTargetedCoverage" name="test_nutrient_gaps_endpoint" time="0.008" /><testcase classname="tests.test_targeted_coverage.TestTargetedCoverage" name="test_weekly_menu_endpoint" time="0.007" /><testcase classname="tests.test_targeted_coverage.TestTargetedCoverage" name="test_who_targets_endpoint" time="0.008" /><testcase classname="tests.test_targeted_coverage.TestTargetedCoverage" name="test_premium_plate_endpoint" time="0.006" /><testcase classname="tests.test_targeted_coverage_boost.TestTargetedCoverageBoost" name="test_app_py_line_49" time="0.002" /><testcase classname="tests.test_targeted_coverage_boost.TestTargetedCoverageBoost" name="test_app_py_lines_345_350" time="0.005" /><testcase classname="tests.test_targeted_coverage_boost.TestTargetedCoverageBoost" name="test_app_py_line_383" time="0.004" /><testcase classname="tests.test_targeted_coverage_boost.TestTargetedCoverageBoost" name="test_app_py_line_545" time="0.005" /><testcase classname="tests.test_targeted_coverage_boost.TestTargetedCoverageBoost" name="test_app_py_lines_758_760" time="0.008" /><testcase classname="tests.test_targeted_coverage_boost.TestTargetedCoverageBoost" name="test_app_py_line_914" time="0.004" /><testcase classname="tests.test_targeted_coverage_boost.TestTargetedCoverageBoost" name="test_app_py_line_1215" time="0.007" /><testcase classname="tests.test_targeted_coverage_boost.TestTargetedCoverageBoost" name="test_scheduler_py_lines_66_67" time="0.017" /><testcase classname="tests.test_targeted_coverage_boost.TestTargetedCoverageBoost" name="test_scheduler_py_lines_135_137" time="0.007" /><testcase classname="tests.test_targeted_coverage_boost.TestTargetedCoverageBoost" name="test_unified_db_py_lines_101_102" time="0.009" /><testcase classname="tests.test_targeted_coverage_boost.TestTargetedCoverageBoost" name="test_unified_db_py_line_133" time="0.009" /><testcase classname="tests.test_targeted_coverage_boost.TestTargetedCoverageBoost" name="test_unified_db_py_line_165" time="0.014" /><testcase classname="tests.test_targeted_coverage_boost.TestTargetedCoverageBoost" name="test_unified_db_py_lines_171_175" time="0.009" /><testcase classname="tests.test_targeted_coverage_boost.TestTargetedCoverageBoost" name="test_update_manager_py_lines_264_296" time="0.017" /><testcase classname="tests.test_targeted_coverage_boost.TestTargetedCoverageBoost" name="test_update_manager_py_line_394" time="0.019" /><testcase classname="tests.test_targeted_coverage_boost.TestTargetedCoverageBoost" name="test_update_manager_py_line_497" time="0.017" /><testcase classname="tests.test_targeted_coverage_boost.TestTargetedCoverageBoost" name="test_menu_engine_py_lines_57_67" time="0.001" /><testcase classname="tests.test_targeted_coverage_boost.TestTargetedCoverageBoost" name="test_menu_engine_py_line_421" time="0.001" /><testcase classname="tests.test_targeted_coverage_boost.TestTargetedCoverageBoost" name="test_menu_engine_py_line_423" time="0.001" /><testcase classname="tests.test_targeted_coverage_boost.TestTargetedCoverageBoost" name="test_menu_engine_py_line_425" time="0.001" /><testcase classname="tests.test_targeted_coverage_boost.TestTargetedCoverageBoost" name="test_menu_engine_py_line_467" time="0.001" /><testcase classname="tests.test_targeted_coverage_boost.TestTargetedCoverageBoost" name="test_menu_engine_py_line_490" time="0.001" /><testcase classname="tests.test_targeted_coverage_improvement.TestTargetedCoverageImprovement" name="test_normalize_flags_edge_cases" time="0.001" /><testcase classname="tests.test_targeted_coverage_improvement.TestTargetedCoverageImprovement" name="test_waist_risk_edge_cases" time="0.001" /><testcase classname="tests.test_targeted_coverage_improvement.TestTargetedCoverageImprovement" name="test_bmi_endpoint_pregnant_male" time="0.005" /><testcase classname="tests.test_targeted_coverage_improvement.TestTargetedCoverageImprovement" name="test_bmi_endpoint_extreme_values" time="0.004" /><testcase classname="tests.test_targeted_coverage_improvement.TestTargetedCoverageImprovement" name="test_root_endpoint" time="0.003" /><testcase classname="tests.test_targeted_coverage_improvement.TestTargetedCoverageImprovement" name="test_favicon_endpoint" time="0.003" /><testcase classname="tests.test_targeted_coverage_improvement.TestTargetedCoverageImprovement" name="test_health_endpoint" time="0.004" /><testcase classname="tests.test_targeted_coverage_improvement.TestTargetedCoverageImprovement" name="test_bmi_endpoint_with_all_optional_fields" time="0.004" /><testcase classname="tests.test_targets_coverage.TestUserProfile" name="test_user_profile_basic" time="0.001" /><testcase classname="tests.test_targets_coverage.TestUserProfile" name="test_user_profile_age_validation_low" time="0.002" /><testcase classname="tests.test_targets_coverage.TestUserProfile" name="test_user_profile_age_validation_high" time="0.001" /><testcase classname="tests.test_targets_coverage.TestUserProfile" name="test_user_profile_height_validation" time="0.002" /><testcase classname="tests.test_targets_coverage.TestUserProfile" name="test_user_profile_weight_validation" time="0.001" /><testcase classname="tests.test_targets_coverage.TestUserProfile" name="test_user_profile_deficit_pct_validation_low" time="0.002" /><testcase classname="tests.test_targets_coverage.TestUserProfile" name="test_user_profile_deficit_pct_validation_high" time="0.001" /><testcase classname="tests.test_targets_coverage.TestUserProfile" name="test_user_profile_surplus_pct_validation_low" time="0.002" /><testcase classname="tests.test_targets_coverage.TestUserProfile" name="test_user_profile_surplus_pct_validation_high" time="0.001" /><testcase classname="tests.test_targets_coverage.TestUserProfile" name="test_user_profile_with_optional_fields" time="0.001" /><testcase classname="tests.test_targets_coverage.TestMacroTargets" name="test_macro_targets_total_calories" time="0.001" /><testcase classname="tests.test_targets_coverage.TestMacroTargets" name="test_macro_targets_zero_values" time="0.001" /><testcase classname="tests.test_targets_coverage.TestMicroTargets" name="test_micro_targets_get_priority_nutrients" time="0.001" /><testcase classname="tests.test_targets_coverage.TestActivityTargets" name="test_activity_targets_total_aerobic_equivalent" time="0.001" /><testcase classname="tests.test_targets_coverage.TestActivityTargets" name="test_activity_targets_no_vigorous" time="0.001" /><testcase classname="tests.test_targets_coverage.TestNutritionTargets" name="test_nutrition_targets_validate_consistency_valid" time="0.001" /><testcase classname="tests.test_targets_coverage.TestNutritionTargets" name="test_nutrition_targets_validate_consistency_invalid" time="0.001" /><testcase classname="tests.test_targets_coverage.TestNutritionTargets" name="test_nutrition_targets_get_summary" time="0.001" /><testcase classname="tests.test_targets_coverage.TestNutrientCoverage" name="test_nutrient_coverage_properties" time="0.001" /><testcase classname="tests.test_targets_coverage.TestNutrientCoverage" name="test_nutrient_coverage_deficient" time="0.001" /><testcase classname="tests.test_targets_coverage.TestNutrientCoverage" name="test_nutrient_coverage_excess" time="0.001" /><testcase classname="tests.test_targets_coverage.TestNutrientCoverage" name="test_nutrient_coverage_capped_at_200" time="0.001" /><testcase classname="tests.test_targets_coverage.TestNutrientCoverage" name="test_nutrient_coverage_zero_target" time="0.001" /><testcase classname="tests.test_targets_coverage.TestNutrientCoverage" name="test_nutrient_coverage_recommendations_english" time="0.001" /><testcase classname="tests.test_targets_coverage.TestNutrientCoverage" name="test_nutrient_coverage_recommendations_russian" time="0.001" /><testcase classname="tests.test_targets_coverage_97.TestTargetsCoverage97" name="test_get_target_unknown_nutrient_line_145" time="0.002" /><testcase classname="tests.test_targets_coverage_97.TestTargetsCoverage97" name="test_get_minimum_unknown_nutrient_line_149_152" time="0.001" /><testcase classname="tests.test_targets_coverage_97.TestTargetsCoverage97" name="test_get_maximum_unknown_nutrient_line_156_159" time="0.001" /><testcase classname="tests.test_targets_coverage_97.TestTargetsCoverage97" name="test_get_priority_nutrients_line_169" time="0.001" /><testcase classname="tests.test_targets_coverage_97.TestTargetsCoverage97" name="test_get_target_valid_nutrient" time="0.001"><skipped type="pytest.skip" message="No valid nutrients found for testing">/Users/katsiaryna_kavaleuskaya/Developer/BMI-App_2025_clean/tests/test_targets_coverage_97.py:61: No valid nutrients found for testing</skipped></testcase><testcase classname="tests.test_targets_coverage_97.TestTargetsCoverage97" name="test_get_minimum_valid_nutrient" time="0.001"><skipped type="pytest.skip" message="No valid nutrients found for testing">/Users/katsiaryna_kavaleuskaya/Developer/BMI-App_2025_clean/tests/test_targets_coverage_97.py:73: No valid nutrients found for testing</skipped></testcase><testcase classname="tests.test_targets_coverage_97.TestTargetsCoverage97" name="test_get_maximum_valid_nutrient" time="0.001"><skipped type="pytest.skip" message="No valid nutrients found for testing">/Users/katsiaryna_kavaleuskaya/Developer/BMI-App_2025_clean/tests/test_targets_coverage_97.py:85: No valid nutrients found for testing</skipped></testcase><testcase classname="tests.test_targets_coverage_97.TestTargetsCoverage97" name="test_is_deficient_true" time="0.001"><skipped type="pytest.skip" message="No valid nutrients found for testing">/Users/katsiaryna_kavaleuskaya/Developer/BMI-App_2025_clean/tests/test_targets_coverage_97.py:98: No valid nutrients found for testing</skipped></testcase><testcase classname="tests.test_targets_coverage_97.TestTargetsCoverage97" name="test_is_deficient_false" time="0.001"><skipped type="pytest.skip" message="No valid nutrients found for testing">/Users/katsiaryna_kavaleuskaya/Developer/BMI-App_2025_clean/tests/test_targets_coverage_97.py:111: No valid nutrients found for testing</skipped></testcase><testcase classname="tests.test_targets_coverage_97.TestTargetsCoverage97" name="test_priority_nutrients_structure" time="0.001" /><testcase classname="tests.test_targets_coverage_97.TestTargetsCoverage97" name="test_deficiency_threshold_structure" time="0.001" /><testcase classname="tests.test_targets_edge_cases_97.TestTargetsEdgeCases97" name="test_get_target_unknown_nutrient_line_145" time="0.001" /><testcase classname="tests.test_targets_edge_cases_97.TestTargetsEdgeCases97" name="test_get_minimum_unknown_nutrient_line_152" time="0.001" /><testcase classname="tests.test_targets_edge_cases_97.TestTargetsEdgeCases97" name="test_get_maximum_unknown_nutrient_line_159" time="0.001" /><testcase classname="tests.test_targets_edge_cases_97.TestTargetsEdgeCases97" name="test_get_priority_nutrients_line_169" time="0.001" /><testcase classname="tests.test_targets_edge_cases_97.TestTargetsEdgeCases97" name="test_comprehensive_nutrient_methods" time="0.001" /><testcase classname="tests.test_targets_edge_cases_97.TestTargetsEdgeCases97" name="test_edge_cases_empty_priority_nutrients" time="0.001" /><testcase classname="tests.test_targets_edge_cases_97.TestTargetsEdgeCases97" name="test_is_deficient_method_lines_163_165" time="0.001" /><testcase classname="tests.test_targets_edge_cases_97.TestTargetsEdgeCases97" name="test_get_high_priority_nutrients_line_177" time="0.001" /><testcase classname="tests.test_targets_realistic_coverage.TestTargetsRealisticCoverage" name="test_bmr_calculations_realistic" time="0.001" /><testcase classname="tests.test_targets_realistic_coverage.TestTargetsRealisticCoverage" name="test_tdee_calculations_realistic" time="0.001" /><testcase classname="tests.test_targets_realistic_coverage.TestTargetsRealisticCoverage" name="test_macro_distribution_realistic" time="0.001" /><testcase classname="tests.test_targets_realistic_coverage.TestTargetsRealisticCoverage" name="test_micronutrient_targets_realistic" time="0.001" /><testcase classname="tests.test_targets_realistic_coverage.TestTargetsRealisticCoverage" name="test_calorie_adjustment_realistic" time="0.001" /><testcase classname="tests.test_targets_realistic_coverage.TestTargetsRealisticCoverage" name="test_special_populations_realistic" time="0.001" /><testcase classname="tests.test_targets_realistic_coverage.TestTargetsRealisticCoverage" name="test_nutrient_timing_realistic" time="0.001" /><testcase classname="tests.test_targets_realistic_coverage.TestTargetsRealisticCoverage" name="test_hydration_targets_realistic" time="0.001" /><testcase classname="tests.test_targets_realistic_coverage.TestTargetsRealisticCoverage" name="test_supplement_recommendations_realistic" time="0.001" /><testcase classname="tests.test_test_pro_access_coverage.TestTestProAccessCoverage" name="test_test_openai_pro_access_success" time="0.002" /><testcase classname="tests.test_test_pro_access_coverage.TestTestProAccessCoverage" name="test_test_openai_pro_access_error" time="0.001" /><testcase classname="tests.test_test_pro_access_coverage.TestTestProAccessCoverage" name="test_test_openai_pro_access_no_pro_models" time="0.002" /><testcase classname="tests.test_test_pro_access_coverage.TestTestProAccessCoverage" name="test_main_function_with_env_key" time="0.001" /><testcase classname="tests.test_test_pro_access_coverage.TestTestProAccessCoverage" name="test_main_function_with_input_key" time="0.001" /><testcase classname="tests.test_test_pro_access_coverage.TestTestProAccessCoverage" name="test_main_function_no_key" time="0.001" /><testcase classname="tests.test_test_pro_access_coverage.TestTestProAccessCoverage" name="test_main_function_success_output" time="0.001" /><testcase classname="tests.test_test_pro_access_coverage.TestTestProAccessCoverage" name="test_main_function_error_output" time="0.001" /><testcase classname="tests.test_test_pro_access_coverage.TestTestProAccessCoverage" name="test_pro_models_detection" time="0.002" /><testcase classname="tests.test_test_pro_access_coverage.TestTestProAccessCoverage" name="test_openai_client_initialization" time="0.001" /><testcase classname="tests.test_test_pro_access_coverage.TestTestProAccessCoverage" name="test_models_list_processing" time="0.001" /><testcase classname="tests.test_test_pro_access_coverage.TestTestProAccessCoverage" name="test_main_execution_mock" time="0.001" /><testcase classname="tests.test_test_pro_access_coverage.TestTestProAccessCoverage" name="test_api_key_validation" time="0.001" /><testcase classname="tests.test_test_pro_access_coverage.TestTestProAccessCoverage" name="test_main_execution_callable" time="0.001" /><testcase classname="tests.test_test_pro_access_coverage.TestTestProAccessCoverage" name="test_environment_variable_priority" time="0.001" /><testcase classname="tests.test_test_pro_access_coverage.TestTestProAccessCoverage" name="test_output_formatting" time="0.001" /><testcase classname="tests.test_time_utils" name="test_parse_iso8601_handles_naive_and_aware" time="0.001" /><testcase classname="tests.test_time_utils" name="test_to_timezone_converts_correctly" time="0.001" /><testcase classname="tests.test_time_utils" name="test_local_date_today_uses_timezone" time="0.002" /><testcase classname="tests.test_time_utils" name="test_isoformat_utc_returns_timezone" time="0.001" /><testcase classname="tests.test_time_utils" name="test_now_utc_is_timezone_aware" time="0.001" /><testcase classname="tests.test_ultimate_coverage_boost.TestUltimateCoverageBoost" name="test_ultimate_imports_1" time="0.001" /><testcase classname="tests.test_ultimate_coverage_boost.TestUltimateCoverageBoost" name="test_ultimate_imports_2" time="0.001" /><testcase classname="tests.test_ultimate_coverage_boost.TestUltimateCoverageBoost" name="test_ultimate_imports_3" time="0.001" /><testcase classname="tests.test_ultimate_coverage_boost.TestUltimateCoverageBoost" name="test_ultimate_imports_4" time="0.001" /><testcase classname="tests.test_ultimate_coverage_boost.TestUltimateCoverageBoost" name="test_ultimate_imports_5" time="0.001" /><testcase classname="tests.test_unified_db_advanced.TestUnifiedFoodDatabaseCommonFoods" name="test_get_common_foods_database_from_cache" time="0.011" /><testcase classname="tests.test_unified_db_advanced.TestUnifiedFoodDatabaseCommonFoods" name="test_get_common_foods_database_build_new" time="2.783" /><testcase classname="tests.test_unified_db_advanced.TestUnifiedFoodDatabaseCommonFoods" name="test_get_common_foods_database_cache_error" time="3.024" /><testcase classname="tests.test_unified_db_advanced.TestUnifiedFoodDatabaseCommonFoods" name="test_get_common_foods_database_search_error" time="0.013" /><testcase classname="tests.test_unified_db_advanced.TestUnifiedFoodDatabaseCommonFoods" name="test_get_common_foods_database_save_error" time="0.016" /><testcase classname="tests.test_unified_db_advanced.TestUnifiedFoodDatabaseEdgeCases" name="test_search_food_off_client_error" time="0.015" /><testcase classname="tests.test_unified_db_advanced.TestUnifiedFoodDatabaseEdgeCases" name="test_get_food_by_id_off_client_error" time="0.013" /><testcase classname="tests.test_unified_db_advanced.TestUnifiedFoodDatabaseEdgeCases" name="test_get_food_by_id_usda_not_found" time="0.013" /><testcase classname="tests.test_unified_db_advanced.TestUnifiedFoodDatabaseEdgeCases" name="test_get_food_by_id_off_not_found" time="0.012" /><testcase classname="tests.test_unified_db_advanced.TestUnifiedFoodDatabaseEdgeCases" name="test_save_cache_error_handling" time="0.009" /><testcase classname="tests.test_unified_db_advanced.TestUnifiedFoodDatabaseEdgeCases" name="test_cache_directory_creation_error" time="0.009" /><testcase classname="tests.test_unified_db_advanced.TestUnifiedFoodDatabaseEdgeCases" name="test_search_food_without_off_client" time="0.008" /><testcase classname="tests.test_unified_db_advanced.TestModuleConstants" name="test_off_available_constant" time="0.001" /><testcase classname="tests.test_unified_db_advanced.TestModuleConstants" name="test_off_client_symbol_exists" time="0.001" /><testcase classname="tests.test_unified_db_advanced.TestModuleConstants" name="test_module_level_imports" time="0.001" /><testcase classname="tests.test_unified_db_advanced.TestAsyncUtilities" name="test_search_foods_unified_max_results" time="0.003" /><testcase classname="tests.test_unified_db_advanced.TestAsyncUtilities" name="test_search_foods_unified_empty_results" time="0.002" /><testcase classname="tests.test_unified_db_advanced.TestAsyncUtilities" name="test_get_unified_food_db_existing_instance" time="0.011" /><testcase classname="tests.test_unified_db_basics.TestUnifiedFoodItemDataClass" name="test_unified_food_item_creation" time="0.001" /><testcase classname="tests.test_unified_db_basics.TestUnifiedFoodItemDataClass" name="test_unified_food_item_optional_category" time="0.001" /><testcase classname="tests.test_unified_db_basics.TestUnifiedFoodItemConversions" name="test_from_usda_item" time="0.001" /><testcase classname="tests.test_unified_db_basics.TestUnifiedFoodItemConversions" name="test_from_off_item" time="0.001" /><testcase classname="tests.test_unified_db_basics.TestUnifiedFoodItemConversions" name="test_from_off_item_no_categories" time="0.001" /><testcase classname="tests.test_unified_db_basics.TestUnifiedFoodItemConversions" name="test_to_menu_engine_format" time="0.001" /><testcase classname="tests.test_unified_db_basics.TestUnifiedFoodDatabaseBasics" name="test_database_initialization" time="0.005" /><testcase classname="tests.test_unified_db_basics.TestUnifiedFoodDatabaseBasics" name="test_database_initialization_no_cache_dir" time="0.008" /><testcase classname="tests.test_unified_db_basics.TestUnifiedFoodDatabaseBasics" name="test_get_cache_file" time="0.010" /><testcase classname="tests.test_unified_db_basics.TestUnifiedFoodDatabaseBasics" name="test_save_and_load_cache" time="0.017" /><testcase classname="tests.test_unified_db_basics.TestUnifiedFoodDatabaseBasics" name="test_load_cache_invalid_file" time="0.009" /><testcase classname="tests.test_unified_db_basics.TestUnifiedFoodDatabaseBasics" name="test_load_cache_nonexistent_file" time="0.008" /><testcase classname="tests.test_unified_db_basics.TestUnifiedFoodDatabaseSearch" name="test_search_food_usda_preferred" time="0.010" /><testcase classname="tests.test_unified_db_basics.TestUnifiedFoodDatabaseSearch" name="test_search_food_off_preferred" time="0.009" /><testcase classname="tests.test_unified_db_basics.TestUnifiedFoodDatabaseSearch" name="test_search_food_fallback_to_off" time="0.009" /><testcase classname="tests.test_unified_db_basics.TestUnifiedFoodDatabaseSearch" name="test_search_food_cached_result" time="0.010" /><testcase classname="tests.test_unified_db_basics.TestUnifiedFoodDatabaseSearch" name="test_search_food_no_results" time="0.010" /><testcase classname="tests.test_unified_db_basics.TestUnifiedFoodDatabaseGetById" name="test_get_food_by_id_usda" time="0.010" /><testcase classname="tests.test_unified_db_basics.TestUnifiedFoodDatabaseGetById" name="test_get_food_by_id_off" time="0.010" /><testcase classname="tests.test_unified_db_basics.TestUnifiedFoodDatabaseGetById" name="test_get_food_by_id_cached" time="0.012" /><testcase classname="tests.test_unified_db_basics.TestUnifiedFoodDatabaseGetById" name="test_get_food_by_id_invalid_usda_id" time="0.012" /><testcase classname="tests.test_unified_db_basics.TestUnifiedFoodDatabaseGetById" name="test_get_food_by_id_unknown_source" time="0.010" /><testcase classname="tests.test_unified_db_basics.TestUnifiedFoodDatabaseClose" name="test_close_database" time="0.013" /><testcase classname="tests.test_unified_db_basics.TestUnifiedFoodDatabaseClose" name="test_close_database_no_off_client" time="0.011" /><testcase classname="tests.test_unified_db_basics.TestUtilityFunctions" name="test_search_foods_unified" time="0.003" /><testcase classname="tests.test_unified_db_basics.TestUtilityFunctions" name="test_get_unified_food_db_new_instance" time="0.010" /><testcase classname="tests.test_unified_db_coverage.TestUnifiedDBCoverage" name="test_unified_db_error_handling_coverage" time="0.004" /><testcase classname="tests.test_unified_db_coverage.TestUnifiedDBCoverage" name="test_unified_db_cache_handling_coverage" time="0.013" /><testcase classname="tests.test_unified_db_coverage.TestUnifiedDBCoverage" name="test_unified_db_data_processing_coverage" time="0.009" /><testcase classname="tests.test_unified_db_coverage.TestUnifiedDBCoverage" name="test_unified_db_cleanup_coverage" time="0.008" /><testcase classname="tests.test_unified_db_edge_paths.TestUnifiedDbTargetedEdges" name="test_off_import_failure_branch" time="0.005" /><testcase classname="tests.test_unified_db_edge_paths.TestUnifiedDbTargetedEdges" name="test_search_food_memory_cache_hit" time="0.012" /><testcase classname="tests.test_unified_db_edge_paths.TestUnifiedDbTargetedEdges" name="test_get_by_id_invalid_usda_id" time="0.011" /><testcase classname="tests.test_unified_db_edge_paths.TestUnifiedDbTargetedEdges" name="test_get_by_id_memory_cache_hit" time="0.012" /><testcase classname="tests.test_unified_db_off_coverage" name="test_unified_db_search_uses_off_and_caches" time="0.008" /><testcase classname="tests.test_unified_db_off_coverage" name="test_unified_db_get_food_by_id_off_success" time="0.009" /><testcase classname="tests.test_units" name="test_iu_vitd_from_ug" time="0.001" /><testcase classname="tests.test_units" name="test_mg_from_ug" time="0.001" /><testcase classname="tests.test_units" name="test_mg_from_g" time="0.001" /><testcase classname="tests.test_update_api_key.TestUpdateAPIKey" name="test_validate_api_key_valid" time="0.001" /><testcase classname="tests.test_update_api_key.TestUpdateAPIKey" name="test_validate_api_key_invalid_prefix" time="0.001" /><testcase classname="tests.test_update_api_key.TestUpdateAPIKey" name="test_validate_api_key_too_short" time="0.001" /><testcase classname="tests.test_update_api_key.TestUpdateAPIKey" name="test_validate_api_key_too_long" time="0.001" /><testcase classname="tests.test_update_api_key.TestUpdateAPIKey" name="test_encrypt_value_no_encryption" time="0.001" /><testcase classname="tests.test_update_api_key.TestUpdateAPIKey" name="test_encrypt_value_with_encryption" time="0.002" /><testcase classname="tests.test_update_api_key.TestUpdateAPIKey" name="test_get_encryption_key_creates_new" time="0.002" /><testcase classname="tests.test_update_api_key.TestUpdateAPIKey" name="test_update_api_key_invalid_key" time="0.001" /><testcase classname="tests.test_update_api_key.TestUpdateAPIKey" name="test_update_api_key_fails_without_encryption" time="0.002" /><testcase classname="tests.test_update_api_key.TestUpdateAPIKey" name="test_update_api_key_simple_success" time="0.003" /><testcase classname="tests.test_update_api_key.TestUpdateAPIKey" name="test_update_api_key_updates_mcp_config" time="0.003" /><testcase classname="tests.test_update_api_key.TestUpdateAPIKey" name="test_update_api_key_updates_env_file" time="0.002" /><testcase classname="tests.test_update_api_key.TestUpdateAPIKey" name="test_update_api_key_handles_env_missing" time="0.003" /><testcase classname="tests.test_update_api_key.TestUpdateAPIKey" name="test_update_api_key_handles_env_file_absent" time="0.002" /><testcase classname="tests.test_update_api_key.TestUpdateAPIKey" name="test_update_api_key_creates_env_entry_when_missing" time="0.003" /><testcase classname="tests.test_update_api_key.TestUpdateAPIKey" name="test_update_api_key_writes_plaintext_to_settings_json" time="0.002" /><testcase classname="tests.test_update_api_key.TestUpdateAPIKey" name="test_update_api_key_updates_env_file_existing_key" time="0.003" /><testcase classname="tests.test_update_api_key.TestUpdateAPIKey" name="test_update_api_key_appends_env_key_when_missing" time="0.003" /><testcase classname="tests.test_update_api_key.TestUpdateAPIKey" name="test_update_api_key_creates_files_when_missing" time="0.002" /><testcase classname="tests.test_update_api_key.TestUpdateAPIKey" name="test_update_api_key_updates_settings_json" time="0.002" /><testcase classname="tests.test_update_api_key.TestUpdateAPIKey" name="test_update_api_key_encrypt_failure" time="0.002" /><testcase classname="tests.test_update_api_key.TestUpdateAPIKey" name="test_update_api_key_encryption_prefix_validation" time="0.002" /><testcase classname="tests.test_update_api_key.TestUpdateAPIKey" name="test_update_api_key_invalid_env_line" time="0.002" /><testcase classname="tests.test_update_api_key.TestUpdateAPIKey" name="test_update_api_key_skips_blank_env_lines" time="0.002" /><testcase classname="tests.test_update_api_key.TestUpdateAPIKey" name="test_main_success_path" time="0.002" /><testcase classname="tests.test_update_api_key.TestUpdateAPIKey" name="test_main_empty_input" time="0.001" /><testcase classname="tests.test_update_api_key.TestUpdateAPIKey" name="test_main_encryption_unavailable" time="0.001" /><testcase classname="tests.test_update_api_key.TestUpdateAPIKey" name="test_main_update_failure" time="0.001" /><testcase classname="tests.test_update_manager_advanced.TestDatabaseUpdateManagerAdditionalCoverage" name="test_save_versions_with_error" time="0.003" /><testcase classname="tests.test_update_manager_advanced.TestDatabaseUpdateManagerAdditionalCoverage" name="test_create_backup_success" time="0.005" /><testcase classname="tests.test_update_manager_advanced.TestDatabaseUpdateManagerAdditionalCoverage" name="test_create_backup_with_error" time="0.004" /><testcase classname="tests.test_update_manager_advanced.TestDatabaseUpdateManagerAdditionalCoverage" name="test_load_backup_success" time="0.004" /><testcase classname="tests.test_update_manager_advanced.TestDatabaseUpdateManagerAdditionalCoverage" name="test_cleanup_old_backups" time="0.005" /><testcase classname="tests.test_update_manager_advanced.TestDatabaseUpdateManagerAdditionalCoverage" name="test_cleanup_old_backups_with_error" time="0.005" /><testcase classname="tests.test_update_manager_advanced.TestDatabaseUpdateManagerAdditionalCoverage" name="test_rollback_database_success" time="0.004" /><testcase classname="tests.test_update_manager_advanced.TestDatabaseUpdateManagerAdditionalCoverage" name="test_rollback_database_with_error" time="0.004" /><testcase classname="tests.test_update_manager_advanced.TestDatabaseUpdateManagerAdditionalCoverage" name="test_check_for_updates_without_off_client" time="0.004" /><testcase classname="tests.test_update_manager_advanced.TestDatabaseUpdateManagerAdditionalCoverage" name="test_update_database_with_callback_error" time="0.003" /><testcase classname="tests.test_update_manager_advanced.TestDatabaseUpdateManagerAdditionalCoverage" name="test_update_database_off_source" time="0.714" /><testcase classname="tests.test_update_manager_advanced.TestDatabaseUpdateManagerAdditionalCoverage" name="test_update_database_off_not_available" time="0.004" /><testcase classname="tests.test_update_manager_advanced.TestEdgeCasesAndErrorHandling" name="test_initialization_with_off_not_available" time="0.003" /><testcase classname="tests.test_update_manager_advanced.TestEdgeCasesAndErrorHandling" name="test_load_versions_permission_error" time="0.003" /><testcase classname="tests.test_update_manager_advanced.TestEdgeCasesAndErrorHandling" name="test_validate_food_data_with_empty_source" time="0.004" /><testcase classname="tests.test_update_manager_advanced.TestAsyncMethods" name="test_check_off_updates_recent_update" time="0.005" /><testcase classname="tests.test_update_manager_advanced.TestAsyncMethods" name="test_check_off_updates_old_update" time="0.004" /><testcase classname="tests.test_update_manager_advanced.TestAsyncMethods" name="test_update_usda_database_no_force_no_change" time="0.005" /><testcase classname="tests.test_update_manager_advanced.TestUtilityMethods" name="test_generate_food_key_edge_cases" time="0.002" /><testcase classname="tests.test_update_manager_basics.TestDatabaseVersion" name="test_database_version_creation" time="0.001" /><testcase classname="tests.test_update_manager_basics.TestUpdateResult" name="test_update_result_creation" time="0.001" /><testcase classname="tests.test_update_manager_basics.TestDatabaseUpdateManagerBasics" name="test_manager_initialization" time="0.002" /><testcase classname="tests.test_update_manager_basics.TestDatabaseUpdateManagerBasics" name="test_load_versions_empty_file" time="0.003" /><testcase classname="tests.test_update_manager_basics.TestDatabaseUpdateManagerBasics" name="test_load_versions_with_data" time="0.004" /><testcase classname="tests.test_update_manager_basics.TestDatabaseUpdateManagerBasics" name="test_load_versions_with_invalid_json" time="0.003" /><testcase classname="tests.test_update_manager_basics.TestDatabaseUpdateManagerBasics" name="test_save_versions" time="0.003" /><testcase classname="tests.test_update_manager_basics.TestDatabaseUpdateManagerBasics" name="test_calculate_checksum" time="0.002" /><testcase classname="tests.test_update_manager_basics.TestDatabaseUpdateManagerBasics" name="test_generate_food_key" time="0.002" /><testcase classname="tests.test_update_manager_basics.TestDatabaseUpdateManagerBasics" name="test_add_update_callback" time="0.002" /><testcase classname="tests.test_update_manager_basics.TestDatabaseUpdateManagerBasics" name="test_get_database_status_empty" time="0.002" /><testcase classname="tests.test_update_manager_basics.TestDatabaseUpdateManagerBasics" name="test_get_database_status_with_data" time="0.002" /><testcase classname="tests.test_update_manager_basics.TestDatabaseUpdateManagerAsync" name="test_check_usda_updates_no_current_version" time="0.004" /><testcase classname="tests.test_update_manager_basics.TestDatabaseUpdateManagerAsync" name="test_check_usda_updates_recent_update" time="0.005" /><testcase classname="tests.test_update_manager_basics.TestDatabaseUpdateManagerAsync" name="test_check_usda_updates_old_update" time="0.003" /><testcase classname="tests.test_update_manager_basics.TestDatabaseUpdateManagerAsync" name="test_check_off_updates_no_current_version" time="0.003" /><testcase classname="tests.test_update_manager_basics.TestDatabaseUpdateManagerAsync" name="test_check_for_updates_success" time="0.003" /><testcase classname="tests.test_update_manager_basics.TestDatabaseUpdateManagerAsync" name="test_check_for_updates_with_errors" time="0.005" /><testcase classname="tests.test_update_manager_basics.TestDatabaseUpdateManagerAsync" name="test_update_database_unknown_source" time="0.004" /><testcase classname="tests.test_update_manager_basics.TestDatabaseUpdateManagerAsync" name="test_close" time="0.006" /><testcase classname="tests.test_update_manager_basics.TestScheduledUpdate" name="test_run_scheduled_update_no_updates" time="0.004" /><testcase classname="tests.test_update_manager_basics.TestScheduledUpdate" name="test_run_scheduled_update_with_updates" time="0.003" /><testcase classname="tests.test_update_manager_basics.TestValidateData" name="test_validate_food_data_valid" time="0.004" /><testcase classname="tests.test_update_manager_basics.TestValidateData" name="test_validate_food_data_missing_name" time="0.004" /><testcase classname="tests.test_update_manager_basics.TestValidateData" name="test_validate_food_data_missing_nutrients" time="0.004" /><testcase classname="tests.test_update_manager_basics.TestValidateData" name="test_validate_food_data_negative_values" time="0.004" /><testcase classname="tests.test_update_manager_basics.TestValidateData" name="test_validate_food_data_unrealistic_values" time="0.005" /><testcase classname="tests.test_update_manager_coverage_97.TestDatabaseUpdateManagerCoverage97" name="test_path_wrapper_truediv_behaviour" time="0.017" /><testcase classname="tests.test_update_manager_coverage_97.TestDatabaseUpdateManagerCoverage97" name="test_path_wrapper_fspath_behaviour" time="0.016" /><testcase classname="tests.test_update_manager_coverage_97.TestDatabaseUpdateManagerCoverage97" name="test_path_wrapper_str_behaviour" time="0.017" /><testcase classname="tests.test_update_manager_coverage_97.TestDatabaseUpdateManagerCoverage97" name="test_database_update_manager_initialization_handles_dependency_errors[side_effects0-None-None]" time="0.002" /><testcase classname="tests.test_update_manager_coverage_97.TestDatabaseUpdateManagerCoverage97" name="test_database_update_manager_initialization_handles_dependency_errors[side_effects1-RuntimeError-USDA init failed]" time="0.003" /><testcase classname="tests.test_update_manager_coverage_97.TestDatabaseUpdateManagerCoverage97" name="test_database_update_manager_initialization_handles_dependency_errors[side_effects2-ValueError-OFF client unavailable]" time="0.003" /><testcase classname="tests.test_update_manager_coverage_97.TestDatabaseUpdateManagerCoverage97" name="test_database_update_manager_initialization_handles_dependency_errors[side_effects3-OSError-Cache directory not writable]" time="0.003" /><testcase classname="tests.test_update_manager_endpoints.TestUpdateManagerEndpoints" name="test_check_updates_success" time="0.006" /><testcase classname="tests.test_update_manager_endpoints.TestUpdateManagerEndpoints" name="test_check_updates_failure" time="0.005" /><testcase classname="tests.test_update_manager_endpoints.TestUpdateManagerEndpoints" name="test_rollback_success" time="0.006" /><testcase classname="tests.test_update_manager_endpoints.TestUpdateManagerEndpoints" name="test_rollback_failure" time="0.005" /><testcase classname="tests.test_update_manager_endpoints.TestUpdateManagerEndpoints" name="test_rollback_exception" time="0.006" /><testcase classname="tests.test_update_manager_endpoints.TestUpdateManagerEndpoints" name="test_check_updates_no_api_key" time="0.004" /><testcase classname="tests.test_update_manager_endpoints.TestUpdateManagerEndpoints" name="test_rollback_no_api_key" time="0.004" /><testcase classname="tests.test_update_manager_endpoints.TestUpdateManagerDirectCoverage" name="test_database_update_manager_error_paths" time="0.032" /><testcase classname="tests.test_update_manager_endpoints.TestUpdateManagerDirectCoverage" name="test_database_version_comparison_error_handling" time="0.001" /><testcase classname="tests.test_update_manager_endpoints.TestUpdateManagerDirectCoverage" name="test_update_manager_file_operations" time="0.034" /><testcase classname="tests.test_update_manager_endpoints.TestUpdateManagerDirectCoverage" name="test_update_manager_checksum_validation" time="0.019" /><testcase classname="tests.test_update_manager_endpoints.TestUpdateManagerDirectCoverage" name="test_update_manager_concurrent_operations" time="0.017" /><testcase classname="tests.test_update_manager_endpoints.TestUpdateManagerDirectCoverage" name="test_update_manager_status_reporting" time="0.018" /><testcase classname="tests.test_update_manager_endpoints.TestUpdateManagerDirectCoverage" name="test_update_manager_import_coverage" time="0.001" /><testcase classname="tests.test_update_manager_endpoints.TestUpdateManagerDirectCoverage" name="test_callback_system" time="0.020" /><testcase classname="tests.test_update_manager_fixed.TestUpdateManagerFixed" name="test_database_version_creation" time="0.003" /><testcase classname="tests.test_update_manager_fixed.TestUpdateManagerFixed" name="test_database_version_comparison" time="0.001" /><testcase classname="tests.test_update_manager_fixed.TestUpdateManagerFixed" name="test_check_usda_updates_interval_passed" time="0.018" /><testcase classname="tests.test_update_manager_fixed.TestUpdateManagerFixed" name="test_check_usda_updates_interval_not_passed" time="0.019" /><testcase classname="tests.test_update_manager_fixed.TestUpdateManagerFixed" name="test_update_manager_endpoints_auth" time="0.013" /><testcase classname="tests.test_update_manager_fixed.TestUpdateManagerFixed" name="test_update_manager_endpoints_with_auth" time="0.005" /><testcase classname="tests.test_update_manager_fixed.TestUpdateManagerFixed" name="test_update_manager_initialization" time="0.000"><skipped type="pytest.skip" message="Update manager path attribute issues">/Users/katsiaryna_kavaleuskaya/Developer/BMI-App_2025_clean/tests/test_update_manager_fixed.py:129: Update manager path attribute issues</skipped></testcase><testcase classname="tests.test_update_manager_fixed.TestUpdateManagerFixed" name="test_database_version_serialization" time="0.001" /><testcase classname="tests.test_update_manager_fixed.TestUpdateManagerFixed" name="test_update_manager_error_handling" time="0.017" /><testcase classname="tests.test_update_manager_new_coverage.TestUpdateManagerNewCoverage" name="test_sqlite_checksum_calculation" time="0.005" /><testcase classname="tests.test_update_manager_new_coverage.TestUpdateManagerNewCoverage" name="test_csv_file_processing" time="0.004" /><testcase classname="tests.test_update_manager_new_coverage.TestUpdateManagerNewCoverage" name="test_tsv_file_processing" time="0.007" /><testcase classname="tests.test_update_manager_new_coverage.TestUpdateManagerNewCoverage" name="test_export_csv_processing" time="0.005" /><testcase classname="tests.test_update_manager_new_coverage.TestUpdateManagerNewCoverage" name="test_off_csv_processing" time="0.004" /><testcase classname="tests.test_update_manager_new_coverage.TestUpdateManagerNewCoverage" name="test_products_csv_processing" time="0.005" /><testcase classname="tests.test_update_manager_new_coverage.TestUpdateManagerNewCoverage" name="test_jsonl_file_processing" time="0.003" /><testcase classname="tests.test_update_manager_new_coverage.TestUpdateManagerNewCoverage" name="test_ndjson_file_processing" time="0.004" /><testcase classname="tests.test_update_manager_new_coverage.TestUpdateManagerNewCoverage" name="test_openfoodfacts_jsonl_processing" time="0.004" /><testcase classname="tests.test_update_manager_new_coverage.TestUpdateManagerNewCoverage" name="test_off_jsonl_processing" time="0.004" /><testcase classname="tests.test_update_manager_new_coverage.TestUpdateManagerNewCoverage" name="test_unicode_encode_error_handling" time="0.004" /><testcase classname="tests.test_update_manager_new_coverage.TestUpdateManagerNewCoverage" name="test_json_decode_error_handling" time="0.004" /><testcase classname="tests.test_update_manager_new_coverage.TestUpdateManagerNewCoverage" name="test_csv_reader_error_handling" time="0.004" /><testcase classname="tests.test_update_manager_new_coverage.TestUpdateManagerNewCoverage" name="test_file_not_found_handling" time="0.006" /><testcase classname="tests.test_update_manager_new_coverage.TestUpdateManagerNewCoverage" name="test_hashlib_import_coverage" time="0.002" /><testcase classname="tests.test_update_manager_new_coverage.TestUpdateManagerNewCoverage" name="test_csv_import_coverage" time="0.003" /><testcase classname="tests.test_update_manager_new_coverage.TestUpdateManagerNewCoverage" name="test_sqlite3_import_coverage" time="0.002" /><testcase classname="tests.test_update_manager_new_coverage.TestUpdateManagerNewCoverage" name="test_path_glob_patterns" time="0.003" /><testcase classname="tests.test_update_manager_new_coverage.TestUpdateManagerNewCoverage" name="test_cache_data_structure" time="0.005" /><testcase classname="tests.test_users_api" name="test_create_and_get_user" time="0.023" /><testcase classname="tests.test_users_api" name="test_list_users_pagination" time="0.019" /><testcase classname="tests.test_users_api" name="test_create_user_conflict" time="0.013" /><testcase classname="tests.test_users_api" name="test_get_user_not_found" time="0.008" /><testcase classname="tests.test_users_api" name="test_delete_user_success_and_not_found" time="0.014" /><testcase classname="tests.test_users_api" name="test_create_user_validation_error" time="0.008" /><testcase classname="tests.test_utils_coverage.TestUtilsCoverage" name="test_resolve_attr_exception_during_mock_detection" time="0.001" /><testcase classname="tests.test_utils_coverage.TestUtilsCoverage" name="test_resolve_attr_exception_during_getattr" time="0.001" /><testcase classname="tests.test_utils_coverage.TestUtilsCoverage" name="test_resolve_attr_no_matching_candidates" time="0.001" /><testcase classname="tests.test_utils_coverage.TestUtilsCoverage" name="test_resolve_attr_mock_detection_with_real_module" time="0.001" /><testcase classname="tests.test_utils_coverage.TestUtilsCoverage" name="test_resolve_attr_with_empty_candidates" time="0.001" /><testcase classname="tests.test_utils_coverage.TestUtilsCoverage" name="test_resolve_attr_with_none_candidates" time="0.001" /><testcase classname="tests.test_utils_extra.TestGetActivityFactor" name="test_standard_activity_levels" time="0.001" /><testcase classname="tests.test_utils_extra.TestGetActivityFactor" name="test_unknown_activity_defaults_to_moderate" time="0.001" /><testcase classname="tests.test_utils_extra.TestGetActivityFactor" name="test_none_input_converted_to_string" time="0.001" /><testcase classname="tests.test_utils_extra.TestGetActivityFactor" name="test_numeric_input_converted_to_string" time="0.001" /><testcase classname="tests.test_utils_extra.TestGetActivityFactor" name="test_case_sensitivity" time="0.001" /><testcase classname="tests.test_utils_extra.TestGetActivityFactor" name="test_whitespace_handling" time="0.001" /><testcase classname="tests.test_utils_extra.TestGetActivityFactor" name="test_alternative_spellings" time="0.001" /><testcase classname="tests.test_utils_extra.TestGetActivityFactor" name="test_boundary_cases" time="0.001" /><testcase classname="tests.test_utils_extra.TestResolveAttr" name="test_resolve_attr_with_default_candidates" time="0.001" /><testcase classname="tests.test_utils_extra.TestResolveAttr" name="test_resolve_attr_fallback_to_default" time="0.001" /><testcase classname="tests.test_utils_extra.TestResolveAttr" name="test_resolve_attr_with_custom_candidates" time="0.001" /><testcase classname="tests.test_utils_extra.TestResolveAttr" name="test_resolve_attr_with_string_module_names" time="0.001" /><testcase classname="tests.test_utils_extra.TestResolveAttr" name="test_resolve_attr_invalid_string_module_name" time="0.001" /><testcase classname="tests.test_utils_extra.TestResolveAttr" name="test_resolve_attr_none_candidates_in_list" time="0.001" /><testcase classname="tests.test_utils_extra.TestResolveAttr" name="test_resolve_attr_exception_handling" time="0.001" /><testcase classname="tests.test_utils_extra.TestResolveAttr" name="test_resolve_attr_first_match_wins" time="0.001" /><testcase classname="tests.test_utils_extra.TestResolveAttr" name="test_resolve_attr_mixed_candidate_types" time="0.001" /><testcase classname="tests.test_utils_extra.TestResolveAttr" name="test_resolve_attr_empty_candidates_list" time="0.001" /><testcase classname="tests.test_utils_extra.TestResolveAttr" name="test_resolve_attr_with_falsy_attribute_values" time="0.001" /><testcase classname="tests.test_utils_extra.TestResolveAttr" name="test_resolve_attr_with_nested_attributes" time="0.001" /><testcase classname="tests.test_utils_extra.TestResolveAttr" name="test_resolve_attr_attribute_priority" time="0.001" /><testcase classname="tests.test_utils_extra.TestResolveAttr" name="test_resolve_attr_callable_attributes" time="0.001" /><testcase classname="tests.test_verify_requirements.TestVerifyRequirements" name="test_parse_requirements_empty_file" time="0.002" /><testcase classname="tests.test_verify_requirements.TestVerifyRequirements" name="test_parse_requirements_nonexistent_file" time="0.001" /><testcase classname="tests.test_verify_requirements.TestVerifyRequirements" name="test_parse_requirements_with_packages" time="0.003" /><testcase classname="tests.test_verify_requirements.TestVerifyRequirements" name="test_parse_requirements_skip_comments" time="0.002" /><testcase classname="tests.test_verify_requirements.TestVerifyRequirements" name="test_parse_requirements_skip_empty_lines" time="0.001" /><testcase classname="tests.test_verify_requirements.TestVerifyRequirements" name="test_parse_requirements_skip_r_references" time="0.001" /><testcase classname="tests.test_verify_requirements.TestVerifyRequirements" name="test_parse_requirements_with_extras" time="0.001" /><testcase classname="tests.test_verify_requirements.TestVerifyRequirements" name="test_parse_requirements_case_insensitive" time="0.001" /><testcase classname="tests.test_verify_requirements.TestVerifyRequirements" name="test_parse_requirements_with_version_specifiers" time="0.001" /><testcase classname="tests.test_verify_requirements.TestVerifyRequirements" name="test_main_consistent_requirements" time="0.002" /><testcase classname="tests.test_verify_requirements.TestVerifyRequirements" name="test_main_inconsistent_requirements_dev" time="0.003" /><testcase classname="tests.test_verify_requirements.TestVerifyRequirements" name="test_main_inconsistent_requirements_all" time="0.002" /><testcase classname="tests.test_verify_requirements.TestVerifyRequirements" name="test_main_missing_files" time="0.001" /><testcase classname="tests.test_verify_requirements.TestVerifyRequirements" name="test_parse_requirements_with_hyphens_underscores" time="0.001" /><testcase classname="tests.test_vip_anonymous_api_key_safety.TestVIPAnonymousAPIKeySafety" name="test_production_mode_rejects_anonymous_access" time="0.005" /><testcase classname="tests.test_vip_anonymous_api_key_safety.TestVIPAnonymousAPIKeySafety" name="test_production_mode_with_explicit_anonymous_allowed" time="0.005" /><testcase classname="tests.test_vip_anonymous_api_key_safety.TestVIPAnonymousAPIKeySafety" name="test_staging_mode_rejects_anonymous_access" time="0.005" /><testcase classname="tests.test_vip_anonymous_api_key_safety.TestVIPAnonymousAPIKeySafety" name="test_debug_false_rejects_anonymous_access" time="0.005" /><testcase classname="tests.test_vip_anonymous_api_key_safety.TestVIPAnonymousAPIKeySafety" name="test_development_mode_allows_anonymous_access" time="0.006" /><testcase classname="tests.test_vip_anonymous_api_key_safety.TestVIPAnonymousAPIKeySafety" name="test_local_mode_allows_anonymous_access" time="0.005" /><testcase classname="tests.test_vip_anonymous_api_key_safety.TestVIPAnonymousAPIKeySafety" name="test_test_mode_allows_anonymous_access" time="0.006" /><testcase classname="tests.test_vip_anonymous_api_key_safety.TestVIPAnonymousAPIKeySafety" name="test_explicit_anonymous_disabled_in_development" time="0.006" /><testcase classname="tests.test_vip_anonymous_api_key_safety.TestVIPAnonymousAPIKeySafety" name="test_production_mode_logs_error" time="0.006" /><testcase classname="tests.test_vip_anonymous_api_key_safety.TestVIPAnonymousAPIKeySafety" name="test_anonymous_allowed_logs_warning" time="0.005" /><testcase classname="tests.test_vip_anonymous_api_key_safety.TestVIPAnonymousAPIKeySafety" name="test_development_mode_logs_info" time="0.005" /><testcase classname="tests.test_vip_anonymous_api_key_safety.TestVIPAnonymousAPIKeySafety" name="test_production_with_valid_api_key_works" time="0.008" /><testcase classname="tests.test_vip_anonymous_api_key_safety.TestVIPAnonymousAPIKeySafety" name="test_production_with_invalid_api_key_rejects" time="0.005" /><testcase classname="tests.test_vip_anonymous_api_key_safety.TestVIPAnonymousAPIKeySafety" name="test_environment_variable_defaults" time="0.006" /><testcase classname="tests.test_vip_api" name="test_vip_health" time="0.006" /><testcase classname="tests.test_vip_api" name="test_vip_weekly_plan_echo" time="0.009" /><testcase classname="tests.test_vip_api" name="test_vip_weekly_repair_echo" time="0.005" /><testcase classname="tests.test_vip_api" name="test_vip_module_enabled" time="0.005" /><testcase classname="tests.test_vip_api" name="test_vip_shoplist_weekly" time="0.006" /><testcase classname="tests.test_vip_api" name="test_vip_shoplist_daily" time="0.006" /><testcase classname="tests.test_vip_api" name="test_vip_shoplist_formats" time="0.006" /><testcase classname="tests.test_vip_api" name="test_vip_regions" time="0.005" /><testcase classname="tests.test_vip_api" name="test_vip_region_search" time="0.006" /><testcase classname="tests.test_vip_api" name="test_vip_region_categories" time="0.006" /><testcase classname="tests.test_vip_api" name="test_vip_region_stores" time="0.021" /><testcase classname="tests.test_vip_api" name="test_vip_region_price_comparison" time="0.011" /><testcase classname="tests.test_vip_api" name="test_vip_recipe_synthesize" time="0.009" /><testcase classname="tests.test_vip_api" name="test_vip_recipe_weekly" time="0.011" /><testcase classname="tests.test_vip_api" name="test_vip_recipe_templates" time="0.017" /><testcase classname="tests.test_vip_api" name="test_vip_auto_repair_weekly" time="0.017" /><testcase classname="tests.test_vip_api" name="test_vip_auto_repair_suggestions" time="0.009" /><testcase classname="tests.test_vip_api" name="test_vip_auto_repair_strategies" time="0.008" /><testcase classname="tests.test_vip_api_key_validation_coverage.TestVIPAPIKeyValidationCoverage" name="test_vip_api_key_validation_missing_key_coverage" time="0.007" /><testcase classname="tests.test_vip_api_key_validation_coverage.TestVIPAPIKeyValidationCoverage" name="test_vip_api_key_validation_invalid_key_coverage" time="0.008" /><testcase classname="tests.test_vip_api_key_validation_coverage.TestVIPAPIKeyValidationCoverage" name="test_vip_api_key_validation_production_coverage" time="0.015" /><testcase classname="tests.test_vip_api_key_validation_coverage.TestVIPAPIKeyValidationCoverage" name="test_vip_api_key_validation_test_mode_coverage" time="0.010" /><testcase classname="tests.test_vip_api_key_validation_coverage.TestVIPAPIKeyValidationCoverage" name="test_vip_api_key_validation_recipes_coverage" time="0.010" /><testcase classname="tests.test_vip_api_key_validation_coverage.TestVIPAPIKeyValidationCoverage" name="test_vip_api_key_validation_auto_repair_coverage" time="0.020" /><testcase classname="tests.test_vip_api_key_validation_coverage.TestVIPAPIKeyValidationCoverage" name="test_vip_api_key_validation_shoplist_coverage" time="0.015" /><testcase classname="tests.test_vip_api_key_validation_coverage.TestVIPAPIKeyValidationCoverage" name="test_vip_api_key_validation_region_catalog_coverage" time="0.015" /><testcase classname="tests.test_vip_api_key_validation_coverage.TestVIPAPIKeyValidationCoverage" name="test_vip_api_key_validation_product_search_coverage" time="0.009" /><testcase classname="tests.test_vip_api_key_validation_coverage.TestVIPAPIKeyValidationCoverage" name="test_vip_api_key_validation_comprehensive_coverage" time="0.236" /><testcase classname="tests.test_vip_api_key_validation_coverage.TestVIPAPIKeyValidationCoverage" name="test_vip_api_key_validation_environment_switching_coverage" time="0.033" /><testcase classname="tests.test_vip_api_key_validation_coverage.TestVIPAPIKeyValidationCoverage" name="test_vip_api_key_validation_error_handling_coverage" time="0.010" /><testcase classname="tests.test_vip_api_key_validation_coverage.TestVIPAPIKeyValidationCoverage" name="test_vip_api_key_validation_security_coverage" time="0.015" /><testcase classname="tests.test_vip_api_key_validation_coverage.TestVIPAPIKeyValidationCoverage" name="test_vip_api_key_validation_logging_coverage" time="0.010" /><testcase classname="tests.test_vip_api_key_validation_coverage.TestVIPAPIKeyValidationCoverage" name="test_vip_api_key_validation_metrics_coverage" time="0.011" /><testcase classname="tests.test_vip_api_key_validation_coverage.TestVIPAPIKeyValidationCoverage" name="test_vip_api_key_validation_validation_error_coverage" time="0.008" /><testcase classname="tests.test_vip_api_key_validation_coverage.TestVIPAPIKeyValidationCoverage" name="test_vip_api_key_validation_success_response_coverage" time="0.010" /><testcase classname="tests.test_vip_auto_repair_coverage.TestVIPAutoRepairCoverage" name="test_vip_auto_repair_basic_coverage" time="0.007" /><testcase classname="tests.test_vip_auto_repair_coverage.TestVIPAutoRepairCoverage" name="test_vip_auto_repair_success_coverage" time="0.007" /><testcase classname="tests.test_vip_auto_repair_coverage.TestVIPAutoRepairCoverage" name="test_vip_auto_repair_error_coverage" time="0.007" /><testcase classname="tests.test_vip_auto_repair_coverage.TestVIPAutoRepairCoverage" name="test_vip_auto_repair_week_plan_coverage" time="0.015" /><testcase classname="tests.test_vip_auto_repair_coverage.TestVIPAutoRepairCoverage" name="test_vip_auto_repair_issues_coverage" time="0.040" /><testcase classname="tests.test_vip_auto_repair_coverage.TestVIPAutoRepairCoverage" name="test_vip_auto_repair_repair_options_coverage" time="0.038" /><testcase classname="tests.test_vip_auto_repair_coverage.TestVIPAutoRepairCoverage" name="test_vip_auto_repair_validation_coverage" time="0.021" /><testcase classname="tests.test_vip_auto_repair_coverage.TestVIPAutoRepairCoverage" name="test_vip_auto_repair_comprehensive_coverage" time="0.009" /><testcase classname="tests.test_vip_auto_repair_coverage.TestVIPAutoRepairCoverage" name="test_vip_auto_repair_api_key_coverage" time="0.019" /><testcase classname="tests.test_vip_auto_repair_coverage.TestVIPAutoRepairCoverage" name="test_vip_auto_repair_environment_coverage" time="0.008" /><testcase classname="tests.test_vip_auto_repair_coverage.TestVIPAutoRepairCoverage" name="test_vip_auto_repair_response_coverage" time="0.007" /><testcase classname="tests.test_vip_auto_repair_coverage.TestVIPAutoRepairCoverage" name="test_vip_auto_repair_logging_coverage" time="0.006" /><testcase classname="tests.test_vip_auto_repair_coverage.TestVIPAutoRepairCoverage" name="test_vip_auto_repair_metrics_coverage" time="0.007" /><testcase classname="tests.test_vip_auto_repair_coverage.TestVIPAutoRepairCoverage" name="test_vip_auto_repair_error_handling_coverage" time="0.006" /><testcase classname="tests.test_vip_auto_repair_coverage.TestVIPAutoRepairCoverage" name="test_vip_auto_repair_security_coverage" time="0.006" /><testcase classname="tests.test_vip_coverage_97_clean.TestVIPCoverage97Clean" name="test_vip_import_fallback_coverage_lines_55_74" time="0.001" /><testcase classname="tests.test_vip_coverage_97_clean.TestVIPCoverage97Clean" name="test_vip_safe_call_with_adapter_errors" time="0.002" /><testcase classname="tests.test_vip_coverage_97_clean.TestVIPCoverage97Clean" name="test_vip_weekly_menu_plan_coverage_lines_173_180" time="0.013" /><testcase classname="tests.test_vip_coverage_97_clean.TestVIPCoverage97Clean" name="test_vip_weekly_menu_plan_error_coverage_lines_189_191" time="0.006" /><testcase classname="tests.test_vip_coverage_97_clean.TestVIPCoverage97Clean" name="test_vip_shoplist_weekly_coverage_lines_219_259" time="0.006" /><testcase classname="tests.test_vip_coverage_97_clean.TestVIPCoverage97Clean" name="test_vip_shoplist_daily_coverage_lines_315_316" time="0.006" /><testcase classname="tests.test_vip_coverage_97_clean.TestVIPCoverage97Clean" name="test_vip_shoplist_formats_coverage_lines_350_361_362" time="0.005" /><testcase classname="tests.test_vip_coverage_97_clean.TestVIPCoverage97Clean" name="test_vip_regions_coverage_lines_421_422_449" time="0.006" /><testcase classname="tests.test_vip_coverage_97_clean.TestVIPCoverage97Clean" name="test_vip_region_search_coverage_lines_485_486" time="0.009" /><testcase classname="tests.test_vip_coverage_97_clean.TestVIPCoverage97Clean" name="test_vip_region_categories_coverage_line_508" time="0.008" /><testcase classname="tests.test_vip_coverage_97_clean.TestVIPCoverage97Clean" name="test_vip_region_stores_coverage_lines_525_526" time="0.006" /><testcase classname="tests.test_vip_coverage_97_clean.TestVIPCoverage97Clean" name="test_vip_price_comparison_coverage_line_547" time="0.006" /><testcase classname="tests.test_vip_coverage_97_clean.TestVIPCoverage97Clean" name="test_vip_recipe_templates_coverage_lines_564_565_587" time="0.006" /><testcase classname="tests.test_vip_coverage_97_clean.TestVIPCoverage97Clean" name="test_vip_auto_repair_coverage_lines_623_624_681" time="0.005" /><testcase classname="tests.test_vip_coverage_97_clean.TestVIPCoverage97Clean" name="test_vip_auto_repair_strategies_coverage_lines_695_702_716" time="0.007" /><testcase classname="tests.test_vip_coverage_97_clean.TestVIPCoverage97Clean" name="test_vip_weekly_recipes_coverage_lines_721_725_738_739_758" time="0.007" /><testcase classname="tests.test_vip_coverage_97_clean.TestVIPCoverage97Clean" name="test_vip_recipe_synthesis_coverage_lines_788_789_809" time="0.006" /><testcase classname="tests.test_vip_coverage_97_clean.TestVIPCoverage97Clean" name="test_vip_weekly_plan_coverage_lines_829_832_835" time="0.006" /><testcase classname="tests.test_vip_coverage_97_clean.TestVIPCoverage97Clean" name="test_vip_menu_repair_coverage_lines_907_941_942" time="0.007" /><testcase classname="tests.test_vip_coverage_97_final.TestVIPCoverage97Final" name="test_vip_import_fallback_coverage_lines_54_73" time="0.001" /><testcase classname="tests.test_vip_coverage_97_final.TestVIPCoverage97Final" name="test_vip_safe_call_with_adapter_missing" time="0.001" /><testcase classname="tests.test_vip_coverage_97_final.TestVIPCoverage97Final" name="test_vip_weekly_menu_plan_coverage_lines_188_190" time="0.006" /><testcase classname="tests.test_vip_coverage_97_final.TestVIPCoverage97Final" name="test_vip_shoplist_weekly_coverage_lines_217_254" time="0.006" /><testcase classname="tests.test_vip_coverage_97_final.TestVIPCoverage97Final" name="test_vip_shoplist_daily_coverage_lines_293_300" time="0.006" /><testcase classname="tests.test_vip_coverage_97_final.TestVIPCoverage97Final" name="test_vip_shoplist_formats_coverage_lines_304_348" time="0.007" /><testcase classname="tests.test_vip_coverage_97_final.TestVIPCoverage97Final" name="test_vip_regions_coverage_lines_355_365" time="0.005" /><testcase classname="tests.test_vip_coverage_97_final.TestVIPCoverage97Final" name="test_vip_region_search_coverage_lines_391_429" time="0.006" /><testcase classname="tests.test_vip_coverage_97_final.TestVIPCoverage97Final" name="test_vip_region_categories_coverage_lines_457_469" time="0.006" /><testcase classname="tests.test_vip_coverage_97_final.TestVIPCoverage97Final" name="test_vip_region_stores_coverage_lines_471_483" time="0.007" /><testcase classname="tests.test_vip_coverage_97_final.TestVIPCoverage97Final" name="test_vip_price_comparison_coverage_lines_489_508" time="0.006" /><testcase classname="tests.test_vip_coverage_97_final.TestVIPCoverage97Final" name="test_vip_recipe_templates_coverage_lines_507_508" time="0.005" /><testcase classname="tests.test_vip_coverage_97_final.TestVIPCoverage97Final" name="test_vip_auto_repair_weekly_coverage_lines_530" time="0.006" /><testcase classname="tests.test_vip_coverage_97_final.TestVIPCoverage97Final" name="test_vip_auto_repair_suggestions_coverage_lines_589" time="0.007" /><testcase classname="tests.test_vip_coverage_97_final.TestVIPCoverage97Final" name="test_vip_auto_repair_strategies_coverage_lines_607" time="0.006" /><testcase classname="tests.test_vip_coverage_97_final.TestVIPCoverage97Final" name="test_vip_weekly_recipes_coverage_lines_656_660" time="0.006" /><testcase classname="tests.test_vip_coverage_97_final.TestVIPCoverage97Final" name="test_vip_weekly_plan_coverage_lines_873_905" time="0.008" /><testcase classname="tests.test_vip_coverage_97_simple_mocks.TestVIPCoverage97Integration" name="test_vip_import_fallback_integration" time="0.007" /><testcase classname="tests.test_vip_coverage_97_simple_mocks.TestVIPCoverage97Integration" name="test_vip_coverage_simple_mocks_api_key_validation" time="0.007" /><testcase classname="tests.test_vip_coverage_97_simple_mocks.TestVIPCoverage97Integration" name="test_vip_coverage_simple_mocks_environment_validation" time="0.009" /><testcase classname="tests.test_vip_coverage_97_simple_mocks.TestVIPCoverage97Integration" name="test_vip_coverage_simple_mocks_logging" time="0.008" /><testcase classname="tests.test_vip_coverage_97_simple_mocks.TestVIPCoverage97Integration" name="test_vip_coverage_simple_mocks_resolve_attr" time="0.008" /><testcase classname="tests.test_vip_coverage_97_simple_mocks.TestVIPCoverage97Integration" name="test_vip_coverage_simple_mocks_require_api_key" time="0.010" /><testcase classname="tests.test_vip_coverage_97_simple_mocks.TestVIPCoverage97Integration" name="test_vip_coverage_simple_mocks_api_key_header" time="0.015" /><testcase classname="tests.test_vip_coverage_97_simple_mocks.TestVIPCoverage97Integration" name="test_vip_coverage_simple_mocks_production_environment" time="0.009" /><testcase classname="tests.test_vip_coverage_97_simple_mocks.TestVIPCoverage97Integration" name="test_vip_coverage_simple_mocks_anonymous_access" time="0.010" /><testcase classname="tests.test_vip_coverage_97_simple_mocks.TestVIPCoverage97Integration" name="test_vip_coverage_simple_mocks_log_api_key_event" time="0.011" /><testcase classname="tests.test_vip_coverage_97_simple_mocks.TestVIPCoverage97Integration" name="test_vip_coverage_simple_mocks_safe_call_with_adapter_error" time="0.001" /><testcase classname="tests.test_vip_coverage_97_simple_mocks.TestVIPCoverage97Integration" name="test_vip_coverage_simple_mocks_create_user_profile" time="0.009" /><testcase classname="tests.test_vip_coverage_97_simple_mocks.TestVIPCoverage97Integration" name="test_vip_coverage_simple_mocks_adapter_make_weekly_menu" time="0.009" /><testcase classname="tests.test_vip_coverage_97_simple_mocks.TestVIPCoverage97Integration" name="test_vip_coverage_simple_mocks_weekly_menu_plan" time="0.008" /><testcase classname="tests.test_vip_coverage_97_simple_mocks.TestVIPCoverage97Integration" name="test_vip_coverage_simple_mocks_shoplist" time="0.006" /><testcase classname="tests.test_vip_coverage_97_simple_mocks.TestVIPCoverage97Integration" name="test_vip_coverage_simple_mocks_recipes" time="0.007" /><testcase classname="tests.test_vip_coverage_97_simple_mocks.TestVIPCoverage97Integration" name="test_vip_coverage_simple_mocks_auto_repair" time="0.007" /><testcase classname="tests.test_vip_coverage_97_simple_mocks.TestVIPCoverage97Integration" name="test_vip_coverage_simple_mocks_region_catalog" time="0.004" /><testcase classname="tests.test_vip_coverage_97_simple_mocks.TestVIPCoverage97Integration" name="test_vip_coverage_simple_mocks_product_search" time="0.004" /><testcase classname="tests.test_vip_coverage_97_simple_mocks.TestVIPCoverage97Integration" name="test_vip_coverage_simple_mocks_product_varieties" time="0.004" /><testcase classname="tests.test_vip_coverage_97_simple_mocks.TestVIPCoverage97Integration" name="test_vip_coverage_simple_mocks_product_details" time="0.004" /><testcase classname="tests.test_vip_coverage_97_simple_mocks.TestVIPCoverage97Integration" name="test_vip_coverage_simple_mocks_nutrition_analysis" time="0.004" /><testcase classname="tests.test_vip_coverage_97_simple_mocks.TestVIPCoverage97Integration" name="test_vip_coverage_simple_mocks_health_check" time="0.007" /><testcase classname="tests.test_vip_coverage_additional.TestVIPCoverageAdditional" name="test_vip_require_api_key_app_get_api_key_coverage_lines_92_104" time="0.002" /><testcase classname="tests.test_vip_coverage_additional.TestVIPCoverageAdditional" name="test_vip_require_api_key_app_get_api_key_error_coverage_lines_95_98" time="0.002" /><testcase classname="tests.test_vip_coverage_additional.TestVIPCoverageAdditional" name="test_vip_require_api_key_app_get_api_key_other_error_coverage_lines_99_104" time="0.001" /><testcase classname="tests.test_vip_coverage_additional.TestVIPCoverageAdditional" name="test_vip_require_api_key_env_validation_coverage_lines_105_109" time="0.001" /><testcase classname="tests.test_vip_coverage_additional.TestVIPCoverageAdditional" name="test_vip_require_api_key_no_env_coverage_lines_109" time="0.002" /><testcase classname="tests.test_vip_coverage_additional.TestVIPCoverageAdditional" name="test_vip_health_endpoint_coverage_lines_139" time="0.005" /><testcase classname="tests.test_vip_coverage_additional.TestVIPCoverageAdditional" name="test_vip_weekly_menu_plan_success_coverage_lines_172_178" time="0.010" /><testcase classname="tests.test_vip_coverage_additional.TestVIPCoverageAdditional" name="test_vip_weekly_menu_plan_safe_call_error_coverage_lines_188_190" time="0.009" /><testcase classname="tests.test_vip_coverage_additional.TestVIPCoverageAdditional" name="test_vip_shoplist_weekly_success_coverage_lines_217_254" time="0.007" /><testcase classname="tests.test_vip_coverage_additional.TestVIPCoverageAdditional" name="test_vip_shoplist_weekly_error_coverage_lines_254_266" time="0.008" /><testcase classname="tests.test_vip_coverage_additional.TestVIPCoverageAdditional" name="test_vip_shoplist_daily_success_coverage_lines_293_300" time="0.007" /><testcase classname="tests.test_vip_coverage_additional.TestVIPCoverageAdditional" name="test_vip_shoplist_daily_error_coverage_lines_300_312" time="0.012" /><testcase classname="tests.test_vip_coverage_additional.TestVIPCoverageAdditional" name="test_vip_shoplist_formats_success_coverage_lines_304_348" time="0.006" /><testcase classname="tests.test_vip_coverage_additional.TestVIPCoverageAdditional" name="test_vip_shoplist_formats_error_coverage_lines_304_348" time="0.007" /><testcase classname="tests.test_vip_coverage_boost.TestVIPCoverageBoost" name="test_vip_health_endpoint" time="0.060" /><testcase classname="tests.test_vip_coverage_boost.TestVIPCoverageBoost" name="test_vip_weekly_plan_missing_function" time="0.057" /><testcase classname="tests.test_vip_coverage_boost.TestVIPCoverageBoost" name="test_vip_shoplist_missing_function" time="0.056" /><testcase classname="tests.test_vip_coverage_boost.TestVIPCoverageBoost" name="test_vip_regions_missing_function" time="0.052" /><testcase classname="tests.test_vip_coverage_boost.TestVIPCoverageBoost" name="test_vip_recipe_synthesis_missing_function" time="0.055" /><testcase classname="tests.test_vip_coverage_boost.TestVIPCoverageBoost" name="test_vip_auto_repair_missing_function" time="0.057" /><testcase classname="tests.test_vip_coverage_boost.TestVIPCoverageBoost" name="test_vip_with_all_functions_working" time="0.079" /><testcase classname="tests.test_vip_coverage_boost.TestVIPCoverageBoost" name="test_vip_error_handling_paths" time="0.056" /><testcase classname="tests.test_vip_coverage_boost_fixed.TestVIPCoverageBoostFixed" name="test_vip_weekly_plan_missing_function" time="0.050" /><testcase classname="tests.test_vip_coverage_boost_fixed.TestVIPCoverageBoostFixed" name="test_vip_shoplist_missing_function" time="0.050" /><testcase classname="tests.test_vip_coverage_boost_fixed.TestVIPCoverageBoostFixed" name="test_vip_regions_missing_function" time="0.051" /><testcase classname="tests.test_vip_coverage_boost_fixed.TestVIPCoverageBoostFixed" name="test_vip_recipe_synthesis_missing_function" time="0.051" /><testcase classname="tests.test_vip_coverage_boost_fixed.TestVIPCoverageBoostFixed" name="test_vip_auto_repair_missing_function" time="0.051" /><testcase classname="tests.test_vip_coverage_boost_fixed.TestVIPCoverageBoostFixed" name="test_vip_with_all_functions_working" time="0.067" /><testcase classname="tests.test_vip_coverage_boost_fixed.TestVIPCoverageBoostFixed" name="test_vip_error_handling_paths" time="0.055" /><testcase classname="tests.test_vip_coverage_boost_fixed.TestVIPCoverageBoostFixed" name="test_vip_health_endpoint" time="0.005" /><testcase classname="tests.test_vip_coverage_clean.TestVIPCoverageClean" name="test_vip_import_fallback_coverage" time="0.001" /><testcase classname="tests.test_vip_coverage_clean.TestVIPCoverageClean" name="test_vip_safe_call_with_adapter_error" time="0.001" /><testcase classname="tests.test_vip_coverage_clean.TestVIPCoverageClean" name="test_vip_weekly_menu_plan_coverage" time="0.013" /><testcase classname="tests.test_vip_coverage_clean.TestVIPCoverageClean" name="test_vip_shoplist_weekly_coverage" time="0.006" /><testcase classname="tests.test_vip_coverage_clean.TestVIPCoverageClean" name="test_vip_regions_coverage" time="0.006" /><testcase classname="tests.test_vip_coverage_clean.TestVIPCoverageClean" name="test_vip_recipe_templates_coverage" time="0.005" /><testcase classname="tests.test_vip_coverage_clean.TestVIPCoverageClean" name="test_vip_auto_repair_strategies_coverage" time="0.005" /><testcase classname="tests.test_vip_coverage_clean.TestVIPCoverageClean" name="test_vip_weekly_recipes_coverage" time="0.005" /><testcase classname="tests.test_vip_coverage_clean.TestVIPCoverageClean" name="test_vip_weekly_plan_coverage" time="0.005" /><testcase classname="tests.test_vip_coverage_comprehensive.TestVIPCoverageComprehensive" name="test_vip_import_fallback_coverage_lines_55_74" time="0.001" /><testcase classname="tests.test_vip_coverage_comprehensive.TestVIPCoverageComprehensive" name="test_vip_api_key_validation_coverage_lines_98_105_110" time="0.001" /><testcase classname="tests.test_vip_coverage_comprehensive.TestVIPCoverageComprehensive" name="test_vip_safe_call_with_adapter_error" time="0.001" /><testcase classname="tests.test_vip_coverage_comprehensive.TestVIPCoverageComprehensive" name="test_vip_weekly_menu_plan_coverage_lines_173_180" time="0.012" /><testcase classname="tests.test_vip_coverage_comprehensive.TestVIPCoverageComprehensive" name="test_vip_weekly_menu_plan_error_coverage_lines_189_191" time="0.008" /><testcase classname="tests.test_vip_coverage_comprehensive.TestVIPCoverageComprehensive" name="test_vip_shoplist_weekly_coverage_lines_219_259" time="0.006" /><testcase classname="tests.test_vip_coverage_comprehensive.TestVIPCoverageComprehensive" name="test_vip_shoplist_daily_coverage_lines_315_316" time="0.006" /><testcase classname="tests.test_vip_coverage_comprehensive.TestVIPCoverageComprehensive" name="test_vip_shoplist_formats_coverage_lines_350_361_362" time="0.006" /><testcase classname="tests.test_vip_coverage_comprehensive.TestVIPCoverageComprehensive" name="test_vip_regions_coverage_lines_421_422_449" time="0.005" /><testcase classname="tests.test_vip_coverage_comprehensive.TestVIPCoverageComprehensive" name="test_vip_region_search_coverage_lines_485_486" time="0.006" /><testcase classname="tests.test_vip_coverage_comprehensive.TestVIPCoverageComprehensive" name="test_vip_region_categories_coverage_line_508" time="0.006" /><testcase classname="tests.test_vip_coverage_comprehensive.TestVIPCoverageComprehensive" name="test_vip_region_stores_coverage_lines_525_526" time="0.005" /><testcase classname="tests.test_vip_coverage_comprehensive.TestVIPCoverageComprehensive" name="test_vip_price_comparison_coverage_line_547" time="0.005" /><testcase classname="tests.test_vip_coverage_comprehensive.TestVIPCoverageComprehensive" name="test_vip_recipe_templates_coverage_lines_564_565_587" time="0.005" /><testcase classname="tests.test_vip_coverage_comprehensive.TestVIPCoverageComprehensive" name="test_vip_auto_repair_coverage_lines_623_624_681" time="0.005" /><testcase classname="tests.test_vip_coverage_comprehensive.TestVIPCoverageComprehensive" name="test_vip_auto_repair_strategies_coverage_lines_695_702_716" time="0.005" /><testcase classname="tests.test_vip_coverage_comprehensive.TestVIPCoverageComprehensive" name="test_vip_weekly_recipes_coverage_lines_721_725_738_739_758" time="0.006" /><testcase classname="tests.test_vip_coverage_comprehensive.TestVIPCoverageComprehensive" name="test_vip_recipe_synthesis_coverage_lines_788_789_809" time="0.005" /><testcase classname="tests.test_vip_coverage_comprehensive.TestVIPCoverageComprehensive" name="test_vip_weekly_plan_coverage_lines_829_832_835" time="0.007" /><testcase classname="tests.test_vip_coverage_comprehensive.TestVIPCoverageComprehensive" name="test_vip_menu_repair_coverage_lines_907_941_942" time="0.006" /><testcase classname="tests.test_vip_coverage_fixed.TestVIPCoverageFixed" name="test_vip_import_fallback_coverage_lines_55_74" time="0.001" /><testcase classname="tests.test_vip_coverage_fixed.TestVIPCoverageFixed" name="test_vip_safe_call_with_adapter_errors" time="0.001" /><testcase classname="tests.test_vip_coverage_fixed.TestVIPCoverageFixed" name="test_vip_weekly_menu_plan_coverage_lines_173_180" time="0.011" /><testcase classname="tests.test_vip_coverage_fixed.TestVIPCoverageFixed" name="test_vip_weekly_menu_plan_error_coverage_lines_189_191" time="0.006" /><testcase classname="tests.test_vip_coverage_fixed.TestVIPCoverageFixed" name="test_vip_shoplist_weekly_coverage_lines_219_259" time="0.007" /><testcase classname="tests.test_vip_coverage_fixed.TestVIPCoverageFixed" name="test_vip_shoplist_daily_coverage_lines_315_316" time="0.006" /><testcase classname="tests.test_vip_coverage_fixed.TestVIPCoverageFixed" name="test_vip_shoplist_formats_coverage_lines_350_361_362" time="0.006" /><testcase classname="tests.test_vip_coverage_fixed.TestVIPCoverageFixed" name="test_vip_regions_coverage_lines_421_422_449" time="0.006" /><testcase classname="tests.test_vip_coverage_fixed.TestVIPCoverageFixed" name="test_vip_region_search_coverage_lines_485_486" time="0.005" /><testcase classname="tests.test_vip_coverage_fixed.TestVIPCoverageFixed" name="test_vip_region_categories_coverage_line_508" time="0.005" /><testcase classname="tests.test_vip_coverage_fixed.TestVIPCoverageFixed" name="test_vip_region_stores_coverage_lines_525_526" time="0.005" /><testcase classname="tests.test_vip_coverage_fixed.TestVIPCoverageFixed" name="test_vip_price_comparison_coverage_line_547" time="0.005" /><testcase classname="tests.test_vip_coverage_fixed.TestVIPCoverageFixed" name="test_vip_recipe_templates_coverage_lines_564_565_587" time="0.005" /><testcase classname="tests.test_vip_coverage_fixed.TestVIPCoverageFixed" name="test_vip_auto_repair_coverage_lines_623_624_681" time="0.006" /><testcase classname="tests.test_vip_coverage_fixed.TestVIPCoverageFixed" name="test_vip_auto_repair_strategies_coverage_lines_695_702_716" time="0.005" /><testcase classname="tests.test_vip_coverage_fixed.TestVIPCoverageFixed" name="test_vip_weekly_recipes_coverage_lines_721_725_738_739_758" time="0.006" /><testcase classname="tests.test_vip_coverage_fixed.TestVIPCoverageFixed" name="test_vip_recipe_synthesis_coverage_lines_788_789_809" time="0.006" /><testcase classname="tests.test_vip_coverage_fixed.TestVIPCoverageFixed" name="test_vip_weekly_plan_coverage_lines_829_832_835" time="0.006" /><testcase classname="tests.test_vip_coverage_fixed.TestVIPCoverageFixed" name="test_vip_menu_repair_coverage_lines_907_941_942" time="0.006" /><testcase classname="tests.test_vip_coverage_precise.TestVIPCoveragePrecise" name="test_vip_import_fallback_coverage_lines_55_74" time="0.001" /><testcase classname="tests.test_vip_coverage_precise.TestVIPCoveragePrecise" name="test_vip_require_api_key_app_get_api_key_coverage_lines_93_98" time="0.001" /><testcase classname="tests.test_vip_coverage_precise.TestVIPCoveragePrecise" name="test_vip_require_api_key_app_get_api_key_403_coverage_lines_99_104" time="0.001" /><testcase classname="tests.test_vip_coverage_precise.TestVIPCoveragePrecise" name="test_vip_require_api_key_env_validation_coverage_lines_105_110" time="0.001" /><testcase classname="tests.test_vip_coverage_precise.TestVIPCoveragePrecise" name="test_vip_require_api_key_no_env_coverage_line_110" time="0.001" /><testcase classname="tests.test_vip_coverage_precise.TestVIPCoveragePrecise" name="test_vip_safe_call_with_adapter_unknown" time="0.001" /><testcase classname="tests.test_vip_coverage_precise.TestVIPCoveragePrecise" name="test_vip_weekly_menu_plan_coverage_lines_173_180" time="0.012" /><testcase classname="tests.test_vip_coverage_precise.TestVIPCoveragePrecise" name="test_vip_weekly_menu_plan_error_coverage_lines_189_191" time="0.007" /><testcase classname="tests.test_vip_coverage_precise.TestVIPCoveragePrecise" name="test_vip_shoplist_weekly_coverage_lines_219_259" time="0.006" /><testcase classname="tests.test_vip_coverage_precise.TestVIPCoveragePrecise" name="test_vip_shoplist_daily_coverage_lines_315_316" time="0.006" /><testcase classname="tests.test_vip_coverage_precise.TestVIPCoveragePrecise" name="test_vip_shoplist_formats_coverage_lines_350_361_362" time="0.006" /><testcase classname="tests.test_vip_coverage_precise.TestVIPCoveragePrecise" name="test_vip_regions_coverage_lines_421_422_449" time="0.005" /><testcase classname="tests.test_vip_coverage_precise.TestVIPCoveragePrecise" name="test_vip_region_search_coverage_lines_485_486" time="0.005" /><testcase classname="tests.test_vip_coverage_precise.TestVIPCoveragePrecise" name="test_vip_region_categories_coverage_line_508" time="0.005" /><testcase classname="tests.test_vip_coverage_precise.TestVIPCoveragePrecise" name="test_vip_region_stores_coverage_lines_525_526" time="0.005" /><testcase classname="tests.test_vip_coverage_precise.TestVIPCoveragePrecise" name="test_vip_price_comparison_coverage_line_547" time="0.005" /><testcase classname="tests.test_vip_coverage_precise.TestVIPCoveragePrecise" name="test_vip_recipe_templates_coverage_lines_564_565_587" time="0.005" /><testcase classname="tests.test_vip_coverage_precise.TestVIPCoveragePrecise" name="test_vip_auto_repair_coverage_lines_623_624_681" time="0.006" /><testcase classname="tests.test_vip_coverage_precise.TestVIPCoveragePrecise" name="test_vip_auto_repair_strategies_coverage_lines_695_702_716" time="0.006" /><testcase classname="tests.test_vip_coverage_precise.TestVIPCoveragePrecise" name="test_vip_weekly_recipes_coverage_lines_721_725_738_739_758" time="0.007" /><testcase classname="tests.test_vip_coverage_precise.TestVIPCoveragePrecise" name="test_vip_recipe_synthesis_coverage_lines_788_789_809" time="0.006" /><testcase classname="tests.test_vip_coverage_precise.TestVIPCoveragePrecise" name="test_vip_weekly_plan_coverage_lines_829_832_835" time="0.005" /><testcase classname="tests.test_vip_coverage_precise.TestVIPCoveragePrecise" name="test_vip_menu_repair_coverage_lines_907_941_942" time="0.005" /><testcase classname="tests.test_vip_coverage_simple.TestVIPCoverageSimple" name="test_vip_require_api_key_app_get_api_key_coverage" time="0.001" /><testcase classname="tests.test_vip_coverage_simple.TestVIPCoverageSimple" name="test_vip_require_api_key_app_get_api_key_error_coverage" time="0.001" /><testcase classname="tests.test_vip_coverage_simple.TestVIPCoverageSimple" name="test_vip_require_api_key_app_get_api_key_403_error_coverage" time="0.001" /><testcase classname="tests.test_vip_coverage_simple.TestVIPCoverageSimple" name="test_vip_require_api_key_app_get_api_key_other_error_coverage" time="0.001" /><testcase classname="tests.test_vip_coverage_simple.TestVIPCoverageSimple" name="test_vip_require_api_key_env_validation_coverage" time="0.001" /><testcase classname="tests.test_vip_coverage_simple.TestVIPCoverageSimple" name="test_vip_require_api_key_no_env_coverage" time="0.001" /><testcase classname="tests.test_vip_coverage_simple.TestVIPCoverageSimple" name="test_vip_health_endpoint_coverage" time="0.005" /><testcase classname="tests.test_vip_coverage_simple.TestVIPCoverageSimple" name="test_vip_weekly_menu_plan_success_coverage" time="0.007" /><testcase classname="tests.test_vip_coverage_simple.TestVIPCoverageSimple" name="test_vip_weekly_menu_plan_safe_call_error_coverage" time="0.006" /><testcase classname="tests.test_vip_coverage_simple.TestVIPCoverageSimple" name="test_vip_shoplist_weekly_success_coverage" time="0.008" /><testcase classname="tests.test_vip_coverage_simple.TestVIPCoverageSimple" name="test_vip_shoplist_weekly_error_coverage" time="0.008" /><testcase classname="tests.test_vip_coverage_simple.TestVIPCoverageSimple" name="test_vip_shoplist_daily_success_coverage" time="0.008" /><testcase classname="tests.test_vip_coverage_simple.TestVIPCoverageSimple" name="test_vip_shoplist_daily_error_coverage" time="0.006" /><testcase classname="tests.test_vip_coverage_simple.TestVIPCoverageSimple" name="test_vip_shoplist_formats_success_coverage" time="0.008" /><testcase classname="tests.test_vip_coverage_simple.TestVIPCoverageSimple" name="test_vip_shoplist_formats_error_coverage" time="0.007" /><testcase classname="tests.test_vip_coverage_targeted.TestVipCoverageTargeted" name="test_vip_health_endpoint" time="0.006" /><testcase classname="tests.test_vip_coverage_targeted.TestVipCoverageTargeted" name="test_vip_regions_endpoint" time="0.007" /><testcase classname="tests.test_vip_coverage_targeted.TestVipCoverageTargeted" name="test_vip_region_search_endpoint" time="0.006" /><testcase classname="tests.test_vip_coverage_targeted.TestVipCoverageTargeted" name="test_vip_region_categories_endpoint" time="0.006" /><testcase classname="tests.test_vip_coverage_targeted.TestVipCoverageTargeted" name="test_vip_region_stores_endpoint" time="0.005" /><testcase classname="tests.test_vip_coverage_targeted.TestVipCoverageTargeted" name="test_vip_price_comparison_endpoint" time="0.006" /><testcase classname="tests.test_vip_coverage_targeted.TestVipCoverageTargeted" name="test_vip_shoplist_formats_endpoint" time="0.007" /><testcase classname="tests.test_vip_coverage_targeted.TestVipCoverageTargeted" name="test_vip_recipe_templates_endpoint" time="0.006" /><testcase classname="tests.test_vip_coverage_targeted.TestVipCoverageTargeted" name="test_vip_auto_repair_strategies_endpoint" time="0.007" /><testcase classname="tests.test_vip_coverage_targeted.TestVipCoverageTargeted" name="test_vip_menu_weekly_plan_endpoint" time="0.007" /><testcase classname="tests.test_vip_coverage_targeted.TestVipCoverageTargeted" name="test_vip_shoplist_weekly_endpoint" time="0.006" /><testcase classname="tests.test_vip_coverage_targeted.TestVipCoverageTargeted" name="test_vip_recipes_weekly_endpoint" time="0.006" /><testcase classname="tests.test_vip_coverage_targeted.TestVipCoverageTargeted" name="test_vip_recipes_synthesize_endpoint" time="0.006" /><testcase classname="tests.test_vip_coverage_targeted.TestVipCoverageTargeted" name="test_vip_auto_repair_weekly_endpoint" time="0.007" /><testcase classname="tests.test_vip_coverage_targeted.TestVipCoverageTargeted" name="test_vip_auto_repair_suggestions_endpoint" time="0.005" /><testcase classname="tests.test_vip_coverage_working.TestVIPCoverageWorking" name="test_vip_weekly_plan_endpoint" time="0.008" /><testcase classname="tests.test_vip_coverage_working.TestVIPCoverageWorking" name="test_vip_shoplist_endpoint" time="0.005" /><testcase classname="tests.test_vip_coverage_working.TestVIPCoverageWorking" name="test_vip_regions_endpoint" time="0.005" /><testcase classname="tests.test_vip_coverage_working.TestVIPCoverageWorking" name="test_vip_recipe_synthesis_endpoint" time="0.006" /><testcase classname="tests.test_vip_coverage_working.TestVIPCoverageWorking" name="test_vip_auto_repair_endpoint" time="0.005" /><testcase classname="tests.test_vip_coverage_working.TestVIPCoverageWorking" name="test_vip_daily_shoplist_endpoint" time="0.006" /><testcase classname="tests.test_vip_coverage_working.TestVIPCoverageWorking" name="test_vip_shoplist_formats_endpoint" time="0.006" /><testcase classname="tests.test_vip_coverage_working.TestVIPCoverageWorking" name="test_vip_region_search_endpoint" time="0.006" /><testcase classname="tests.test_vip_coverage_working.TestVIPCoverageWorking" name="test_vip_region_categories_endpoint" time="0.005" /><testcase classname="tests.test_vip_coverage_working.TestVIPCoverageWorking" name="test_vip_region_stores_endpoint" time="0.005" /><testcase classname="tests.test_vip_coverage_working.TestVIPCoverageWorking" name="test_vip_price_comparison_endpoint" time="0.005" /><testcase classname="tests.test_vip_coverage_working.TestVIPCoverageWorking" name="test_vip_weekly_recipes_endpoint" time="0.006" /><testcase classname="tests.test_vip_coverage_working.TestVIPCoverageWorking" name="test_vip_recipe_templates_endpoint" time="0.005" /><testcase classname="tests.test_vip_coverage_working.TestVIPCoverageWorking" name="test_vip_repair_suggestions_endpoint" time="0.005" /><testcase classname="tests.test_vip_coverage_working.TestVIPCoverageWorking" name="test_vip_repair_strategies_endpoint" time="0.005" /><testcase classname="tests.test_vip_coverage_working.TestVIPCoverageWorking" name="test_vip_health_endpoint" time="0.005" /><testcase classname="tests.test_vip_coverage_working.TestVIPCoverageWorking" name="test_vip_endpoints_no_api_key" time="0.006" /><testcase classname="tests.test_vip_coverage_working.TestVIPCoverageWorking" name="test_vip_endpoints_invalid_json" time="0.007" /><testcase classname="tests.test_vip_coverage_working_extended.TestVIPCoverageWorkingExtended" name="test_vip_regions_success_coverage" time="0.005" /><testcase classname="tests.test_vip_coverage_working_extended.TestVIPCoverageWorkingExtended" name="test_vip_regions_error_coverage" time="0.005" /><testcase classname="tests.test_vip_coverage_working_extended.TestVIPCoverageWorkingExtended" name="test_vip_region_search_success_coverage" time="0.006" /><testcase classname="tests.test_vip_coverage_working_extended.TestVIPCoverageWorkingExtended" name="test_vip_region_search_error_coverage" time="0.005" /><testcase classname="tests.test_vip_coverage_working_extended.TestVIPCoverageWorkingExtended" name="test_vip_region_categories_success_coverage" time="0.005" /><testcase classname="tests.test_vip_coverage_working_extended.TestVIPCoverageWorkingExtended" name="test_vip_region_categories_error_coverage" time="0.006" /><testcase classname="tests.test_vip_coverage_working_extended.TestVIPCoverageWorkingExtended" name="test_vip_region_stores_success_coverage" time="0.005" /><testcase classname="tests.test_vip_coverage_working_extended.TestVIPCoverageWorkingExtended" name="test_vip_region_stores_error_coverage" time="0.006" /><testcase classname="tests.test_vip_coverage_working_extended.TestVIPCoverageWorkingExtended" name="test_vip_price_comparison_success_coverage" time="0.005" /><testcase classname="tests.test_vip_coverage_working_extended.TestVIPCoverageWorkingExtended" name="test_vip_price_comparison_error_coverage" time="0.005" /><testcase classname="tests.test_vip_coverage_working_extended.TestVIPCoverageWorkingExtended" name="test_vip_recipe_templates_success_coverage" time="0.005" /><testcase classname="tests.test_vip_coverage_working_extended.TestVIPCoverageWorkingExtended" name="test_vip_recipe_templates_error_coverage" time="0.005" /><testcase classname="tests.test_vip_coverage_working_extended.TestVIPCoverageWorkingExtended" name="test_vip_auto_repair_strategies_success_coverage" time="0.005" /><testcase classname="tests.test_vip_coverage_working_extended.TestVIPCoverageWorkingExtended" name="test_vip_auto_repair_strategies_error_coverage" time="0.005" /><testcase classname="tests.test_vip_coverage_working_extended.TestVIPCoverageWorkingExtended" name="test_vip_weekly_recipes_success_coverage" time="0.007" /><testcase classname="tests.test_vip_coverage_working_extended.TestVIPCoverageWorkingExtended" name="test_vip_weekly_recipes_error_coverage" time="0.006" /><testcase classname="tests.test_vip_coverage_working_extended.TestVIPCoverageWorkingExtended" name="test_vip_auto_repair_weekly_success_coverage" time="0.006" /><testcase classname="tests.test_vip_coverage_working_extended.TestVIPCoverageWorkingExtended" name="test_vip_auto_repair_weekly_error_coverage" time="0.006" /><testcase classname="tests.test_vip_coverage_working_extended.TestVIPCoverageWorkingExtended" name="test_vip_auto_repair_suggestions_success_coverage" time="0.006" /><testcase classname="tests.test_vip_coverage_working_extended.TestVIPCoverageWorkingExtended" name="test_vip_auto_repair_suggestions_error_coverage" time="0.005" /><testcase classname="tests.test_vip_coverage_working_extended.TestVIPCoverageWorkingExtended" name="test_vip_recipes_synthesize_success_coverage" time="0.005" /><testcase classname="tests.test_vip_coverage_working_extended.TestVIPCoverageWorkingExtended" name="test_vip_recipes_synthesize_error_coverage" time="0.005" /><testcase classname="tests.test_vip_coverage_working_extended.TestVIPCoverageWorkingExtended" name="test_vip_recipe_synthesize_success_coverage" time="0.007" /><testcase classname="tests.test_vip_coverage_working_extended.TestVIPCoverageWorkingExtended" name="test_vip_recipe_synthesize_error_coverage" time="0.005" /><testcase classname="tests.test_vip_coverage_working_extended.TestVIPCoverageWorkingExtended" name="test_vip_menu_weekly_repair_success_coverage" time="0.007" /><testcase classname="tests.test_vip_coverage_working_extended.TestVIPCoverageWorkingExtended" name="test_vip_menu_weekly_repair_error_coverage" time="0.007" /><testcase classname="tests.test_vip_environment_switching_coverage.TestVIPEnvironmentSwitchingCoverage" name="test_vip_environment_switching_test_to_production_coverage" time="0.009" /><testcase classname="tests.test_vip_environment_switching_coverage.TestVIPEnvironmentSwitchingCoverage" name="test_vip_environment_switching_production_to_test_coverage" time="0.008" /><testcase classname="tests.test_vip_environment_switching_coverage.TestVIPEnvironmentSwitchingCoverage" name="test_vip_environment_switching_api_key_validation_coverage" time="0.009" /><testcase classname="tests.test_vip_environment_switching_coverage.TestVIPEnvironmentSwitchingCoverage" name="test_vip_environment_switching_recipes_coverage" time="0.004" /><testcase classname="tests.test_vip_environment_switching_coverage.TestVIPEnvironmentSwitchingCoverage" name="test_vip_environment_switching_auto_repair_coverage" time="0.008" /><testcase classname="tests.test_vip_environment_switching_coverage.TestVIPEnvironmentSwitchingCoverage" name="test_vip_environment_switching_shoplist_coverage" time="0.004" /><testcase classname="tests.test_vip_environment_switching_coverage.TestVIPEnvironmentSwitchingCoverage" name="test_vip_environment_switching_region_catalog_coverage" time="0.004" /><testcase classname="tests.test_vip_environment_switching_coverage.TestVIPEnvironmentSwitchingCoverage" name="test_vip_environment_switching_product_search_coverage" time="0.004" /><testcase classname="tests.test_vip_environment_switching_coverage.TestVIPEnvironmentSwitchingCoverage" name="test_vip_environment_switching_comprehensive_coverage" time="0.025" /><testcase classname="tests.test_vip_environment_switching_coverage.TestVIPEnvironmentSwitchingCoverage" name="test_vip_environment_switching_error_handling_coverage" time="0.007" /><testcase classname="tests.test_vip_environment_switching_coverage.TestVIPEnvironmentSwitchingCoverage" name="test_vip_environment_switching_validation_coverage" time="0.010" /><testcase classname="tests.test_vip_environment_switching_coverage.TestVIPEnvironmentSwitchingCoverage" name="test_vip_environment_switching_response_coverage" time="0.009" /><testcase classname="tests.test_vip_environment_switching_coverage.TestVIPEnvironmentSwitchingCoverage" name="test_vip_environment_switching_security_coverage" time="0.009" /><testcase classname="tests.test_vip_environment_switching_coverage.TestVIPEnvironmentSwitchingCoverage" name="test_vip_environment_switching_logging_coverage" time="0.009" /><testcase classname="tests.test_vip_environment_switching_coverage.TestVIPEnvironmentSwitchingCoverage" name="test_vip_environment_switching_metrics_coverage" time="0.008" /><testcase classname="tests.test_vip_environment_switching_coverage.TestVIPEnvironmentSwitchingCoverage" name="test_vip_environment_switching_validation_error_coverage" time="0.007" /><testcase classname="tests.test_vip_environment_switching_coverage.TestVIPEnvironmentSwitchingCoverage" name="test_vip_environment_switching_success_response_coverage" time="0.009" /><testcase classname="tests.test_vip_import_fallback_coverage.TestVIPImportFallbackCoverage" name="test_vip_import_fallback_scenarios" time="0.021" /><testcase classname="tests.test_vip_integration_97_extended.TestVIPIntegration97Extended" name="test_vip_weekly_menu_integration_extended_scenarios" time="0.057" /><testcase classname="tests.test_vip_integration_97_extended.TestVIPIntegration97Extended" name="test_vip_recipes_integration_extended_scenarios" time="0.018" /><testcase classname="tests.test_vip_integration_97_extended.TestVIPIntegration97Extended" name="test_vip_auto_repair_integration_extended_scenarios" time="0.015" /><testcase classname="tests.test_vip_integration_97_extended.TestVIPIntegration97Extended" name="test_vip_shoplist_integration_extended_scenarios" time="0.017" /><testcase classname="tests.test_vip_integration_97_extended.TestVIPIntegration97Extended" name="test_vip_error_handling_integration_extended_scenarios" time="0.044" /><testcase classname="tests.test_vip_integration_97_extended.TestVIPIntegration97Extended" name="test_vip_api_key_validation_integration_extended_scenarios" time="0.029" /><testcase classname="tests.test_vip_integration_97_extended.TestVIPIntegration97Extended" name="test_vip_environment_switching_integration_extended_scenarios" time="0.008" /><testcase classname="tests.test_vip_integration_97_extended.TestVIPIntegration97Extended" name="test_vip_comprehensive_workflow_integration_extended_scenarios" time="0.020" /><testcase classname="tests.test_vip_integration_97_ultimate.TestVIPIntegration97Ultimate" name="test_vip_weekly_menu_integration_ultimate_scenarios" time="0.093" /><testcase classname="tests.test_vip_integration_97_ultimate.TestVIPIntegration97Ultimate" name="test_vip_recipes_integration_ultimate_scenarios" time="0.038" /><testcase classname="tests.test_vip_integration_97_ultimate.TestVIPIntegration97Ultimate" name="test_vip_auto_repair_integration_ultimate_scenarios" time="0.032" /><testcase classname="tests.test_vip_integration_97_ultimate.TestVIPIntegration97Ultimate" name="test_vip_shoplist_integration_ultimate_scenarios" time="0.032" /><testcase classname="tests.test_vip_integration_97_ultimate.TestVIPIntegration97Ultimate" name="test_vip_error_handling_integration_ultimate_scenarios" time="0.110" /><testcase classname="tests.test_vip_integration_97_ultimate.TestVIPIntegration97Ultimate" name="test_vip_api_key_validation_integration_ultimate_scenarios" time="0.057" /><testcase classname="tests.test_vip_integration_97_ultimate.TestVIPIntegration97Ultimate" name="test_vip_environment_switching_integration_ultimate_scenarios" time="0.008" /><testcase classname="tests.test_vip_integration_97_ultimate.TestVIPIntegration97Ultimate" name="test_vip_comprehensive_workflow_integration_ultimate_scenarios" time="0.023" /><testcase classname="tests.test_vip_production_simple.TestVIPProductionMode" name="test_vip_api_key_validation_missing_key" time="0.005" /><testcase classname="tests.test_vip_production_simple.TestVIPProductionMode" name="test_vip_api_key_validation_wrong_key" time="0.005" /><testcase classname="tests.test_vip_production_simple.TestVIPProductionMode" name="test_vip_api_key_validation_correct_key" time="0.005" /><testcase classname="tests.test_vip_production_simple.TestVIPProductionMode" name="test_weekly_menu_generation_error_handling" time="0.006" /><testcase classname="tests.test_vip_production_simple.TestVIPProductionMode" name="test_vip_recipes_endpoint_auth_check" time="0.006" /><testcase classname="tests.test_vip_production_simple.TestVIPProductionMode" name="test_vip_regions_endpoint_auth_check" time="0.005" /><testcase classname="tests.test_vip_production_simple.TestVIPProductionMode" name="test_vip_production_mode_coverage_lines" time="0.011" /><testcase classname="tests.test_vip_production_simple.TestVIPProductionMode" name="test_vip_app_get_api_key_http_exception_403" time="0.006" /><testcase classname="tests.test_vip_recipes_coverage.TestVIPRecipesCoverage" name="test_vip_recipes_generation_basic_coverage" time="0.004" /><testcase classname="tests.test_vip_recipes_coverage.TestVIPRecipesCoverage" name="test_vip_recipes_generation_success_coverage" time="0.004" /><testcase classname="tests.test_vip_recipes_coverage.TestVIPRecipesCoverage" name="test_vip_recipes_generation_error_coverage" time="0.003" /><testcase classname="tests.test_vip_recipes_coverage.TestVIPRecipesCoverage" name="test_vip_recipes_generation_meal_types_coverage" time="0.014" /><testcase classname="tests.test_vip_recipes_coverage.TestVIPRecipesCoverage" name="test_vip_recipes_generation_ingredients_coverage" time="0.016" /><testcase classname="tests.test_vip_recipes_coverage.TestVIPRecipesCoverage" name="test_vip_recipes_generation_dietary_restrictions_coverage" time="0.022" /><testcase classname="tests.test_vip_recipes_coverage.TestVIPRecipesCoverage" name="test_vip_recipes_generation_cooking_time_coverage" time="0.019" /><testcase classname="tests.test_vip_recipes_coverage.TestVIPRecipesCoverage" name="test_vip_recipes_generation_servings_coverage" time="0.016" /><testcase classname="tests.test_vip_recipes_coverage.TestVIPRecipesCoverage" name="test_vip_recipes_generation_comprehensive_coverage" time="0.004" /><testcase classname="tests.test_vip_recipes_coverage.TestVIPRecipesCoverage" name="test_vip_recipes_generation_validation_coverage" time="0.011" /><testcase classname="tests.test_vip_recipes_coverage.TestVIPRecipesCoverage" name="test_vip_recipes_generation_api_key_coverage" time="0.012" /><testcase classname="tests.test_vip_recipes_coverage.TestVIPRecipesCoverage" name="test_vip_recipes_generation_environment_coverage" time="0.004" /><testcase classname="tests.test_vip_recipes_coverage.TestVIPRecipesCoverage" name="test_vip_recipes_generation_response_coverage" time="0.005" /><testcase classname="tests.test_vip_recipes_coverage.TestVIPRecipesCoverage" name="test_vip_recipes_generation_logging_coverage" time="0.004" /><testcase classname="tests.test_vip_recipes_coverage.TestVIPRecipesCoverage" name="test_vip_recipes_generation_metrics_coverage" time="0.003" /><testcase classname="tests.test_vip_recipes_coverage.TestVIPRecipesCoverage" name="test_vip_recipes_generation_error_handling_coverage" time="0.003" /><testcase classname="tests.test_vip_recipes_coverage.TestVIPRecipesCoverage" name="test_vip_recipes_generation_security_coverage" time="0.004" /><testcase classname="tests.test_vip_region_catalog_coverage.TestVIPRegionCatalogCoverage" name="test_vip_region_catalog_basic_coverage" time="0.004" /><testcase classname="tests.test_vip_region_catalog_coverage.TestVIPRegionCatalogCoverage" name="test_vip_region_catalog_success_coverage" time="0.003" /><testcase classname="tests.test_vip_region_catalog_coverage.TestVIPRegionCatalogCoverage" name="test_vip_region_catalog_error_coverage" time="0.003" /><testcase classname="tests.test_vip_region_catalog_coverage.TestVIPRegionCatalogCoverage" name="test_vip_region_catalog_fallback_coverage" time="0.004" /><testcase classname="tests.test_vip_region_catalog_coverage.TestVIPRegionCatalogCoverage" name="test_vip_product_search_basic_coverage" time="0.004" /><testcase classname="tests.test_vip_region_catalog_coverage.TestVIPRegionCatalogCoverage" name="test_vip_product_search_success_coverage" time="0.004" /><testcase classname="tests.test_vip_region_catalog_coverage.TestVIPRegionCatalogCoverage" name="test_vip_product_search_error_coverage" time="0.004" /><testcase classname="tests.test_vip_region_catalog_coverage.TestVIPRegionCatalogCoverage" name="test_vip_product_search_fallback_coverage" time="0.004" /><testcase classname="tests.test_vip_region_catalog_coverage.TestVIPRegionCatalogCoverage" name="test_vip_region_catalog_comprehensive_coverage" time="0.004" /><testcase classname="tests.test_vip_region_catalog_coverage.TestVIPRegionCatalogCoverage" name="test_vip_region_catalog_regions_coverage" time="0.019" /><testcase classname="tests.test_vip_region_catalog_coverage.TestVIPRegionCatalogCoverage" name="test_vip_region_catalog_store_types_coverage" time="0.013" /><testcase classname="tests.test_vip_region_catalog_coverage.TestVIPRegionCatalogCoverage" name="test_vip_region_catalog_currencies_coverage" time="0.017" /><testcase classname="tests.test_vip_region_catalog_coverage.TestVIPRegionCatalogCoverage" name="test_vip_product_search_queries_coverage" time="0.023" /><testcase classname="tests.test_vip_region_catalog_coverage.TestVIPRegionCatalogCoverage" name="test_vip_product_search_regions_coverage" time="0.024" /><testcase classname="tests.test_vip_region_catalog_coverage.TestVIPRegionCatalogCoverage" name="test_vip_product_search_categories_coverage" time="0.026" /><testcase classname="tests.test_vip_region_catalog_coverage.TestVIPRegionCatalogCoverage" name="test_vip_product_search_filters_coverage" time="0.016" /><testcase classname="tests.test_vip_region_catalog_coverage.TestVIPRegionCatalogCoverage" name="test_vip_region_catalog_validation_coverage" time="0.013" /><testcase classname="tests.test_vip_region_catalog_coverage.TestVIPRegionCatalogCoverage" name="test_vip_product_search_validation_coverage" time="0.012" /><testcase classname="tests.test_vip_region_catalog_coverage.TestVIPRegionCatalogCoverage" name="test_vip_region_catalog_api_key_coverage" time="0.011" /><testcase classname="tests.test_vip_region_catalog_coverage.TestVIPRegionCatalogCoverage" name="test_vip_product_search_api_key_coverage" time="0.013" /><testcase classname="tests.test_vip_region_catalog_coverage.TestVIPRegionCatalogCoverage" name="test_vip_region_catalog_environment_coverage" time="0.005" /><testcase classname="tests.test_vip_region_catalog_coverage.TestVIPRegionCatalogCoverage" name="test_vip_product_search_environment_coverage" time="0.004" /><testcase classname="tests.test_vip_region_catalog_coverage.TestVIPRegionCatalogCoverage" name="test_vip_region_catalog_response_coverage" time="0.005" /><testcase classname="tests.test_vip_region_catalog_coverage.TestVIPRegionCatalogCoverage" name="test_vip_product_search_response_coverage" time="0.004" /><testcase classname="tests.test_vip_region_catalog_coverage.TestVIPRegionCatalogCoverage" name="test_vip_region_catalog_logging_coverage" time="0.004" /><testcase classname="tests.test_vip_region_catalog_coverage.TestVIPRegionCatalogCoverage" name="test_vip_product_search_logging_coverage" time="0.003" /><testcase classname="tests.test_vip_region_catalog_coverage.TestVIPRegionCatalogCoverage" name="test_vip_region_catalog_metrics_coverage" time="0.004" /><testcase classname="tests.test_vip_region_catalog_coverage.TestVIPRegionCatalogCoverage" name="test_vip_product_search_metrics_coverage" time="0.005" /><testcase classname="tests.test_vip_region_catalog_coverage.TestVIPRegionCatalogCoverage" name="test_vip_region_catalog_error_handling_coverage" time="0.004" /><testcase classname="tests.test_vip_region_catalog_coverage.TestVIPRegionCatalogCoverage" name="test_vip_product_search_error_handling_coverage" time="0.004" /><testcase classname="tests.test_vip_region_catalog_coverage.TestVIPRegionCatalogCoverage" name="test_vip_region_catalog_security_coverage" time="0.004" /><testcase classname="tests.test_vip_region_catalog_coverage.TestVIPRegionCatalogCoverage" name="test_vip_product_search_security_coverage" time="0.005" /><testcase classname="tests.test_vip_safe_call_coverage.TestVIPSafeCallCoverage" name="test_vip_safe_call_basic_coverage" time="0.009" /><testcase classname="tests.test_vip_safe_call_coverage.TestVIPSafeCallCoverage" name="test_vip_safe_call_error_handling_coverage" time="0.007" /><testcase classname="tests.test_vip_safe_call_coverage.TestVIPSafeCallCoverage" name="test_vip_safe_call_exception_handling_coverage" time="0.009" /><testcase classname="tests.test_vip_safe_call_coverage.TestVIPSafeCallCoverage" name="test_vip_safe_call_success_path_coverage" time="0.010" /><testcase classname="tests.test_vip_safe_call_coverage.TestVIPSafeCallCoverage" name="test_vip_safe_call_fallback_coverage" time="0.009" /><testcase classname="tests.test_vip_safe_call_coverage.TestVIPSafeCallCoverage" name="test_vip_safe_call_recipes_coverage" time="0.007" /><testcase classname="tests.test_vip_safe_call_coverage.TestVIPSafeCallCoverage" name="test_vip_safe_call_auto_repair_coverage" time="0.007" /><testcase classname="tests.test_vip_safe_call_coverage.TestVIPSafeCallCoverage" name="test_vip_safe_call_shoplist_coverage" time="0.007" /><testcase classname="tests.test_vip_safe_call_coverage.TestVIPSafeCallCoverage" name="test_vip_safe_call_region_catalog_coverage" time="0.008" /><testcase classname="tests.test_vip_safe_call_coverage.TestVIPSafeCallCoverage" name="test_vip_safe_call_product_search_coverage" time="0.005" /><testcase classname="tests.test_vip_safe_call_coverage.TestVIPSafeCallCoverage" name="test_vip_safe_call_comprehensive_coverage" time="0.029" /><testcase classname="tests.test_vip_safe_call_coverage.TestVIPSafeCallCoverage" name="test_vip_safe_call_validation_errors_coverage" time="0.026" /><testcase classname="tests.test_vip_safe_call_coverage.TestVIPSafeCallCoverage" name="test_vip_safe_call_api_key_errors_coverage" time="0.016" /><testcase classname="tests.test_vip_safe_call_coverage.TestVIPSafeCallCoverage" name="test_vip_safe_call_environment_errors_coverage" time="0.009" /><testcase classname="tests.test_vip_safe_call_coverage.TestVIPSafeCallCoverage" name="test_vip_safe_call_import_errors_coverage" time="0.008" /><testcase classname="tests.test_vip_safe_call_coverage.TestVIPSafeCallCoverage" name="test_vip_safe_call_response_format_coverage" time="0.008" /><testcase classname="tests.test_vip_safe_call_coverage.TestVIPSafeCallCoverage" name="test_vip_safe_call_logging_coverage" time="0.008" /><testcase classname="tests.test_vip_safe_call_coverage.TestVIPSafeCallCoverage" name="test_vip_safe_call_metrics_coverage" time="0.009" /><testcase classname="tests.test_vip_simple_working.TestVIPRouterWorking" name="test_vip_endpoints_with_environment_enabled" time="0.117" /><testcase classname="tests.test_vip_simple_working.TestVIPRouterWorking" name="test_vip_router_import_coverage" time="0.126" /><testcase classname="tests.test_vip_simple_working.TestVIPRouterWorking" name="test_vip_module_disabled_fallback" time="0.089" /><testcase classname="tests.test_vip_smoke_plate_targets" name="test_vip_plate_and_targets_smoke" time="0.015" /><testcase classname="tests.test_vip_user_profile_coverage.TestVIPUserProfileCoverage" name="test_vip_user_profile_creation_basic_coverage" time="0.004" /><testcase classname="tests.test_vip_user_profile_coverage.TestVIPUserProfileCoverage" name="test_vip_user_profile_creation_extended_coverage" time="0.003" /><testcase classname="tests.test_vip_user_profile_coverage.TestVIPUserProfileCoverage" name="test_vip_user_profile_creation_defaults_coverage" time="0.004" /><testcase classname="tests.test_vip_user_profile_coverage.TestVIPUserProfileCoverage" name="test_vip_user_profile_creation_validation_coverage" time="0.004" /><testcase classname="tests.test_vip_user_profile_coverage.TestVIPUserProfileCoverage" name="test_vip_user_profile_creation_edge_cases_coverage" time="0.009" /><testcase classname="tests.test_vip_user_profile_coverage.TestVIPUserProfileCoverage" name="test_vip_user_profile_creation_diet_flags_coverage" time="0.019" /><testcase classname="tests.test_vip_user_profile_coverage.TestVIPUserProfileCoverage" name="test_vip_user_profile_creation_medical_conditions_coverage" time="0.011" /><testcase classname="tests.test_vip_user_profile_coverage.TestVIPUserProfileCoverage" name="test_vip_user_profile_creation_life_stages_coverage" time="0.016" /><testcase classname="tests.test_vip_user_profile_coverage.TestVIPUserProfileCoverage" name="test_vip_user_profile_creation_regions_coverage" time="0.020" /><testcase classname="tests.test_vip_user_profile_coverage.TestVIPUserProfileCoverage" name="test_vip_user_profile_creation_timezones_coverage" time="0.014" /><testcase classname="tests.test_vip_user_profile_coverage.TestVIPUserProfileCoverage" name="test_vip_user_profile_creation_goals_coverage" time="0.015" /><testcase classname="tests.test_vip_user_profile_coverage.TestVIPUserProfileCoverage" name="test_vip_user_profile_creation_activities_coverage" time="0.013" /><testcase classname="tests.test_vip_user_profile_coverage.TestVIPUserProfileCoverage" name="test_vip_user_profile_creation_comprehensive_coverage" time="0.004" /><testcase classname="tests.test_vip_user_profile_coverage.TestVIPUserProfileCoverage" name="test_vip_user_profile_creation_error_handling_coverage" time="0.004" /><testcase classname="tests.test_vip_user_profile_coverage.TestVIPUserProfileCoverage" name="test_vip_user_profile_creation_response_coverage" time="0.004" /><testcase classname="tests.test_vip_user_profile_coverage.TestVIPUserProfileCoverage" name="test_vip_user_profile_creation_security_coverage" time="0.004" /><testcase classname="tests.test_vip_user_profile_coverage.TestVIPUserProfileCoverage" name="test_vip_user_profile_creation_logging_coverage" time="0.004" /><testcase classname="tests.test_vip_user_profile_coverage.TestVIPUserProfileCoverage" name="test_vip_user_profile_creation_metrics_coverage" time="0.004" /><testcase classname="tests.test_vip_weekly_menu_coverage.TestVIPWeeklyMenuCoverage" name="test_vip_weekly_menu_generation_basic_coverage" time="0.004" /><testcase classname="tests.test_vip_weekly_menu_coverage.TestVIPWeeklyMenuCoverage" name="test_vip_weekly_menu_generation_success_coverage" time="0.003" /><testcase classname="tests.test_vip_weekly_menu_coverage.TestVIPWeeklyMenuCoverage" name="test_vip_weekly_menu_generation_error_coverage" time="0.003" /><testcase classname="tests.test_vip_weekly_menu_coverage.TestVIPWeeklyMenuCoverage" name="test_vip_weekly_menu_generation_validation_coverage" time="0.015" /><testcase classname="tests.test_vip_weekly_menu_coverage.TestVIPWeeklyMenuCoverage" name="test_vip_weekly_menu_generation_goals_coverage" time="0.023" /><testcase classname="tests.test_vip_weekly_menu_coverage.TestVIPWeeklyMenuCoverage" name="test_vip_weekly_menu_generation_activities_coverage" time="0.012" /><testcase classname="tests.test_vip_weekly_menu_coverage.TestVIPWeeklyMenuCoverage" name="test_vip_weekly_menu_generation_demographics_coverage" time="0.015" /><testcase classname="tests.test_vip_weekly_menu_coverage.TestVIPWeeklyMenuCoverage" name="test_vip_weekly_menu_generation_edge_cases_coverage" time="0.016" /><testcase classname="tests.test_vip_weekly_menu_coverage.TestVIPWeeklyMenuCoverage" name="test_vip_weekly_menu_generation_comprehensive_coverage" time="0.005" /><testcase classname="tests.test_vip_weekly_menu_coverage.TestVIPWeeklyMenuCoverage" name="test_vip_weekly_menu_generation_api_key_coverage" time="0.011" /><testcase classname="tests.test_vip_weekly_menu_coverage.TestVIPWeeklyMenuCoverage" name="test_vip_weekly_menu_generation_environment_coverage" time="0.004" /><testcase classname="tests.test_vip_weekly_menu_coverage.TestVIPWeeklyMenuCoverage" name="test_vip_weekly_menu_generation_response_coverage" time="0.003" /><testcase classname="tests.test_vip_weekly_menu_coverage.TestVIPWeeklyMenuCoverage" name="test_vip_weekly_menu_generation_logging_coverage" time="0.003" /><testcase classname="tests.test_vip_weekly_menu_coverage.TestVIPWeeklyMenuCoverage" name="test_vip_weekly_menu_generation_metrics_coverage" time="0.003" /><testcase classname="tests.test_vip_weekly_menu_coverage.TestVIPWeeklyMenuCoverage" name="test_vip_weekly_menu_generation_error_handling_coverage" time="0.003" /><testcase classname="tests.test_vip_weekly_menu_coverage.TestVIPWeeklyMenuCoverage" name="test_vip_weekly_menu_generation_security_coverage" time="0.004" /><testcase classname="tests.test_web_interface_spanish.TestWebInterfaceSpanish" name="test_web_interface_contains_spanish_option" time="0.004" /><testcase classname="tests.test_web_interface_spanish.TestWebInterfaceSpanish" name="test_web_interface_form_labels_spanish" time="0.004" /><testcase classname="tests.test_web_interface_spanish.TestWebInterfaceSpanish" name="test_web_interface_translations_loaded" time="0.003" /><testcase classname="tests.test_week_export_csv" name="test_week_export_csv_ok" time="0.011" /><testcase classname="tests.test_week_export_pdf" name="test_week_export_pdf_ok" time="0.017" /><testcase classname="tests.test_week_export_pdf" name="test_register_font_uses_custom_font" time="0.002" /><testcase classname="tests.test_week_export_pdf" name="test_pdf_uses_page_breaks" time="0.020" /><testcase classname="tests.test_week_export_pdf" name="test_pdf_includes_brand_header_and_totals" time="0.017" /><testcase classname="tests.test_week_export_pdf" name="test_find_logo_path_prefers_existing" time="0.002" /><testcase classname="tests.test_week_export_pdf" name="test_find_logo_path_returns_none_when_absent" time="0.001" /><testcase classname="tests.test_week_export_pdf" name="test_branded_header_without_logo" time="0.001" /><testcase classname="tests.test_week_export_pdf" name="test_branded_header_with_logo" time="0.002" /><testcase classname="tests.test_week_export_pdf" name="test_branded_header_localizes_slogan" time="0.001" /><testcase classname="tests.test_week_export_pdf" name="test_slogan_fallback_to_default" time="0.001" /><testcase classname="tests.test_week_export_pdf" name="test_pdf_honors_lang_query" time="0.013" /><testcase classname="tests.test_week_export_pdf" name="test_week_start_prefers_first_day" time="0.001" /><testcase classname="tests.test_week_export_pdf" name="test_week_start_defaults_today" time="0.001" /><testcase classname="tests.test_week_export_pdf" name="test_draw_footer_writes_left_text" time="0.001" /><testcase classname="tests.test_week_export_pdf" name="test_page_num_canvas_writes_numbers" time="0.002" /><testcase classname="tests.test_week_plan_api" name="test_week_plan_with_targets" time="0.006" /><testcase classname="tests.test_week_plan_api" name="test_week_plan_with_profile" time="0.005" /><testcase classname="tests.test_week_plan_api" name="test_week_plan_multilingual" time="0.013" /><testcase classname="tests.test_week_plan_api" name="test_week_plan_missing_data" time="0.005" /><testcase classname="tests.test_weekly_plan" name="test_weekly_plan_generation" time="0.004" /><testcase classname="tests.test_weekly_plan" name="test_weekly_plan_with_diet_flags" time="0.004" /><testcase classname="tests.test_weekly_plan" name="test_weekly_coverage_calculation" time="0.004" /><testcase classname="tests.test_weekly_plan" name="test_shopping_list_generation" time="0.004" /><testcase classname="tests.test_weekly_plan" name="test_booster_effect_on_coverage" time="0.003" /><testcase classname="tests.test_weekly_plan_new" name="test_build_week_structure" time="0.003" /><testcase classname="tests.test_weekly_plan_new" name="test_build_week_calorie_target" time="0.002" /><testcase classname="tests.test_weekly_plan_new" name="test_build_week_multilingual" time="0.004" /><testcase classname="tests.test_weekly_plan_smoke" name="test_generate_weekly_plan_smoke" time="0.003" /><testcase classname="tests.test_weekly_planning_blocks_97.TestWeeklyPlanningCriticalBlocks" name="test_weekly_planning_unavailable_path" time="0.007" /><testcase classname="tests.test_weekly_planning_blocks_97.TestWeeklyPlanningCriticalBlocks" name="test_weekly_planning_parameter_variations" time="0.019" /><testcase classname="tests.test_weekly_planning_blocks_97.TestWeeklyPlanningCriticalBlocks" name="test_weekly_planning_successful_path" time="0.008" /><testcase classname="tests.test_weekly_planning_blocks_97.TestWeeklyPlanningCriticalBlocks" name="test_weekly_planning_edge_cases" time="0.011" /><testcase classname="tests.test_weekly_planning_blocks_97.TestAdditionalPremiumBlocks" name="test_premium_import_error_scenarios" time="0.010" /><testcase classname="tests.test_weekly_planning_blocks_97.TestAdditionalPremiumBlocks" name="test_api_key_dependency_logic" time="0.009" /><testcase classname="tests.test_weekly_planning_blocks_97.TestWeeklyPlanningAdditionalCoverage" name="test_weekly_planning_validation_errors" time="0.011" /><testcase classname="tests.test_weekly_planning_blocks_97.TestWeeklyPlanningAdditionalCoverage" name="test_weekly_planning_dietary_restrictions" time="0.026" /><testcase classname="tests.test_weekly_premium_es_smoke" name="test_weekly_premium_es_smoke_open_or_protected" time="0.005" /><testcase classname="tests.test_who_targets.TestWHOTargets" name="test_adult_female_targets" time="0.001" /><testcase classname="tests.test_who_targets.TestWHOTargets" name="test_adult_male_targets" time="0.001" /><testcase classname="tests.test_who_targets.TestWHOTargets" name="test_weight_loss_goals" time="0.001" /><testcase classname="tests.test_who_targets.TestWHOTargets" name="test_weight_gain_goals" time="0.001" /><testcase classname="tests.test_who_targets.TestWHOTargets" name="test_pregnant_woman_targets" time="0.001" /><testcase classname="tests.test_who_targets.TestWHOTargets" name="test_elderly_targets" time="0.001" /><testcase classname="tests.test_who_targets.TestWHOTargets" name="test_vegetarian_profile" time="0.001" /><testcase classname="tests.test_who_targets.TestWHOTargets" name="test_target_safety_validation" time="0.001" /><testcase classname="tests.test_who_targets.TestWHOTargets" name="test_micronutrient_rda_selection" time="0.001" /><testcase classname="tests.test_who_targets.TestWHOTargets" name="test_activity_guidelines" time="0.001" /><testcase classname="tests.test_who_targets.TestWHOTargets" name="test_macro_distribution_validation" time="0.001" /><testcase classname="tests.test_who_targets.TestWHOTargets" name="test_hydration_calculation" time="0.001" /><testcase classname="tests.test_who_targets.TestWHOTargets" name="test_edge_cases" time="0.001" /><testcase classname="tests.test_who_targets.TestWHOTargets" name="test_consistency_across_goals" time="0.001" /><testcase classname="tests.test_zero_coverage_modules.TestZeroCoverageModules" name="test_sports_nutrition_module" time="0.001"><skipped type="pytest.skip" message="sports_nutrition module not available">/Users/katsiaryna_kavaleuskaya/Developer/BMI-App_2025_clean/tests/test_zero_coverage_modules.py:44: sports_nutrition module not available</skipped></testcase><testcase classname="tests.test_zero_coverage_modules.TestZeroCoverageModules" name="test_exports_module" time="0.001"><skipped type="pytest.skip" message="exports module not available">/Users/katsiaryna_kavaleuskaya/Developer/BMI-App_2025_clean/tests/test_zero_coverage_modules.py:88: exports module not available</skipped></testcase><testcase classname="tests.test_zero_coverage_modules.TestZeroCoverageModules" name="test_recipe_synth_module" time="0.001"><skipped type="pytest.skip" message="recipe_synth module not available">/Users/katsiaryna_kavaleuskaya/Developer/BMI-App_2025_clean/tests/test_zero_coverage_modules.py:141: recipe_synth module not available</skipped></testcase><testcase classname="tests.test_zero_coverage_modules.TestZeroCoverageModules" name="test_product_finder_module" time="0.001"><skipped type="pytest.skip" message="product_finder module not available">/Users/katsiaryna_kavaleuskaya/Developer/BMI-App_2025_clean/tests/test_zero_coverage_modules.py:186: product_finder module not available</skipped></testcase><testcase classname="tests.test_zero_coverage_modules.TestZeroCoverageModules" name="test_product_varieties_module" time="0.002"><skipped type="pytest.skip" message="product_varieties module not available">/Users/katsiaryna_kavaleuskaya/Developer/BMI-App_2025_clean/tests/test_zero_coverage_modules.py:234: product_varieties module not available</skipped></testcase><testcase classname="tests.test_zero_coverage_modules.TestZeroCoverageModules" name="test_exports_simple_module" time="0.001"><skipped type="pytest.skip" message="exports_simple module not available">/Users/katsiaryna_kavaleuskaya/Developer/BMI-App_2025_clean/tests/test_zero_coverage_modules.py:269: exports_simple module not available</skipped></testcase><testcase classname="tests.test_zero_coverage_modules.TestZeroCoverageModules" name="test_lifestage_nutrition_module" time="0.001"><skipped type="pytest.skip" message="lifestage_nutrition module not available">/Users/katsiaryna_kavaleuskaya/Developer/BMI-App_2025_clean/tests/test_zero_coverage_modules.py:306: lifestage_nutrition module not available</skipped></testcase><testcase classname="tests.test_zero_coverage_modules.TestZeroCoverageModules" name="test_disclaimers_module" time="0.001"><skipped type="pytest.skip" message="disclaimers module not available">/Users/katsiaryna_kavaleuskaya/Developer/BMI-App_2025_clean/tests/test_zero_coverage_modules.py:337: disclaimers module not available</skipped></testcase><testcase classname="tests.test_zero_coverage_modules.TestZeroCoverageModules" name="test_comprehensive_import_coverage" time="0.011" /></testsuite></testsuites>
